<!doctype html public "-//w3c//dtd html 4.0 transitional//en">
<html><head>
<title>Static Call Graph - [.\Objects\ble_app_uart_at.axf]</title></head>
<body><HR>
<H1>Static Call Graph for image .\Objects\ble_app_uart_at.axf</H1><HR>
<BR><P>#&#060CALLGRAPH&#062# ARM Linker, 5060960: Last Updated: Thu Nov 27 10:03:40 2025
<BR><P>
<H3>Maximum Stack Usage =       3560 bytes + Unknown(Cycles, Untraceable Function Pointers)</H3><H3>
Call chain for Maximum Stack Depth:</H3>
gus_service_process_event &rArr; ble_protocol_data_process &rArr; ble_protocol_parse_json_command &rArr; ble_protocol_handle_query &rArr; ble_protocol_create_query_response &rArr; update_sensor_data_from_parser &rArr; check_threshold_and_trigger_upload &rArr; ble_4g_protocol_trigger_immediate_upload &rArr; ble_4g_protocol_upload_with_power_mgmt &rArr; upload_dynamic_reports_no_power_mgmt &rArr; ble_4g_protocol_send_status_info_report &rArr; ble_4g_protocol_create_status_info_json &rArr; ble_4g_protocol_get_device_id &rArr; ble_4g_protocol_force_get_imei &rArr; update_ble_name_with_imei &rArr; ble_gap_device_name_set &rArr; ble_nvds_put &rArr; nvds_put &rArr; replace_item &rArr; append_item &rArr; compact_nvds &rArr; write_compacted_items &rArr; write_incr &rArr; dec_flash_write &rArr; hal_flash_write_r &rArr; hal_exflash_write &rArr; hal_xqspi_init_ext &rArr; hal_xqspi_init_ext_patch &rArr; ll_xqspi_init_patch
<P>
<H3>
Mutually Recursive functions
</H3> <LI><a href="#[5]">BusFault_Handler</a>&nbsp;&nbsp;&nbsp;&rArr;&nbsp;&nbsp;&nbsp;<a href="#[5]">BusFault_Handler</a><BR>
 <LI><a href="#[8]">DebugMon_Handler</a>&nbsp;&nbsp;&nbsp;&rArr;&nbsp;&nbsp;&nbsp;<a href="#[8]">DebugMon_Handler</a><BR>
 <LI><a href="#[4]">MemManage_Handler</a>&nbsp;&nbsp;&nbsp;&rArr;&nbsp;&nbsp;&nbsp;<a href="#[4]">MemManage_Handler</a><BR>
 <LI><a href="#[2]">NMI_Handler</a>&nbsp;&nbsp;&nbsp;&rArr;&nbsp;&nbsp;&nbsp;<a href="#[2]">NMI_Handler</a><BR>
 <LI><a href="#[9]">PendSV_Handler</a>&nbsp;&nbsp;&nbsp;&rArr;&nbsp;&nbsp;&nbsp;<a href="#[9]">PendSV_Handler</a><BR>
 <LI><a href="#[a]">SysTick_Handler</a>&nbsp;&nbsp;&nbsp;&rArr;&nbsp;&nbsp;&nbsp;<a href="#[a]">SysTick_Handler</a><BR>
 <LI><a href="#[6]">UsageFault_Handler</a>&nbsp;&nbsp;&nbsp;&rArr;&nbsp;&nbsp;&nbsp;<a href="#[6]">UsageFault_Handler</a><BR>
 <LI><a href="#[21e]">at_cmd_execute_cplt</a>&nbsp;&nbsp;&nbsp;&rArr;&nbsp;&nbsp;&nbsp;<a href="#[210]">at_cmd_parse</a><BR>
 <LI><a href="#[555]">print_object</a>&nbsp;&nbsp;&nbsp;&rArr;&nbsp;&nbsp;&nbsp;<a href="#[550]">print_value</a><BR>
 <LI><a href="#[552]">print_array</a>&nbsp;&nbsp;&nbsp;&rArr;&nbsp;&nbsp;&nbsp;<a href="#[550]">print_value</a><BR>
 <LI><a href="#[24c]">cJSON_Delete</a>&nbsp;&nbsp;&nbsp;&rArr;&nbsp;&nbsp;&nbsp;<a href="#[24c]">cJSON_Delete</a><BR>
 <LI><a href="#[52c]">parse_object</a>&nbsp;&nbsp;&nbsp;&rArr;&nbsp;&nbsp;&nbsp;<a href="#[36a]">parse_value</a><BR>
 <LI><a href="#[523]">parse_array</a>&nbsp;&nbsp;&nbsp;&rArr;&nbsp;&nbsp;&nbsp;<a href="#[36a]">parse_value</a><BR>
</UL>
<P>
<H3>
Function Pointers
</H3><UL>
 <LI><a href="#[c4]">AON_EXT_IRQHandler</a> from app_io.o(RAM_CODE) referenced from app_io.o(i.app_io_init)
 <LI><a href="#[123]">BLESLEEP_IRQHandler_patch</a> from rwip_sleep_patch.o(RAM_CODE) referenced from rwip_sleep_patch.o(i.rwip_sleep_func_replace)
 <LI><a href="#[116]">BLESLP_IRQHandler</a> from rom_symbol.txt(ABSOLUTE) referenced from platform_sdk.o(i.platform_sdk_init)
 <LI><a href="#[d9]">BLE_IRQHandler</a> from rom_symbol.txt(ABSOLUTE) referenced from system_sdk_patch.o(i.ble_stack_inner_init)
 <LI><a href="#[121]">BLE_IRQHandler_patch</a> from rwble_patch.o(RAM_CODE) referenced from rwble_patch.o(i.rwble_replace)
 <LI><a href="#[d8]">BLE_SDK_Handler</a> from rom_symbol.txt(ABSOLUTE) referenced from system_sdk_patch.o(i.ble_stack_inner_init)
 <LI><a href="#[135]">BLE_SDK_Handler_patch</a> from system_sdk_patch.o(TINY_RAM_SPACE) referenced from system_sdk_patch.o(i.system_sdk_replace)
 <LI><a href="#[5]">BusFault_Handler</a> from gr_interrupt.o(i.BusFault_Handler) referenced 2 times from gr_soc.o(.data)
 <LI><a href="#[5]">BusFault_Handler</a> from gr_interrupt.o(i.BusFault_Handler) referenced from startup.o(RESET)
 <LI><a href="#[bf]">DMA_IRQHandler</a> from app_dma.o(RAM_CODE) referenced from app_dma.o(i.app_dma_init)
 <LI><a href="#[8]">DebugMon_Handler</a> from gr_interrupt.o(i.DebugMon_Handler) referenced 2 times from gr_soc.o(.data)
 <LI><a href="#[8]">DebugMon_Handler</a> from gr_interrupt.o(i.DebugMon_Handler) referenced from startup.o(RESET)
 <LI><a href="#[c2]">EXT0_IRQHandler</a> from app_io.o(RAM_CODE) referenced from app_io.o(i.app_io_init)
 <LI><a href="#[c3]">EXT1_IRQHandler</a> from app_io.o(RAM_CODE) referenced from app_io.o(i.app_io_init)
 <LI><a href="#[3]">HardFault_Handler</a> from gr_interrupt.o(RAM_CODE) referenced 2 times from gr_soc.o(.data)
 <LI><a href="#[3]">HardFault_Handler</a> from gr_interrupt.o(RAM_CODE) referenced from startup.o(RESET)
 <LI><a href="#[4]">MemManage_Handler</a> from gr_interrupt.o(i.MemManage_Handler) referenced 2 times from gr_soc.o(.data)
 <LI><a href="#[4]">MemManage_Handler</a> from gr_interrupt.o(i.MemManage_Handler) referenced from startup.o(RESET)
 <LI><a href="#[2]">NMI_Handler</a> from gr_interrupt.o(i.NMI_Handler) referenced 2 times from gr_soc.o(.data)
 <LI><a href="#[2]">NMI_Handler</a> from gr_interrupt.o(i.NMI_Handler) referenced from startup.o(RESET)
 <LI><a href="#[9]">PendSV_Handler</a> from gr_interrupt.o(i.PendSV_Handler) referenced 2 times from gr_soc.o(.data)
 <LI><a href="#[9]">PendSV_Handler</a> from gr_interrupt.o(i.PendSV_Handler) referenced from startup.o(RESET)
 <LI><a href="#[1]">Reset_Handler</a> from startup.o(.text) referenced 2 times from gr_soc.o(.data)
 <LI><a href="#[1]">Reset_Handler</a> from startup.o(.text) referenced from startup.o(RESET)
 <LI><a href="#[130]">SLPTIMER_IRQHandler</a> from app_timer.o(i.SLPTIMER_IRQHandler) referenced from app_timer.o(i.sleep_timer_handler_register)
 <LI><a href="#[7]">SVC_Handler</a> from gr_interrupt.o(RAM_CODE) referenced 2 times from gr_soc.o(.data)
 <LI><a href="#[7]">SVC_Handler</a> from gr_interrupt.o(RAM_CODE) referenced from startup.o(RESET)
 <LI><a href="#[a]">SysTick_Handler</a> from gr_interrupt.o(i.SysTick_Handler) referenced 2 times from gr_soc.o(.data)
 <LI><a href="#[a]">SysTick_Handler</a> from gr_interrupt.o(i.SysTick_Handler) referenced from startup.o(RESET)
 <LI><a href="#[b6]">SystemInit</a> from gr_system.o(i.SystemInit) referenced from startup.o(.text)
 <LI><a href="#[c7]">UART0_IRQHandler</a> from app_uart.o(i.UART0_IRQHandler) referenced from app_uart.o(i.app_uart_init)
 <LI><a href="#[c8]">UART1_IRQHandler</a> from app_uart.o(i.UART1_IRQHandler) referenced from app_uart.o(i.app_uart_init)
 <LI><a href="#[6]">UsageFault_Handler</a> from gr_interrupt.o(i.UsageFault_Handler) referenced 2 times from gr_soc.o(.data)
 <LI><a href="#[6]">UsageFault_Handler</a> from gr_interrupt.o(i.UsageFault_Handler) referenced from startup.o(RESET)
 <LI><a href="#[b9]">_sbackspace</a> from _sgetc.o(.text) referenced 2 times from __0sscanf.o(.text)
 <LI><a href="#[ba]">_scanf_char_input</a> from scanf_char.o(.text) referenced from scanf_char.o(.text)
 <LI><a href="#[b8]">_sgetc</a> from _sgetc.o(.text) referenced 2 times from __0sscanf.o(.text)
 <LI><a href="#[bd]">_snputc</a> from printfa.o(i._snputc) referenced from printfa.o(i.__0snprintf)
 <LI><a href="#[bd]">_snputc</a> from printfa.o(i._snputc) referenced from printfa.o(i.__0vsnprintf)
 <LI><a href="#[be]">_sputc</a> from printfa.o(i._sputc) referenced from printfa.o(i.__0sprintf)
 <LI><a href="#[be]">_sputc</a> from printfa.o(i._sputc) referenced from printfa.o(i.__0vsprintf)
 <LI><a href="#[ee]">adc_dma_cplt</a> from gr55xx_hal_adc_patch.o(i.adc_dma_cplt) referenced from gr55xx_hal_adc_patch.o(i.hal_adc_start_dma)
 <LI><a href="#[ef]">adc_dma_error</a> from rom_symbol.txt(ABSOLUTE) referenced from gr55xx_hal_adc_patch.o(i.hal_adc_start_dma)
 <LI><a href="#[c9]">adc_evt_handler</a> from battery_voltage_reader.o(i.adc_evt_handler) referenced from battery_voltage_reader.o(i.battery_voltage_reader_get_voltage)
 <LI><a href="#[13d]">adc_prepare_for_sleep</a> from app_adc.o(i.adc_prepare_for_sleep) referenced from app_adc.o(.constdata)
 <LI><a href="#[13e]">adc_wake_up_ind</a> from app_adc.o(RAM_CODE) referenced from app_adc.o(.constdata)
 <LI><a href="#[b]">app_assert_err_cb</a> from app_assert.o(i.app_assert_err_cb) referenced 2 times from app_assert.o(.data)
 <LI><a href="#[c]">app_assert_param_cb</a> from app_assert.o(i.app_assert_param_cb) referenced 2 times from app_assert.o(.data)
 <LI><a href="#[d]">app_assert_warn_cb</a> from app_assert.o(i.app_assert_warn_cb) referenced 2 times from app_assert.o(.data)
 <LI><a href="#[136]">app_uart1_evt_handler</a> from user_periph_setup.o(i.app_uart1_evt_handler) referenced from user_periph_setup.o(i.uart1_init)
 <LI><a href="#[139]">app_uart_evt_handler</a> from user_periph_setup.o(i.app_uart_evt_handler) referenced from user_periph_setup.o(i.uart_init)
 <LI><a href="#[b4]">atts_execute_write_req</a> from rom_symbol.txt(ABSOLUTE) referenced 2 times from atts_patch.o(.data)
 <LI><a href="#[aa]">atts_find_by_type_req</a> from rom_symbol.txt(ABSOLUTE) referenced 2 times from atts_patch.o(.data)
 <LI><a href="#[a9]">atts_find_info_req</a> from rom_symbol.txt(ABSOLUTE) referenced 2 times from atts_patch.o(.data)
 <LI><a href="#[a8]">atts_mtu_exc_req</a> from rom_symbol.txt(ABSOLUTE) referenced 2 times from atts_patch.o(.data)
 <LI><a href="#[b3]">atts_prepare_write_req</a> from rom_symbol.txt(ABSOLUTE) referenced 2 times from atts_patch.o(.data)
 <LI><a href="#[ae]">atts_read_blob_req</a> from rom_symbol.txt(ABSOLUTE) referenced 2 times from atts_patch.o(.data)
 <LI><a href="#[ac]">atts_read_by_grp_type_req</a> from rom_symbol.txt(ABSOLUTE) referenced 2 times from atts_patch.o(.data)
 <LI><a href="#[ab]">atts_read_by_type_req</a> from rom_symbol.txt(ABSOLUTE) referenced 2 times from atts_patch.o(.data)
 <LI><a href="#[af]">atts_read_mult_req_patch</a> from atts_patch.o(i.atts_read_mult_req_patch) referenced 2 times from atts_patch.o(.data)
 <LI><a href="#[ad]">atts_read_req</a> from rom_symbol.txt(ABSOLUTE) referenced 2 times from atts_patch.o(.data)
 <LI><a href="#[b0]">atts_write_cmd</a> from rom_symbol.txt(ABSOLUTE) referenced 2 times from atts_patch.o(.data)
 <LI><a href="#[b1]">atts_write_req</a> from rom_symbol.txt(ABSOLUTE) referenced 2 times from atts_patch.o(.data)
 <LI><a href="#[b2]">atts_write_signed</a> from rom_symbol.txt(ABSOLUTE) referenced 2 times from atts_patch.o(.data)
 <LI><a href="#[12c]">bb_watch_timer_cbk_patch</a> from sch_prog_patch.o(i.bb_watch_timer_cbk_patch) referenced from sch_prog_patch.o(i.sch_prog_frm_cbk_replace)
 <LI><a href="#[12a]">bb_watch_timer_start_patch</a> from sch_prog_patch.o(RAM_CODE) referenced from sch_prog_patch.o(i.sch_prog_frm_cbk_replace)
 <LI><a href="#[cf]">ble_bm_set_sec_info_patch</a> from ble_bondmgr_patch.o(i.ble_bm_set_sec_info_patch) referenced from fpb_patch_init.o(i.ble_common_hw_patch_init)
 <LI><a href="#[98]">ble_client_prf_init</a> from ble_profile_patch.o(i.ble_client_prf_init) referenced 2 times from ble_profile_patch.o(.data)
 <LI><a href="#[122]">ble_core_sleep_patch</a> from rwip_sleep_patch.o(RAM_CODE) referenced from rwip_sleep_patch.o(i.rwip_sleep_func_replace)
 <LI><a href="#[115]">ble_evt_handler</a> from user_app.o(i.ble_evt_handler) referenced from main.o(i.main)
 <LI><a href="#[8d]">ble_init_cplt_callback</a> from ble_event_patch.o(i.ble_init_cplt_callback) referenced 2 times from ble_event_patch.o(.data)
 <LI><a href="#[126]">ble_irq_handler_without_stack_init</a> from rwip_sleep_common.o(RAM_CODE) referenced from rwip_sleep_common.o(i.rwip_sleep_without_stack_init_replace)
 <LI><a href="#[d4]">ble_nvds_del</a> from sdk_nvds_patch.o(i.ble_nvds_del) referenced from sdk_nvds_patch.o(i.ble_nvds_set_entry)
 <LI><a href="#[d2]">ble_nvds_get</a> from sdk_nvds_patch.o(i.ble_nvds_get) referenced from sdk_nvds_patch.o(i.ble_nvds_set_entry)
 <LI><a href="#[d1]">ble_nvds_initialized</a> from rom_symbol.txt(ABSOLUTE) referenced from sdk_nvds_patch.o(i.ble_nvds_set_entry)
 <LI><a href="#[d3]">ble_nvds_put</a> from sdk_nvds_patch.o(i.ble_nvds_put) referenced from sdk_nvds_patch.o(i.ble_nvds_set_entry)
 <LI><a href="#[db]">ble_rwip_wakeup</a> from rom_symbol.txt(ABSOLUTE) referenced from system_sdk_patch.o(i.ble_stack_inner_init)
 <LI><a href="#[dc]">ble_rwip_wakeup_end</a> from rom_symbol.txt(ABSOLUTE) referenced from system_sdk_patch.o(i.ble_stack_inner_init)
 <LI><a href="#[647]">ble_rwip_wakeup_patch</a> from rwip_sleep_patch.o(RAM_CODE) referenced from rwip_sleep_patch.o(RAM_CODE)
 <LI><a href="#[f4]">ble_sdk_common_timeout_handler</a> from rom_symbol.txt(ABSOLUTE) referenced from ble_sdk_task_patch.o(i.host_to_sdk_msg_handler_patch)
 <LI><a href="#[2e]">ble_sdk_gatt_mtu_changed_ind_handler_patch</a> from ble_sdk_gatt_task_patch.o(i.ble_sdk_gatt_mtu_changed_ind_handler_patch) referenced 2 times from ble.o(.data)
 <LI><a href="#[2c]">ble_sdk_gattc_event_ind_handler_patch</a> from ble_sdk_gatt_task_patch.o(i.ble_sdk_gattc_event_ind_handler_patch) referenced 2 times from ble.o(.data)
 <LI><a href="#[2d]">ble_sdk_gatts_svc_changed_cfg_ind_handler_patch</a> from ble_sdk_gatt_task_patch.o(i.ble_sdk_gatts_svc_changed_cfg_ind_handler_patch) referenced 2 times from ble.o(.data)
 <LI><a href="#[127]">ble_sdk_handler_without_stack_init</a> from rwip_sleep_common.o(RAM_CODE) referenced from rwip_sleep_common.o(i.rwip_sleep_without_stack_init_replace)
 <LI><a href="#[d7]">ble_sdk_init_patch</a> from ble_sdk_patch.o(i.ble_sdk_init_patch) referenced from ble_sdk_patch.o(i.ble_sdk_replace)
 <LI><a href="#[92]">ble_service_load_cb</a> from ble_profile_patch.o(i.ble_service_load_cb) referenced 2 times from ble_profile_patch.o(.data)
 <LI><a href="#[125]">ble_sleep_handler_without_stack_init</a> from rwip_sleep_common.o(RAM_CODE) referenced from rwip_sleep_common.o(i.rwip_sleep_without_stack_init_replace)
 <LI><a href="#[124]">ble_sleep_without_stack_init</a> from rwip_sleep_common.o(i.ble_sleep_without_stack_init) referenced from rwip_sleep_common.o(i.rwip_sleep_without_stack_init_replace)
 <LI><a href="#[de]">config_1M_tx_gain_value_patch</a> from rf_gdx_patch.o(i.config_1M_tx_gain_value_patch) referenced from system_sdk_patch.o(i.ble_stack_inner_init)
 <LI><a href="#[df]">config_2M_tx_gain_value</a> from rom_symbol.txt(ABSOLUTE) referenced from system_sdk_patch.o(i.ble_stack_inner_init)
 <LI><a href="#[e0]">config_coded_tx_gain_value_patch</a> from rf_gdx_patch.o(i.config_coded_tx_gain_value_patch) referenced from system_sdk_patch.o(i.ble_stack_inner_init)
 <LI><a href="#[11a]">cpll_calibration</a> from platform_sdk.o(i.cpll_calibration) referenced from platform_sdk.o(i.platform_sdk_init)
 <LI><a href="#[cb]">data_report_timer_handler</a> from ble_4g_protocol.o(i.data_report_timer_handler) referenced from ble_4g_protocol.o(i.ble_4g_protocol_init)
 <LI><a href="#[cc]">delayed_send_timer_handler</a> from ble_4g_protocol.o(i.delayed_send_timer_handler) referenced from ble_4g_protocol.o(i.ble_4g_protocol_init)
 <LI><a href="#[c1]">dma_err_callback</a> from app_dma.o(i.dma_err_callback) referenced from app_dma.o(i.app_dma_init)
 <LI><a href="#[13b]">dma_prepare_for_sleep</a> from app_dma.o(i.dma_prepare_for_sleep) referenced from app_dma.o(.constdata)
 <LI><a href="#[c0]">dma_tfr_callback</a> from app_dma.o(i.dma_tfr_callback) referenced from app_dma.o(i.app_dma_init)
 <LI><a href="#[13c]">dma_wake_up_ind</a> from app_dma.o(RAM_CODE) referenced from app_dma.o(.constdata)
 <LI><a href="#[ea]">fpb_load_state_local</a> from sdk_fpb_mgmt.o(i.fpb_load_state_local) referenced from sdk_fpb_mgmt.o(i.gr5xx_fpb_init)
 <LI><a href="#[eb]">fpb_save_state_local</a> from sdk_fpb_mgmt.o(i.fpb_save_state_local) referenced from sdk_fpb_mgmt.o(i.gr5xx_fpb_init)
 <LI><a href="#[bc]">fputc</a> from app_log.o(i.fputc) referenced from printfa.o(i.__0printf)
 <LI><a href="#[3f]">free</a> from mallocr2.o(i.__free$realloc$2region) referenced 2 times from cjson.o(.data)
 <LI><a href="#[f]">gap_activity_stopped_ind_handler_patch</a> from ble_sdk_gapm_patch.o(i.gap_activity_stopped_ind_handler_patch) referenced 2 times from ble.o(.data)
 <LI><a href="#[6a]">gap_adv_data_update_cb</a> from ble_event_patch.o(i.gap_adv_data_update_cb) referenced 2 times from ble_event_patch.o(.data)
 <LI><a href="#[6d]">gap_adv_report_ind_cb</a> from ble_event_patch.o(i.gap_adv_report_ind_cb) referenced 2 times from ble_event_patch.o(.data)
 <LI><a href="#[67]">gap_adv_start_cb</a> from ble_event_patch.o(i.gap_adv_start_cb) referenced 2 times from ble_event_patch.o(.data)
 <LI><a href="#[68]">gap_adv_stop_cb</a> from ble_event_patch.o(i.gap_adv_stop_cb) referenced 2 times from ble_event_patch.o(.data)
 <LI><a href="#[74]">gap_auto_connection_timeout_cb</a> from ble_event_patch.o(i.gap_auto_connection_timeout_cb) referenced 2 times from ble_event_patch.o(.data)
 <LI><a href="#[29]">gap_cmp_evt_handler_patch</a> from ble_sdk_gapc_patch.o(i.gap_cmp_evt_handler_patch) referenced 2 times from ble.o(.data)
 <LI><a href="#[73]">gap_connect_cancel_cb</a> from ble_event_patch.o(i.gap_connect_cancel_cb) referenced 2 times from ble_event_patch.o(.data)
 <LI><a href="#[71]">gap_connect_cb</a> from ble_event_patch.o(i.gap_connect_cb) referenced 2 times from ble_event_patch.o(.data)
 <LI><a href="#[78]">gap_connection_info_get_cb</a> from ble_event_patch.o(i.gap_connection_info_get_cb) referenced 2 times from ble_event_patch.o(.data)
 <LI><a href="#[26]">gap_connection_req_ind_handler_patch</a> from ble_sdk_gapc_patch.o(i.gap_connection_req_ind_handler_patch) referenced 2 times from ble.o(.data)
 <LI><a href="#[76]">gap_connection_update_cb</a> from ble_event_patch.o(i.gap_connection_update_cb) referenced 2 times from ble_event_patch.o(.data)
 <LI><a href="#[77]">gap_connection_update_req_cb</a> from ble_event_patch.o(i.gap_connection_update_req_cb) referenced 2 times from ble_event_patch.o(.data)
 <LI><a href="#[10]">gap_dev_bdaddr_ind_handler_patch</a> from ble_sdk_gapm_patch.o(i.gap_dev_bdaddr_ind_handler_patch) referenced 2 times from ble.o(.data)
 <LI><a href="#[66]">gap_dev_info_get_cb</a> from ble_event_patch.o(i.gap_dev_info_get_cb) referenced 2 times from ble_event_patch.o(.data)
 <LI><a href="#[d5]">gap_device_config_params_init_patch</a> from ble_sdk_gapm_patch.o(i.gap_device_config_params_init_patch) referenced from ble_sdk_gapm_patch.o(i.ble_sdk_gapm_replace)
 <LI><a href="#[72]">gap_disconnect_cb</a> from ble_event_patch.o(i.gap_disconnect_cb) referenced 2 times from ble_event_patch.o(.data)
 <LI><a href="#[27]">gap_disconnect_ind_handler_patch</a> from ble_sdk_gapc_patch.o(i.gap_disconnect_ind_handler_patch) referenced 2 times from ble.o(.data)
 <LI><a href="#[d6]">gap_init_fsm_next_func_patch</a> from ble_sdk_gapm_patch.o(i.gap_init_fsm_next_func_patch) referenced from ble_sdk_gapm_patch.o(i.ble_sdk_gapm_replace)
 <LI><a href="#[7a]">gap_le_pkt_size_info_cb</a> from ble_event_patch.o(i.gap_le_pkt_size_info_cb) referenced 2 times from ble_event_patch.o(.data)
 <LI><a href="#[63]">gap_param_set_cb</a> from ble_event_patch.o(i.gap_param_set_cb) referenced 2 times from ble_event_patch.o(.data)
 <LI><a href="#[79]">gap_peer_info_get_cb</a> from ble_event_patch.o(i.gap_peer_info_get_cb) referenced 2 times from ble_event_patch.o(.data)
 <LI><a href="#[75]">gap_peer_name_ind_cb</a> from ble_event_patch.o(i.gap_peer_name_ind_cb) referenced 2 times from ble_event_patch.o(.data)
 <LI><a href="#[65]">gap_phy_update_cb</a> from ble_event_patch.o(i.gap_phy_update_cb) referenced 2 times from ble_event_patch.o(.data)
 <LI><a href="#[64]">gap_psm_manager_cb</a> from ble_event_patch.o(i.gap_psm_manager_cb) referenced 2 times from ble_event_patch.o(.data)
 <LI><a href="#[7b]">gap_rslv_addr_read_cb</a> from ble_event_patch.o(i.gap_rslv_addr_read_cb) referenced 2 times from ble_event_patch.o(.data)
 <LI><a href="#[69]">gap_scan_req_ind_cb</a> from ble_event_patch.o(i.gap_scan_req_ind_cb) referenced 2 times from ble_event_patch.o(.data)
 <LI><a href="#[6b]">gap_scan_start_cb</a> from ble_event_patch.o(i.gap_scan_start_cb) referenced 2 times from ble_event_patch.o(.data)
 <LI><a href="#[6c]">gap_scan_stop_cb</a> from ble_event_patch.o(i.gap_scan_stop_cb) referenced 2 times from ble_event_patch.o(.data)
 <LI><a href="#[2b]">gap_set_dev_info_req_ind_handler_patch</a> from ble_sdk_gapc_patch.o(i.gap_set_dev_info_req_ind_handler_patch) referenced 2 times from ble.o(.data)
 <LI><a href="#[6f]">gap_stop_sync_cb</a> from ble_event_patch.o(i.gap_stop_sync_cb) referenced 2 times from ble_event_patch.o(.data)
 <LI><a href="#[6e]">gap_sync_establish_cb</a> from ble_event_patch.o(i.gap_sync_establish_cb) referenced 2 times from ble_event_patch.o(.data)
 <LI><a href="#[70]">gap_sync_lost_cb</a> from ble_event_patch.o(i.gap_sync_lost_cb) referenced 2 times from ble_event_patch.o(.data)
 <LI><a href="#[25]">gapc_hci_handler_patch</a> from gapc_hci_patch.o(i.gapc_hci_handler_patch) referenced 2 times from ble.o(.data)
 <LI><a href="#[2f]">gapm_activity_create_cmd_handler_patch</a> from gapm_actv_patch.o(i.gapm_activity_create_cmd_handler_patch) referenced 2 times from ble.o(.data)
 <LI><a href="#[e3]">gapm_adv_check_param_func_patch</a> from gapm_adv_patch.o(i.gapm_adv_check_param_func_patch) referenced from gapm_adv_patch.o(i.gapm_adv_replace)
 <LI><a href="#[e]">gapm_cmp_evt_handler_patch</a> from ble_sdk_gapm_patch.o(i.gapm_cmp_evt_handler_patch) referenced 2 times from ble.o(.data)
 <LI><a href="#[30]">gapm_hci_handler_patch</a> from gapm_task_patch.o(i.gapm_hci_handler_patch) referenced 2 times from ble.o(.data)
 <LI><a href="#[e7]">gapm_init_connection_ind_func_patch</a> from gapm_init_patch.o(i.gapm_init_connection_ind_func_patch) referenced from gapm_init_patch.o(i.gapm_init_replace)
 <LI><a href="#[e6]">gapm_init_delete</a> from rom_symbol.txt(ABSOLUTE) referenced from gapm_init_patch.o(i.gapm_init_create_patch)
 <LI><a href="#[e4]">gapm_init_start_patch</a> from gapm_init_patch.o(i.gapm_init_start_patch) referenced from gapm_init_patch.o(i.gapm_init_create_patch)
 <LI><a href="#[e5]">gapm_init_stop_patch</a> from gapm_init_patch.o(i.gapm_init_stop_patch) referenced from gapm_init_patch.o(i.gapm_init_create_patch)
 <LI><a href="#[e8]">gapm_scan_send_adv_report_ind_func_patch</a> from gapm_scan_patch.o(i.gapm_scan_send_adv_report_ind_func_patch) referenced from gapm_scan_patch.o(i.gapm_scan_replace)
 <LI><a href="#[31]">gapm_set_dev_config_cmd_handler_patch</a> from gapm_cfg_patch.o(i.gapm_set_dev_config_cmd_handler_patch) referenced 2 times from ble.o(.data)
 <LI><a href="#[7c]">gatt_mtu_exchange_cb</a> from ble_event_patch.o(i.gatt_mtu_exchange_cb) referenced 2 times from ble_event_patch.o(.data)
 <LI><a href="#[e9]">gatt_on_disconnection_func_patch</a> from ble_sdk_gatts_patch.o(i.gatt_on_disconnection_func_patch) referenced from ble_sdk_gatts_patch.o(i.gatt_on_disconnection_replace)
 <LI><a href="#[7d]">gatt_prf_register_cb</a> from ble_event_patch.o(i.gatt_prf_register_cb) referenced 2 times from ble_event_patch.o(.data)
 <LI><a href="#[81]">gattc_char_desc_disc_cb</a> from ble_event_patch.o(i.gattc_char_desc_disc_cb) referenced 4 times from ble_event_patch.o(.data)
 <LI><a href="#[80]">gattc_char_disc_cb</a> from ble_event_patch.o(i.gattc_char_disc_cb) referenced 4 times from ble_event_patch.o(.data)
 <LI><a href="#[15]">gattc_cmp_evt_handler_patch</a> from gattc_task_patch.o(i.gattc_cmp_evt_handler_patch) referenced 2 times from ble.o(.data)
 <LI><a href="#[7f]">gattc_inc_srvc_disc_cb</a> from ble_event_patch.o(i.gattc_inc_srvc_disc_cb) referenced 4 times from ble_event_patch.o(.data)
 <LI><a href="#[84]">gattc_ntf_ind_cb</a> from ble_event_patch.o(i.gattc_ntf_ind_cb) referenced 4 times from ble_event_patch.o(.data)
 <LI><a href="#[82]">gattc_read_cb</a> from ble_event_patch.o(i.gattc_read_cb) referenced 4 times from ble_event_patch.o(.data)
 <LI><a href="#[85]">gattc_srvc_browse_cb</a> from ble_event_patch.o(i.gattc_srvc_browse_cb) referenced 4 times from ble_event_patch.o(.data)
 <LI><a href="#[7e]">gattc_srvc_disc_cb</a> from ble_event_patch.o(i.gattc_srvc_disc_cb) referenced 4 times from ble_event_patch.o(.data)
 <LI><a href="#[83]">gattc_write_cb</a> from ble_event_patch.o(i.gattc_write_cb) referenced 4 times from ble_event_patch.o(.data)
 <LI><a href="#[12e]">gattc_write_req_ind_handler_patch</a> from ble_sdk_prf_patch.o(i.gattc_write_req_ind_handler_patch) referenced from ble_sdk_prf_patch.o(i.sdk_prf_msg_handler_tab_replace)
 <LI><a href="#[97]">gatts_cccd_set_cb</a> from ble_event_patch.o(i.gatts_cccd_set_cb) referenced 2 times from ble_profile_patch.o(.data)
 <LI><a href="#[96]">gatts_ntf_ind_cb</a> from ble_event_patch.o(i.gatts_ntf_ind_cb) referenced 2 times from ble_profile_patch.o(.data)
 <LI><a href="#[95]">gatts_prep_write_cb</a> from ble_event_patch.o(i.gatts_prep_write_cb) referenced 2 times from ble_profile_patch.o(.data)
 <LI><a href="#[93]">gatts_read_cb</a> from ble_event_patch.o(i.gatts_read_cb) referenced 2 times from ble_profile_patch.o(.data)
 <LI><a href="#[94]">gatts_write_cb</a> from ble_event_patch.o(i.gatts_write_cb) referenced 2 times from ble_profile_patch.o(.data)
 <LI><a href="#[e2]">get_info</a> from dfu_cmd_handler_patch.o(i.get_info) referenced from dfu_cmd_handler_patch.o(i.dfu_cmd_handler_replace)
 <LI><a href="#[142]">gr5xx_svc_process</a> from svc_handler.o(RAM_CODE) referenced from gr_interrupt.o(RAM_CODE)
 <LI><a href="#[ed]">gus_ble_evt_handler</a> from gus.o(i.gus_ble_evt_handler) referenced from gus.o(i.gus_service_init)
 <LI><a href="#[ec]">gus_c_ble_evt_handler</a> from gus_c.o(i.gus_c_ble_evt_handler) referenced from gus_c.o(i.gus_client_init)
 <LI><a href="#[cd]">gus_client_process_event</a> from user_app.o(i.gus_client_process_event) referenced from user_app.o(i.ble_app_init)
 <LI><a href="#[12f]">gus_service_process_event</a> from user_app.o(i.gus_service_process_event) referenced from user_app.o(i.services_init)
 <LI><a href="#[9d]">hal_adc_conv_cplt_callback</a> from app_adc.o(i.hal_adc_conv_cplt_callback) referenced 2 times from gr55xx_hal_adc_1.o(.data)
 <LI><a href="#[9c]">hal_adc_msp_deinit</a> from gr55xx_hal_adc_1.o(i.hal_adc_msp_deinit) referenced 2 times from gr55xx_hal_adc_1.o(.data)
 <LI><a href="#[9b]">hal_adc_msp_init</a> from gr55xx_hal_adc_1.o(i.hal_adc_msp_init) referenced 2 times from gr55xx_hal_adc_1.o(.data)
 <LI><a href="#[9e]">hal_aon_gpio_callback</a> from app_io.o(i.hal_aon_gpio_callback) referenced 2 times from gr55xx_hal_aon_gpio_1.o(.data)
 <LI><a href="#[132]">hal_exflash_erase</a> from gr55xx_hal_exflash_patch.o(RAM_CODE) referenced from fpb_patch_init.o(i.system_driver_patch_enable)
 <LI><a href="#[133]">hal_exflash_write</a> from gr55xx_hal_exflash_patch.o(RAM_CODE) referenced from fpb_patch_init.o(i.system_driver_patch_enable)
 <LI><a href="#[9f]">hal_gpio_exti_callback</a> from app_io.o(i.hal_gpio_exti_callback) referenced 2 times from gr55xx_hal_gpio_1.o(.data)
 <LI><a href="#[9a]">hal_msp_deinit</a> from gr55xx_hal_1.o(i.hal_msp_deinit) referenced 2 times from gr55xx_hal_1.o(.data)
 <LI><a href="#[99]">hal_msp_init</a> from gr55xx_hal_1.o(i.hal_msp_init) referenced 2 times from gr55xx_hal_1.o(.data)
 <LI><a href="#[f0]">hal_pwr_sleep_timer_elapsed_callback</a> from app_timer.o(i.hal_pwr_sleep_timer_elapsed_callback) referenced from gr55xx_hal_pwr_1.o(i.hal_pwr_config_timer_wakeup)
 <LI><a href="#[a5]">hal_uart_abort_cplt_callback</a> from app_uart.o(i.hal_uart_abort_cplt_callback) referenced 2 times from gr55xx_hal_uart_1.o(.data)
 <LI><a href="#[a7]">hal_uart_abort_rx_cplt_callback</a> from app_uart.o(i.hal_uart_abort_rx_cplt_callback) referenced 2 times from gr55xx_hal_uart_1.o(.data)
 <LI><a href="#[a6]">hal_uart_abort_tx_cplt_callback</a> from app_uart.o(i.hal_uart_abort_tx_cplt_callback) referenced 2 times from gr55xx_hal_uart_1.o(.data)
 <LI><a href="#[a4]">hal_uart_error_callback</a> from app_uart.o(i.hal_uart_error_callback) referenced 2 times from gr55xx_hal_uart_1.o(.data)
 <LI><a href="#[a1]">hal_uart_msp_deinit</a> from gr55xx_hal_uart_1.o(i.hal_uart_msp_deinit) referenced 2 times from gr55xx_hal_uart_1.o(.data)
 <LI><a href="#[a0]">hal_uart_msp_init</a> from gr55xx_hal_uart_1.o(i.hal_uart_msp_init) referenced 2 times from gr55xx_hal_uart_1.o(.data)
 <LI><a href="#[a3]">hal_uart_rx_cplt_callback</a> from app_uart.o(i.hal_uart_rx_cplt_callback) referenced 2 times from gr55xx_hal_uart_1.o(.data)
 <LI><a href="#[a2]">hal_uart_tx_cplt_callback</a> from app_uart.o(i.hal_uart_tx_cplt_callback) referenced 2 times from gr55xx_hal_uart_1.o(.data)
 <LI><a href="#[37]">hci_le_add_dev_to_rslv_list_cmd_handler_patch</a> from llm_hci_patch.o(i.hci_le_add_dev_to_rslv_list_cmd_handler_patch) referenced 2 times from ble.o(.data)
 <LI><a href="#[32]">hci_le_add_dev_to_wlst_cmd_handler_patch</a> from llm_hci_patch.o(i.hci_le_add_dev_to_wlst_cmd_handler_patch) referenced 2 times from ble.o(.data)
 <LI><a href="#[36]">hci_le_clear_rslv_list_cmd_handler_patch</a> from llm_hci_patch.o(i.hci_le_clear_rslv_list_cmd_handler_patch) referenced 2 times from ble.o(.data)
 <LI><a href="#[34]">hci_le_clear_wlst_cmd_handler_patch</a> from llm_hci_patch.o(i.hci_le_clear_wlst_cmd_handler_patch) referenced 2 times from ble.o(.data)
 <LI><a href="#[3c]">hci_le_cmd_cmp_evt_init_handler_patch</a> from gapm_init_patch.o(i.hci_le_cmd_cmp_evt_init_handler_patch) referenced 2 times from ble.o(.data)
 <LI><a href="#[3d]">hci_le_cmd_cmp_evt_scan_handler_patch</a> from gapm_scan_patch.o(i.hci_le_cmd_cmp_evt_scan_handler_patch) referenced 2 times from ble.o(.data)
 <LI><a href="#[fc]">hci_le_con_upd_cmd_handler</a> from rom_symbol.txt(ABSOLUTE) referenced from llc_hci_patch.o(i.llc_hci_new_handler_find)
 <LI><a href="#[fd]">hci_le_con_upd_cmd_handler_patch</a> from llc_con_upd_patch.o(i.hci_le_con_upd_cmd_handler_patch) referenced from llc_hci_patch.o(i.llc_hci_new_handler_find)
 <LI><a href="#[39]">hci_le_ext_create_con_cmd_handler_patch</a> from llm_hci_patch.o(i.hci_le_ext_create_con_cmd_handler_patch) referenced 2 times from ble.o(.data)
 <LI><a href="#[33]">hci_le_rmv_dev_from_wlst_cmd_handler_patch</a> from llm_hci_patch.o(i.hci_le_rmv_dev_from_wlst_cmd_handler_patch) referenced 2 times from ble.o(.data)
 <LI><a href="#[35]">hci_le_set_addr_resol_en_cmd_handler_patch</a> from llm_hci_patch.o(i.hci_le_set_addr_resol_en_cmd_handler_patch) referenced 2 times from ble.o(.data)
 <LI><a href="#[3b]">hci_le_set_ext_scan_en_cmd_handler_patch</a> from llm_scan_patch.o(i.hci_le_set_ext_scan_en_cmd_handler_patch) referenced 2 times from ble.o(.data)
 <LI><a href="#[3a]">hci_le_set_ext_scan_param_cmd_handler_patch</a> from llm_scan_patch.o(i.hci_le_set_ext_scan_param_cmd_handler_patch) referenced 2 times from ble.o(.data)
 <LI><a href="#[38]">hci_le_set_priv_mode_cmd_handler_patch</a> from llm_hci_patch.o(i.hci_le_set_priv_mode_cmd_handler_patch) referenced 2 times from ble.o(.data)
 <LI><a href="#[24]">hci_nb_cmp_pkts_evt_handler_patch</a> from l2cc_task_patch.o(i.hci_nb_cmp_pkts_evt_handler_patch) referenced 2 times from ble.o(.data)
 <LI><a href="#[ce]">hci_send_2_controller_patch</a> from hci_patch.o(i.hci_send_2_controller_patch) referenced from fpb_patch_init.o(i.ble_common_hw_patch_init)
 <LI><a href="#[13]">host_to_sdk_msg_handler_patch</a> from ble_sdk_task_patch.o(i.host_to_sdk_msg_handler_patch) referenced 2 times from ble.o(.data)
 <LI><a href="#[bb]">isspace</a> from isspace_o.o(.text) referenced 2 times from scanf_char.o(.text)
 <LI><a href="#[d0]">ke_task_schedule_patch</a> from ke_task_patch.o(i.ke_task_schedule_patch) referenced from fpb_patch_init.o(i.ble_common_hw_patch_init)
 <LI><a href="#[88]">l2cap_lecb_add_credits_ind_cb</a> from ble_event_patch.o(i.l2cap_lecb_add_credits_ind_cb) referenced 2 times from ble_event_patch.o(.data)
 <LI><a href="#[87]">l2cap_lecb_conn_cb</a> from ble_event_patch.o(i.l2cap_lecb_conn_cb) referenced 2 times from ble_event_patch.o(.data)
 <LI><a href="#[86]">l2cap_lecb_conn_req_cb</a> from ble_event_patch.o(i.l2cap_lecb_conn_req_cb) referenced 2 times from ble_event_patch.o(.data)
 <LI><a href="#[8c]">l2cap_lecb_credit_add_cmp_cb</a> from ble_event_patch.o(i.l2cap_lecb_credit_add_cmp_cb) referenced 2 times from ble_event_patch.o(.data)
 <LI><a href="#[89]">l2cap_lecb_disconn_cb</a> from ble_event_patch.o(i.l2cap_lecb_disconn_cb) referenced 2 times from ble_event_patch.o(.data)
 <LI><a href="#[8a]">l2cap_lecb_sdu_recv_cb</a> from ble_event_patch.o(i.l2cap_lecb_sdu_recv_cb) referenced 2 times from ble_event_patch.o(.data)
 <LI><a href="#[8b]">l2cap_lecb_sdu_send_cb</a> from ble_event_patch.o(i.l2cap_lecb_sdu_send_cb) referenced 2 times from ble_event_patch.o(.data)
 <LI><a href="#[14]">l2cc_pdu_recv_ind_handler_patch</a> from gattc_task_patch.o(i.l2cc_pdu_recv_ind_handler_patch) referenced 2 times from ble.o(.data)
 <LI><a href="#[f5]">l2cm_l2cap_tx_handler_patch</a> from l2cm_patch.o(i.l2cm_l2cap_tx_handler_patch) referenced from l2cm_patch.o(i.l2cm_l2cap_tx_handler_replace)
 <LI><a href="#[102]">ll_channel_map_ind_handler_patch</a> from llc_chmap_upd_patch.o(i.ll_channel_map_ind_handler_patch) referenced from llc_llcp_patch.o(i.llcp_pdu_handler_tab_replace)
 <LI><a href="#[104]">ll_connection_param_req_handler_patch</a> from llc_con_upd_patch.o(i.ll_connection_param_req_handler_patch) referenced from llc_llcp_patch.o(i.llcp_pdu_handler_tab_replace)
 <LI><a href="#[103]">ll_connection_update_ind_handler_patch</a> from llc_con_upd_patch.o(i.ll_connection_update_ind_handler_patch) referenced from llc_llcp_patch.o(i.llcp_pdu_handler_tab_replace)
 <LI><a href="#[105]">ll_phy_req_handler_patch</a> from llc_phy_upd_patch.o(i.ll_phy_req_handler_patch) referenced from llc_llcp_patch.o(i.llcp_pdu_handler_tab_replace)
 <LI><a href="#[1f]">llc_auth_payl_nearly_to_handler_patch</a> from llc_le_ping_patch.o(i.llc_auth_payl_nearly_to_handler_patch) referenced 2 times from ble.o(.data)
 <LI><a href="#[20]">llc_auth_payl_real_to_handler_patch</a> from llc_le_ping_patch.o(i.llc_auth_payl_real_to_handler_patch) referenced 2 times from ble.o(.data)
 <LI><a href="#[f6]">llc_ch_map_up_proc_err_cb</a> from rom_symbol.txt(ABSOLUTE) referenced from llc_chmap_upd_patch.o(i.ll_channel_map_ind_handler_patch)
 <LI><a href="#[12]">llc_hci_command_handler_patch</a> from llc_hci_patch.o(i.llc_hci_command_handler_patch) referenced 2 times from ble.o(.data)
 <LI><a href="#[100]">llc_ll_enc_rsp_ack_handler</a> from rom_symbol.txt(ABSOLUTE) referenced from llc_encrypt_patch.o(i.llc_rem_encrypt_proc_continue_patch)
 <LI><a href="#[ff]">llc_ll_reject_ind_ack_handler</a> from rom_symbol.txt(ABSOLUTE) referenced from llc_encrypt_patch.o(i.llc_rem_encrypt_proc_continue_patch)
 <LI><a href="#[101]">llc_ll_start_enc_rsp_ack_handler</a> from rom_symbol.txt(ABSOLUTE) referenced from llc_encrypt_patch.o(i.llc_rem_encrypt_proc_continue_patch)
 <LI><a href="#[fe]">llc_llcp_send_func_patch</a> from llc_llcp_patch.o(i.llc_llcp_send_func_patch) referenced from llc_llcp_patch.o(i.llc_llcp_send_replace)
 <LI><a href="#[f3]">llc_loc_con_upd_proc_err_cb</a> from rom_symbol.txt(ABSOLUTE) referenced from llc_con_upd_patch.o(i.hci_le_con_upd_cmd_handler_patch)
 <LI><a href="#[f3]">llc_loc_con_upd_proc_err_cb</a> from rom_symbol.txt(ABSOLUTE) referenced from llc_con_upd_patch.o(i.llc_rem_con_upd_proc_continue_patch)
 <LI><a href="#[16]">llc_loc_llcp_rsp_to_handler_patch</a> from llc_task_patch.o(i.llc_loc_llcp_rsp_to_handler_patch) referenced 2 times from ble.o(.data)
 <LI><a href="#[21]">llc_op_dl_upd_ind_handler_patch</a> from llc_dl_upd_patch.o(i.llc_op_dl_upd_ind_handler_patch) referenced 2 times from ble.o(.data)
 <LI><a href="#[f9]">llc_pref_param_compute_func_patch</a> from llc_con_upd_patch.o(i.llc_pref_param_compute_func_patch) referenced from llc_con_upd_patch.o(i.llc_con_upd_replace)
 <LI><a href="#[fa]">llc_rem_con_upd_proc_continue_patch</a> from llc_con_upd_patch.o(i.llc_rem_con_upd_proc_continue_patch) referenced from llc_con_upd_patch.o(i.llc_con_upd_replace)
 <LI><a href="#[f7]">llc_rem_con_upd_proc_err_cb</a> from rom_symbol.txt(ABSOLUTE) referenced from llc_con_upd_patch.o(i.ll_connection_param_req_handler_patch)
 <LI><a href="#[f7]">llc_rem_con_upd_proc_err_cb</a> from rom_symbol.txt(ABSOLUTE) referenced from llc_con_upd_patch.o(i.ll_connection_update_ind_handler_patch)
 <LI><a href="#[fb]">llc_rem_encrypt_proc_continue_patch</a> from llc_encrypt_patch.o(i.llc_rem_encrypt_proc_continue_patch) referenced from llc_encrypt_patch.o(i.llc_encrypt_replace)
 <LI><a href="#[17]">llc_rem_llcp_rsp_to_handler_patch</a> from llc_task_patch.o(i.llc_rem_llcp_rsp_to_handler_patch) referenced 2 times from ble.o(.data)
 <LI><a href="#[f8]">llc_rem_phy_upd_proc_err_cb</a> from rom_symbol.txt(ABSOLUTE) referenced from llc_phy_upd_patch.o(i.ll_phy_req_handler_patch)
 <LI><a href="#[1a]">lld_acl_rx_ind_handler_patch</a> from llc_task_patch.o(i.lld_acl_rx_ind_handler_patch) referenced 2 times from ble.o(.data)
 <LI><a href="#[106]">lld_adv_frm_cbk_func_patch</a> from lld_adv_patch.o(i.lld_adv_frm_cbk_func_patch) referenced from lld_adv_patch.o(i.lld_adv_replace)
 <LI><a href="#[113]">lld_adv_start_func_patch</a> from lld_scan_patch.o(i.lld_adv_start_func_patch) referenced from lld_scan_patch.o(i.lld_scan_frm_cbk_replace)
 <LI><a href="#[145]">lld_bi_frm_cbk</a> from rom_symbol.txt(ABSOLUTE) referenced from sch_prog_patch.o(RAM_CODE)
 <LI><a href="#[1c]">lld_ch_map_upd_cfm_handler_patch</a> from llc_chmap_upd_patch.o(i.lld_ch_map_upd_cfm_handler_patch) referenced 2 times from ble.o(.data)
 <LI><a href="#[146]">lld_ci_frm_cbk</a> from rom_symbol.txt(ABSOLUTE) referenced from sch_prog_patch.o(RAM_CODE)
 <LI><a href="#[10c]">lld_con_evt_start_cbk_patch</a> from lld_con_patch.o(RAM_CODE) referenced from lld_con_patch.o(i.lld_con_start_patch)
 <LI><a href="#[10a]">lld_con_evt_time_update_patch</a> from lld_con_patch.o(i.lld_con_evt_time_update_patch) referenced from lld_con_patch.o(i.lld_con_replace)
 <LI><a href="#[109]">lld_con_frm_cbk_patch</a> from lld_con_patch.o(RAM_CODE) referenced from lld_con_patch.o(i.lld_con_replace)
 <LI><a href="#[1e]">lld_con_offset_upd_ind_handler_patch</a> from llc_con_upd_patch.o(i.lld_con_offset_upd_ind_handler_patch) referenced 2 times from ble.o(.data)
 <LI><a href="#[1b]">lld_con_param_upd_cfm_handler_patch</a> from llc_con_upd_patch.o(i.lld_con_param_upd_cfm_handler_patch) referenced 2 times from ble.o(.data)
 <LI><a href="#[107]">lld_con_sched_patch</a> from lld_con_patch.o(RAM_CODE) referenced from lld_con_patch.o(i.lld_con_replace)
 <LI><a href="#[108]">lld_con_start_patch</a> from lld_con_patch.o(i.lld_con_start_patch) referenced from lld_con_patch.o(i.lld_con_replace)
 <LI><a href="#[10b]">lld_con_tx_prog_patch</a> from lld_con_patch.o(i.lld_con_tx_prog_patch) referenced from lld_con_patch.o(i.lld_con_replace)
 <LI><a href="#[22]">lld_init_end_ind_handler_patch</a> from llm_init_patch.o(i.lld_init_end_ind_handler_patch) referenced 2 times from ble.o(.data)
 <LI><a href="#[10e]">lld_init_evt_canceled_cbk</a> from rom_symbol.txt(ABSOLUTE) referenced from lld_init_patch.o(i.lld_init_start_patch)
 <LI><a href="#[10f]">lld_init_evt_start_cbk_patch</a> from lld_init_patch.o(RAM_CODE) referenced from lld_init_patch.o(i.lld_init_start_patch)
 <LI><a href="#[10d]">lld_init_patch</a> from lld_patch.o(i.lld_init_patch) referenced from lld_patch.o(i.lld_init_replace)
 <LI><a href="#[110]">lld_init_start_patch</a> from lld_init_patch.o(i.lld_init_start_patch) referenced from lld_init_patch.o(i.lld_init_start_replace)
 <LI><a href="#[18]">lld_llcp_rx_ind_handler_patch</a> from llc_llcp_patch.o(i.lld_llcp_rx_ind_handler_patch) referenced 2 times from ble.o(.data)
 <LI><a href="#[19]">lld_llcp_tx_cfm_handler_patch</a> from llc_llcp_patch.o(i.lld_llcp_tx_cfm_handler_patch) referenced 2 times from ble.o(.data)
 <LI><a href="#[1d]">lld_phy_upd_cfm_handler_patch</a> from llc_phy_upd_patch.o(i.lld_phy_upd_cfm_handler_patch) referenced 2 times from ble.o(.data)
 <LI><a href="#[114]">lld_scan_evt_start_cbk_patch</a> from lld_scan_patch.o(RAM_CODE) referenced from lld_scan_patch.o(i.lld_scan_start_func_patch)
 <LI><a href="#[111]">lld_scan_frm_cbk_func_patch</a> from lld_scan_patch.o(RAM_CODE) referenced from lld_scan_patch.o(i.lld_scan_frm_cbk_replace)
 <LI><a href="#[112]">lld_scan_start_func_patch</a> from lld_scan_patch.o(i.lld_scan_start_func_patch) referenced from lld_scan_patch.o(i.lld_scan_frm_cbk_replace)
 <LI><a href="#[147]">lld_supervision_to_cb</a> from rom_symbol.txt(ABSOLUTE) referenced from lld_con_patch.o(RAM_CODE)
 <LI><a href="#[144]">lld_test_frm_cbk</a> from rom_symbol.txt(ABSOLUTE) referenced from sch_prog_patch.o(RAM_CODE)
 <LI><a href="#[23]">llm_ch_map_to_handler_patch</a> from llm_init_patch.o(i.llm_ch_map_to_handler_patch) referenced 2 times from ble.o(.data)
 <LI><a href="#[11]">llm_hci_command_handler_patch</a> from llm_hci_patch.o(i.llm_hci_command_handler_patch) referenced 2 times from ble.o(.data)
 <LI><a href="#[143]">lp_cali_watch_alarm_cb</a> from sch_prog_patch.o(RAM_CODE) referenced from sch_prog_patch.o(RAM_CODE)
 <LI><a href="#[b5]">main</a> from main.o(i.main) referenced from entry9a.o(.ARM.Collect$$$$0000000B)
 <LI><a href="#[b7]">main_init</a> from gr_platform.o(i.main_init) referenced from startup.o(.text)
 <LI><a href="#[3e]">malloc</a> from mallocr2.o(i.__malloc$realloc$2region) referenced 2 times from cjson.o(.data)
 <LI><a href="#[134]">pmu_calibration</a> from pmu_calibration.o(i.pmu_calibration) referenced from pmu_calibration.o(i.system_pmu_calibration_init)
 <LI><a href="#[c6]">pwr_enter_sleep_check</a> from app_pwr_mgmt.o(i.pwr_enter_sleep_check) referenced from app_pwr_mgmt.o(i.app_pwr_mgmt_init)
 <LI><a href="#[11b]">pwr_mgmt_shutdown_patch</a> from sdk_pwr_mgmt_patch.o(TINY_RAM_SPACE) referenced from sdk_pwr_mgmt_patch.o(i.pwr_mgmt_shutdown_replace)
 <LI><a href="#[c5]">pwr_wake_up_ind</a> from app_pwr_mgmt.o(RAM_CODE) referenced from app_pwr_mgmt.o(i.app_pwr_mgmt_init)
 <LI><a href="#[40]">realloc</a> from mallocr2.o(i.__realloc$2region) referenced 2 times from cjson.o(.data)
 <LI><a href="#[11c]">rf_init_patch</a> from rf_gdx_patch.o(i.rf_init_patch) referenced from rf_gdx_patch.o(i.rf_gdx_replace)
 <LI><a href="#[e1]">rf_recalibrate</a> from rom_symbol.txt(ABSOLUTE) referenced from system_sdk_patch.o(i.ble_stack_inner_init)
 <LI><a href="#[11f]">rf_txpwr_cs_get_patch</a> from rf_gdx_patch.o(i.rf_txpwr_cs_get_patch) referenced from rf_gdx_patch.o(i.rf_init_patch)
 <LI><a href="#[11e]">rf_txpwr_dbm_get_patch</a> from rf_gdx_patch.o(i.rf_txpwr_dbm_get_patch) referenced from rf_gdx_patch.o(i.rf_init_patch)
 <LI><a href="#[11d]">rf_wakeup_init_patch</a> from rf_gdx_patch.o(RAM_CODE) referenced from rf_gdx_patch.o(i.rf_gdx_replace)
 <LI><a href="#[120]">rom_callback_patch</a> from rwip_sleep_common.o(RAM_CODE) referenced from rwip_sleep_common.o(i.rom_callback_replace)
 <LI><a href="#[da]">rwip_us_2_lpcycles</a> from rom_symbol.txt(ABSOLUTE) referenced from system_sdk_patch.o(i.ble_stack_inner_init)
 <LI><a href="#[129]">sch_arb_event_start_isr_patch</a> from sch_arb_patch.o(RAM_CODE) referenced from sch_arb_patch.o(i.sch_arb_replace)
 <LI><a href="#[128]">sch_arb_insert_patch</a> from sch_arb_patch.o(RAM_CODE) referenced from sch_arb_patch.o(i.sch_arb_replace)
 <LI><a href="#[12b]">sch_prog_activity_isr_patch</a> from sch_prog_patch.o(RAM_CODE) referenced from sch_prog_patch.o(i.sch_prog_frm_cbk_replace)
 <LI><a href="#[12d]">sch_prog_push_func_patch</a> from sch_prog_patch.o(RAM_CODE) referenced from sch_prog_patch.o(i.sch_prog_frm_cbk_replace)
 <LI><a href="#[8f]">sec_rcv_enc_ind_cb</a> from ble_event_patch.o(i.sec_rcv_enc_ind_cb) referenced 2 times from ble_event_patch.o(.data)
 <LI><a href="#[8e]">sec_rcv_enc_req_cb</a> from ble_event_patch.o(i.sec_rcv_enc_req_cb) referenced 2 times from ble_event_patch.o(.data)
 <LI><a href="#[2a]">sec_rcv_encrypt_req_ind_handler_patch</a> from ble_sdk_sec_patch.o(i.sec_rcv_encrypt_req_ind_handler_patch) referenced 2 times from ble.o(.data)
 <LI><a href="#[91]">sec_rcv_key_missing_cb</a> from ble_event_patch.o(i.sec_rcv_key_missing_cb) referenced 2 times from ble_event_patch.o(.data)
 <LI><a href="#[90]">sec_rcv_keypress_notify_cb</a> from ble_event_patch.o(i.sec_rcv_keypress_notify_cb) referenced 2 times from ble_event_patch.o(.data)
 <LI><a href="#[28]">sec_rcv_sec_req_ind_handler_patch</a> from ble_sdk_sec_patch.o(i.sec_rcv_sec_req_ind_handler_patch) referenced 2 times from ble.o(.data)
 <LI><a href="#[ca]">sensor_collect_timer_handler</a> from ble_4g_protocol.o(i.sensor_collect_timer_handler) referenced from ble_4g_protocol.o(i.ble_4g_protocol_init)
 <LI><a href="#[dd]">set_sdk_schedule_event</a> from rom_symbol.txt(ABSOLUTE) referenced from system_sdk_patch.o(i.ble_stack_inner_init)
 <LI><a href="#[131]">smpc_handle_enc_change_evt_func_patch</a> from smpc_patch.o(i.smpc_handle_enc_change_evt_func_patch) referenced from smpc_patch.o(i.smpc_handle_enc_change_evt_func_replace)
 <LI><a href="#[118]">sys_context_restore_func</a> from platform_sys_context.o(RAM_CODE) referenced from platform_sdk.o(i.platform_sdk_init)
 <LI><a href="#[117]">sys_context_save_func</a> from platform_sys_context.o(RAM_CODE) referenced from platform_sdk.o(i.platform_sdk_init)
 <LI><a href="#[141]">system_platform_init</a> from gr_platform.o(i.system_platform_init) referenced from gr_platform.o(.init_array)
 <LI><a href="#[61]">uart_at_admin_cmd</a> from at_cmd_handler.o(i.uart_at_admin_cmd) referenced 2 times from at_cmd_handler.o(.data)
 <LI><a href="#[4a]">uart_at_adv_param_set</a> from at_cmd_handler.o(i.uart_at_adv_param_set) referenced 2 times from at_cmd_handler.o(.data)
 <LI><a href="#[4b]">uart_at_adv_start</a> from at_cmd_handler.o(i.uart_at_adv_start) referenced 2 times from at_cmd_handler.o(.data)
 <LI><a href="#[4c]">uart_at_adv_stop</a> from at_cmd_handler.o(i.uart_at_adv_stop) referenced 2 times from at_cmd_handler.o(.data)
 <LI><a href="#[43]">uart_at_app_reset</a> from at_cmd_handler.o(i.uart_at_app_reset) referenced 2 times from at_cmd_handler.o(.data)
 <LI><a href="#[44]">uart_at_baud_set</a> from at_cmd_handler.o(i.uart_at_baud_set) referenced 2 times from at_cmd_handler.o(.data)
 <LI><a href="#[45]">uart_at_bd_addr_get</a> from at_cmd_handler.o(i.uart_at_bd_addr_get) referenced 2 times from at_cmd_handler.o(.data)
 <LI><a href="#[5d]">uart_at_build_get</a> from at_cmd_handler.o(i.uart_at_build_get) referenced 2 times from at_cmd_handler.o(.data)
 <LI><a href="#[5c]">uart_at_cclk_get</a> from at_cmd_handler.o(i.uart_at_cclk_get) referenced 2 times from at_cmd_handler.o(.data)
 <LI><a href="#[52]">uart_at_conn_cancle</a> from at_cmd_handler.o(i.uart_at_conn_cancle) referenced 2 times from at_cmd_handler.o(.data)
 <LI><a href="#[51]">uart_at_conn_init</a> from at_cmd_handler.o(i.uart_at_conn_init) referenced 2 times from at_cmd_handler.o(.data)
 <LI><a href="#[50]">uart_at_conn_param_set</a> from at_cmd_handler.o(i.uart_at_conn_param_set) referenced 2 times from at_cmd_handler.o(.data)
 <LI><a href="#[5b]">uart_at_creg_get</a> from at_cmd_handler.o(i.uart_at_creg_get) referenced 2 times from at_cmd_handler.o(.data)
 <LI><a href="#[59]">uart_at_csq_get</a> from at_cmd_handler.o(i.uart_at_csq_get) referenced 2 times from at_cmd_handler.o(.data)
 <LI><a href="#[53]">uart_at_disconnect</a> from at_cmd_handler.o(i.uart_at_disconnect) referenced 2 times from at_cmd_handler.o(.data)
 <LI><a href="#[62]">uart_at_exit_cmd_mode</a> from at_cmd_handler.o(i.uart_at_exit_cmd_mode) referenced 2 times from at_cmd_handler.o(.data)
 <LI><a href="#[48]">uart_at_gap_name_get</a> from at_cmd_handler.o(i.uart_at_gap_name_get) referenced 2 times from at_cmd_handler.o(.data)
 <LI><a href="#[49]">uart_at_gap_name_set</a> from at_cmd_handler.o(i.uart_at_gap_name_set) referenced 2 times from at_cmd_handler.o(.data)
 <LI><a href="#[46]">uart_at_gap_role_get</a> from at_cmd_handler.o(i.uart_at_gap_role_get) referenced 2 times from at_cmd_handler.o(.data)
 <LI><a href="#[47]">uart_at_gap_role_set</a> from at_cmd_handler.o(i.uart_at_gap_role_set) referenced 2 times from at_cmd_handler.o(.data)
 <LI><a href="#[5a]">uart_at_gps_get</a> from at_cmd_handler.o(i.uart_at_gps_get) referenced 2 times from at_cmd_handler.o(.data)
 <LI><a href="#[58]">uart_at_iccid_get</a> from at_cmd_handler.o(i.uart_at_iccid_get) referenced 2 times from at_cmd_handler.o(.data)
 <LI><a href="#[57]">uart_at_imei_get</a> from at_cmd_handler.o(i.uart_at_imei_get) referenced 2 times from at_cmd_handler.o(.data)
 <LI><a href="#[54]">uart_at_mtu_exchange</a> from at_cmd_handler.o(i.uart_at_mtu_exchange) referenced 2 times from at_cmd_handler.o(.data)
 <LI><a href="#[5e]">uart_at_runst_get</a> from at_cmd_handler.o(i.uart_at_runst_get) referenced 2 times from at_cmd_handler.o(.data)
 <LI><a href="#[4d]">uart_at_scan_param_set</a> from at_cmd_handler.o(i.uart_at_scan_param_set) referenced 2 times from at_cmd_handler.o(.data)
 <LI><a href="#[4e]">uart_at_scan_start</a> from at_cmd_handler.o(i.uart_at_scan_start) referenced 2 times from at_cmd_handler.o(.data)
 <LI><a href="#[4f]">uart_at_scan_stop</a> from at_cmd_handler.o(i.uart_at_scan_stop) referenced 2 times from at_cmd_handler.o(.data)
 <LI><a href="#[5f]">uart_at_sensor_get</a> from at_cmd_handler.o(i.uart_at_sensor_get) referenced 2 times from at_cmd_handler.o(.data)
 <LI><a href="#[56]">uart_at_sensor_rx_clr</a> from at_cmd_handler.o(i.uart_at_sensor_rx_clr) referenced 2 times from at_cmd_handler.o(.data)
 <LI><a href="#[55]">uart_at_sensor_rx_get</a> from at_cmd_handler.o(i.uart_at_sensor_rx_get) referenced 2 times from at_cmd_handler.o(.data)
 <LI><a href="#[60]">uart_at_status_get</a> from at_cmd_handler.o(i.uart_at_status_get) referenced 2 times from at_cmd_handler.o(.data)
 <LI><a href="#[41]">uart_at_test</a> from at_cmd_handler.o(i.uart_at_test) referenced 2 times from at_cmd_handler.o(.data)
 <LI><a href="#[42]">uart_at_version_get</a> from at_cmd_handler.o(i.uart_at_version_get) referenced 2 times from at_cmd_handler.o(.data)
 <LI><a href="#[f2]">uart_dma_error</a> from rom_symbol.txt(ABSOLUTE) referenced from gr55xx_hal_uart_patch.o(i.hal_uart_receive_dma)
 <LI><a href="#[f1]">uart_dma_receive_cplt</a> from rom_symbol.txt(ABSOLUTE) referenced from gr55xx_hal_uart_patch.o(i.hal_uart_receive_dma)
 <LI><a href="#[13f]">uart_prepare_for_sleep</a> from app_uart.o(i.uart_prepare_for_sleep) referenced from app_uart.o(.constdata)
 <LI><a href="#[140]">uart_wake_up_ind</a> from app_uart.o(RAM_CODE) referenced from app_uart.o(.constdata)
 <LI><a href="#[119]">ultra_wfi</a> from rom_symbol.txt(ABSOLUTE) referenced from platform_sdk.o(i.platform_sdk_init)
 <LI><a href="#[138]">user_at_cmd_callback</a> from at_cmd_handler.o(i.user_at_cmd_callback) referenced from at_cmd_handler.o(i.uart_at_init)
 <LI><a href="#[13a]">user_at_cmd_timeout_check</a> from at_cmd_handler.o(i.user_at_cmd_timeout_check) referenced from at_cmd_handler.o(i.user_at_cmd_timing_start)
 <LI><a href="#[137]">user_at_cmd_timing_start</a> from at_cmd_handler.o(i.user_at_cmd_timing_start) referenced from at_cmd_handler.o(i.uart_at_init)
</UL>
<P>
<H3>
Global Symbols
</H3>
<P><STRONG><a name="[55c]"></a>bl1_srand</STRONG> (Thumb, 0 bytes, Stack size 0 bytes, rom_symbol.txt(ABSOLUTE))
<BR><BR>[Called By]<UL><LI><a href="#[321]">&gt;&gt;</a>&nbsp;&nbsp;&nbsp;rand_seed_gen (via Veneer)
</UL>

<P><STRONG><a name="[ef]"></a>adc_dma_error</STRONG> (Thumb, 0 bytes, Stack size 0 bytes, rom_symbol.txt(ABSOLUTE), UNUSED)
<BR>[Address Reference Count : 1]<UL><LI> gr55xx_hal_adc_patch.o(i.hal_adc_start_dma)
</UL>
<P><STRONG><a name="[1a0]"></a>adc_wait_notempty_until_timeout</STRONG> (Thumb, 0 bytes, Stack size 0 bytes, rom_symbol.txt(ABSOLUTE))
<BR><BR>[Called By]<UL><LI><a href="#[397]">&gt;&gt;</a>&nbsp;&nbsp;&nbsp;hal_adc_poll_for_conversion (via Veneer)
<LI><a href="#[ee]">&gt;&gt;</a>&nbsp;&nbsp;&nbsp;adc_dma_cplt (via Veneer)
</UL>

<P><STRONG><a name="[17b]"></a>assert_err</STRONG> (Thumb, 0 bytes, Stack size 0 bytes, rom_symbol.txt(ABSOLUTE))
<BR><BR>[Called By]<UL><LI><a href="#[39]">&gt;&gt;</a>&nbsp;&nbsp;&nbsp;hci_le_ext_create_con_cmd_handler_patch (via Veneer)
<LI><a href="#[d6]">&gt;&gt;</a>&nbsp;&nbsp;&nbsp;gap_init_fsm_next_func_patch (via Veneer)
<LI><a href="#[d0]">&gt;&gt;</a>&nbsp;&nbsp;&nbsp;ke_task_schedule_patch (via Veneer)
<LI><a href="#[e7]">&gt;&gt;</a>&nbsp;&nbsp;&nbsp;gapm_init_connection_ind_func_patch (via Veneer)
<LI><a href="#[f9]">&gt;&gt;</a>&nbsp;&nbsp;&nbsp;llc_pref_param_compute_func_patch (via Veneer)
<LI><a href="#[4e1]">&gt;&gt;</a>&nbsp;&nbsp;&nbsp;lld_adv_pkt_rx_patch (via Veneer)
<LI><a href="#[4db]">&gt;&gt;</a>&nbsp;&nbsp;&nbsp;lld_adv_frm_isr_patch (via Veneer)
<LI><a href="#[110]">&gt;&gt;</a>&nbsp;&nbsp;&nbsp;lld_init_start_patch (via Veneer)
<LI><a href="#[10f]">&gt;&gt;</a>&nbsp;&nbsp;&nbsp;lld_init_evt_start_cbk_patch
<LI><a href="#[131]">&gt;&gt;</a>&nbsp;&nbsp;&nbsp;smpc_handle_enc_change_evt_func_patch (via Veneer)
<LI><a href="#[10b]">&gt;&gt;</a>&nbsp;&nbsp;&nbsp;lld_con_tx_prog_patch (via Veneer)
<LI><a href="#[4ec]">&gt;&gt;</a>&nbsp;&nbsp;&nbsp;lld_con_max_lat_calc_patch (via Veneer)
<LI><a href="#[10c]">&gt;&gt;</a>&nbsp;&nbsp;&nbsp;lld_con_evt_start_cbk_patch
<LI><a href="#[112]">&gt;&gt;</a>&nbsp;&nbsp;&nbsp;lld_scan_start_func_patch (via Veneer)
<LI><a href="#[113]">&gt;&gt;</a>&nbsp;&nbsp;&nbsp;lld_adv_start_func_patch (via Veneer)
<LI><a href="#[624]">&gt;&gt;</a>&nbsp;&nbsp;&nbsp;lld_scan_frm_rx_isr_patch
<LI><a href="#[61f]">&gt;&gt;</a>&nbsp;&nbsp;&nbsp;lld_scan_process_pkt_rx_patch
<LI><a href="#[23d]">&gt;&gt;</a>&nbsp;&nbsp;&nbsp;rwble_reset_recovery (via Veneer)
<LI><a href="#[129]">&gt;&gt;</a>&nbsp;&nbsp;&nbsp;sch_arb_event_start_isr_patch
<LI><a href="#[ce]">&gt;&gt;</a>&nbsp;&nbsp;&nbsp;hci_send_2_controller_patch (via Veneer)
<LI><a href="#[123]">&gt;&gt;</a>&nbsp;&nbsp;&nbsp;BLESLEEP_IRQHandler_patch
<LI><a href="#[647]">&gt;&gt;</a>&nbsp;&nbsp;&nbsp;ble_rwip_wakeup_patch
<LI><a href="#[179]">&gt;&gt;</a>&nbsp;&nbsp;&nbsp;BLESLP_Handler_without_stack_init (via Veneer)
</UL>

<P><STRONG><a name="[474]"></a>assert_param</STRONG> (Thumb, 0 bytes, Stack size 0 bytes, rom_symbol.txt(ABSOLUTE))
<BR><BR>[Called By]<UL><LI><a href="#[24]">&gt;&gt;</a>&nbsp;&nbsp;&nbsp;hci_nb_cmp_pkts_evt_handler_patch (via Veneer)
<LI><a href="#[39]">&gt;&gt;</a>&nbsp;&nbsp;&nbsp;hci_le_ext_create_con_cmd_handler_patch (via Veneer)
<LI><a href="#[d0]">&gt;&gt;</a>&nbsp;&nbsp;&nbsp;ke_task_schedule_patch (via Veneer)
<LI><a href="#[fa]">&gt;&gt;</a>&nbsp;&nbsp;&nbsp;llc_rem_con_upd_proc_continue_patch (via Veneer)
<LI><a href="#[4db]">&gt;&gt;</a>&nbsp;&nbsp;&nbsp;lld_adv_frm_isr_patch (via Veneer)
<LI><a href="#[106]">&gt;&gt;</a>&nbsp;&nbsp;&nbsp;lld_adv_frm_cbk_func_patch (via Veneer)
<LI><a href="#[111]">&gt;&gt;</a>&nbsp;&nbsp;&nbsp;lld_scan_frm_cbk_func_patch
<LI><a href="#[625]">&gt;&gt;</a>&nbsp;&nbsp;&nbsp;lld_scan_frm_eof_isr_patch
<LI><a href="#[61a]">&gt;&gt;</a>&nbsp;&nbsp;&nbsp;rwble_isr_patch
<LI><a href="#[fb]">&gt;&gt;</a>&nbsp;&nbsp;&nbsp;llc_rem_encrypt_proc_continue_patch (via Veneer)
</UL>

<P><STRONG><a name="[489]"></a>assert_warn</STRONG> (Thumb, 0 bytes, Stack size 0 bytes, rom_symbol.txt(ABSOLUTE))
<BR><BR>[Called By]<UL><LI><a href="#[d0]">&gt;&gt;</a>&nbsp;&nbsp;&nbsp;ke_task_schedule_patch (via Veneer)
<LI><a href="#[fa]">&gt;&gt;</a>&nbsp;&nbsp;&nbsp;llc_rem_con_upd_proc_continue_patch (via Veneer)
<LI><a href="#[ce]">&gt;&gt;</a>&nbsp;&nbsp;&nbsp;hci_send_2_controller_patch (via Veneer)
</UL>

<P><STRONG><a name="[49c]"></a>attc_l2cc_pdu_recv_handler</STRONG> (Thumb, 0 bytes, Stack size 0 bytes, rom_symbol.txt(ABSOLUTE))
<BR><BR>[Called By]<UL><LI><a href="#[14]">&gt;&gt;</a>&nbsp;&nbsp;&nbsp;l2cc_pdu_recv_ind_handler_patch (via Veneer)
</UL>

<P><STRONG><a name="[3f8]"></a>attm_att_set_value</STRONG> (Thumb, 0 bytes, Stack size 0 bytes, rom_symbol.txt(ABSOLUTE))
<BR><BR>[Called By]<UL><LI><a href="#[31]">&gt;&gt;</a>&nbsp;&nbsp;&nbsp;gapm_set_dev_config_cmd_handler_patch (via Veneer)
</UL>

<P><STRONG><a name="[3f7]"></a>attm_att_update_perm</STRONG> (Thumb, 0 bytes, Stack size 0 bytes, rom_symbol.txt(ABSOLUTE))
<BR><BR>[Called By]<UL><LI><a href="#[31]">&gt;&gt;</a>&nbsp;&nbsp;&nbsp;gapm_set_dev_config_cmd_handler_patch (via Veneer)
</UL>

<P><STRONG><a name="[3f5]"></a>attmdb_destroy</STRONG> (Thumb, 0 bytes, Stack size 0 bytes, rom_symbol.txt(ABSOLUTE))
<BR><BR>[Called By]<UL><LI><a href="#[31]">&gt;&gt;</a>&nbsp;&nbsp;&nbsp;gapm_set_dev_config_cmd_handler_patch (via Veneer)
</UL>

<P><STRONG><a name="[227]"></a>attmdb_get_attribute</STRONG> (Thumb, 0 bytes, Stack size 0 bytes, rom_symbol.txt(ABSOLUTE))
<BR><BR>[Called By]<UL><LI><a href="#[226]">&gt;&gt;</a>&nbsp;&nbsp;&nbsp;attm_update_max_len (via Veneer)
</UL>

<P><STRONG><a name="[228]"></a>attmdb_uuid16_comp</STRONG> (Thumb, 0 bytes, Stack size 0 bytes, rom_symbol.txt(ABSOLUTE))
<BR><BR>[Called By]<UL><LI><a href="#[226]">&gt;&gt;</a>&nbsp;&nbsp;&nbsp;attm_update_max_len (via Veneer)
</UL>

<P><STRONG><a name="[233]"></a>atts_clear_read_cache</STRONG> (Thumb, 0 bytes, Stack size 0 bytes, rom_symbol.txt(ABSOLUTE))
<BR><BR>[Called By]<UL><LI><a href="#[af]">&gt;&gt;</a>&nbsp;&nbsp;&nbsp;atts_read_mult_req_patch (via Veneer)
</UL>

<P><STRONG><a name="[b4]"></a>atts_execute_write_req</STRONG> (Thumb, 0 bytes, Stack size 0 bytes, rom_symbol.txt(ABSOLUTE), UNUSED)
<BR>[Address Reference Count : 1]<UL><LI> atts_patch.o(.data)
</UL>
<P><STRONG><a name="[aa]"></a>atts_find_by_type_req</STRONG> (Thumb, 0 bytes, Stack size 0 bytes, rom_symbol.txt(ABSOLUTE), UNUSED)
<BR>[Address Reference Count : 1]<UL><LI> atts_patch.o(.data)
</UL>
<P><STRONG><a name="[a9]"></a>atts_find_info_req</STRONG> (Thumb, 0 bytes, Stack size 0 bytes, rom_symbol.txt(ABSOLUTE), UNUSED)
<BR>[Address Reference Count : 1]<UL><LI> atts_patch.o(.data)
</UL>
<P><STRONG><a name="[230]"></a>atts_get_att_chk_perm</STRONG> (Thumb, 0 bytes, Stack size 0 bytes, rom_symbol.txt(ABSOLUTE))
<BR><BR>[Called By]<UL><LI><a href="#[af]">&gt;&gt;</a>&nbsp;&nbsp;&nbsp;atts_read_mult_req_patch (via Veneer)
</UL>

<P><STRONG><a name="[231]"></a>atts_get_value</STRONG> (Thumb, 0 bytes, Stack size 0 bytes, rom_symbol.txt(ABSOLUTE))
<BR><BR>[Called By]<UL><LI><a href="#[af]">&gt;&gt;</a>&nbsp;&nbsp;&nbsp;atts_read_mult_req_patch (via Veneer)
</UL>

<P><STRONG><a name="[22a]"></a>atts_hdl_value_cfm</STRONG> (Thumb, 0 bytes, Stack size 0 bytes, rom_symbol.txt(ABSOLUTE))
<BR><BR>[Called By]<UL><LI><a href="#[229]">&gt;&gt;</a>&nbsp;&nbsp;&nbsp;atts_l2cc_pdu_recv_handler_patch (via Veneer)
</UL>

<P><STRONG><a name="[a8]"></a>atts_mtu_exc_req</STRONG> (Thumb, 0 bytes, Stack size 0 bytes, rom_symbol.txt(ABSOLUTE), UNUSED)
<BR>[Address Reference Count : 1]<UL><LI> atts_patch.o(.data)
</UL>
<P><STRONG><a name="[b3]"></a>atts_prepare_write_req</STRONG> (Thumb, 0 bytes, Stack size 0 bytes, rom_symbol.txt(ABSOLUTE), UNUSED)
<BR>[Address Reference Count : 1]<UL><LI> atts_patch.o(.data)
</UL>
<P><STRONG><a name="[22d]"></a>atts_process_pdu</STRONG> (Thumb, 0 bytes, Stack size 0 bytes, rom_symbol.txt(ABSOLUTE))
<BR><BR>[Called By]<UL><LI><a href="#[229]">&gt;&gt;</a>&nbsp;&nbsp;&nbsp;atts_l2cc_pdu_recv_handler_patch (via Veneer)
</UL>

<P><STRONG><a name="[ae]"></a>atts_read_blob_req</STRONG> (Thumb, 0 bytes, Stack size 0 bytes, rom_symbol.txt(ABSOLUTE), UNUSED)
<BR>[Address Reference Count : 1]<UL><LI> atts_patch.o(.data)
</UL>
<P><STRONG><a name="[ac]"></a>atts_read_by_grp_type_req</STRONG> (Thumb, 0 bytes, Stack size 0 bytes, rom_symbol.txt(ABSOLUTE), UNUSED)
<BR>[Address Reference Count : 1]<UL><LI> atts_patch.o(.data)
</UL>
<P><STRONG><a name="[ab]"></a>atts_read_by_type_req</STRONG> (Thumb, 0 bytes, Stack size 0 bytes, rom_symbol.txt(ABSOLUTE), UNUSED)
<BR>[Address Reference Count : 1]<UL><LI> atts_patch.o(.data)
</UL>
<P><STRONG><a name="[ad]"></a>atts_read_req</STRONG> (Thumb, 0 bytes, Stack size 0 bytes, rom_symbol.txt(ABSOLUTE), UNUSED)
<BR>[Address Reference Count : 1]<UL><LI> atts_patch.o(.data)
</UL>
<P><STRONG><a name="[236]"></a>atts_send_error</STRONG> (Thumb, 0 bytes, Stack size 0 bytes, rom_symbol.txt(ABSOLUTE))
<BR><BR>[Called By]<UL><LI><a href="#[af]">&gt;&gt;</a>&nbsp;&nbsp;&nbsp;atts_read_mult_req_patch (via Veneer)
</UL>

<P><STRONG><a name="[235]"></a>atts_send_pdu</STRONG> (Thumb, 0 bytes, Stack size 0 bytes, rom_symbol.txt(ABSOLUTE))
<BR><BR>[Called By]<UL><LI><a href="#[af]">&gt;&gt;</a>&nbsp;&nbsp;&nbsp;atts_read_mult_req_patch (via Veneer)
</UL>

<P><STRONG><a name="[b0]"></a>atts_write_cmd</STRONG> (Thumb, 0 bytes, Stack size 0 bytes, rom_symbol.txt(ABSOLUTE), UNUSED)
<BR>[Address Reference Count : 1]<UL><LI> atts_patch.o(.data)
</UL>
<P><STRONG><a name="[b1]"></a>atts_write_req</STRONG> (Thumb, 0 bytes, Stack size 0 bytes, rom_symbol.txt(ABSOLUTE), UNUSED)
<BR>[Address Reference Count : 1]<UL><LI> atts_patch.o(.data)
</UL>
<P><STRONG><a name="[b2]"></a>atts_write_signed</STRONG> (Thumb, 0 bytes, Stack size 0 bytes, rom_symbol.txt(ABSOLUTE), UNUSED)
<BR>[Address Reference Count : 1]<UL><LI> atts_patch.o(.data)
</UL>
<P><STRONG><a name="[606]"></a>ble_get_role_and_cs_idx_from_et</STRONG> (Thumb, 0 bytes, Stack size 0 bytes, rom_symbol.txt(ABSOLUTE))
<BR><BR>[Called By]<UL><LI><a href="#[12b]">&gt;&gt;</a>&nbsp;&nbsp;&nbsp;sch_prog_activity_isr_patch
</UL>

<P><STRONG><a name="[488]"></a>ble_util_buf_acl_tx_free</STRONG> (Thumb, 0 bytes, Stack size 0 bytes, rom_symbol.txt(ABSOLUTE))
<BR><BR>[Called By]<UL><LI><a href="#[ce]">&gt;&gt;</a>&nbsp;&nbsp;&nbsp;hci_send_2_controller_patch (via Veneer)
</UL>

<P><STRONG><a name="[4ff]"></a>ble_util_buf_adv_tx_free</STRONG> (Thumb, 0 bytes, Stack size 0 bytes, rom_symbol.txt(ABSOLUTE))
<BR><BR>[Called By]<UL><LI><a href="#[4e2]">&gt;&gt;</a>&nbsp;&nbsp;&nbsp;lld_try_to_free_old_buffer (via Veneer)
</UL>

<P><STRONG><a name="[4d9]"></a>ble_util_buf_rx_free</STRONG> (Thumb, 0 bytes, Stack size 0 bytes, rom_symbol.txt(ABSOLUTE))
<BR><BR>[Called By]<UL><LI><a href="#[18]">&gt;&gt;</a>&nbsp;&nbsp;&nbsp;lld_llcp_rx_ind_handler_patch (via Veneer)
<LI><a href="#[1a]">&gt;&gt;</a>&nbsp;&nbsp;&nbsp;lld_acl_rx_ind_handler_patch (via Veneer)
</UL>

<P><STRONG><a name="[471]"></a>co_bdaddr_compare</STRONG> (Thumb, 0 bytes, Stack size 0 bytes, rom_symbol.txt(ABSOLUTE))
<BR><BR>[Called By]<UL><LI><a href="#[3b]">&gt;&gt;</a>&nbsp;&nbsp;&nbsp;hci_le_set_ext_scan_en_cmd_handler_patch (via Veneer)
<LI><a href="#[39]">&gt;&gt;</a>&nbsp;&nbsp;&nbsp;hci_le_ext_create_con_cmd_handler_patch (via Veneer)
<LI><a href="#[4e1]">&gt;&gt;</a>&nbsp;&nbsp;&nbsp;lld_adv_pkt_rx_patch (via Veneer)
</UL>

<P><STRONG><a name="[4fd]"></a>co_list_extract</STRONG> (Thumb, 0 bytes, Stack size 0 bytes, rom_symbol.txt(ABSOLUTE))
<BR><BR>[Called By]<UL><LI><a href="#[4f2]">&gt;&gt;</a>&nbsp;&nbsp;&nbsp;lld_scan_discard_last_rx_buff (via Veneer)
</UL>

<P><STRONG><a name="[4fc]"></a>co_list_find</STRONG> (Thumb, 0 bytes, Stack size 0 bytes, rom_symbol.txt(ABSOLUTE))
<BR><BR>[Called By]<UL><LI><a href="#[4f2]">&gt;&gt;</a>&nbsp;&nbsp;&nbsp;lld_scan_discard_last_rx_buff (via Veneer)
<LI><a href="#[5fc]">&gt;&gt;</a>&nbsp;&nbsp;&nbsp;lp_cali_watch_alarm_start
</UL>

<P><STRONG><a name="[3ef]"></a>co_list_pop_front</STRONG> (Thumb, 0 bytes, Stack size 0 bytes, rom_symbol.txt(ABSOLUTE))
<BR><BR>[Called By]<UL><LI><a href="#[15]">&gt;&gt;</a>&nbsp;&nbsp;&nbsp;gattc_cmp_evt_handler_patch (via Veneer)
<LI><a href="#[e8]">&gt;&gt;</a>&nbsp;&nbsp;&nbsp;gapm_scan_send_adv_report_ind_func_patch (via Veneer)
<LI><a href="#[d0]">&gt;&gt;</a>&nbsp;&nbsp;&nbsp;ke_task_schedule_patch (via Veneer)
<LI><a href="#[129]">&gt;&gt;</a>&nbsp;&nbsp;&nbsp;sch_arb_event_start_isr_patch
</UL>

<P><STRONG><a name="[22c]"></a>co_list_push_back</STRONG> (Thumb, 0 bytes, Stack size 0 bytes, rom_symbol.txt(ABSOLUTE))
<BR><BR>[Called By]<UL><LI><a href="#[d0]">&gt;&gt;</a>&nbsp;&nbsp;&nbsp;ke_task_schedule_patch (via Veneer)
<LI><a href="#[229]">&gt;&gt;</a>&nbsp;&nbsp;&nbsp;atts_l2cc_pdu_recv_handler_patch (via Veneer)
<LI><a href="#[af]">&gt;&gt;</a>&nbsp;&nbsp;&nbsp;atts_read_mult_req_patch (via Veneer)
<LI><a href="#[129]">&gt;&gt;</a>&nbsp;&nbsp;&nbsp;sch_arb_event_start_isr_patch
</UL>

<P><STRONG><a name="[40a]"></a>co_list_push_front</STRONG> (Thumb, 0 bytes, Stack size 0 bytes, rom_symbol.txt(ABSOLUTE))
<BR><BR>[Called By]<UL><LI><a href="#[15]">&gt;&gt;</a>&nbsp;&nbsp;&nbsp;gattc_cmp_evt_handler_patch (via Veneer)
</UL>

<P><STRONG><a name="[22e]"></a>co_list_size</STRONG> (Thumb, 0 bytes, Stack size 0 bytes, rom_symbol.txt(ABSOLUTE))
<BR><BR>[Called By]<UL><LI><a href="#[af]">&gt;&gt;</a>&nbsp;&nbsp;&nbsp;atts_read_mult_req_patch (via Veneer)
</UL>

<P><STRONG><a name="[502]"></a>co_nb_good_le_channels</STRONG> (Thumb, 0 bytes, Stack size 0 bytes, rom_symbol.txt(ABSOLUTE))
<BR><BR>[Called By]<UL><LI><a href="#[500]">&gt;&gt;</a>&nbsp;&nbsp;&nbsp;llm_ch_map_update_patch (via Veneer)
</UL>

<P><STRONG><a name="[4e8]"></a>connect_req_is_consistent_spec</STRONG> (Thumb, 0 bytes, Stack size 0 bytes, rom_symbol.txt(ABSOLUTE))
<BR><BR>[Called By]<UL><LI><a href="#[4e1]">&gt;&gt;</a>&nbsp;&nbsp;&nbsp;lld_adv_pkt_rx_patch (via Veneer)
</UL>

<P><STRONG><a name="[1ae]"></a>dbg_log_printf</STRONG> (Thumb, 0 bytes, Stack size 0 bytes, rom_symbol.txt(ABSOLUTE))
<BR><BR>[Called By]<UL><LI><a href="#[51e]">&gt;&gt;</a>&nbsp;&nbsp;&nbsp;nvds_init (via Veneer)
<LI><a href="#[28]">&gt;&gt;</a>&nbsp;&nbsp;&nbsp;sec_rcv_sec_req_ind_handler_patch (via Veneer)
<LI><a href="#[2a]">&gt;&gt;</a>&nbsp;&nbsp;&nbsp;sec_rcv_encrypt_req_ind_handler_patch (via Veneer)
<LI><a href="#[14]">&gt;&gt;</a>&nbsp;&nbsp;&nbsp;l2cc_pdu_recv_ind_handler_patch (via Veneer)
<LI><a href="#[27]">&gt;&gt;</a>&nbsp;&nbsp;&nbsp;gap_disconnect_ind_handler_patch (via Veneer)
<LI><a href="#[26]">&gt;&gt;</a>&nbsp;&nbsp;&nbsp;gap_connection_req_ind_handler_patch (via Veneer)
<LI><a href="#[29]">&gt;&gt;</a>&nbsp;&nbsp;&nbsp;gap_cmp_evt_handler_patch (via Veneer)
<LI><a href="#[f]">&gt;&gt;</a>&nbsp;&nbsp;&nbsp;gap_activity_stopped_ind_handler_patch (via Veneer)
<LI><a href="#[2d]">&gt;&gt;</a>&nbsp;&nbsp;&nbsp;ble_sdk_gatts_svc_changed_cfg_ind_handler_patch (via Veneer)
<LI><a href="#[1e4]">&gt;&gt;</a>&nbsp;&nbsp;&nbsp;nvds_put (via Veneer)
<LI><a href="#[2d1]">&gt;&gt;</a>&nbsp;&nbsp;&nbsp;ble_gap_connect (via Veneer)
<LI><a href="#[29a]">&gt;&gt;</a>&nbsp;&nbsp;&nbsp;ble_gap_adv_start (via Veneer)
<LI><a href="#[2c6]">&gt;&gt;</a>&nbsp;&nbsp;&nbsp;ble_gap_addr_set (via Veneer)
<LI><a href="#[3c0]">&gt;&gt;</a>&nbsp;&nbsp;&nbsp;init_ltk_list (via Veneer)
<LI><a href="#[d6]">&gt;&gt;</a>&nbsp;&nbsp;&nbsp;gap_init_fsm_next_func_patch (via Veneer)
<LI><a href="#[316]">&gt;&gt;</a>&nbsp;&nbsp;&nbsp;sec_check_conn_bond_patch (via Veneer)
<LI><a href="#[229]">&gt;&gt;</a>&nbsp;&nbsp;&nbsp;atts_l2cc_pdu_recv_handler_patch (via Veneer)
<LI><a href="#[313]">&gt;&gt;</a>&nbsp;&nbsp;&nbsp;gatt_find_item_patch (via Veneer)
<LI><a href="#[29e]">&gt;&gt;</a>&nbsp;&nbsp;&nbsp;nvds_del (via Veneer)
<LI><a href="#[21d]">&gt;&gt;</a>&nbsp;&nbsp;&nbsp;write_item (via Veneer)
<LI><a href="#[37c]">&gt;&gt;</a>&nbsp;&nbsp;&nbsp;write_compacted_items (via Veneer)
<LI><a href="#[521]">&gt;&gt;</a>&nbsp;&nbsp;&nbsp;replace_item (via Veneer)
<LI><a href="#[494]">&gt;&gt;</a>&nbsp;&nbsp;&nbsp;init_used_nvds (via Veneer)
<LI><a href="#[493]">&gt;&gt;</a>&nbsp;&nbsp;&nbsp;init_unused_nvds (via Veneer)
<LI><a href="#[21c]">&gt;&gt;</a>&nbsp;&nbsp;&nbsp;compact_nvds (via Veneer)
<LI><a href="#[21a]">&gt;&gt;</a>&nbsp;&nbsp;&nbsp;append_item (via Veneer)
<LI><a href="#[3b8]">&gt;&gt;</a>&nbsp;&nbsp;&nbsp;gatt_on_connection_func_patch (via Veneer)
<LI><a href="#[e3]">&gt;&gt;</a>&nbsp;&nbsp;&nbsp;gapm_adv_check_param_func_patch (via Veneer)
<LI><a href="#[af]">&gt;&gt;</a>&nbsp;&nbsp;&nbsp;atts_read_mult_req_patch (via Veneer)
<LI><a href="#[1ac]">&gt;&gt;</a>&nbsp;&nbsp;&nbsp;add_ltk_item (via Veneer)
<LI><a href="#[12e]">&gt;&gt;</a>&nbsp;&nbsp;&nbsp;gattc_write_req_ind_handler_patch (via Veneer)
<LI><a href="#[e9]">&gt;&gt;</a>&nbsp;&nbsp;&nbsp;gatt_on_disconnection_func_patch (via Veneer)
<LI><a href="#[3fc]">&gt;&gt;</a>&nbsp;&nbsp;&nbsp;gatt_clear_cccd_patch (via Veneer)
<LI><a href="#[404]">&gt;&gt;</a>&nbsp;&nbsp;&nbsp;gatt_remove_item_patch (via Veneer)
<LI><a href="#[d7]">&gt;&gt;</a>&nbsp;&nbsp;&nbsp;ble_sdk_init_patch (via Veneer)
</UL>

<P><STRONG><a name="[5d8]"></a>exflash_check_id</STRONG> (Thumb, 0 bytes, Stack size 0 bytes, rom_symbol.txt(ABSOLUTE))
<BR><BR>[Called By]<UL><LI><a href="#[133]">&gt;&gt;</a>&nbsp;&nbsp;&nbsp;hal_exflash_write
<LI><a href="#[132]">&gt;&gt;</a>&nbsp;&nbsp;&nbsp;hal_exflash_erase
<LI><a href="#[5d3]">&gt;&gt;</a>&nbsp;&nbsp;&nbsp;hal_exflash_warm_init
<LI><a href="#[539]">&gt;&gt;</a>&nbsp;&nbsp;&nbsp;platform_exflash_enable_quad
</UL>

<P><STRONG><a name="[5e7]"></a>exflash_deepsleep</STRONG> (Thumb, 0 bytes, Stack size 0 bytes, rom_symbol.txt(ABSOLUTE))
<BR><BR>[Called By]<UL><LI><a href="#[133]">&gt;&gt;</a>&nbsp;&nbsp;&nbsp;hal_exflash_write
<LI><a href="#[132]">&gt;&gt;</a>&nbsp;&nbsp;&nbsp;hal_exflash_erase
<LI><a href="#[638]">&gt;&gt;</a>&nbsp;&nbsp;&nbsp;hal_exflash_deepsleep_patch
<LI><a href="#[539]">&gt;&gt;</a>&nbsp;&nbsp;&nbsp;platform_exflash_enable_quad
</UL>

<P><STRONG><a name="[5e1]"></a>exflash_enable_write</STRONG> (Thumb, 0 bytes, Stack size 0 bytes, rom_symbol.txt(ABSOLUTE))
<BR><BR>[Called By]<UL><LI><a href="#[5e2]">&gt;&gt;</a>&nbsp;&nbsp;&nbsp;enable_quad_mode1
<LI><a href="#[5e0]">&gt;&gt;</a>&nbsp;&nbsp;&nbsp;enable_quad_mode2
</UL>

<P><STRONG><a name="[635]"></a>exflash_erase_chip</STRONG> (Thumb, 0 bytes, Stack size 0 bytes, rom_symbol.txt(ABSOLUTE))
<BR><BR>[Called By]<UL><LI><a href="#[132]">&gt;&gt;</a>&nbsp;&nbsp;&nbsp;hal_exflash_erase
</UL>

<P><STRONG><a name="[636]"></a>exflash_erase_sector</STRONG> (Thumb, 0 bytes, Stack size 0 bytes, rom_symbol.txt(ABSOLUTE))
<BR><BR>[Called By]<UL><LI><a href="#[132]">&gt;&gt;</a>&nbsp;&nbsp;&nbsp;hal_exflash_erase
</UL>

<P><STRONG><a name="[634]"></a>exflash_page_program</STRONG> (Thumb, 0 bytes, Stack size 0 bytes, rom_symbol.txt(ABSOLUTE))
<BR><BR>[Called By]<UL><LI><a href="#[133]">&gt;&gt;</a>&nbsp;&nbsp;&nbsp;hal_exflash_write
</UL>

<P><STRONG><a name="[63b]"></a>exflash_resume</STRONG> (Thumb, 0 bytes, Stack size 0 bytes, rom_symbol.txt(ABSOLUTE))
<BR><BR>[Called By]<UL><LI><a href="#[61d]">&gt;&gt;</a>&nbsp;&nbsp;&nbsp;hal_exflash_resume
</UL>

<P><STRONG><a name="[63a]"></a>exflash_suspend</STRONG> (Thumb, 0 bytes, Stack size 0 bytes, rom_symbol.txt(ABSOLUTE))
<BR><BR>[Called By]<UL><LI><a href="#[61c]">&gt;&gt;</a>&nbsp;&nbsp;&nbsp;hal_exflash_suspend
</UL>

<P><STRONG><a name="[5df]"></a>exflash_wait_busy</STRONG> (Thumb, 0 bytes, Stack size 0 bytes, rom_symbol.txt(ABSOLUTE))
<BR><BR>[Called By]<UL><LI><a href="#[5e2]">&gt;&gt;</a>&nbsp;&nbsp;&nbsp;enable_quad_mode1
<LI><a href="#[5e0]">&gt;&gt;</a>&nbsp;&nbsp;&nbsp;enable_quad_mode2
<LI><a href="#[5dc]">&gt;&gt;</a>&nbsp;&nbsp;&nbsp;enable_quad_xmc
</UL>

<P><STRONG><a name="[5d6]"></a>exflash_wakeup</STRONG> (Thumb, 0 bytes, Stack size 0 bytes, rom_symbol.txt(ABSOLUTE))
<BR><BR>[Called By]<UL><LI><a href="#[133]">&gt;&gt;</a>&nbsp;&nbsp;&nbsp;hal_exflash_write
<LI><a href="#[132]">&gt;&gt;</a>&nbsp;&nbsp;&nbsp;hal_exflash_erase
<LI><a href="#[5d3]">&gt;&gt;</a>&nbsp;&nbsp;&nbsp;hal_exflash_warm_init
<LI><a href="#[639]">&gt;&gt;</a>&nbsp;&nbsp;&nbsp;hal_exflash_wakeup_patch
<LI><a href="#[539]">&gt;&gt;</a>&nbsp;&nbsp;&nbsp;platform_exflash_enable_quad
</UL>

<P><STRONG><a name="[5e4]"></a>exflash_write_status</STRONG> (Thumb, 0 bytes, Stack size 0 bytes, rom_symbol.txt(ABSOLUTE))
<BR><BR>[Called By]<UL><LI><a href="#[5e3]">&gt;&gt;</a>&nbsp;&nbsp;&nbsp;enable_quad_mode0
<LI><a href="#[63e]">&gt;&gt;</a>&nbsp;&nbsp;&nbsp;hal_exflash_write_status_reg
</UL>

<P><STRONG><a name="[662]"></a>force_dpad_le_high</STRONG> (Thumb, 0 bytes, Stack size 0 bytes, rom_symbol.txt(ABSOLUTE))
<BR><BR>[Called By]<UL><LI><a href="#[118]">&gt;&gt;</a>&nbsp;&nbsp;&nbsp;sys_context_restore_func
</UL>

<P><STRONG><a name="[476]"></a>gapc_get_conidx</STRONG> (Thumb, 0 bytes, Stack size 0 bytes, rom_symbol.txt(ABSOLUTE))
<BR><BR>[Called By]<UL><LI><a href="#[24]">&gt;&gt;</a>&nbsp;&nbsp;&nbsp;hci_nb_cmp_pkts_evt_handler_patch (via Veneer)
<LI><a href="#[3d0]">&gt;&gt;</a>&nbsp;&nbsp;&nbsp;hci_le_ltk_request_evt_handler_patch (via Veneer)
</UL>

<P><STRONG><a name="[45a]"></a>gapc_get_dest_task</STRONG> (Thumb, 0 bytes, Stack size 0 bytes, rom_symbol.txt(ABSOLUTE))
<BR><BR>[Called By]<UL><LI><a href="#[3d1]">&gt;&gt;</a>&nbsp;&nbsp;&nbsp;hci_disc_cmp_evt_handler_patch (via Veneer)
<LI><a href="#[131]">&gt;&gt;</a>&nbsp;&nbsp;&nbsp;smpc_handle_enc_change_evt_func_patch (via Veneer)
</UL>

<P><STRONG><a name="[477]"></a>gapc_get_operation</STRONG> (Thumb, 0 bytes, Stack size 0 bytes, rom_symbol.txt(ABSOLUTE))
<BR><BR>[Called By]<UL><LI><a href="#[3d0]">&gt;&gt;</a>&nbsp;&nbsp;&nbsp;hci_le_ltk_request_evt_handler_patch (via Veneer)
<LI><a href="#[131]">&gt;&gt;</a>&nbsp;&nbsp;&nbsp;smpc_handle_enc_change_evt_func_patch (via Veneer)
</UL>

<P><STRONG><a name="[589]"></a>gapc_link_encrypted</STRONG> (Thumb, 0 bytes, Stack size 0 bytes, rom_symbol.txt(ABSOLUTE))
<BR><BR>[Called By]<UL><LI><a href="#[131]">&gt;&gt;</a>&nbsp;&nbsp;&nbsp;smpc_handle_enc_change_evt_func_patch (via Veneer)
</UL>

<P><STRONG><a name="[588]"></a>gapc_send_complete_evt</STRONG> (Thumb, 0 bytes, Stack size 0 bytes, rom_symbol.txt(ABSOLUTE))
<BR><BR>[Called By]<UL><LI><a href="#[131]">&gt;&gt;</a>&nbsp;&nbsp;&nbsp;smpc_handle_enc_change_evt_func_patch (via Veneer)
</UL>

<P><STRONG><a name="[45b]"></a>gapc_send_disconect_ind</STRONG> (Thumb, 0 bytes, Stack size 0 bytes, rom_symbol.txt(ABSOLUTE))
<BR><BR>[Called By]<UL><LI><a href="#[3d1]">&gt;&gt;</a>&nbsp;&nbsp;&nbsp;hci_disc_cmp_evt_handler_patch (via Veneer)
</UL>

<P><STRONG><a name="[45c]"></a>gapc_send_error_evt</STRONG> (Thumb, 0 bytes, Stack size 0 bytes, rom_symbol.txt(ABSOLUTE))
<BR><BR>[Called By]<UL><LI><a href="#[3d1]">&gt;&gt;</a>&nbsp;&nbsp;&nbsp;hci_disc_cmp_evt_handler_patch (via Veneer)
</UL>

<P><STRONG><a name="[3e1]"></a>gapc_set_local_addr</STRONG> (Thumb, 0 bytes, Stack size 0 bytes, rom_symbol.txt(ABSOLUTE))
<BR><BR>[Called By]<UL><LI><a href="#[e7]">&gt;&gt;</a>&nbsp;&nbsp;&nbsp;gapm_init_connection_ind_func_patch (via Veneer)
</UL>

<P><STRONG><a name="[587]"></a>gapc_update_state</STRONG> (Thumb, 0 bytes, Stack size 0 bytes, rom_symbol.txt(ABSOLUTE))
<BR><BR>[Called By]<UL><LI><a href="#[131]">&gt;&gt;</a>&nbsp;&nbsp;&nbsp;smpc_handle_enc_change_evt_func_patch (via Veneer)
</UL>

<P><STRONG><a name="[3e8]"></a>gapm_actv_alloc</STRONG> (Thumb, 0 bytes, Stack size 0 bytes, rom_symbol.txt(ABSOLUTE))
<BR><BR>[Called By]<UL><LI><a href="#[3d8]">&gt;&gt;</a>&nbsp;&nbsp;&nbsp;gapm_init_create_patch (via Veneer)
</UL>

<P><STRONG><a name="[3d3]"></a>gapm_actv_check_create_param</STRONG> (Thumb, 0 bytes, Stack size 0 bytes, rom_symbol.txt(ABSOLUTE))
<BR><BR>[Called By]<UL><LI><a href="#[2f]">&gt;&gt;</a>&nbsp;&nbsp;&nbsp;gapm_activity_create_cmd_handler_patch (via Veneer)
</UL>

<P><STRONG><a name="[3ea]"></a>gapm_actv_created</STRONG> (Thumb, 0 bytes, Stack size 0 bytes, rom_symbol.txt(ABSOLUTE))
<BR><BR>[Called By]<UL><LI><a href="#[3d8]">&gt;&gt;</a>&nbsp;&nbsp;&nbsp;gapm_init_create_patch (via Veneer)
</UL>

<P><STRONG><a name="[3d4]"></a>gapm_actv_get_free_idx</STRONG> (Thumb, 0 bytes, Stack size 0 bytes, rom_symbol.txt(ABSOLUTE))
<BR><BR>[Called By]<UL><LI><a href="#[2f]">&gt;&gt;</a>&nbsp;&nbsp;&nbsp;gapm_activity_create_cmd_handler_patch (via Veneer)
</UL>

<P><STRONG><a name="[467]"></a>gapm_actv_retrieve_cmd_cmp_evt</STRONG> (Thumb, 0 bytes, Stack size 0 bytes, rom_symbol.txt(ABSOLUTE))
<BR><BR>[Called By]<UL><LI><a href="#[3d]">&gt;&gt;</a>&nbsp;&nbsp;&nbsp;hci_le_cmd_cmp_evt_scan_handler_patch (via Veneer)
<LI><a href="#[3c]">&gt;&gt;</a>&nbsp;&nbsp;&nbsp;hci_le_cmd_cmp_evt_init_handler_patch (via Veneer)
</UL>

<P><STRONG><a name="[490]"></a>gapm_actv_started</STRONG> (Thumb, 0 bytes, Stack size 0 bytes, rom_symbol.txt(ABSOLUTE))
<BR><BR>[Called By]<UL><LI><a href="#[46b]">&gt;&gt;</a>&nbsp;&nbsp;&nbsp;scan_hci_le_cmd_cmp_evt_starting_handler_patch (via Veneer)
<LI><a href="#[468]">&gt;&gt;</a>&nbsp;&nbsp;&nbsp;init_hci_le_cmd_cmp_evt_starting_handler_patch (via Veneer)
</UL>

<P><STRONG><a name="[3d5]"></a>gapm_adv_create</STRONG> (Thumb, 0 bytes, Stack size 0 bytes, rom_symbol.txt(ABSOLUTE))
<BR><BR>[Called By]<UL><LI><a href="#[2f]">&gt;&gt;</a>&nbsp;&nbsp;&nbsp;gapm_activity_create_cmd_handler_patch (via Veneer)
</UL>

<P><STRONG><a name="[45d]"></a>gapm_con_cleanup</STRONG> (Thumb, 0 bytes, Stack size 0 bytes, rom_symbol.txt(ABSOLUTE))
<BR><BR>[Called By]<UL><LI><a href="#[3d1]">&gt;&gt;</a>&nbsp;&nbsp;&nbsp;hci_disc_cmp_evt_handler_patch (via Veneer)
</UL>

<P><STRONG><a name="[3f4]"></a>gapm_dle_val_check</STRONG> (Thumb, 0 bytes, Stack size 0 bytes, rom_symbol.txt(ABSOLUTE))
<BR><BR>[Called By]<UL><LI><a href="#[31]">&gt;&gt;</a>&nbsp;&nbsp;&nbsp;gapm_set_dev_config_cmd_handler_patch (via Veneer)
</UL>

<P><STRONG><a name="[3e0]"></a>gapm_get_address_type</STRONG> (Thumb, 0 bytes, Stack size 0 bytes, rom_symbol.txt(ABSOLUTE))
<BR><BR>[Called By]<UL><LI><a href="#[3d8]">&gt;&gt;</a>&nbsp;&nbsp;&nbsp;gapm_init_create_patch (via Veneer)
<LI><a href="#[e7]">&gt;&gt;</a>&nbsp;&nbsp;&nbsp;gapm_init_connection_ind_func_patch (via Veneer)
</UL>

<P><STRONG><a name="[3da]"></a>gapm_get_att_handle</STRONG> (Thumb, 0 bytes, Stack size 0 bytes, rom_symbol.txt(ABSOLUTE))
<BR><BR>[Called By]<UL><LI><a href="#[31]">&gt;&gt;</a>&nbsp;&nbsp;&nbsp;gapm_set_dev_config_cmd_handler_patch (via Veneer)
<LI><a href="#[e]">&gt;&gt;</a>&nbsp;&nbsp;&nbsp;gapm_cmp_evt_handler_patch (via Veneer)
</UL>

<P><STRONG><a name="[3e9]"></a>gapm_get_requester</STRONG> (Thumb, 0 bytes, Stack size 0 bytes, rom_symbol.txt(ABSOLUTE))
<BR><BR>[Called By]<UL><LI><a href="#[3d8]">&gt;&gt;</a>&nbsp;&nbsp;&nbsp;gapm_init_create_patch (via Veneer)
</UL>

<P><STRONG><a name="[3f6]"></a>gapm_init_attr</STRONG> (Thumb, 0 bytes, Stack size 0 bytes, rom_symbol.txt(ABSOLUTE))
<BR><BR>[Called By]<UL><LI><a href="#[31]">&gt;&gt;</a>&nbsp;&nbsp;&nbsp;gapm_set_dev_config_cmd_handler_patch (via Veneer)
</UL>

<P><STRONG><a name="[3eb]"></a>gapm_init_check_param</STRONG> (Thumb, 0 bytes, Stack size 0 bytes, rom_symbol.txt(ABSOLUTE))
<BR><BR>[Called By]<UL><LI><a href="#[e4]">&gt;&gt;</a>&nbsp;&nbsp;&nbsp;gapm_init_start_patch (via Veneer)
</UL>

<P><STRONG><a name="[e6]"></a>gapm_init_delete</STRONG> (Thumb, 0 bytes, Stack size 0 bytes, rom_symbol.txt(ABSOLUTE), UNUSED)
<BR>[Address Reference Count : 1]<UL><LI> gapm_init_patch.o(i.gapm_init_create_patch)
</UL>
<P><STRONG><a name="[3ed]"></a>gapm_init_send_hci_le_create_con_cancel_cmd</STRONG> (Thumb, 0 bytes, Stack size 0 bytes, rom_symbol.txt(ABSOLUTE))
<BR><BR>[Called By]<UL><LI><a href="#[e5]">&gt;&gt;</a>&nbsp;&nbsp;&nbsp;gapm_init_stop_patch (via Veneer)
</UL>

<P><STRONG><a name="[3e5]"></a>gapm_init_send_hci_le_ext_create_con_cmd</STRONG> (Thumb, 0 bytes, Stack size 0 bytes, rom_symbol.txt(ABSOLUTE))
<BR><BR>[Called By]<UL><LI><a href="#[e4]">&gt;&gt;</a>&nbsp;&nbsp;&nbsp;gapm_init_start_patch (via Veneer)
<LI><a href="#[e7]">&gt;&gt;</a>&nbsp;&nbsp;&nbsp;gapm_init_connection_ind_func_patch (via Veneer)
</UL>

<P><STRONG><a name="[3e6]"></a>gapm_init_stopped</STRONG> (Thumb, 0 bytes, Stack size 0 bytes, rom_symbol.txt(ABSOLUTE))
<BR><BR>[Called By]<UL><LI><a href="#[e7]">&gt;&gt;</a>&nbsp;&nbsp;&nbsp;gapm_init_connection_ind_func_patch (via Veneer)
<LI><a href="#[468]">&gt;&gt;</a>&nbsp;&nbsp;&nbsp;init_hci_le_cmd_cmp_evt_starting_handler_patch (via Veneer)
</UL>

<P><STRONG><a name="[3e7]"></a>gapm_is_addr_type_valid</STRONG> (Thumb, 0 bytes, Stack size 0 bytes, rom_symbol.txt(ABSOLUTE))
[...]
<BR>[Calls]<UL><LI><a href="#[4dd]">&gt;&gt;</a>&nbsp;&nbsp;&nbsp;sch_arb_remove
<LI><a href="#[627]">&gt;&gt;</a>&nbsp;&nbsp;&nbsp;lld_scan_trunc_ind
<LI><a href="#[626]">&gt;&gt;</a>&nbsp;&nbsp;&nbsp;lld_scan_end
<LI><a href="#[4de]">&gt;&gt;</a>&nbsp;&nbsp;&nbsp;lld_rxdesc_free
<LI><a href="#[4df]">&gt;&gt;</a>&nbsp;&nbsp;&nbsp;lld_rxdesc_check
<LI><a href="#[474]">&gt;&gt;</a>&nbsp;&nbsp;&nbsp;assert_param
<LI><a href="#[61f]">&gt;&gt;</a>&nbsp;&nbsp;&nbsp;lld_scan_process_pkt_rx_patch
</UL>
<BR>[Called By]<UL><LI><a href="#[111]">&gt;&gt;</a>&nbsp;&nbsp;&nbsp;lld_scan_frm_cbk_func_patch
</UL>

<P><STRONG><a name="[111]"></a>lld_scan_frm_cbk_func_patch</STRONG> (Thumb, 160 bytes, Stack size 16 bytes, lld_scan_patch.o(RAM_CODE))
<BR><BR>[Stack]<UL><LI>Max Depth = 156<LI>Call Chain = lld_scan_frm_cbk_func_patch &rArr; lld_scan_frm_eof_isr_patch &rArr; lld_scan_process_pkt_rx_patch &rArr; memcmp
</UL>
<BR>[Calls]<UL><LI><a href="#[628]">&gt;&gt;</a>&nbsp;&nbsp;&nbsp;lld_scan_frm_skip_isr
<LI><a href="#[474]">&gt;&gt;</a>&nbsp;&nbsp;&nbsp;assert_param
<LI><a href="#[625]">&gt;&gt;</a>&nbsp;&nbsp;&nbsp;lld_scan_frm_eof_isr_patch
<LI><a href="#[624]">&gt;&gt;</a>&nbsp;&nbsp;&nbsp;lld_scan_frm_rx_isr_patch
</UL>
<BR>[Address Reference Count : 1]<UL><LI> lld_scan_patch.o(i.lld_scan_frm_cbk_replace)
</UL>
<P><STRONG><a name="[af]"></a>atts_read_mult_req_patch</STRONG> (Thumb, 376 bytes, Stack size 56 bytes, atts_patch.o(i.atts_read_mult_req_patch))
<BR><BR>[Stack]<UL><LI>Max Depth = 56<LI>Call Chain = atts_read_mult_req_patch
</UL>
<BR>[Calls]<UL><LI><a href="#[1ae]">&gt;&gt;</a>&nbsp;&nbsp;&nbsp;dbg_log_printf (via Veneer)
<LI><a href="#[232]">&gt;&gt;</a>&nbsp;&nbsp;&nbsp;ke_malloc
<LI><a href="#[22f]">&gt;&gt;</a>&nbsp;&nbsp;&nbsp;gattc_get_mtu (via Veneer)
<LI><a href="#[22e]">&gt;&gt;</a>&nbsp;&nbsp;&nbsp;co_list_size (via Veneer)
<LI><a href="#[22c]">&gt;&gt;</a>&nbsp;&nbsp;&nbsp;co_list_push_back (via Veneer)
<LI><a href="#[235]">&gt;&gt;</a>&nbsp;&nbsp;&nbsp;atts_send_pdu (via Veneer)
<LI><a href="#[236]">&gt;&gt;</a>&nbsp;&nbsp;&nbsp;atts_send_error (via Veneer)
<LI><a href="#[231]">&gt;&gt;</a>&nbsp;&nbsp;&nbsp;atts_get_value (via Veneer)
<LI><a href="#[230]">&gt;&gt;</a>&nbsp;&nbsp;&nbsp;atts_get_att_chk_perm (via Veneer)
<LI><a href="#[233]">&gt;&gt;</a>&nbsp;&nbsp;&nbsp;atts_clear_read_cache (via Veneer)
<LI><a href="#[234]">&gt;&gt;</a>&nbsp;&nbsp;&nbsp;l2cc_pdu_alloc
<LI><a href="#[1af]">&gt;&gt;</a>&nbsp;&nbsp;&nbsp;__aeabi_memcpy
</UL>
<BR>[Address Reference Count : 1]<UL><LI> atts_patch.o(.data)
</UL>
<P><STRONG><a name="[49e]"></a>get_conn_idx_by_id</STRONG> (Thumb, 42 bytes, Stack size 12 bytes, l2cm_patch.o(i.get_conn_idx_by_id))
<BR><BR>[Stack]<UL><LI>Max Depth = 12<LI>Call Chain = get_conn_idx_by_id
</UL>
<BR>[Called By]<UL><LI><a href="#[f5]">&gt;&gt;</a>&nbsp;&nbsp;&nbsp;l2cm_l2cap_tx_handler_patch
</UL>

<P><STRONG><a name="[f5]"></a>l2cm_l2cap_tx_handler_patch</STRONG> (Thumb, 148 bytes, Stack size 32 bytes, l2cm_patch.o(i.l2cm_l2cap_tx_handler_patch))
<BR><BR>[Stack]<UL><LI>Max Depth = 44<LI>Call Chain = l2cm_l2cap_tx_handler_patch &rArr; get_conn_idx_by_id
</UL>
<BR>[Calls]<UL><LI><a href="#[486]">&gt;&gt;</a>&nbsp;&nbsp;&nbsp;ke_event_set
<LI><a href="#[49b]">&gt;&gt;</a>&nbsp;&nbsp;&nbsp;ke_event_clear
<LI><a href="#[49e]">&gt;&gt;</a>&nbsp;&nbsp;&nbsp;get_conn_idx_by_id
</UL>
<BR>[Address Reference Count : 1]<UL><LI> l2cm_patch.o(i.l2cm_l2cap_tx_handler_replace)
</UL>
<P><STRONG><a name="[4e2]"></a>lld_try_to_free_old_buffer</STRONG> (Thumb, 56 bytes, Stack size 0 bytes, lld_adv_patch.o(i.lld_try_to_free_old_buffer))
<BR><BR>[Calls]<UL><LI><a href="#[4ff]">&gt;&gt;</a>&nbsp;&nbsp;&nbsp;ble_util_buf_adv_tx_free (via Veneer)
</UL>
<BR>[Called By]<UL><LI><a href="#[4db]">&gt;&gt;</a>&nbsp;&nbsp;&nbsp;lld_adv_frm_isr_patch
</UL>

<P><STRONG><a name="[4a7]"></a>ll_aon_gpio_set_pin_mode</STRONG> (Thumb, 36 bytes, Stack size 8 bytes, gr55xx_ll_aon_gpio_patch.o(i.ll_aon_gpio_set_pin_mode))
<BR><BR>[Stack]<UL><LI>Max Depth = 8<LI>Call Chain = ll_aon_gpio_set_pin_mode
</UL>
<BR>[Called By]<UL><LI><a href="#[431]">&gt;&gt;</a>&nbsp;&nbsp;&nbsp;ll_aon_gpio_init
</UL>

<P><STRONG><a name="[4b0]"></a>ll_dma_is_enabled_channel</STRONG> (Thumb, 20 bytes, Stack size 0 bytes, gr55xx_ll_dma_patch.o(i.ll_dma_is_enabled_channel))
<BR><BR>[Called By]<UL><LI><a href="#[437]">&gt;&gt;</a>&nbsp;&nbsp;&nbsp;ll_dma_init
<LI><a href="#[435]">&gt;&gt;</a>&nbsp;&nbsp;&nbsp;ll_dma_deinit
</UL>

<P><STRONG><a name="[4a6]"></a>ll_adc_set_clock</STRONG> (Thumb, 28 bytes, Stack size 0 bytes, gr55xx_ll_adc_patch.o(i.ll_adc_set_clock))
<BR><BR>[Called By]<UL><LI><a href="#[428]">&gt;&gt;</a>&nbsp;&nbsp;&nbsp;ll_adc_init
<LI><a href="#[426]">&gt;&gt;</a>&nbsp;&nbsp;&nbsp;ll_adc_deinit
</UL>

<P><STRONG><a name="[4b1]"></a>ll_msio_set_pin_mode</STRONG> (Thumb, 42 bytes, Stack size 8 bytes, gr55xx_ll_msio_patch.o(i.ll_msio_set_pin_mode))
<BR><BR>[Stack]<UL><LI>Max Depth = 8<LI>Call Chain = ll_msio_set_pin_mode
</UL>
<BR>[Called By]<UL><LI><a href="#[444]">&gt;&gt;</a>&nbsp;&nbsp;&nbsp;ll_msio_init
</UL>

<P><STRONG><a name="[e2]"></a>get_info</STRONG> (Thumb, 70 bytes, Stack size 16 bytes, dfu_cmd_handler_patch.o(i.get_info))
<BR><BR>[Stack]<UL><LI>Max Depth = 16<LI>Call Chain = get_info
</UL>
<BR>[Calls]<UL><LI><a href="#[410]">&gt;&gt;</a>&nbsp;&nbsp;&nbsp;dfu_send_frame
</UL>
<BR>[Address Reference Count : 1]<UL><LI> dfu_cmd_handler_patch.o(i.dfu_cmd_handler_replace)
</UL>
<P><STRONG><a name="[17a]"></a>__NVIC_ClearPendingIRQ</STRONG> (Thumb, 26 bytes, Stack size 0 bytes, rwip_sleep_common.o(i.__NVIC_ClearPendingIRQ))
<BR><BR>[Called By]<UL><LI><a href="#[330]">&gt;&gt;</a>&nbsp;&nbsp;&nbsp;ble_sleep_successfully_without_stack_init
<LI><a href="#[180]">&gt;&gt;</a>&nbsp;&nbsp;&nbsp;BLE_SDK_IRQ_Handler_without_stack_init
<LI><a href="#[179]">&gt;&gt;</a>&nbsp;&nbsp;&nbsp;BLESLP_Handler_without_stack_init
</UL>

<P><STRONG><a name="[17f]"></a>__NVIC_DisableIRQ</STRONG> (Thumb, 34 bytes, Stack size 0 bytes, rwip_sleep_common.o(i.__NVIC_DisableIRQ))
<BR><BR>[Called By]<UL><LI><a href="#[180]">&gt;&gt;</a>&nbsp;&nbsp;&nbsp;BLE_SDK_IRQ_Handler_without_stack_init
<LI><a href="#[17e]">&gt;&gt;</a>&nbsp;&nbsp;&nbsp;BLE_IRQ_Handler_without_stack_init
</UL>

<P><STRONG><a name="[643]"></a>__NVIC_GetPendingIRQ</STRONG> (Thumb, 40 bytes, Stack size 0 bytes, rwip_sleep_common.o(i.__NVIC_GetPendingIRQ))
<BR><BR>[Called By]<UL><LI><a href="#[5db]">&gt;&gt;</a>&nbsp;&nbsp;&nbsp;rom_cbk_execute
<LI><a href="#[334]">&gt;&gt;</a>&nbsp;&nbsp;&nbsp;ble_is_in_sleep_state
</UL>

<P><STRONG><a name="[648]"></a>__NVIC_ClearPendingIRQ</STRONG> (Thumb, 26 bytes, Stack size 0 bytes, rwip_sleep_patch.o(i.__NVIC_ClearPendingIRQ))
<BR><BR>[Called By]<UL><LI><a href="#[123]">&gt;&gt;</a>&nbsp;&nbsp;&nbsp;BLESLEEP_IRQHandler_patch
<LI><a href="#[64f]">&gt;&gt;</a>&nbsp;&nbsp;&nbsp;ble_sleep_request
</UL>

<P><STRONG><a name="[651]"></a>__NVIC_EnableIRQ</STRONG> (Thumb, 26 bytes, Stack size 0 bytes, rwip_sleep_patch.o(i.__NVIC_EnableIRQ))
<BR><BR>[Called By]<UL><LI><a href="#[65e]">&gt;&gt;</a>&nbsp;&nbsp;&nbsp;ble_stack_is_in_active_state
<LI><a href="#[64f]">&gt;&gt;</a>&nbsp;&nbsp;&nbsp;ble_sleep_request
</UL>

<P><STRONG><a name="[64e]"></a>__NVIC_SetPendingIRQ</STRONG> (Thumb, 26 bytes, Stack size 0 bytes, rwip_sleep_patch.o(i.__NVIC_SetPendingIRQ))
<BR><BR>[Called By]<UL><LI><a href="#[123]">&gt;&gt;</a>&nbsp;&nbsp;&nbsp;BLESLEEP_IRQHandler_patch
<LI><a href="#[65e]">&gt;&gt;</a>&nbsp;&nbsp;&nbsp;ble_stack_is_in_active_state
</UL>

<P><STRONG><a name="[11d]"></a>rf_wakeup_init_patch</STRONG> (Thumb, 16 bytes, Stack size 8 bytes, rf_gdx_patch.o(RAM_CODE))
<BR><BR>[Stack]<UL><LI>Max Depth = 12<LI>Call Chain = rf_wakeup_init_patch &rArr; rf_perform_enhance &rArr; rf_optimize_sxpll_LPF
</UL>
<BR>[Calls]<UL><LI><a href="#[65f]">&gt;&gt;</a>&nbsp;&nbsp;&nbsp;rf_wakeup_init
<LI><a href="#[56c]">&gt;&gt;</a>&nbsp;&nbsp;&nbsp;rf_timing_cfg
<LI><a href="#[56d]">&gt;&gt;</a>&nbsp;&nbsp;&nbsp;rf_perform_enhance
</UL>
<BR>[Address Reference Count : 1]<UL><LI> rf_gdx_patch.o(i.rf_gdx_replace)
</UL>
<P><STRONG><a name="[3a5]"></a>get_F_value_patch</STRONG> (Thumb, 32 bytes, Stack size 0 bytes, rf_gdx_patch.o(i.get_F_value_patch))
<BR><BR>[Called By]<UL><LI><a href="#[568]">&gt;&gt;</a>&nbsp;&nbsp;&nbsp;rf_modulation_accuracy_calibration_patch
<LI><a href="#[3a1]">&gt;&gt;</a>&nbsp;&nbsp;&nbsp;ext_hp_gain_calibration
</UL>

<P><STRONG><a name="[11c]"></a>rf_init_patch</STRONG> (Thumb, 84 bytes, Stack size 8 bytes, rf_gdx_patch.o(i.rf_init_patch))
<BR><BR>[Stack]<UL><LI>Max Depth = 360<LI>Call Chain = rf_init_patch &rArr; rf_modulation_accuracy_calibration_patch &rArr; __hardfp_round &rArr; __aeabi_dadd &rArr; _double_epilogue &rArr; _double_round
</UL>
<BR>[Calls]<UL><LI><a href="#[56b]">&gt;&gt;</a>&nbsp;&nbsp;&nbsp;rf_trim_calibration
<LI><a href="#[569]">&gt;&gt;</a>&nbsp;&nbsp;&nbsp;rf_misc_init
<LI><a href="#[567]">&gt;&gt;</a>&nbsp;&nbsp;&nbsp;rf_em_init
<LI><a href="#[566]">&gt;&gt;</a>&nbsp;&nbsp;&nbsp;rf_api_init
<LI><a href="#[56a]">&gt;&gt;</a>&nbsp;&nbsp;&nbsp;rf_agc_init
<LI><a href="#[2aa]">&gt;&gt;</a>&nbsp;&nbsp;&nbsp;ble_communication_core_init
<LI><a href="#[568]">&gt;&gt;</a>&nbsp;&nbsp;&nbsp;rf_modulation_accuracy_calibration_patch
<LI><a href="#[562]">&gt;&gt;</a>&nbsp;&nbsp;&nbsp;rf_hp_gain_offset_cfg
<LI><a href="#[3a1]">&gt;&gt;</a>&nbsp;&nbsp;&nbsp;ext_hp_gain_calibration
<LI><a href="#[56c]">&gt;&gt;</a>&nbsp;&nbsp;&nbsp;rf_timing_cfg
<LI><a href="#[56d]">&gt;&gt;</a>&nbsp;&nbsp;&nbsp;rf_perform_enhance
</UL>
<BR>[Address Reference Count : 1]<UL><LI> rf_gdx_patch.o(i.rf_gdx_replace)
</UL>
<P><STRONG><a name="[571]"></a>rf_tx_pw_conv_tbl_get</STRONG> (Thumb, 76 bytes, Stack size 0 bytes, rf_gdx_patch.o(i.rf_tx_pw_conv_tbl_get))
<BR><BR>[Called By]<UL><LI><a href="#[11e]">&gt;&gt;</a>&nbsp;&nbsp;&nbsp;rf_txpwr_dbm_get_patch
<LI><a href="#[11f]">&gt;&gt;</a>&nbsp;&nbsp;&nbsp;rf_txpwr_cs_get_patch
</UL>

<P><STRONG><a name="[11f]"></a>rf_txpwr_cs_get_patch</STRONG> (Thumb, 96 bytes, Stack size 16 bytes, rf_gdx_patch.o(i.rf_txpwr_cs_get_patch))
<BR><BR>[Stack]<UL><LI>Max Depth = 16<LI>Call Chain = rf_txpwr_cs_get_patch
</UL>
<BR>[Calls]<UL><LI><a href="#[56f]">&gt;&gt;</a>&nbsp;&nbsp;&nbsp;rf_tx_mode_get
<LI><a href="#[570]">&gt;&gt;</a>&nbsp;&nbsp;&nbsp;rf_mat_cir_get
<LI><a href="#[571]">&gt;&gt;</a>&nbsp;&nbsp;&nbsp;rf_tx_pw_conv_tbl_get
</UL>
<BR>[Address Reference Count : 1]<UL><LI> rf_gdx_patch.o(i.rf_init_patch)
</UL>
<P><STRONG><a name="[11e]"></a>rf_txpwr_dbm_get_patch</STRONG> (Thumb, 102 bytes, Stack size 24 bytes, rf_gdx_patch.o(i.rf_txpwr_dbm_get_patch))
<BR><BR>[Stack]<UL><LI>Max Depth = 24<LI>Call Chain = rf_txpwr_dbm_get_patch
</UL>
<BR>[Calls]<UL><LI><a href="#[56f]">&gt;&gt;</a>&nbsp;&nbsp;&nbsp;rf_tx_mode_get
<LI><a href="#[570]">&gt;&gt;</a>&nbsp;&nbsp;&nbsp;rf_mat_cir_get
<LI><a href="#[571]">&gt;&gt;</a>&nbsp;&nbsp;&nbsp;rf_tx_pw_conv_tbl_get
</UL>
<BR>[Address Reference Count : 1]<UL><LI> rf_gdx_patch.o(i.rf_init_patch)
</UL>
<P><STRONG><a name="[d7]"></a>ble_sdk_init_patch</STRONG> (Thumb, 138 bytes, Stack size 32 bytes, ble_sdk_patch.o(i.ble_sdk_init_patch))
<BR><BR>[Stack]<UL><LI>Max Depth = 448<LI>Call Chain = ble_sdk_init_patch &rArr; ble_sdk_gap_init_patch &rArr; ble_nvds_get &rArr; nvds_get &rArr; find_item &rArr; tags_cache_rec_find
</UL>
<BR>[Calls]<UL><LI><a href="#[1ae]">&gt;&gt;</a>&nbsp;&nbsp;&nbsp;dbg_log_printf (via Veneer)
<LI><a href="#[31f]">&gt;&gt;</a>&nbsp;&nbsp;&nbsp;sdk_timer_init
<LI><a href="#[31b]">&gt;&gt;</a>&nbsp;&nbsp;&nbsp;ble_sdk_sec_init
<LI><a href="#[31e]">&gt;&gt;</a>&nbsp;&nbsp;&nbsp;ble_sdk_prf_init
<LI><a href="#[31c]">&gt;&gt;</a>&nbsp;&nbsp;&nbsp;ble_sdk_l2cap_init
<LI><a href="#[320]">&gt;&gt;</a>&nbsp;&nbsp;&nbsp;ble_sdk_adap_config_get
<LI><a href="#[d1]">&gt;&gt;</a>&nbsp;&nbsp;&nbsp;ble_nvds_initialized
<LI><a href="#[318]">&gt;&gt;</a>&nbsp;&nbsp;&nbsp;ble_ke_task_create
<LI><a href="#[319]">&gt;&gt;</a>&nbsp;&nbsp;&nbsp;ble_ke_state_set
<LI><a href="#[31d]">&gt;&gt;</a>&nbsp;&nbsp;&nbsp;ble_gatt_init
<LI><a href="#[31a]">&gt;&gt;</a>&nbsp;&nbsp;&nbsp;ble_bm_init
<LI><a href="#[30e]">&gt;&gt;</a>&nbsp;&nbsp;&nbsp;ble_sdk_gap_init_patch
<LI><a href="#[321]">&gt;&gt;</a>&nbsp;&nbsp;&nbsp;rand_seed_gen
<LI><a href="#[150]">&gt;&gt;</a>&nbsp;&nbsp;&nbsp;__aeabi_memclr
</UL>
<BR>[Address Reference Count : 1]<UL><LI> ble_sdk_patch.o(i.ble_sdk_replace)
</UL>
<P><STRONG><a name="[404]"></a>gatt_remove_item_patch</STRONG> (Thumb, 52 bytes, Stack size 16 bytes, ble_sdk_gatts_patch.o(i.gatt_remove_item_patch))
<BR><BR>[Stack]<UL><LI>Max Depth = 16<LI>Call Chain = gatt_remove_item_patch
</UL>
<BR>[Calls]<UL><LI><a href="#[1ae]">&gt;&gt;</a>&nbsp;&nbsp;&nbsp;dbg_log_printf (via Veneer)
<LI><a href="#[150]">&gt;&gt;</a>&nbsp;&nbsp;&nbsp;__aeabi_memclr
</UL>
<BR>[Called By]<UL><LI><a href="#[3b8]">&gt;&gt;</a>&nbsp;&nbsp;&nbsp;gatt_on_connection_func_patch
<LI><a href="#[e9]">&gt;&gt;</a>&nbsp;&nbsp;&nbsp;gatt_on_disconnection_func_patch
</UL>

<P><STRONG><a name="[12e]"></a>gattc_write_req_ind_handler_patch</STRONG> (Thumb, 180 bytes, Stack size 40 bytes, ble_sdk_prf_patch.o(i.gattc_write_req_ind_handler_patch))
<BR><BR>[Stack]<UL><LI>Max Depth = 64<LI>Call Chain = gattc_write_req_ind_handler_patch &rArr; sec_check_conn_bond_patch
</UL>
<BR>[Calls]<UL><LI><a href="#[3fd]">&gt;&gt;</a>&nbsp;&nbsp;&nbsp;prf_get_prf_cb_by_task_id
<LI><a href="#[40d]">&gt;&gt;</a>&nbsp;&nbsp;&nbsp;ble_prf_get_id_from_task
<LI><a href="#[3ff]">&gt;&gt;</a>&nbsp;&nbsp;&nbsp;ble_attmdb_uuid16_comp
<LI><a href="#[3fe]">&gt;&gt;</a>&nbsp;&nbsp;&nbsp;ble_attmdb_get_attribute
<LI><a href="#[312]">&gt;&gt;</a>&nbsp;&nbsp;&nbsp;sec_get_bond_dev_addr
<LI><a href="#[315]">&gt;&gt;</a>&nbsp;&nbsp;&nbsp;gatt_add_bond_cccd
<LI><a href="#[317]">&gt;&gt;</a>&nbsp;&nbsp;&nbsp;ble_bm_set_gatt_info
<LI><a href="#[1ae]">&gt;&gt;</a>&nbsp;&nbsp;&nbsp;dbg_log_printf (via Veneer)
<LI><a href="#[2c9]">&gt;&gt;</a>&nbsp;&nbsp;&nbsp;fpb_save_state
<LI><a href="#[2cd]">&gt;&gt;</a>&nbsp;&nbsp;&nbsp;fpb_load_state
<LI><a href="#[316]">&gt;&gt;</a>&nbsp;&nbsp;&nbsp;sec_check_conn_bond_patch
<LI><a href="#[313]">&gt;&gt;</a>&nbsp;&nbsp;&nbsp;gatt_find_item_patch
</UL>
<BR>[Address Reference Count : 1]<UL><LI> ble_sdk_prf_patch.o(i.sdk_prf_msg_handler_tab_replace)
</UL>
<P><STRONG><a name="[19e]"></a>ll_adc_disable_clock</STRONG> (Thumb, 26 bytes, Stack size 0 bytes, platform_adc_1.o(i.ll_adc_disable_clock))
<BR><BR>[Called By]<UL><LI><a href="#[19d]">&gt;&gt;</a>&nbsp;&nbsp;&nbsp;adc_conversion
</UL>

<P><STRONG><a name="[667]"></a>xqspi_receive_patch</STRONG> (Thumb, 260 bytes, Stack size 48 bytes, gr55xx_hal_xqspi_patch.o(RAM_CODE), UNUSED)
<BR><BR>[Calls]<UL><LI><a href="#[665]">&gt;&gt;</a>&nbsp;&nbsp;&nbsp;xqspi_wait_flag_state_until_retry
<LI><a href="#[668]">&gt;&gt;</a>&nbsp;&nbsp;&nbsp;ll_xqspi_set_qspi_datasize
</UL>
<BR>[Called By]<UL><LI><a href="#[669]">&gt;&gt;</a>&nbsp;&nbsp;&nbsp;hal_xqspi_command_receive_patch
</UL>

<P><STRONG><a name="[668]"></a>ll_xqspi_set_qspi_datasize</STRONG> (Thumb, 16 bytes, Stack size 0 bytes, gr55xx_hal_xqspi_patch.o(RAM_CODE), UNUSED)
<BR><BR>[Called By]<UL><LI><a href="#[66c]">&gt;&gt;</a>&nbsp;&nbsp;&nbsp;xqspi_receive_align_word
<LI><a href="#[667]">&gt;&gt;</a>&nbsp;&nbsp;&nbsp;xqspi_receive_patch
</UL>

<P><STRONG><a name="[66c]"></a>xqspi_receive_align_word</STRONG> (Thumb, 154 bytes, Stack size 32 bytes, gr55xx_hal_xqspi_patch.o(RAM_CODE), UNUSED)
<BR><BR>[Calls]<UL><LI><a href="#[665]">&gt;&gt;</a>&nbsp;&nbsp;&nbsp;xqspi_wait_flag_state_until_retry
<LI><a href="#[668]">&gt;&gt;</a>&nbsp;&nbsp;&nbsp;ll_xqspi_set_qspi_datasize
</UL>
<BR>[Called By]<UL><LI><a href="#[66b]">&gt;&gt;</a>&nbsp;&nbsp;&nbsp;hal_xqspi_command_receive_align_word
</UL>

<P><STRONG><a name="[66d]"></a>ll_xqspi_disable_cache</STRONG> (Thumb, 28 bytes, Stack size 0 bytes, gr55xx_ll_xqspi_patch.o(RAM_CODE))
<BR><BR>[Called By]<UL><LI><a href="#[666]">&gt;&gt;</a>&nbsp;&nbsp;&nbsp;ll_xqspi_init_patch
</UL>

<P><STRONG><a name="[193]"></a>_fp_digits</STRONG> (Thumb, 366 bytes, Stack size 64 bytes, printfa.o(i._fp_digits), UNUSED)
<BR><BR>[Calls]<UL><LI><a href="#[15e]">&gt;&gt;</a>&nbsp;&nbsp;&nbsp;__aeabi_dmul
<LI><a href="#[15f]">&gt;&gt;</a>&nbsp;&nbsp;&nbsp;__aeabi_ddiv
<LI><a href="#[165]">&gt;&gt;</a>&nbsp;&nbsp;&nbsp;__aeabi_dadd
<LI><a href="#[190]">&gt;&gt;</a>&nbsp;&nbsp;&nbsp;__aeabi_cdrcmple
<LI><a href="#[176]">&gt;&gt;</a>&nbsp;&nbsp;&nbsp;__aeabi_d2ulz
<LI><a href="#[14d]">&gt;&gt;</a>&nbsp;&nbsp;&nbsp;__aeabi_uldivmod
</UL>
<BR>[Called By]<UL><LI><a href="#[186]">&gt;&gt;</a>&nbsp;&nbsp;&nbsp;_printf_core
</UL>

<P><STRONG><a name="[186]"></a>_printf_core</STRONG> (Thumb, 1704 bytes, Stack size 136 bytes, printfa.o(i._printf_core), UNUSED)
<BR><BR>[Calls]<UL><LI><a href="#[194]">&gt;&gt;</a>&nbsp;&nbsp;&nbsp;_printf_pre_padding
<LI><a href="#[195]">&gt;&gt;</a>&nbsp;&nbsp;&nbsp;_printf_post_padding
<LI><a href="#[193]">&gt;&gt;</a>&nbsp;&nbsp;&nbsp;_fp_digits
<LI><a href="#[14d]">&gt;&gt;</a>&nbsp;&nbsp;&nbsp;__aeabi_uldivmod
<LI><a href="#[196]">&gt;&gt;</a>&nbsp;&nbsp;&nbsp;__aeabi_uidivmod
</UL>
<BR>[Called By]<UL><LI><a href="#[18a]">&gt;&gt;</a>&nbsp;&nbsp;&nbsp;__0vsprintf
<LI><a href="#[189]">&gt;&gt;</a>&nbsp;&nbsp;&nbsp;__0vsnprintf
<LI><a href="#[188]">&gt;&gt;</a>&nbsp;&nbsp;&nbsp;__0sprintf
<LI><a href="#[187]">&gt;&gt;</a>&nbsp;&nbsp;&nbsp;__0snprintf
<LI><a href="#[185]">&gt;&gt;</a>&nbsp;&nbsp;&nbsp;__0printf
</UL>

<P><STRONG><a name="[195]"></a>_printf_post_padding</STRONG> (Thumb, 36 bytes, Stack size 24 bytes, printfa.o(i._printf_post_padding), UNUSED)
<BR><BR>[Called By]<UL><LI><a href="#[186]">&gt;&gt;</a>&nbsp;&nbsp;&nbsp;_printf_core
</UL>

<P><STRONG><a name="[194]"></a>_printf_pre_padding</STRONG> (Thumb, 46 bytes, Stack size 24 bytes, printfa.o(i._printf_pre_padding), UNUSED)
<BR><BR>[Called By]<UL><LI><a href="#[186]">&gt;&gt;</a>&nbsp;&nbsp;&nbsp;_printf_core
</UL>

<P><STRONG><a name="[bd]"></a>_snputc</STRONG> (Thumb, 22 bytes, Stack size 0 bytes, printfa.o(i._snputc))
<BR>[Address Reference Count : 2]<UL><LI> printfa.o(i.__0snprintf)
<LI> printfa.o(i.__0vsnprintf)
</UL>
<P><STRONG><a name="[be]"></a>_sputc</STRONG> (Thumb, 10 bytes, Stack size 0 bytes, printfa.o(i._sputc))
<BR><BR>[Called By]<UL><LI><a href="#[18a]">&gt;&gt;</a>&nbsp;&nbsp;&nbsp;__0vsprintf
<LI><a href="#[188]">&gt;&gt;</a>&nbsp;&nbsp;&nbsp;__0sprintf
</UL>
<BR>[Address Reference Count : 2]<UL><LI> printfa.o(i.__0sprintf)
<LI> printfa.o(i.__0vsprintf)
</UL>
<P><STRONG><a name="[192]"></a>internal_alloc</STRONG> (Thumb, 76 bytes, Stack size 24 bytes, mallocr2.o(i.internal_alloc))
<BR><BR>[Stack]<UL><LI>Max Depth = 24<LI>Call Chain = internal_alloc
</UL>
<BR>[Calls]<UL><LI><a href="#[1af]">&gt;&gt;</a>&nbsp;&nbsp;&nbsp;__aeabi_memcpy
</UL>
<BR>[Called By]<UL><LI><a href="#[40]">&gt;&gt;</a>&nbsp;&nbsp;&nbsp;realloc
<LI><a href="#[3e]">&gt;&gt;</a>&nbsp;&nbsp;&nbsp;malloc
</UL>

<P><STRONG><a name="[15c]"></a>_fp_value</STRONG> (Thumb, 296 bytes, Stack size 64 bytes, scanf_fp.o(.text), UNUSED)
<BR><BR>[Calls]<UL><LI><a href="#[15d]">&gt;&gt;</a>&nbsp;&nbsp;&nbsp;__aeabi_ul2d
<LI><a href="#[15e]">&gt;&gt;</a>&nbsp;&nbsp;&nbsp;__aeabi_dmul
<LI><a href="#[15f]">&gt;&gt;</a>&nbsp;&nbsp;&nbsp;__aeabi_ddiv
</UL>
<BR>[Called By]<UL><LI><a href="#[160]">&gt;&gt;</a>&nbsp;&nbsp;&nbsp;_scanf_really_real
</UL>

<P><STRONG><a name="[ba]"></a>_scanf_char_input</STRONG> (Thumb, 12 bytes, Stack size 0 bytes, scanf_char.o(.text))
<BR>[Address Reference Count : 1]<UL><LI> scanf_char.o(.text)
</UL>
<P><STRONG><a name="[172]"></a>_local_sscanf</STRONG> (Thumb, 54 bytes, Stack size 56 bytes, strtod.o(.text))
<BR><BR>[Stack]<UL><LI>Max Depth = 160<LI>Call Chain = _local_sscanf &rArr; _scanf_real
</UL>
<BR>[Calls]<UL><LI><a href="#[173]">&gt;&gt;</a>&nbsp;&nbsp;&nbsp;_scanf_real
</UL>
<BR>[Called By]<UL><LI><a href="#[174]">&gt;&gt;</a>&nbsp;&nbsp;&nbsp;__strtod_int
</UL>
<P>
<H3>
Undefined Global Symbols
</H3><HR></body></html>
