<html>
<body>
<pre>
<h1>µVision Build Log</h1>
<h2>Tool Versions:</h2>
IDE-Version: ¶ÃVision V5.27.1.0
Copyright (C) 2019 ARM Ltd and ARM Germany GmbH. All rights reserved.
License Information: QB S, HP Inc., LIC=76F5U-SQLR6-566Q2-9T1YI-U0XQC-PUNJU
 
Tool Versions:
Toolchain:       MDK-ARM Plus  Version: 5.27.1.0
Toolchain Path:  E:\Graduation project\keil5\ARM\ARMCC\Bin
C Compiler:      Armcc.exe V5.06 update 6 (build 750)
Assembler:       Armasm.exe V5.06 update 6 (build 750)
Linker/Locator:  ArmLink.exe V5.06 update 6 (build 750)
Library Manager: ArmAr.exe V5.06 update 6 (build 750)
Hex Converter:   FromElf.exe V5.06 update 6 (build 750)
CPU DLL:         SARMCM3.DLL V5.27.1.0
Dialog DLL:      DCM.DLL V1.17.2.0
Target DLL:      Segger\JL2CM3.dll V2.99.35.0
Dialog DLL:      TCM.DLL V1.36.1.0
 
<h2>Project:</h2>
D:\gr5515\gr5515re\test1.0.1\test1.0.1\projects\ble\ble_multi_role\ble_app_uart_at\Keil_5\ble_app_uart_at.uvprojx
Project File Date:  12/04/2025

<h2>Output:</h2>
*** Using Compiler 'V5.06 update 6 (build 750)', folder: 'E:\Graduation project\keil5\ARM\ARMCC\Bin'
Rebuild target 'GRxx_Soc'
assembling Startup.S...
compiling app_key_core.c...
compiling app_gpiote.c...
compiling utility.c...
compiling gr_platform.c...
compiling gr_system.c...
compiling app_key.c...
compiling gr_interrupt.c...
compiling pmu_calibration.c...
compiling app_adc_dma.c...
compiling ring_buffer.c...
compiling app_uart.c...
compiling app_io.c...
compiling app_pwr_mgmt.c...
compiling app_dma.c...
compiling app_uart_dma.c...
compiling app_adc.c...
compiling board_SK.c...
compiling ble.c...
compiling at_cmd.c...
compiling SEGGER_RTT.c...
compiling gr_soc.c...
compiling app_error.c...
compiling app_assert.c...
compiling at_cmd_utils.c...
compiling app_timer.c...
compiling cJSON.c...
compiling app_log.c...
compiling ble_prf_utils.c...
compiling gus_c.c...
compiling uart0_init.c...
compiling gus.c...
compiling user_periph_setup.c...
compiling sensor_data_parser.c...
compiling transport_scheduler.c...
compiling user_app.c...
compiling main.c...
compiling at_cmd_handler.c...
compiling shared_params.c...
compiling battery_voltage_reader.c...
compiling bm8563_rtc.c...
compiling water_sensor.c...
compiling ble_protocol.c...
compiling ble_4g_protocol.c...
..\Src\user\ble_4g_protocol.c(1330): warning:  #550-D: variable "result"  was set but never used
      uint8_t result = PROTOCOL_4G_RESULT_SET_FAILED; // ÂÆ?‰π?resultÂè?Èá?
..\Src\user\ble_4g_protocol.c: 1 warning, 0 errors
compiling ble_4g_param_handler.c...
compiling 4g_time_utils.c...
compiling wf5803f_driver.c...
compiling app_aon_wdt.c...
compiling soft_i2c.c...
compiling water_level_sensor.c...
..\Src\user\water_level_sensor.c(224): warning:  #177-D: function "wls_receive_response"  was declared but never referenced
  static bool wls_receive_response(uint8_t *p_data, uint16_t *p_len, uint32_t timeout_ms)
..\Src\user\water_level_sensor.c: 1 warning, 0 errors
linking...
Program Size: Code=133732 RO-data=8896 RW-data=3980 ZI-data=74608  
FromELF: creating hex file...
After Build - User command #1: fromelf.exe --text -c --output Listings\ble_app_uart_at.s   Objects\ble_app_uart_at.axf
After Build - User command #2: fromelf.exe --bin --output Listings\ble_app_uart_at.bin Objects\ble_app_uart_at.axf
".\Objects\ble_app_uart_at.axf" - 0 Error(s), 2 Warning(s).

<h2>Software Packages used:</h2>

Package Vendor: ARM
                http://www.keil.com/pack/ARM.CMSIS.5.5.1.pack
                ARM.CMSIS.5.5.1
                CMSIS (Cortex Microcontroller Software Interface Standard)

<h2>Collection of Component include folders:</h2>
  .\RTE\_GRxx_Soc
  E:\Graduation project\keil5\ARM\PARK\ARM\CMSIS\5.5.1\Device\ARM\ARMCM4\Include

<h2>Collection of Component Files used:</h2>
Build Time Elapsed:  00:00:07
</pre>
</body>
</html>
