<!doctype html public "-//w3c//dtd html 4.0 transitional//en">
<html><head>
<title>Static Call Graph - [.\Objects\ble_app_uart_at.axf]</title></head>
<body><HR>
<H1>Static Call Graph for image .\Objects\ble_app_uart_at.axf</H1><HR>
<BR><P>#&#060CALLGRAPH&#062# ARM Linker, 5060960: Last Updated: Fri Sep 12 17:57:43 2025
<BR><P>
<H3>Maximum Stack Usage =       1632 bytes + Unknown(Cycles, Untraceable Function Pointers)</H3><H3>
Call chain for Maximum Stack Depth:</H3>
ble_evt_handler &rArr; ble_app_init &rArr; gap_params_init &rArr; ble_gap_device_name_set &rArr; ble_nvds_put &rArr; nvds_put &rArr; replace_item &rArr; append_item &rArr; compact_nvds &rArr; write_compacted_items &rArr; write_incr &rArr; dec_flash_write &rArr; hal_flash_write_r &rArr; hal_exflash_write &rArr; hal_xqspi_init_ext &rArr; hal_xqspi_init_ext_patch &rArr; ll_xqspi_init_patch
<P>
<H3>
Mutually Recursive functions
</H3> <LI><a href="#[5]">BusFault_Handler</a>&nbsp;&nbsp;&nbsp;&rArr;&nbsp;&nbsp;&nbsp;<a href="#[5]">BusFault_Handler</a><BR>
 <LI><a href="#[8]">DebugMon_Handler</a>&nbsp;&nbsp;&nbsp;&rArr;&nbsp;&nbsp;&nbsp;<a href="#[8]">DebugMon_Handler</a><BR>
 <LI><a href="#[4]">MemManage_Handler</a>&nbsp;&nbsp;&nbsp;&rArr;&nbsp;&nbsp;&nbsp;<a href="#[4]">MemManage_Handler</a><BR>
 <LI><a href="#[2]">NMI_Handler</a>&nbsp;&nbsp;&nbsp;&rArr;&nbsp;&nbsp;&nbsp;<a href="#[2]">NMI_Handler</a><BR>
 <LI><a href="#[9]">PendSV_Handler</a>&nbsp;&nbsp;&nbsp;&rArr;&nbsp;&nbsp;&nbsp;<a href="#[9]">PendSV_Handler</a><BR>
 <LI><a href="#[a]">SysTick_Handler</a>&nbsp;&nbsp;&nbsp;&rArr;&nbsp;&nbsp;&nbsp;<a href="#[a]">SysTick_Handler</a><BR>
 <LI><a href="#[6]">UsageFault_Handler</a>&nbsp;&nbsp;&nbsp;&rArr;&nbsp;&nbsp;&nbsp;<a href="#[6]">UsageFault_Handler</a><BR>
 <LI><a href="#[1e5]">at_cmd_parse</a>&nbsp;&nbsp;&nbsp;&rArr;&nbsp;&nbsp;&nbsp;<a href="#[1e3]">at_cmd_execute_cplt</a><BR>
 <LI><a href="#[2bb]">cJSON_Delete</a>&nbsp;&nbsp;&nbsp;&rArr;&nbsp;&nbsp;&nbsp;<a href="#[2bb]">cJSON_Delete</a><BR>
 <LI><a href="#[468]">parse_object</a>&nbsp;&nbsp;&nbsp;&rArr;&nbsp;&nbsp;&nbsp;<a href="#[2c8]">parse_value</a><BR>
 <LI><a href="#[461]">parse_array</a>&nbsp;&nbsp;&nbsp;&rArr;&nbsp;&nbsp;&nbsp;<a href="#[2c8]">parse_value</a><BR>
 <LI><a href="#[493]">print_object</a>&nbsp;&nbsp;&nbsp;&rArr;&nbsp;&nbsp;&nbsp;<a href="#[48e]">print_value</a><BR>
 <LI><a href="#[490]">print_array</a>&nbsp;&nbsp;&nbsp;&rArr;&nbsp;&nbsp;&nbsp;<a href="#[48e]">print_value</a><BR>
</UL>
<P>
<H3>
Function Pointers
</H3><UL>
 <LI><a href="#[b5]">AON_EXT_IRQHandler</a> from app_io.o(RAM_CODE) referenced from app_io.o(i.app_io_init)
 <LI><a href="#[110]">BLESLEEP_IRQHandler_patch</a> from rwip_sleep_patch.o(RAM_CODE) referenced from rwip_sleep_patch.o(i.rwip_sleep_func_replace)
 <LI><a href="#[103]">BLESLP_IRQHandler</a> from rom_symbol.txt(ABSOLUTE) referenced from platform_sdk.o(i.platform_sdk_init)
 <LI><a href="#[c8]">BLE_IRQHandler</a> from rom_symbol.txt(ABSOLUTE) referenced from system_sdk_patch.o(i.ble_stack_inner_init)
 <LI><a href="#[10e]">BLE_IRQHandler_patch</a> from rwble_patch.o(RAM_CODE) referenced from rwble_patch.o(i.rwble_replace)
 <LI><a href="#[c7]">BLE_SDK_Handler</a> from rom_symbol.txt(ABSOLUTE) referenced from system_sdk_patch.o(i.ble_stack_inner_init)
 <LI><a href="#[122]">BLE_SDK_Handler_patch</a> from system_sdk_patch.o(TINY_RAM_SPACE) referenced from system_sdk_patch.o(i.system_sdk_replace)
 <LI><a href="#[5]">BusFault_Handler</a> from gr_interrupt.o(i.BusFault_Handler) referenced 2 times from gr_soc.o(.data)
 <LI><a href="#[5]">BusFault_Handler</a> from gr_interrupt.o(i.BusFault_Handler) referenced from startup.o(RESET)
 <LI><a href="#[b0]">DMA_IRQHandler</a> from app_dma.o(RAM_CODE) referenced from app_dma.o(i.app_dma_init)
 <LI><a href="#[8]">DebugMon_Handler</a> from gr_interrupt.o(i.DebugMon_Handler) referenced 2 times from gr_soc.o(.data)
 <LI><a href="#[8]">DebugMon_Handler</a> from gr_interrupt.o(i.DebugMon_Handler) referenced from startup.o(RESET)
 <LI><a href="#[b3]">EXT0_IRQHandler</a> from app_io.o(RAM_CODE) referenced from app_io.o(i.app_io_init)
 <LI><a href="#[b4]">EXT1_IRQHandler</a> from app_io.o(RAM_CODE) referenced from app_io.o(i.app_io_init)
 <LI><a href="#[3]">HardFault_Handler</a> from gr_interrupt.o(RAM_CODE) referenced 2 times from gr_soc.o(.data)
 <LI><a href="#[3]">HardFault_Handler</a> from gr_interrupt.o(RAM_CODE) referenced from startup.o(RESET)
 <LI><a href="#[4]">MemManage_Handler</a> from gr_interrupt.o(i.MemManage_Handler) referenced 2 times from gr_soc.o(.data)
 <LI><a href="#[4]">MemManage_Handler</a> from gr_interrupt.o(i.MemManage_Handler) referenced from startup.o(RESET)
 <LI><a href="#[2]">NMI_Handler</a> from gr_interrupt.o(i.NMI_Handler) referenced 2 times from gr_soc.o(.data)
 <LI><a href="#[2]">NMI_Handler</a> from gr_interrupt.o(i.NMI_Handler) referenced from startup.o(RESET)
 <LI><a href="#[9]">PendSV_Handler</a> from gr_interrupt.o(i.PendSV_Handler) referenced 2 times from gr_soc.o(.data)
 <LI><a href="#[9]">PendSV_Handler</a> from gr_interrupt.o(i.PendSV_Handler) referenced from startup.o(RESET)
 <LI><a href="#[1]">Reset_Handler</a> from startup.o(.text) referenced 2 times from gr_soc.o(.data)
 <LI><a href="#[1]">Reset_Handler</a> from startup.o(.text) referenced from startup.o(RESET)
 <LI><a href="#[11d]">SLPTIMER_IRQHandler</a> from app_timer.o(i.SLPTIMER_IRQHandler) referenced from app_timer.o(i.sleep_timer_handler_register)
 <LI><a href="#[7]">SVC_Handler</a> from gr_interrupt.o(RAM_CODE) referenced 2 times from gr_soc.o(.data)
 <LI><a href="#[7]">SVC_Handler</a> from gr_interrupt.o(RAM_CODE) referenced from startup.o(RESET)
 <LI><a href="#[a]">SysTick_Handler</a> from gr_interrupt.o(i.SysTick_Handler) referenced 2 times from gr_soc.o(.data)
 <LI><a href="#[a]">SysTick_Handler</a> from gr_interrupt.o(i.SysTick_Handler) referenced from startup.o(RESET)
 <LI><a href="#[a7]">SystemInit</a> from gr_system.o(i.SystemInit) referenced from startup.o(.text)
 <LI><a href="#[ba]">UART0_IRQHandler</a> from app_uart.o(i.UART0_IRQHandler) referenced from app_uart.o(i.app_uart_init)
 <LI><a href="#[bb]">UART1_IRQHandler</a> from app_uart.o(i.UART1_IRQHandler) referenced from app_uart.o(i.app_uart_init)
 <LI><a href="#[6]">UsageFault_Handler</a> from gr_interrupt.o(i.UsageFault_Handler) referenced 2 times from gr_soc.o(.data)
 <LI><a href="#[6]">UsageFault_Handler</a> from gr_interrupt.o(i.UsageFault_Handler) referenced from startup.o(RESET)
 <LI><a href="#[aa]">_sbackspace</a> from _sgetc.o(.text) referenced 2 times from __0sscanf.o(.text)
 <LI><a href="#[ab]">_scanf_char_input</a> from scanf_char.o(.text) referenced from scanf_char.o(.text)
 <LI><a href="#[a9]">_sgetc</a> from _sgetc.o(.text) referenced 2 times from __0sscanf.o(.text)
 <LI><a href="#[ae]">_snputc</a> from printfa.o(i._snputc) referenced from printfa.o(i.__0snprintf)
 <LI><a href="#[ae]">_snputc</a> from printfa.o(i._snputc) referenced from printfa.o(i.__0vsnprintf)
 <LI><a href="#[af]">_sputc</a> from printfa.o(i._sputc) referenced from printfa.o(i.__0sprintf)
 <LI><a href="#[af]">_sputc</a> from printfa.o(i._sputc) referenced from printfa.o(i.__0vsprintf)
 <LI><a href="#[b]">app_assert_err_cb</a> from app_assert.o(i.app_assert_err_cb) referenced 2 times from app_assert.o(.data)
 <LI><a href="#[c]">app_assert_param_cb</a> from app_assert.o(i.app_assert_param_cb) referenced 2 times from app_assert.o(.data)
 <LI><a href="#[d]">app_assert_warn_cb</a> from app_assert.o(i.app_assert_warn_cb) referenced 2 times from app_assert.o(.data)
 <LI><a href="#[125]">app_uart_evt_handler</a> from user_periph_setup.o(i.app_uart_evt_handler) referenced from user_periph_setup.o(i.uart_init)
 <LI><a href="#[a5]">atts_execute_write_req</a> from rom_symbol.txt(ABSOLUTE) referenced 2 times from atts_patch.o(.data)
 <LI><a href="#[9b]">atts_find_by_type_req</a> from rom_symbol.txt(ABSOLUTE) referenced 2 times from atts_patch.o(.data)
 <LI><a href="#[9a]">atts_find_info_req</a> from rom_symbol.txt(ABSOLUTE) referenced 2 times from atts_patch.o(.data)
 <LI><a href="#[99]">atts_mtu_exc_req</a> from rom_symbol.txt(ABSOLUTE) referenced 2 times from atts_patch.o(.data)
 <LI><a href="#[a4]">atts_prepare_write_req</a> from rom_symbol.txt(ABSOLUTE) referenced 2 times from atts_patch.o(.data)
 <LI><a href="#[9f]">atts_read_blob_req</a> from rom_symbol.txt(ABSOLUTE) referenced 2 times from atts_patch.o(.data)
 <LI><a href="#[9d]">atts_read_by_grp_type_req</a> from rom_symbol.txt(ABSOLUTE) referenced 2 times from atts_patch.o(.data)
 <LI><a href="#[9c]">atts_read_by_type_req</a> from rom_symbol.txt(ABSOLUTE) referenced 2 times from atts_patch.o(.data)
 <LI><a href="#[a0]">atts_read_mult_req_patch</a> from atts_patch.o(i.atts_read_mult_req_patch) referenced 2 times from atts_patch.o(.data)
 <LI><a href="#[9e]">atts_read_req</a> from rom_symbol.txt(ABSOLUTE) referenced 2 times from atts_patch.o(.data)
 <LI><a href="#[a1]">atts_write_cmd</a> from rom_symbol.txt(ABSOLUTE) referenced 2 times from atts_patch.o(.data)
 <LI><a href="#[a2]">atts_write_req</a> from rom_symbol.txt(ABSOLUTE) referenced 2 times from atts_patch.o(.data)
 <LI><a href="#[a3]">atts_write_signed</a> from rom_symbol.txt(ABSOLUTE) referenced 2 times from atts_patch.o(.data)
 <LI><a href="#[119]">bb_watch_timer_cbk_patch</a> from sch_prog_patch.o(i.bb_watch_timer_cbk_patch) referenced from sch_prog_patch.o(i.sch_prog_frm_cbk_replace)
 <LI><a href="#[117]">bb_watch_timer_start_patch</a> from sch_prog_patch.o(RAM_CODE) referenced from sch_prog_patch.o(i.sch_prog_frm_cbk_replace)
 <LI><a href="#[be]">ble_bm_set_sec_info_patch</a> from ble_bondmgr_patch.o(i.ble_bm_set_sec_info_patch) referenced from fpb_patch_init.o(i.ble_common_hw_patch_init)
 <LI><a href="#[8c]">ble_client_prf_init</a> from ble_profile_patch.o(i.ble_client_prf_init) referenced 2 times from ble_profile_patch.o(.data)
 <LI><a href="#[10f]">ble_core_sleep_patch</a> from rwip_sleep_patch.o(RAM_CODE) referenced from rwip_sleep_patch.o(i.rwip_sleep_func_replace)
 <LI><a href="#[102]">ble_evt_handler</a> from user_app.o(i.ble_evt_handler) referenced from main.o(i.main)
 <LI><a href="#[81]">ble_init_cplt_callback</a> from ble_event_patch.o(i.ble_init_cplt_callback) referenced 2 times from ble_event_patch.o(.data)
 <LI><a href="#[113]">ble_irq_handler_without_stack_init</a> from rwip_sleep_common.o(RAM_CODE) referenced from rwip_sleep_common.o(i.rwip_sleep_without_stack_init_replace)
 <LI><a href="#[c3]">ble_nvds_del</a> from sdk_nvds_patch.o(i.ble_nvds_del) referenced from sdk_nvds_patch.o(i.ble_nvds_set_entry)
 <LI><a href="#[c1]">ble_nvds_get</a> from sdk_nvds_patch.o(i.ble_nvds_get) referenced from sdk_nvds_patch.o(i.ble_nvds_set_entry)
 <LI><a href="#[c0]">ble_nvds_initialized</a> from rom_symbol.txt(ABSOLUTE) referenced from sdk_nvds_patch.o(i.ble_nvds_set_entry)
 <LI><a href="#[c2]">ble_nvds_put</a> from sdk_nvds_patch.o(i.ble_nvds_put) referenced from sdk_nvds_patch.o(i.ble_nvds_set_entry)
 <LI><a href="#[ca]">ble_rwip_wakeup</a> from rom_symbol.txt(ABSOLUTE) referenced from system_sdk_patch.o(i.ble_stack_inner_init)
 <LI><a href="#[cb]">ble_rwip_wakeup_end</a> from rom_symbol.txt(ABSOLUTE) referenced from system_sdk_patch.o(i.ble_stack_inner_init)
 <LI><a href="#[578]">ble_rwip_wakeup_patch</a> from rwip_sleep_patch.o(RAM_CODE) referenced from rwip_sleep_patch.o(RAM_CODE)
 <LI><a href="#[e1]">ble_sdk_common_timeout_handler</a> from rom_symbol.txt(ABSOLUTE) referenced from ble_sdk_task_patch.o(i.host_to_sdk_msg_handler_patch)
 <LI><a href="#[2e]">ble_sdk_gatt_mtu_changed_ind_handler_patch</a> from ble_sdk_gatt_task_patch.o(i.ble_sdk_gatt_mtu_changed_ind_handler_patch) referenced 2 times from ble.o(.data)
 <LI><a href="#[2c]">ble_sdk_gattc_event_ind_handler_patch</a> from ble_sdk_gatt_task_patch.o(i.ble_sdk_gattc_event_ind_handler_patch) referenced 2 times from ble.o(.data)
 <LI><a href="#[2d]">ble_sdk_gatts_svc_changed_cfg_ind_handler_patch</a> from ble_sdk_gatt_task_patch.o(i.ble_sdk_gatts_svc_changed_cfg_ind_handler_patch) referenced 2 times from ble.o(.data)
 <LI><a href="#[114]">ble_sdk_handler_without_stack_init</a> from rwip_sleep_common.o(RAM_CODE) referenced from rwip_sleep_common.o(i.rwip_sleep_without_stack_init_replace)
 <LI><a href="#[c6]">ble_sdk_init_patch</a> from ble_sdk_patch.o(i.ble_sdk_init_patch) referenced from ble_sdk_patch.o(i.ble_sdk_replace)
 <LI><a href="#[86]">ble_service_load_cb</a> from ble_profile_patch.o(i.ble_service_load_cb) referenced 2 times from ble_profile_patch.o(.data)
 <LI><a href="#[112]">ble_sleep_handler_without_stack_init</a> from rwip_sleep_common.o(RAM_CODE) referenced from rwip_sleep_common.o(i.rwip_sleep_without_stack_init_replace)
 <LI><a href="#[111]">ble_sleep_without_stack_init</a> from rwip_sleep_common.o(i.ble_sleep_without_stack_init) referenced from rwip_sleep_common.o(i.rwip_sleep_without_stack_init_replace)
 <LI><a href="#[cd]">config_1M_tx_gain_value_patch</a> from rf_gdx_patch.o(i.config_1M_tx_gain_value_patch) referenced from system_sdk_patch.o(i.ble_stack_inner_init)
 <LI><a href="#[ce]">config_2M_tx_gain_value</a> from rom_symbol.txt(ABSOLUTE) referenced from system_sdk_patch.o(i.ble_stack_inner_init)
 <LI><a href="#[cf]">config_coded_tx_gain_value_patch</a> from rf_gdx_patch.o(i.config_coded_tx_gain_value_patch) referenced from system_sdk_patch.o(i.ble_stack_inner_init)
 <LI><a href="#[107]">cpll_calibration</a> from platform_sdk.o(i.cpll_calibration) referenced from platform_sdk.o(i.platform_sdk_init)
 <LI><a href="#[b2]">dma_err_callback</a> from app_dma.o(i.dma_err_callback) referenced from app_dma.o(i.app_dma_init)
 <LI><a href="#[127]">dma_prepare_for_sleep</a> from app_dma.o(i.dma_prepare_for_sleep) referenced from app_dma.o(.constdata)
 <LI><a href="#[b1]">dma_tfr_callback</a> from app_dma.o(i.dma_tfr_callback) referenced from app_dma.o(i.app_dma_init)
 <LI><a href="#[128]">dma_wake_up_ind</a> from app_dma.o(RAM_CODE) referenced from app_dma.o(.constdata)
 <LI><a href="#[d9]">fpb_load_state_local</a> from sdk_fpb_mgmt.o(i.fpb_load_state_local) referenced from sdk_fpb_mgmt.o(i.gr5xx_fpb_init)
 <LI><a href="#[da]">fpb_save_state_local</a> from sdk_fpb_mgmt.o(i.fpb_save_state_local) referenced from sdk_fpb_mgmt.o(i.gr5xx_fpb_init)
 <LI><a href="#[ad]">fputc</a> from app_log.o(i.fputc) referenced from printfa.o(i.__0printf)
 <LI><a href="#[3f]">free</a> from mallocr2.o(i.__free$realloc$2region) referenced 2 times from cjson.o(.data)
 <LI><a href="#[f]">gap_activity_stopped_ind_handler_patch</a> from ble_sdk_gapm_patch.o(i.gap_activity_stopped_ind_handler_patch) referenced 2 times from ble.o(.data)
 <LI><a href="#[5e]">gap_adv_data_update_cb</a> from ble_event_patch.o(i.gap_adv_data_update_cb) referenced 2 times from ble_event_patch.o(.data)
 <LI><a href="#[61]">gap_adv_report_ind_cb</a> from ble_event_patch.o(i.gap_adv_report_ind_cb) referenced 2 times from ble_event_patch.o(.data)
 <LI><a href="#[5b]">gap_adv_start_cb</a> from ble_event_patch.o(i.gap_adv_start_cb) referenced 2 times from ble_event_patch.o(.data)
 <LI><a href="#[5c]">gap_adv_stop_cb</a> from ble_event_patch.o(i.gap_adv_stop_cb) referenced 2 times from ble_event_patch.o(.data)
 <LI><a href="#[68]">gap_auto_connection_timeout_cb</a> from ble_event_patch.o(i.gap_auto_connection_timeout_cb) referenced 2 times from ble_event_patch.o(.data)
 <LI><a href="#[29]">gap_cmp_evt_handler_patch</a> from ble_sdk_gapc_patch.o(i.gap_cmp_evt_handler_patch) referenced 2 times from ble.o(.data)
 <LI><a href="#[67]">gap_connect_cancel_cb</a> from ble_event_patch.o(i.gap_connect_cancel_cb) referenced 2 times from ble_event_patch.o(.data)
 <LI><a href="#[65]">gap_connect_cb</a> from ble_event_patch.o(i.gap_connect_cb) referenced 2 times from ble_event_patch.o(.data)
 <LI><a href="#[6c]">gap_connection_info_get_cb</a> from ble_event_patch.o(i.gap_connection_info_get_cb) referenced 2 times from ble_event_patch.o(.data)
 <LI><a href="#[26]">gap_connection_req_ind_handler_patch</a> from ble_sdk_gapc_patch.o(i.gap_connection_req_ind_handler_patch) referenced 2 times from ble.o(.data)
 <LI><a href="#[6a]">gap_connection_update_cb</a> from ble_event_patch.o(i.gap_connection_update_cb) referenced 2 times from ble_event_patch.o(.data)
 <LI><a href="#[6b]">gap_connection_update_req_cb</a> from ble_event_patch.o(i.gap_connection_update_req_cb) referenced 2 times from ble_event_patch.o(.data)
 <LI><a href="#[10]">gap_dev_bdaddr_ind_handler_patch</a> from ble_sdk_gapm_patch.o(i.gap_dev_bdaddr_ind_handler_patch) referenced 2 times from ble.o(.data)
 <LI><a href="#[5a]">gap_dev_info_get_cb</a> from ble_event_patch.o(i.gap_dev_info_get_cb) referenced 2 times from ble_event_patch.o(.data)
 <LI><a href="#[c4]">gap_device_config_params_init_patch</a> from ble_sdk_gapm_patch.o(i.gap_device_config_params_init_patch) referenced from ble_sdk_gapm_patch.o(i.ble_sdk_gapm_replace)
 <LI><a href="#[66]">gap_disconnect_cb</a> from ble_event_patch.o(i.gap_disconnect_cb) referenced 2 times from ble_event_patch.o(.data)
 <LI><a href="#[27]">gap_disconnect_ind_handler_patch</a> from ble_sdk_gapc_patch.o(i.gap_disconnect_ind_handler_patch) referenced 2 times from ble.o(.data)
 <LI><a href="#[c5]">gap_init_fsm_next_func_patch</a> from ble_sdk_gapm_patch.o(i.gap_init_fsm_next_func_patch) referenced from ble_sdk_gapm_patch.o(i.ble_sdk_gapm_replace)
 <LI><a href="#[6e]">gap_le_pkt_size_info_cb</a> from ble_event_patch.o(i.gap_le_pkt_size_info_cb) referenced 2 times from ble_event_patch.o(.data)
 <LI><a href="#[57]">gap_param_set_cb</a> from ble_event_patch.o(i.gap_param_set_cb) referenced 2 times from ble_event_patch.o(.data)
 <LI><a href="#[6d]">gap_peer_info_get_cb</a> from ble_event_patch.o(i.gap_peer_info_get_cb) referenced 2 times from ble_event_patch.o(.data)
 <LI><a href="#[69]">gap_peer_name_ind_cb</a> from ble_event_patch.o(i.gap_peer_name_ind_cb) referenced 2 times from ble_event_patch.o(.data)
 <LI><a href="#[59]">gap_phy_update_cb</a> from ble_event_patch.o(i.gap_phy_update_cb) referenced 2 times from ble_event_patch.o(.data)
 <LI><a href="#[58]">gap_psm_manager_cb</a> from ble_event_patch.o(i.gap_psm_manager_cb) referenced 2 times from ble_event_patch.o(.data)
 <LI><a href="#[6f]">gap_rslv_addr_read_cb</a> from ble_event_patch.o(i.gap_rslv_addr_read_cb) referenced 2 times from ble_event_patch.o(.data)
 <LI><a href="#[5d]">gap_scan_req_ind_cb</a> from ble_event_patch.o(i.gap_scan_req_ind_cb) referenced 2 times from ble_event_patch.o(.data)
 <LI><a href="#[5f]">gap_scan_start_cb</a> from ble_event_patch.o(i.gap_scan_start_cb) referenced 2 times from ble_event_patch.o(.data)
 <LI><a href="#[60]">gap_scan_stop_cb</a> from ble_event_patch.o(i.gap_scan_stop_cb) referenced 2 times from ble_event_patch.o(.data)
 <LI><a href="#[2b]">gap_set_dev_info_req_ind_handler_patch</a> from ble_sdk_gapc_patch.o(i.gap_set_dev_info_req_ind_handler_patch) referenced 2 times from ble.o(.data)
 <LI><a href="#[63]">gap_stop_sync_cb</a> from ble_event_patch.o(i.gap_stop_sync_cb) referenced 2 times from ble_event_patch.o(.data)
 <LI><a href="#[62]">gap_sync_establish_cb</a> from ble_event_patch.o(i.gap_sync_establish_cb) referenced 2 times from ble_event_patch.o(.data)
 <LI><a href="#[64]">gap_sync_lost_cb</a> from ble_event_patch.o(i.gap_sync_lost_cb) referenced 2 times from ble_event_patch.o(.data)
 <LI><a href="#[25]">gapc_hci_handler_patch</a> from gapc_hci_patch.o(i.gapc_hci_handler_patch) referenced 2 times from ble.o(.data)
 <LI><a href="#[2f]">gapm_activity_create_cmd_handler_patch</a> from gapm_actv_patch.o(i.gapm_activity_create_cmd_handler_patch) referenced 2 times from ble.o(.data)
 <LI><a href="#[d2]">gapm_adv_check_param_func_patch</a> from gapm_adv_patch.o(i.gapm_adv_check_param_func_patch) referenced from gapm_adv_patch.o(i.gapm_adv_replace)
 <LI><a href="#[e]">gapm_cmp_evt_handler_patch</a> from ble_sdk_gapm_patch.o(i.gapm_cmp_evt_handler_patch) referenced 2 times from ble.o(.data)
 <LI><a href="#[30]">gapm_hci_handler_patch</a> from gapm_task_patch.o(i.gapm_hci_handler_patch) referenced 2 times from ble.o(.data)
 <LI><a href="#[d6]">gapm_init_connection_ind_func_patch</a> from gapm_init_patch.o(i.gapm_init_connection_ind_func_patch) referenced from gapm_init_patch.o(i.gapm_init_replace)
 <LI><a href="#[d5]">gapm_init_delete</a> from rom_symbol.txt(ABSOLUTE) referenced from gapm_init_patch.o(i.gapm_init_create_patch)
 <LI><a href="#[d3]">gapm_init_start_patch</a> from gapm_init_patch.o(i.gapm_init_start_patch) referenced from gapm_init_patch.o(i.gapm_init_create_patch)
 <LI><a href="#[d4]">gapm_init_stop_patch</a> from gapm_init_patch.o(i.gapm_init_stop_patch) referenced from gapm_init_patch.o(i.gapm_init_create_patch)
 <LI><a href="#[d7]">gapm_scan_send_adv_report_ind_func_patch</a> from gapm_scan_patch.o(i.gapm_scan_send_adv_report_ind_func_patch) referenced from gapm_scan_patch.o(i.gapm_scan_replace)
 <LI><a href="#[31]">gapm_set_dev_config_cmd_handler_patch</a> from gapm_cfg_patch.o(i.gapm_set_dev_config_cmd_handler_patch) referenced 2 times from ble.o(.data)
 <LI><a href="#[70]">gatt_mtu_exchange_cb</a> from ble_event_patch.o(i.gatt_mtu_exchange_cb) referenced 2 times from ble_event_patch.o(.data)
 <LI><a href="#[d8]">gatt_on_disconnection_func_patch</a> from ble_sdk_gatts_patch.o(i.gatt_on_disconnection_func_patch) referenced from ble_sdk_gatts_patch.o(i.gatt_on_disconnection_replace)
 <LI><a href="#[71]">gatt_prf_register_cb</a> from ble_event_patch.o(i.gatt_prf_register_cb) referenced 2 times from ble_event_patch.o(.data)
 <LI><a href="#[75]">gattc_char_desc_disc_cb</a> from ble_event_patch.o(i.gattc_char_desc_disc_cb) referenced 4 times from ble_event_patch.o(.data)
 <LI><a href="#[74]">gattc_char_disc_cb</a> from ble_event_patch.o(i.gattc_char_disc_cb) referenced 4 times from ble_event_patch.o(.data)
 <LI><a href="#[15]">gattc_cmp_evt_handler_patch</a> from gattc_task_patch.o(i.gattc_cmp_evt_handler_patch) referenced 2 times from ble.o(.data)
 <LI><a href="#[73]">gattc_inc_srvc_disc_cb</a> from ble_event_patch.o(i.gattc_inc_srvc_disc_cb) referenced 4 times from ble_event_patch.o(.data)
 <LI><a href="#[78]">gattc_ntf_ind_cb</a> from ble_event_patch.o(i.gattc_ntf_ind_cb) referenced 4 times from ble_event_patch.o(.data)
 <LI><a href="#[76]">gattc_read_cb</a> from ble_event_patch.o(i.gattc_read_cb) referenced 4 times from ble_event_patch.o(.data)
 <LI><a href="#[79]">gattc_srvc_browse_cb</a> from ble_event_patch.o(i.gattc_srvc_browse_cb) referenced 4 times from ble_event_patch.o(.data)
 <LI><a href="#[72]">gattc_srvc_disc_cb</a> from ble_event_patch.o(i.gattc_srvc_disc_cb) referenced 4 times from ble_event_patch.o(.data)
 <LI><a href="#[77]">gattc_write_cb</a> from ble_event_patch.o(i.gattc_write_cb) referenced 4 times from ble_event_patch.o(.data)
 <LI><a href="#[11b]">gattc_write_req_ind_handler_patch</a> from ble_sdk_prf_patch.o(i.gattc_write_req_ind_handler_patch) referenced from ble_sdk_prf_patch.o(i.sdk_prf_msg_handler_tab_replace)
 <LI><a href="#[8b]">gatts_cccd_set_cb</a> from ble_event_patch.o(i.gatts_cccd_set_cb) referenced 2 times from ble_profile_patch.o(.data)
 <LI><a href="#[8a]">gatts_ntf_ind_cb</a> from ble_event_patch.o(i.gatts_ntf_ind_cb) referenced 2 times from ble_profile_patch.o(.data)
 <LI><a href="#[89]">gatts_prep_write_cb</a> from ble_event_patch.o(i.gatts_prep_write_cb) referenced 2 times from ble_profile_patch.o(.data)
 <LI><a href="#[87]">gatts_read_cb</a> from ble_event_patch.o(i.gatts_read_cb) referenced 2 times from ble_profile_patch.o(.data)
 <LI><a href="#[88]">gatts_write_cb</a> from ble_event_patch.o(i.gatts_write_cb) referenced 2 times from ble_profile_patch.o(.data)
 <LI><a href="#[d1]">get_info</a> from dfu_cmd_handler_patch.o(i.get_info) referenced from dfu_cmd_handler_patch.o(i.dfu_cmd_handler_replace)
 <LI><a href="#[12c]">gr5xx_svc_process</a> from svc_handler.o(RAM_CODE) referenced from gr_interrupt.o(RAM_CODE)
 <LI><a href="#[dc]">gus_ble_evt_handler</a> from gus.o(i.gus_ble_evt_handler) referenced from gus.o(i.gus_service_init)
 <LI><a href="#[db]">gus_c_ble_evt_handler</a> from gus_c.o(i.gus_c_ble_evt_handler) referenced from gus_c.o(i.gus_client_init)
 <LI><a href="#[bc]">gus_client_process_event</a> from user_app.o(i.gus_client_process_event) referenced from user_app.o(i.ble_app_init)
 <LI><a href="#[11c]">gus_service_process_event</a> from user_app.o(i.gus_service_process_event) referenced from user_app.o(i.services_init)
 <LI><a href="#[8f]">hal_aon_gpio_callback</a> from app_io.o(i.hal_aon_gpio_callback) referenced 2 times from gr55xx_hal_aon_gpio_1.o(.data)
 <LI><a href="#[11f]">hal_exflash_erase</a> from gr55xx_hal_exflash_patch.o(RAM_CODE) referenced from fpb_patch_init.o(i.system_driver_patch_enable)
 <LI><a href="#[120]">hal_exflash_write</a> from gr55xx_hal_exflash_patch.o(RAM_CODE) referenced from fpb_patch_init.o(i.system_driver_patch_enable)
 <LI><a href="#[90]">hal_gpio_exti_callback</a> from app_io.o(i.hal_gpio_exti_callback) referenced 2 times from gr55xx_hal_gpio_1.o(.data)
 <LI><a href="#[8e]">hal_msp_deinit</a> from gr55xx_hal_1.o(i.hal_msp_deinit) referenced 2 times from gr55xx_hal_1.o(.data)
 <LI><a href="#[8d]">hal_msp_init</a> from gr55xx_hal_1.o(i.hal_msp_init) referenced 2 times from gr55xx_hal_1.o(.data)
 <LI><a href="#[dd]">hal_pwr_sleep_timer_elapsed_callback</a> from app_timer.o(i.hal_pwr_sleep_timer_elapsed_callback) referenced from gr55xx_hal_pwr_1.o(i.hal_pwr_config_timer_wakeup)
 <LI><a href="#[96]">hal_uart_abort_cplt_callback</a> from app_uart.o(i.hal_uart_abort_cplt_callback) referenced 2 times from gr55xx_hal_uart_1.o(.data)
 <LI><a href="#[98]">hal_uart_abort_rx_cplt_callback</a> from app_uart.o(i.hal_uart_abort_rx_cplt_callback) referenced 2 times from gr55xx_hal_uart_1.o(.data)
 <LI><a href="#[97]">hal_uart_abort_tx_cplt_callback</a> from app_uart.o(i.hal_uart_abort_tx_cplt_callback) referenced 2 times from gr55xx_hal_uart_1.o(.data)
 <LI><a href="#[95]">hal_uart_error_callback</a> from app_uart.o(i.hal_uart_error_callback) referenced 2 times from gr55xx_hal_uart_1.o(.data)
 <LI><a href="#[92]">hal_uart_msp_deinit</a> from gr55xx_hal_uart_1.o(i.hal_uart_msp_deinit) referenced 2 times from gr55xx_hal_uart_1.o(.data)
 <LI><a href="#[91]">hal_uart_msp_init</a> from gr55xx_hal_uart_1.o(i.hal_uart_msp_init) referenced 2 times from gr55xx_hal_uart_1.o(.data)
 <LI><a href="#[94]">hal_uart_rx_cplt_callback</a> from app_uart.o(i.hal_uart_rx_cplt_callback) referenced 2 times from gr55xx_hal_uart_1.o(.data)
 <LI><a href="#[93]">hal_uart_tx_cplt_callback</a> from app_uart.o(i.hal_uart_tx_cplt_callback) referenced 2 times from gr55xx_hal_uart_1.o(.data)
 <LI><a href="#[37]">hci_le_add_dev_to_rslv_list_cmd_handler_patch</a> from llm_hci_patch.o(i.hci_le_add_dev_to_rslv_list_cmd_handler_patch) referenced 2 times from ble.o(.data)
 <LI><a href="#[32]">hci_le_add_dev_to_wlst_cmd_handler_patch</a> from llm_hci_patch.o(i.hci_le_add_dev_to_wlst_cmd_handler_patch) referenced 2 times from ble.o(.data)
 <LI><a href="#[36]">hci_le_clear_rslv_list_cmd_handler_patch</a> from llm_hci_patch.o(i.hci_le_clear_rslv_list_cmd_handler_patch) referenced 2 times from ble.o(.data)
 <LI><a href="#[34]">hci_le_clear_wlst_cmd_handler_patch</a> from llm_hci_patch.o(i.hci_le_clear_wlst_cmd_handler_patch) referenced 2 times from ble.o(.data)
 <LI><a href="#[3c]">hci_le_cmd_cmp_evt_init_handler_patch</a> from gapm_init_patch.o(i.hci_le_cmd_cmp_evt_init_handler_patch) referenced 2 times from ble.o(.data)
 <LI><a href="#[3d]">hci_le_cmd_cmp_evt_scan_handler_patch</a> from gapm_scan_patch.o(i.hci_le_cmd_cmp_evt_scan_handler_patch) referenced 2 times from ble.o(.data)
 <LI><a href="#[e9]">hci_le_con_upd_cmd_handler</a> from rom_symbol.txt(ABSOLUTE) referenced from llc_hci_patch.o(i.llc_hci_new_handler_find)
 <LI><a href="#[ea]">hci_le_con_upd_cmd_handler_patch</a> from llc_con_upd_patch.o(i.hci_le_con_upd_cmd_handler_patch) referenced from llc_hci_patch.o(i.llc_hci_new_handler_find)
 <LI><a href="#[39]">hci_le_ext_create_con_cmd_handler_patch</a> from llm_hci_patch.o(i.hci_le_ext_create_con_cmd_handler_patch) referenced 2 times from ble.o(.data)
 <LI><a href="#[33]">hci_le_rmv_dev_from_wlst_cmd_handler_patch</a> from llm_hci_patch.o(i.hci_le_rmv_dev_from_wlst_cmd_handler_patch) referenced 2 times from ble.o(.data)
 <LI><a href="#[35]">hci_le_set_addr_resol_en_cmd_handler_patch</a> from llm_hci_patch.o(i.hci_le_set_addr_resol_en_cmd_handler_patch) referenced 2 times from ble.o(.data)
 <LI><a href="#[3b]">hci_le_set_ext_scan_en_cmd_handler_patch</a> from llm_scan_patch.o(i.hci_le_set_ext_scan_en_cmd_handler_patch) referenced 2 times from ble.o(.data)
 <LI><a href="#[3a]">hci_le_set_ext_scan_param_cmd_handler_patch</a> from llm_scan_patch.o(i.hci_le_set_ext_scan_param_cmd_handler_patch) referenced 2 times from ble.o(.data)
 <LI><a href="#[38]">hci_le_set_priv_mode_cmd_handler_patch</a> from llm_hci_patch.o(i.hci_le_set_priv_mode_cmd_handler_patch) referenced 2 times from ble.o(.data)
 <LI><a href="#[24]">hci_nb_cmp_pkts_evt_handler_patch</a> from l2cc_task_patch.o(i.hci_nb_cmp_pkts_evt_handler_patch) referenced 2 times from ble.o(.data)
 <LI><a href="#[bd]">hci_send_2_controller_patch</a> from hci_patch.o(i.hci_send_2_controller_patch) referenced from fpb_patch_init.o(i.ble_common_hw_patch_init)
 <LI><a href="#[13]">host_to_sdk_msg_handler_patch</a> from ble_sdk_task_patch.o(i.host_to_sdk_msg_handler_patch) referenced 2 times from ble.o(.data)
 <LI><a href="#[ac]">isspace</a> from isspace_o.o(.text) referenced 2 times from scanf_char.o(.text)
 <LI><a href="#[bf]">ke_task_schedule_patch</a> from ke_task_patch.o(i.ke_task_schedule_patch) referenced from fpb_patch_init.o(i.ble_common_hw_patch_init)
 <LI><a href="#[7c]">l2cap_lecb_add_credits_ind_cb</a> from ble_event_patch.o(i.l2cap_lecb_add_credits_ind_cb) referenced 2 times from ble_event_patch.o(.data)
 <LI><a href="#[7b]">l2cap_lecb_conn_cb</a> from ble_event_patch.o(i.l2cap_lecb_conn_cb) referenced 2 times from ble_event_patch.o(.data)
 <LI><a href="#[7a]">l2cap_lecb_conn_req_cb</a> from ble_event_patch.o(i.l2cap_lecb_conn_req_cb) referenced 2 times from ble_event_patch.o(.data)
 <LI><a href="#[80]">l2cap_lecb_credit_add_cmp_cb</a> from ble_event_patch.o(i.l2cap_lecb_credit_add_cmp_cb) referenced 2 times from ble_event_patch.o(.data)
 <LI><a href="#[7d]">l2cap_lecb_disconn_cb</a> from ble_event_patch.o(i.l2cap_lecb_disconn_cb) referenced 2 times from ble_event_patch.o(.data)
 <LI><a href="#[7e]">l2cap_lecb_sdu_recv_cb</a> from ble_event_patch.o(i.l2cap_lecb_sdu_recv_cb) referenced 2 times from ble_event_patch.o(.data)
 <LI><a href="#[7f]">l2cap_lecb_sdu_send_cb</a> from ble_event_patch.o(i.l2cap_lecb_sdu_send_cb) referenced 2 times from ble_event_patch.o(.data)
 <LI><a href="#[14]">l2cc_pdu_recv_ind_handler_patch</a> from gattc_task_patch.o(i.l2cc_pdu_recv_ind_handler_patch) referenced 2 times from ble.o(.data)
 <LI><a href="#[e2]">l2cm_l2cap_tx_handler_patch</a> from l2cm_patch.o(i.l2cm_l2cap_tx_handler_patch) referenced from l2cm_patch.o(i.l2cm_l2cap_tx_handler_replace)
 <LI><a href="#[ef]">ll_channel_map_ind_handler_patch</a> from llc_chmap_upd_patch.o(i.ll_channel_map_ind_handler_patch) referenced from llc_llcp_patch.o(i.llcp_pdu_handler_tab_replace)
 <LI><a href="#[f1]">ll_connection_param_req_handler_patch</a> from llc_con_upd_patch.o(i.ll_connection_param_req_handler_patch) referenced from llc_llcp_patch.o(i.llcp_pdu_handler_tab_replace)
 <LI><a href="#[f0]">ll_connection_update_ind_handler_patch</a> from llc_con_upd_patch.o(i.ll_connection_update_ind_handler_patch) referenced from llc_llcp_patch.o(i.llcp_pdu_handler_tab_replace)
 <LI><a href="#[f2]">ll_phy_req_handler_patch</a> from llc_phy_upd_patch.o(i.ll_phy_req_handler_patch) referenced from llc_llcp_patch.o(i.llcp_pdu_handler_tab_replace)
 <LI><a href="#[1f]">llc_auth_payl_nearly_to_handler_patch</a> from llc_le_ping_patch.o(i.llc_auth_payl_nearly_to_handler_patch) referenced 2 times from ble.o(.data)
 <LI><a href="#[20]">llc_auth_payl_real_to_handler_patch</a> from llc_le_ping_patch.o(i.llc_auth_payl_real_to_handler_patch) referenced 2 times from ble.o(.data)
 <LI><a href="#[e3]">llc_ch_map_up_proc_err_cb</a> from rom_symbol.txt(ABSOLUTE) referenced from llc_chmap_upd_patch.o(i.ll_channel_map_ind_handler_patch)
 <LI><a href="#[12]">llc_hci_command_handler_patch</a> from llc_hci_patch.o(i.llc_hci_command_handler_patch) referenced 2 times from ble.o(.data)
 <LI><a href="#[ed]">llc_ll_enc_rsp_ack_handler</a> from rom_symbol.txt(ABSOLUTE) referenced from llc_encrypt_patch.o(i.llc_rem_encrypt_proc_continue_patch)
 <LI><a href="#[ec]">llc_ll_reject_ind_ack_handler</a> from rom_symbol.txt(ABSOLUTE) referenced from llc_encrypt_patch.o(i.llc_rem_encrypt_proc_continue_patch)
 <LI><a href="#[ee]">llc_ll_start_enc_rsp_ack_handler</a> from rom_symbol.txt(ABSOLUTE) referenced from llc_encrypt_patch.o(i.llc_rem_encrypt_proc_continue_patch)
 <LI><a href="#[eb]">llc_llcp_send_func_patch</a> from llc_llcp_patch.o(i.llc_llcp_send_func_patch) referenced from llc_llcp_patch.o(i.llc_llcp_send_replace)
 <LI><a href="#[e0]">llc_loc_con_upd_proc_err_cb</a> from rom_symbol.txt(ABSOLUTE) referenced from llc_con_upd_patch.o(i.hci_le_con_upd_cmd_handler_patch)
 <LI><a href="#[e0]">llc_loc_con_upd_proc_err_cb</a> from rom_symbol.txt(ABSOLUTE) referenced from llc_con_upd_patch.o(i.llc_rem_con_upd_proc_continue_patch)
 <LI><a href="#[16]">llc_loc_llcp_rsp_to_handler_patch</a> from llc_task_patch.o(i.llc_loc_llcp_rsp_to_handler_patch) referenced 2 times from ble.o(.data)
 <LI><a href="#[21]">llc_op_dl_upd_ind_handler_patch</a> from llc_dl_upd_patch.o(i.llc_op_dl_upd_ind_handler_patch) referenced 2 times from ble.o(.data)
 <LI><a href="#[e6]">llc_pref_param_compute_func_patch</a> from llc_con_upd_patch.o(i.llc_pref_param_compute_func_patch) referenced from llc_con_upd_patch.o(i.llc_con_upd_replace)
 <LI><a href="#[e7]">llc_rem_con_upd_proc_continue_patch</a> from llc_con_upd_patch.o(i.llc_rem_con_upd_proc_continue_patch) referenced from llc_con_upd_patch.o(i.llc_con_upd_replace)
 <LI><a href="#[e4]">llc_rem_con_upd_proc_err_cb</a> from rom_symbol.txt(ABSOLUTE) referenced from llc_con_upd_patch.o(i.ll_connection_param_req_handler_patch)
 <LI><a href="#[e4]">llc_rem_con_upd_proc_err_cb</a> from rom_symbol.txt(ABSOLUTE) referenced from llc_con_upd_patch.o(i.ll_connection_update_ind_handler_patch)
 <LI><a href="#[e8]">llc_rem_encrypt_proc_continue_patch</a> from llc_encrypt_patch.o(i.llc_rem_encrypt_proc_continue_patch) referenced from llc_encrypt_patch.o(i.llc_encrypt_replace)
 <LI><a href="#[17]">llc_rem_llcp_rsp_to_handler_patch</a> from llc_task_patch.o(i.llc_rem_llcp_rsp_to_handler_patch) referenced 2 times from ble.o(.data)
 <LI><a href="#[e5]">llc_rem_phy_upd_proc_err_cb</a> from rom_symbol.txt(ABSOLUTE) referenced from llc_phy_upd_patch.o(i.ll_phy_req_handler_patch)
 <LI><a href="#[1a]">lld_acl_rx_ind_handler_patch</a> from llc_task_patch.o(i.lld_acl_rx_ind_handler_patch) referenced 2 times from ble.o(.data)
 <LI><a href="#[f3]">lld_adv_frm_cbk_func_patch</a> from lld_adv_patch.o(i.lld_adv_frm_cbk_func_patch) referenced from lld_adv_patch.o(i.lld_adv_replace)
 <LI><a href="#[100]">lld_adv_start_func_patch</a> from lld_scan_patch.o(i.lld_adv_start_func_patch) referenced from lld_scan_patch.o(i.lld_scan_frm_cbk_replace)
 <LI><a href="#[12f]">lld_bi_frm_cbk</a> from rom_symbol.txt(ABSOLUTE) referenced from sch_prog_patch.o(RAM_CODE)
 <LI><a href="#[1c]">lld_ch_map_upd_cfm_handler_patch</a> from llc_chmap_upd_patch.o(i.lld_ch_map_upd_cfm_handler_patch) referenced 2 times from ble.o(.data)
 <LI><a href="#[130]">lld_ci_frm_cbk</a> from rom_symbol.txt(ABSOLUTE) referenced from sch_prog_patch.o(RAM_CODE)
 <LI><a href="#[f9]">lld_con_evt_start_cbk_patch</a> from lld_con_patch.o(RAM_CODE) referenced from lld_con_patch.o(i.lld_con_start_patch)
 <LI><a href="#[f7]">lld_con_evt_time_update_patch</a> from lld_con_patch.o(i.lld_con_evt_time_update_patch) referenced from lld_con_patch.o(i.lld_con_replace)
 <LI><a href="#[f6]">lld_con_frm_cbk_patch</a> from lld_con_patch.o(RAM_CODE) referenced from lld_con_patch.o(i.lld_con_replace)
 <LI><a href="#[1e]">lld_con_offset_upd_ind_handler_patch</a> from llc_con_upd_patch.o(i.lld_con_offset_upd_ind_handler_patch) referenced 2 times from ble.o(.data)
 <LI><a href="#[1b]">lld_con_param_upd_cfm_handler_patch</a> from llc_con_upd_patch.o(i.lld_con_param_upd_cfm_handler_patch) referenced 2 times from ble.o(.data)
 <LI><a href="#[f4]">lld_con_sched_patch</a> from lld_con_patch.o(RAM_CODE) referenced from lld_con_patch.o(i.lld_con_replace)
 <LI><a href="#[f5]">lld_con_start_patch</a> from lld_con_patch.o(i.lld_con_start_patch) referenced from lld_con_patch.o(i.lld_con_replace)
 <LI><a href="#[f8]">lld_con_tx_prog_patch</a> from lld_con_patch.o(i.lld_con_tx_prog_patch) referenced from lld_con_patch.o(i.lld_con_replace)
 <LI><a href="#[22]">lld_init_end_ind_handler_patch</a> from llm_init_patch.o(i.lld_init_end_ind_handler_patch) referenced 2 times from ble.o(.data)
 <LI><a href="#[fb]">lld_init_evt_canceled_cbk</a> from rom_symbol.txt(ABSOLUTE) referenced from lld_init_patch.o(i.lld_init_start_patch)
 <LI><a href="#[fc]">lld_init_evt_start_cbk_patch</a> from lld_init_patch.o(RAM_CODE) referenced from lld_init_patch.o(i.lld_init_start_patch)
 <LI><a href="#[fa]">lld_init_patch</a> from lld_patch.o(i.lld_init_patch) referenced from lld_patch.o(i.lld_init_replace)
 <LI><a href="#[fd]">lld_init_start_patch</a> from lld_init_patch.o(i.lld_init_start_patch) referenced from lld_init_patch.o(i.lld_init_start_replace)
 <LI><a href="#[18]">lld_llcp_rx_ind_handler_patch</a> from llc_llcp_patch.o(i.lld_llcp_rx_ind_handler_patch) referenced 2 times from ble.o(.data)
 <LI><a href="#[19]">lld_llcp_tx_cfm_handler_patch</a> from llc_llcp_patch.o(i.lld_llcp_tx_cfm_handler_patch) referenced 2 times from ble.o(.data)
 <LI><a href="#[1d]">lld_phy_upd_cfm_handler_patch</a> from llc_phy_upd_patch.o(i.lld_phy_upd_cfm_handler_patch) referenced 2 times from ble.o(.data)
 <LI><a href="#[101]">lld_scan_evt_start_cbk_patch</a> from lld_scan_patch.o(RAM_CODE) referenced from lld_scan_patch.o(i.lld_scan_start_func_patch)
 <LI><a href="#[fe]">lld_scan_frm_cbk_func_patch</a> from lld_scan_patch.o(RAM_CODE) referenced from lld_scan_patch.o(i.lld_scan_frm_cbk_replace)
 <LI><a href="#[ff]">lld_scan_start_func_patch</a> from lld_scan_patch.o(i.lld_scan_start_func_patch) referenced from lld_scan_patch.o(i.lld_scan_frm_cbk_replace)
 <LI><a href="#[131]">lld_supervision_to_cb</a> from rom_symbol.txt(ABSOLUTE) referenced from lld_con_patch.o(RAM_CODE)
 <LI><a href="#[12e]">lld_test_frm_cbk</a> from rom_symbol.txt(ABSOLUTE) referenced from sch_prog_patch.o(RAM_CODE)
 <LI><a href="#[23]">llm_ch_map_to_handler_patch</a> from llm_init_patch.o(i.llm_ch_map_to_handler_patch) referenced 2 times from ble.o(.data)
 <LI><a href="#[11]">llm_hci_command_handler_patch</a> from llm_hci_patch.o(i.llm_hci_command_handler_patch) referenced 2 times from ble.o(.data)
 <LI><a href="#[b6]">log_flush</a> from user_periph_setup.o(i.log_flush) referenced from user_periph_setup.o(i.app_log_assert_init)
 <LI><a href="#[12d]">lp_cali_watch_alarm_cb</a> from sch_prog_patch.o(RAM_CODE) referenced from sch_prog_patch.o(RAM_CODE)
 <LI><a href="#[a6]">main</a> from main.o(i.main) referenced from entry9a.o(.ARM.Collect$$$$0000000B)
 <LI><a href="#[a8]">main_init</a> from gr_platform.o(i.main_init) referenced from startup.o(.text)
 <LI><a href="#[3e]">malloc</a> from mallocr2.o(i.__malloc$realloc$2region) referenced 2 times from cjson.o(.data)
 <LI><a href="#[121]">pmu_calibration</a> from pmu_calibration.o(i.pmu_calibration) referenced from pmu_calibration.o(i.system_pmu_calibration_init)
 <LI><a href="#[b9]">pwr_enter_sleep_check</a> from app_pwr_mgmt.o(i.pwr_enter_sleep_check) referenced from app_pwr_mgmt.o(i.app_pwr_mgmt_init)
 <LI><a href="#[108]">pwr_mgmt_shutdown_patch</a> from sdk_pwr_mgmt_patch.o(TINY_RAM_SPACE) referenced from sdk_pwr_mgmt_patch.o(i.pwr_mgmt_shutdown_replace)
 <LI><a href="#[b8]">pwr_wake_up_ind</a> from app_pwr_mgmt.o(RAM_CODE) referenced from app_pwr_mgmt.o(i.app_pwr_mgmt_init)
 <LI><a href="#[40]">realloc</a> from mallocr2.o(i.__realloc$2region) referenced 2 times from cjson.o(.data)
 <LI><a href="#[109]">rf_init_patch</a> from rf_gdx_patch.o(i.rf_init_patch) referenced from rf_gdx_patch.o(i.rf_gdx_replace)
 <LI><a href="#[d0]">rf_recalibrate</a> from rom_symbol.txt(ABSOLUTE) referenced from system_sdk_patch.o(i.ble_stack_inner_init)
 <LI><a href="#[10c]">rf_txpwr_cs_get_patch</a> from rf_gdx_patch.o(i.rf_txpwr_cs_get_patch) referenced from rf_gdx_patch.o(i.rf_init_patch)
 <LI><a href="#[10b]">rf_txpwr_dbm_get_patch</a> from rf_gdx_patch.o(i.rf_txpwr_dbm_get_patch) referenced from rf_gdx_patch.o(i.rf_init_patch)
 <LI><a href="#[10a]">rf_wakeup_init_patch</a> from rf_gdx_patch.o(RAM_CODE) referenced from rf_gdx_patch.o(i.rf_gdx_replace)
 <LI><a href="#[10d]">rom_callback_patch</a> from rwip_sleep_common.o(RAM_CODE) referenced from rwip_sleep_common.o(i.rom_callback_replace)
 <LI><a href="#[c9]">rwip_us_2_lpcycles</a> from rom_symbol.txt(ABSOLUTE) referenced from system_sdk_patch.o(i.ble_stack_inner_init)
 <LI><a href="#[116]">sch_arb_event_start_isr_patch</a> from sch_arb_patch.o(RAM_CODE) referenced from sch_arb_patch.o(i.sch_arb_replace)
 <LI><a href="#[115]">sch_arb_insert_patch</a> from sch_arb_patch.o(RAM_CODE) referenced from sch_arb_patch.o(i.sch_arb_replace)
 <LI><a href="#[118]">sch_prog_activity_isr_patch</a> from sch_prog_patch.o(RAM_CODE) referenced from sch_prog_patch.o(i.sch_prog_frm_cbk_replace)
 <LI><a href="#[11a]">sch_prog_push_func_patch</a> from sch_prog_patch.o(RAM_CODE) referenced from sch_prog_patch.o(i.sch_prog_frm_cbk_replace)
 <LI><a href="#[83]">sec_rcv_enc_ind_cb</a> from ble_event_patch.o(i.sec_rcv_enc_ind_cb) referenced 2 times from ble_event_patch.o(.data)
 <LI><a href="#[82]">sec_rcv_enc_req_cb</a> from ble_event_patch.o(i.sec_rcv_enc_req_cb) referenced 2 times from ble_event_patch.o(.data)
 <LI><a href="#[2a]">sec_rcv_encrypt_req_ind_handler_patch</a> from ble_sdk_sec_patch.o(i.sec_rcv_encrypt_req_ind_handler_patch) referenced 2 times from ble.o(.data)
 <LI><a href="#[85]">sec_rcv_key_missing_cb</a> from ble_event_patch.o(i.sec_rcv_key_missing_cb) referenced 2 times from ble_event_patch.o(.data)
 <LI><a href="#[84]">sec_rcv_keypress_notify_cb</a> from ble_event_patch.o(i.sec_rcv_keypress_notify_cb) referenced 2 times from ble_event_patch.o(.data)
 <LI><a href="#[28]">sec_rcv_sec_req_ind_handler_patch</a> from ble_sdk_sec_patch.o(i.sec_rcv_sec_req_ind_handler_patch) referenced 2 times from ble.o(.data)
 <LI><a href="#[cc]">set_sdk_schedule_event</a> from rom_symbol.txt(ABSOLUTE) referenced from system_sdk_patch.o(i.ble_stack_inner_init)
 <LI><a href="#[11e]">smpc_handle_enc_change_evt_func_patch</a> from smpc_patch.o(i.smpc_handle_enc_change_evt_func_patch) referenced from smpc_patch.o(i.smpc_handle_enc_change_evt_func_replace)
 <LI><a href="#[105]">sys_context_restore_func</a> from platform_sys_context.o(RAM_CODE) referenced from platform_sdk.o(i.platform_sdk_init)
 <LI><a href="#[104]">sys_context_save_func</a> from platform_sys_context.o(RAM_CODE) referenced from platform_sdk.o(i.platform_sdk_init)
 <LI><a href="#[12b]">system_platform_init</a> from gr_platform.o(i.system_platform_init) referenced from gr_platform.o(.init_array)
 <LI><a href="#[4a]">uart_at_adv_param_set</a> from at_cmd_handler.o(i.uart_at_adv_param_set) referenced 2 times from at_cmd_handler.o(.data)
 <LI><a href="#[4b]">uart_at_adv_start</a> from at_cmd_handler.o(i.uart_at_adv_start) referenced 2 times from at_cmd_handler.o(.data)
 <LI><a href="#[4c]">uart_at_adv_stop</a> from at_cmd_handler.o(i.uart_at_adv_stop) referenced 2 times from at_cmd_handler.o(.data)
 <LI><a href="#[43]">uart_at_app_reset</a> from at_cmd_handler.o(i.uart_at_app_reset) referenced 2 times from at_cmd_handler.o(.data)
 <LI><a href="#[44]">uart_at_baud_set</a> from at_cmd_handler.o(i.uart_at_baud_set) referenced 2 times from at_cmd_handler.o(.data)
 <LI><a href="#[45]">uart_at_bd_addr_get</a> from at_cmd_handler.o(i.uart_at_bd_addr_get) referenced 2 times from at_cmd_handler.o(.data)
 <LI><a href="#[52]">uart_at_conn_cancle</a> from at_cmd_handler.o(i.uart_at_conn_cancle) referenced 2 times from at_cmd_handler.o(.data)
 <LI><a href="#[51]">uart_at_conn_init</a> from at_cmd_handler.o(i.uart_at_conn_init) referenced 2 times from at_cmd_handler.o(.data)
 <LI><a href="#[50]">uart_at_conn_param_set</a> from at_cmd_handler.o(i.uart_at_conn_param_set) referenced 2 times from at_cmd_handler.o(.data)
 <LI><a href="#[53]">uart_at_disconnect</a> from at_cmd_handler.o(i.uart_at_disconnect) referenced 2 times from at_cmd_handler.o(.data)
 <LI><a href="#[48]">uart_at_gap_name_get</a> from at_cmd_handler.o(i.uart_at_gap_name_get) referenced 2 times from at_cmd_handler.o(.data)
 <LI><a href="#[49]">uart_at_gap_name_set</a> from at_cmd_handler.o(i.uart_at_gap_name_set) referenced 2 times from at_cmd_handler.o(.data)
 <LI><a href="#[46]">uart_at_gap_role_get</a> from at_cmd_handler.o(i.uart_at_gap_role_get) referenced 2 times from at_cmd_handler.o(.data)
 <LI><a href="#[47]">uart_at_gap_role_set</a> from at_cmd_handler.o(i.uart_at_gap_role_set) referenced 2 times from at_cmd_handler.o(.data)
 <LI><a href="#[54]">uart_at_mtu_exchange</a> from at_cmd_handler.o(i.uart_at_mtu_exchange) referenced 2 times from at_cmd_handler.o(.data)
 <LI><a href="#[4d]">uart_at_scan_param_set</a> from at_cmd_handler.o(i.uart_at_scan_param_set) referenced 2 times from at_cmd_handler.o(.data)
 <LI><a href="#[4e]">uart_at_scan_start</a> from at_cmd_handler.o(i.uart_at_scan_start) referenced 2 times from at_cmd_handler.o(.data)
 <LI><a href="#[4f]">uart_at_scan_stop</a> from at_cmd_handler.o(i.uart_at_scan_stop) referenced 2 times from at_cmd_handler.o(.data)
 <LI><a href="#[56]">uart_at_sensor_rx_clr</a> from at_cmd_handler.o(i.uart_at_sensor_rx_clr) referenced 2 times from at_cmd_handler.o(.data)
 <LI><a href="#[55]">uart_at_sensor_rx_get</a> from at_cmd_handler.o(i.uart_at_sensor_rx_get) referenced 2 times from at_cmd_handler.o(.data)
 <LI><a href="#[41]">uart_at_test</a> from at_cmd_handler.o(i.uart_at_test) referenced 2 times from at_cmd_handler.o(.data)
 <LI><a href="#[42]">uart_at_version_get</a> from at_cmd_handler.o(i.uart_at_version_get) referenced 2 times from at_cmd_handler.o(.data)
 <LI><a href="#[df]">uart_dma_error</a> from rom_symbol.txt(ABSOLUTE) referenced from gr55xx_hal_uart_patch.o(i.hal_uart_receive_dma)
 <LI><a href="#[de]">uart_dma_receive_cplt</a> from rom_symbol.txt(ABSOLUTE) referenced from gr55xx_hal_uart_patch.o(i.hal_uart_receive_dma)
 <LI><a href="#[129]">uart_prepare_for_sleep</a> from app_uart.o(i.uart_prepare_for_sleep) referenced from app_uart.o(.constdata)
 <LI><a href="#[b7]">uart_tx_data_send</a> from user_periph_setup.o(i.uart_tx_data_send) referenced from user_periph_setup.o(i.app_log_assert_init)
 <LI><a href="#[12a]">uart_wake_up_ind</a> from app_uart.o(RAM_CODE) referenced from app_uart.o(.constdata)
 <LI><a href="#[106]">ultra_wfi</a> from rom_symbol.txt(ABSOLUTE) referenced from platform_sdk.o(i.platform_sdk_init)
 <LI><a href="#[124]">user_at_cmd_callback</a> from at_cmd_handler.o(i.user_at_cmd_callback) referenced from at_cmd_handler.o(i.uart_at_init)
 <LI><a href="#[126]">user_at_cmd_timeout_check</a> from at_cmd_handler.o(i.user_at_cmd_timeout_check) referenced from at_cmd_handler.o(i.user_at_cmd_timing_start)
 <LI><a href="#[123]">user_at_cmd_timing_start</a> from at_cmd_handler.o(i.user_at_cmd_timing_start) referenced from at_cmd_handler.o(i.uart_at_init)
</UL>
<P>
<H3>
Global Symbols
</H3>
<P><STRONG><a name="[49b]"></a>bl1_srand</STRONG> (Thumb, 0 bytes, Stack size 0 bytes, rom_symbol.txt(ABSOLUTE))
<BR><BR>[Called By]<UL><LI><a href="#[28a]">&gt;&gt;</a>&nbsp;&nbsp;&nbsp;rand_seed_gen (via Veneer)
</UL>

<P><STRONG><a name="[163]"></a>assert_err</STRONG> (Thumb, 0 bytes, Stack size 0 bytes, rom_symbol.txt(ABSOLUTE))
<BR><BR>[Called By]<UL><LI><a href="#[39]">&gt;&gt;</a>&nbsp;&nbsp;&nbsp;hci_le_ext_create_con_cmd_handler_patch (via Veneer)
<LI><a href="#[bf]">&gt;&gt;</a>&nbsp;&nbsp;&nbsp;ke_task_schedule_patch (via Veneer)
<LI><a href="#[d6]">&gt;&gt;</a>&nbsp;&nbsp;&nbsp;gapm_init_connection_ind_func_patch (via Veneer)
<LI><a href="#[e6]">&gt;&gt;</a>&nbsp;&nbsp;&nbsp;llc_pref_param_compute_func_patch (via Veneer)
<LI><a href="#[c5]">&gt;&gt;</a>&nbsp;&nbsp;&nbsp;gap_init_fsm_next_func_patch (via Veneer)
<LI><a href="#[fd]">&gt;&gt;</a>&nbsp;&nbsp;&nbsp;lld_init_start_patch (via Veneer)
<LI><a href="#[fc]">&gt;&gt;</a>&nbsp;&nbsp;&nbsp;lld_init_evt_start_cbk_patch
<LI><a href="#[11e]">&gt;&gt;</a>&nbsp;&nbsp;&nbsp;smpc_handle_enc_change_evt_func_patch (via Veneer)
<LI><a href="#[f8]">&gt;&gt;</a>&nbsp;&nbsp;&nbsp;lld_con_tx_prog_patch (via Veneer)
<LI><a href="#[42b]">&gt;&gt;</a>&nbsp;&nbsp;&nbsp;lld_con_max_lat_calc_patch (via Veneer)
<LI><a href="#[f9]">&gt;&gt;</a>&nbsp;&nbsp;&nbsp;lld_con_evt_start_cbk_patch
<LI><a href="#[ff]">&gt;&gt;</a>&nbsp;&nbsp;&nbsp;lld_scan_start_func_patch (via Veneer)
<LI><a href="#[100]">&gt;&gt;</a>&nbsp;&nbsp;&nbsp;lld_adv_start_func_patch (via Veneer)
<LI><a href="#[555]">&gt;&gt;</a>&nbsp;&nbsp;&nbsp;lld_scan_frm_rx_isr_patch
<LI><a href="#[550]">&gt;&gt;</a>&nbsp;&nbsp;&nbsp;lld_scan_process_pkt_rx_patch
<LI><a href="#[201]">&gt;&gt;</a>&nbsp;&nbsp;&nbsp;rwble_reset_recovery (via Veneer)
<LI><a href="#[116]">&gt;&gt;</a>&nbsp;&nbsp;&nbsp;sch_arb_event_start_isr_patch
<LI><a href="#[bd]">&gt;&gt;</a>&nbsp;&nbsp;&nbsp;hci_send_2_controller_patch (via Veneer)
<LI><a href="#[110]">&gt;&gt;</a>&nbsp;&nbsp;&nbsp;BLESLEEP_IRQHandler_patch
<LI><a href="#[578]">&gt;&gt;</a>&nbsp;&nbsp;&nbsp;ble_rwip_wakeup_patch
<LI><a href="#[161]">&gt;&gt;</a>&nbsp;&nbsp;&nbsp;BLESLP_Handler_without_stack_init (via Veneer)
<LI><a href="#[420]">&gt;&gt;</a>&nbsp;&nbsp;&nbsp;lld_adv_pkt_rx_patch (via Veneer)
<LI><a href="#[41a]">&gt;&gt;</a>&nbsp;&nbsp;&nbsp;lld_adv_frm_isr_patch (via Veneer)
</UL>

<P><STRONG><a name="[3b6]"></a>assert_param</STRONG> (Thumb, 0 bytes, Stack size 0 bytes, rom_symbol.txt(ABSOLUTE))
<BR><BR>[Called By]<UL><LI><a href="#[24]">&gt;&gt;</a>&nbsp;&nbsp;&nbsp;hci_nb_cmp_pkts_evt_handler_patch (via Veneer)
<LI><a href="#[39]">&gt;&gt;</a>&nbsp;&nbsp;&nbsp;hci_le_ext_create_con_cmd_handler_patch (via Veneer)
<LI><a href="#[bf]">&gt;&gt;</a>&nbsp;&nbsp;&nbsp;ke_task_schedule_patch (via Veneer)
<LI><a href="#[e7]">&gt;&gt;</a>&nbsp;&nbsp;&nbsp;llc_rem_con_upd_proc_continue_patch (via Veneer)
<LI><a href="#[fe]">&gt;&gt;</a>&nbsp;&nbsp;&nbsp;lld_scan_frm_cbk_func_patch
<LI><a href="#[556]">&gt;&gt;</a>&nbsp;&nbsp;&nbsp;lld_scan_frm_eof_isr_patch
<LI><a href="#[54b]">&gt;&gt;</a>&nbsp;&nbsp;&nbsp;rwble_isr_patch
<LI><a href="#[e8]">&gt;&gt;</a>&nbsp;&nbsp;&nbsp;llc_rem_encrypt_proc_continue_patch (via Veneer)
<LI><a href="#[41a]">&gt;&gt;</a>&nbsp;&nbsp;&nbsp;lld_adv_frm_isr_patch (via Veneer)
<LI><a href="#[f3]">&gt;&gt;</a>&nbsp;&nbsp;&nbsp;lld_adv_frm_cbk_func_patch (via Veneer)
</UL>

<P><STRONG><a name="[3cb]"></a>assert_warn</STRONG> (Thumb, 0 bytes, Stack size 0 bytes, rom_symbol.txt(ABSOLUTE))
<BR><BR>[Called By]<UL><LI><a href="#[bf]">&gt;&gt;</a>&nbsp;&nbsp;&nbsp;ke_task_schedule_patch (via Veneer)
<LI><a href="#[e7]">&gt;&gt;</a>&nbsp;&nbsp;&nbsp;llc_rem_con_upd_proc_continue_patch (via Veneer)
<LI><a href="#[bd]">&gt;&gt;</a>&nbsp;&nbsp;&nbsp;hci_send_2_controller_patch (via Veneer)
</UL>

<P><STRONG><a name="[3dc]"></a>attc_l2cc_pdu_recv_handler</STRONG> (Thumb, 0 bytes, Stack size 0 bytes, rom_symbol.txt(ABSOLUTE))
<BR><BR>[Called By]<UL><LI><a href="#[14]">&gt;&gt;</a>&nbsp;&nbsp;&nbsp;l2cc_pdu_recv_ind_handler_patch (via Veneer)
</UL>

<P><STRONG><a name="[346]"></a>attm_att_set_value</STRONG> (Thumb, 0 bytes, Stack size 0 bytes, rom_symbol.txt(ABSOLUTE))
<BR><BR>[Called By]<UL><LI><a href="#[31]">&gt;&gt;</a>&nbsp;&nbsp;&nbsp;gapm_set_dev_config_cmd_handler_patch (via Veneer)
</UL>

<P><STRONG><a name="[345]"></a>attm_att_update_perm</STRONG> (Thumb, 0 bytes, Stack size 0 bytes, rom_symbol.txt(ABSOLUTE))
<BR><BR>[Called By]<UL><LI><a href="#[31]">&gt;&gt;</a>&nbsp;&nbsp;&nbsp;gapm_set_dev_config_cmd_handler_patch (via Veneer)
</UL>

<P><STRONG><a name="[343]"></a>attmdb_destroy</STRONG> (Thumb, 0 bytes, Stack size 0 bytes, rom_symbol.txt(ABSOLUTE))
<BR><BR>[Called By]<UL><LI><a href="#[31]">&gt;&gt;</a>&nbsp;&nbsp;&nbsp;gapm_set_dev_config_cmd_handler_patch (via Veneer)
</UL>

<P><STRONG><a name="[1ee]"></a>attmdb_get_attribute</STRONG> (Thumb, 0 bytes, Stack size 0 bytes, rom_symbol.txt(ABSOLUTE))
<BR><BR>[Called By]<UL><LI><a href="#[1ed]">&gt;&gt;</a>&nbsp;&nbsp;&nbsp;attm_update_max_len (via Veneer)
</UL>

<P><STRONG><a name="[1ef]"></a>attmdb_uuid16_comp</STRONG> (Thumb, 0 bytes, Stack size 0 bytes, rom_symbol.txt(ABSOLUTE))
<BR><BR>[Called By]<UL><LI><a href="#[1ed]">&gt;&gt;</a>&nbsp;&nbsp;&nbsp;attm_update_max_len (via Veneer)
</UL>

<P><STRONG><a name="[1fa]"></a>atts_clear_read_cache</STRONG> (Thumb, 0 bytes, Stack size 0 bytes, rom_symbol.txt(ABSOLUTE))
<BR><BR>[Called By]<UL><LI><a href="#[a0]">&gt;&gt;</a>&nbsp;&nbsp;&nbsp;atts_read_mult_req_patch (via Veneer)
</UL>

<P><STRONG><a name="[a5]"></a>atts_execute_write_req</STRONG> (Thumb, 0 bytes, Stack size 0 bytes, rom_symbol.txt(ABSOLUTE), UNUSED)
<BR>[Address Reference Count : 1]<UL><LI> atts_patch.o(.data)
</UL>
<P><STRONG><a name="[9b]"></a>atts_find_by_type_req</STRONG> (Thumb, 0 bytes, Stack size 0 bytes, rom_symbol.txt(ABSOLUTE), UNUSED)
<BR>[Address Reference Count : 1]<UL><LI> atts_patch.o(.data)
</UL>
<P><STRONG><a name="[9a]"></a>atts_find_info_req</STRONG> (Thumb, 0 bytes, Stack size 0 bytes, rom_symbol.txt(ABSOLUTE), UNUSED)
<BR>[Address Reference Count : 1]<UL><LI> atts_patch.o(.data)
</UL>
<P><STRONG><a name="[1f7]"></a>atts_get_att_chk_perm</STRONG> (Thumb, 0 bytes, Stack size 0 bytes, rom_symbol.txt(ABSOLUTE))
<BR><BR>[Called By]<UL><LI><a href="#[a0]">&gt;&gt;</a>&nbsp;&nbsp;&nbsp;atts_read_mult_req_patch (via Veneer)
</UL>

<P><STRONG><a name="[1f8]"></a>atts_get_value</STRONG> (Thumb, 0 bytes, Stack size 0 bytes, rom_symbol.txt(ABSOLUTE))
<BR><BR>[Called By]<UL><LI><a href="#[a0]">&gt;&gt;</a>&nbsp;&nbsp;&nbsp;atts_read_mult_req_patch (via Veneer)
</UL>

<P><STRONG><a name="[1f1]"></a>atts_hdl_value_cfm</STRONG> (Thumb, 0 bytes, Stack size 0 bytes, rom_symbol.txt(ABSOLUTE))
<BR><BR>[Called By]<UL><LI><a href="#[1f0]">&gt;&gt;</a>&nbsp;&nbsp;&nbsp;atts_l2cc_pdu_recv_handler_patch (via Veneer)
</UL>

<P><STRONG><a name="[99]"></a>atts_mtu_exc_req</STRONG> (Thumb, 0 bytes, Stack size 0 bytes, rom_symbol.txt(ABSOLUTE), UNUSED)
<BR>[Address Reference Count : 1]<UL><LI> atts_patch.o(.data)
</UL>
<P><STRONG><a name="[a4]"></a>atts_prepare_write_req</STRONG> (Thumb, 0 bytes, Stack size 0 bytes, rom_symbol.txt(ABSOLUTE), UNUSED)
<BR>[Address Reference Count : 1]<UL><LI> atts_patch.o(.data)
</UL>
<P><STRONG><a name="[1f4]"></a>atts_process_pdu</STRONG> (Thumb, 0 bytes, Stack size 0 bytes, rom_symbol.txt(ABSOLUTE))
<BR><BR>[Called By]<UL><LI><a href="#[1f0]">&gt;&gt;</a>&nbsp;&nbsp;&nbsp;atts_l2cc_pdu_recv_handler_patch (via Veneer)
</UL>

<P><STRONG><a name="[9f]"></a>atts_read_blob_req</STRONG> (Thumb, 0 bytes, Stack size 0 bytes, rom_symbol.txt(ABSOLUTE), UNUSED)
<BR>[Address Reference Count : 1]<UL><LI> atts_patch.o(.data)
</UL>
<P><STRONG><a name="[9d]"></a>atts_read_by_grp_type_req</STRONG> (Thumb, 0 bytes, Stack size 0 bytes, rom_symbol.txt(ABSOLUTE), UNUSED)
<BR>[Address Reference Count : 1]<UL><LI> atts_patch.o(.data)
</UL>
<P><STRONG><a name="[9c]"></a>atts_read_by_type_req</STRONG> (Thumb, 0 bytes, Stack size 0 bytes, rom_symbol.txt(ABSOLUTE), UNUSED)
<BR>[Address Reference Count : 1]<UL><LI> atts_patch.o(.data)
</UL>
<P><STRONG><a name="[9e]"></a>atts_read_req</STRONG> (Thumb, 0 bytes, Stack size 0 bytes, rom_symbol.txt(ABSOLUTE), UNUSED)
<BR>[Address Reference Count : 1]<UL><LI> atts_patch.o(.data)
</UL>
<P><STRONG><a name="[1fd]"></a>atts_send_error</STRONG> (Thumb, 0 bytes, Stack size 0 bytes, rom_symbol.txt(ABSOLUTE))
<BR><BR>[Called By]<UL><LI><a href="#[a0]">&gt;&gt;</a>&nbsp;&nbsp;&nbsp;atts_read_mult_req_patch (via Veneer)
</UL>

<P><STRONG><a name="[1fc]"></a>atts_send_pdu</STRONG> (Thumb, 0 bytes, Stack size 0 bytes, rom_symbol.txt(ABSOLUTE))
<BR><BR>[Called By]<UL><LI><a href="#[a0]">&gt;&gt;</a>&nbsp;&nbsp;&nbsp;atts_read_mult_req_patch (via Veneer)
</UL>

<P><STRONG><a name="[a1]"></a>atts_write_cmd</STRONG> (Thumb, 0 bytes, Stack size 0 bytes, rom_symbol.txt(ABSOLUTE), UNUSED)
<BR>[Address Reference Count : 1]<UL><LI> atts_patch.o(.data)
</UL>
<P><STRONG><a name="[a2]"></a>atts_write_req</STRONG> (Thumb, 0 bytes, Stack size 0 bytes, rom_symbol.txt(ABSOLUTE), UNUSED)
<BR>[Address Reference Count : 1]<UL><LI> atts_patch.o(.data)
</UL>
<P><STRONG><a name="[a3]"></a>atts_write_signed</STRONG> (Thumb, 0 bytes, Stack size 0 bytes, rom_symbol.txt(ABSOLUTE), UNUSED)
<BR>[Address Reference Count : 1]<UL><LI> atts_patch.o(.data)
</UL>
<P><STRONG><a name="[537]"></a>ble_get_role_and_cs_idx_from_et</STRONG> (Thumb, 0 bytes, Stack size 0 bytes, rom_symbol.txt(ABSOLUTE))
<BR><BR>[Called By]<UL><LI><a href="#[118]">&gt;&gt;</a>&nbsp;&nbsp;&nbsp;sch_prog_activity_isr_patch
</UL>

<P><STRONG><a name="[3ca]"></a>ble_util_buf_acl_tx_free</STRONG> (Thumb, 0 bytes, Stack size 0 bytes, rom_symbol.txt(ABSOLUTE))
<BR><BR>[Called By]<UL><LI><a href="#[bd]">&gt;&gt;</a>&nbsp;&nbsp;&nbsp;hci_send_2_controller_patch (via Veneer)
</UL>

<P><STRONG><a name="[43e]"></a>ble_util_buf_adv_tx_free</STRONG> (Thumb, 0 bytes, Stack size 0 bytes, rom_symbol.txt(ABSOLUTE))
<BR><BR>[Called By]<UL><LI><a href="#[421]">&gt;&gt;</a>&nbsp;&nbsp;&nbsp;lld_try_to_free_old_buffer (via Veneer)
</UL>

<P><STRONG><a name="[418]"></a>ble_util_buf_rx_free</STRONG> (Thumb, 0 bytes, Stack size 0 bytes, rom_symbol.txt(ABSOLUTE))
<BR><BR>[Called By]<UL><LI><a href="#[18]">&gt;&gt;</a>&nbsp;&nbsp;&nbsp;lld_llcp_rx_ind_handler_patch (via Veneer)
<LI><a href="#[1a]">&gt;&gt;</a>&nbsp;&nbsp;&nbsp;lld_acl_rx_ind_handler_patch (via Veneer)
</UL>

<P><STRONG><a name="[3b3]"></a>co_bdaddr_compare</STRONG> (Thumb, 0 bytes, Stack size 0 bytes, rom_symbol.txt(ABSOLUTE))
<BR><BR>[Called By]<UL><LI><a href="#[3b]">&gt;&gt;</a>&nbsp;&nbsp;&nbsp;hci_le_set_ext_scan_en_cmd_handler_patch (via Veneer)
<LI><a href="#[39]">&gt;&gt;</a>&nbsp;&nbsp;&nbsp;hci_le_ext_create_con_cmd_handler_patch (via Veneer)
<LI><a href="#[420]">&gt;&gt;</a>&nbsp;&nbsp;&nbsp;lld_adv_pkt_rx_patch (via Veneer)
</UL>

<P><STRONG><a name="[43c]"></a>co_list_extract</STRONG> (Thumb, 0 bytes, Stack size 0 bytes, rom_symbol.txt(ABSOLUTE))
<BR><BR>[Called By]<UL><LI><a href="#[431]">&gt;&gt;</a>&nbsp;&nbsp;&nbsp;lld_scan_discard_last_rx_buff (via Veneer)
</UL>

<P><STRONG><a name="[43b]"></a>co_list_find</STRONG> (Thumb, 0 bytes, Stack size 0 bytes, rom_symbol.txt(ABSOLUTE))
<BR><BR>[Called By]<UL><LI><a href="#[431]">&gt;&gt;</a>&nbsp;&nbsp;&nbsp;lld_scan_discard_last_rx_buff (via Veneer)
<LI><a href="#[52d]">&gt;&gt;</a>&nbsp;&nbsp;&nbsp;lp_cali_watch_alarm_start
</UL>

<P><STRONG><a name="[33d]"></a>co_list_pop_front</STRONG> (Thumb, 0 bytes, Stack size 0 bytes, rom_symbol.txt(ABSOLUTE))
<BR><BR>[Called By]<UL><LI><a href="#[15]">&gt;&gt;</a>&nbsp;&nbsp;&nbsp;gattc_cmp_evt_handler_patch (via Veneer)
<LI><a href="#[d7]">&gt;&gt;</a>&nbsp;&nbsp;&nbsp;gapm_scan_send_adv_report_ind_func_patch (via Veneer)
<LI><a href="#[bf]">&gt;&gt;</a>&nbsp;&nbsp;&nbsp;ke_task_schedule_patch (via Veneer)
<LI><a href="#[116]">&gt;&gt;</a>&nbsp;&nbsp;&nbsp;sch_arb_event_start_isr_patch
</UL>

<P><STRONG><a name="[1f3]"></a>co_list_push_back</STRONG> (Thumb, 0 bytes, Stack size 0 bytes, rom_symbol.txt(ABSOLUTE))
<BR><BR>[Called By]<UL><LI><a href="#[bf]">&gt;&gt;</a>&nbsp;&nbsp;&nbsp;ke_task_schedule_patch (via Veneer)
<LI><a href="#[1f0]">&gt;&gt;</a>&nbsp;&nbsp;&nbsp;atts_l2cc_pdu_recv_handler_patch (via Veneer)
<LI><a href="#[a0]">&gt;&gt;</a>&nbsp;&nbsp;&nbsp;atts_read_mult_req_patch (via Veneer)
<LI><a href="#[116]">&gt;&gt;</a>&nbsp;&nbsp;&nbsp;sch_arb_event_start_isr_patch
</UL>

<P><STRONG><a name="[358]"></a>co_list_push_front</STRONG> (Thumb, 0 bytes, Stack size 0 bytes, rom_symbol.txt(ABSOLUTE))
<BR><BR>[Called By]<UL><LI><a href="#[15]">&gt;&gt;</a>&nbsp;&nbsp;&nbsp;gattc_cmp_evt_handler_patch (via Veneer)
</UL>

<P><STRONG><a name="[1f5]"></a>co_list_size</STRONG> (Thumb, 0 bytes, Stack size 0 bytes, rom_symbol.txt(ABSOLUTE))
<BR><BR>[Called By]<UL><LI><a href="#[a0]">&gt;&gt;</a>&nbsp;&nbsp;&nbsp;atts_read_mult_req_patch (via Veneer)
</UL>

<P><STRONG><a name="[441]"></a>co_nb_good_le_channels</STRONG> (Thumb, 0 bytes, Stack size 0 bytes, rom_symbol.txt(ABSOLUTE))
<BR><BR>[Called By]<UL><LI><a href="#[43f]">&gt;&gt;</a>&nbsp;&nbsp;&nbsp;llm_ch_map_update_patch (via Veneer)
</UL>

<P><STRONG><a name="[427]"></a>connect_req_is_consistent_spec</STRONG> (Thumb, 0 bytes, Stack size 0 bytes, rom_symbol.txt(ABSOLUTE))
<BR><BR>[Called By]<UL><LI><a href="#[420]">&gt;&gt;</a>&nbsp;&nbsp;&nbsp;lld_adv_pkt_rx_patch (via Veneer)
</UL>

<P><STRONG><a name="[189]"></a>dbg_log_printf</STRONG> (Thumb, 0 bytes, Stack size 0 bytes, rom_symbol.txt(ABSOLUTE))
<BR><BR>[Called By]<UL><LI><a href="#[45c]">&gt;&gt;</a>&nbsp;&nbsp;&nbsp;nvds_init (via Veneer)
<LI><a href="#[1ac]">&gt;&gt;</a>&nbsp;&nbsp;&nbsp;nvds_put (via Veneer)
<LI><a href="#[28]">&gt;&gt;</a>&nbsp;&nbsp;&nbsp;sec_rcv_sec_req_ind_handler_patch (via Veneer)
<LI><a href="#[2a]">&gt;&gt;</a>&nbsp;&nbsp;&nbsp;sec_rcv_encrypt_req_ind_handler_patch (via Veneer)
<LI><a href="#[14]">&gt;&gt;</a>&nbsp;&nbsp;&nbsp;l2cc_pdu_recv_ind_handler_patch (via Veneer)
<LI><a href="#[27]">&gt;&gt;</a>&nbsp;&nbsp;&nbsp;gap_disconnect_ind_handler_patch (via Veneer)
<LI><a href="#[26]">&gt;&gt;</a>&nbsp;&nbsp;&nbsp;gap_connection_req_ind_handler_patch (via Veneer)
<LI><a href="#[29]">&gt;&gt;</a>&nbsp;&nbsp;&nbsp;gap_cmp_evt_handler_patch (via Veneer)
<LI><a href="#[f]">&gt;&gt;</a>&nbsp;&nbsp;&nbsp;gap_activity_stopped_ind_handler_patch (via Veneer)
<LI><a href="#[2d]">&gt;&gt;</a>&nbsp;&nbsp;&nbsp;ble_sdk_gatts_svc_changed_cfg_ind_handler_patch (via Veneer)
<LI><a href="#[211]">&gt;&gt;</a>&nbsp;&nbsp;&nbsp;ble_gap_adv_start (via Veneer)
<LI><a href="#[244]">&gt;&gt;</a>&nbsp;&nbsp;&nbsp;ble_gap_connect (via Veneer)
<LI><a href="#[1f0]">&gt;&gt;</a>&nbsp;&nbsp;&nbsp;atts_l2cc_pdu_recv_handler_patch (via Veneer)
<LI><a href="#[27c]">&gt;&gt;</a>&nbsp;&nbsp;&nbsp;gatt_find_item_patch (via Veneer)
<LI><a href="#[215]">&gt;&gt;</a>&nbsp;&nbsp;&nbsp;nvds_del (via Veneer)
<LI><a href="#[1e2]">&gt;&gt;</a>&nbsp;&nbsp;&nbsp;write_item (via Veneer)
<LI><a href="#[2d6]">&gt;&gt;</a>&nbsp;&nbsp;&nbsp;write_compacted_items (via Veneer)
<LI><a href="#[45f]">&gt;&gt;</a>&nbsp;&nbsp;&nbsp;replace_item (via Veneer)
<LI><a href="#[3d4]">&gt;&gt;</a>&nbsp;&nbsp;&nbsp;init_used_nvds (via Veneer)
<LI><a href="#[3d3]">&gt;&gt;</a>&nbsp;&nbsp;&nbsp;init_unused_nvds (via Veneer)
<LI><a href="#[1e1]">&gt;&gt;</a>&nbsp;&nbsp;&nbsp;compact_nvds (via Veneer)
<LI><a href="#[1df]">&gt;&gt;</a>&nbsp;&nbsp;&nbsp;append_item (via Veneer)
<LI><a href="#[304]">&gt;&gt;</a>&nbsp;&nbsp;&nbsp;gatt_on_connection_func_patch (via Veneer)
<LI><a href="#[30c]">&gt;&gt;</a>&nbsp;&nbsp;&nbsp;init_ltk_list (via Veneer)
<LI><a href="#[c5]">&gt;&gt;</a>&nbsp;&nbsp;&nbsp;gap_init_fsm_next_func_patch (via Veneer)
<LI><a href="#[27f]">&gt;&gt;</a>&nbsp;&nbsp;&nbsp;sec_check_conn_bond_patch (via Veneer)
<LI><a href="#[a0]">&gt;&gt;</a>&nbsp;&nbsp;&nbsp;atts_read_mult_req_patch (via Veneer)
<LI><a href="#[187]">&gt;&gt;</a>&nbsp;&nbsp;&nbsp;add_ltk_item (via Veneer)
<LI><a href="#[11b]">&gt;&gt;</a>&nbsp;&nbsp;&nbsp;gattc_write_req_ind_handler_patch (via Veneer)
<LI><a href="#[d8]">&gt;&gt;</a>&nbsp;&nbsp;&nbsp;gatt_on_disconnection_func_patch (via Veneer)
<LI><a href="#[34a]">&gt;&gt;</a>&nbsp;&nbsp;&nbsp;gatt_clear_cccd_patch (via Veneer)
<LI><a href="#[352]">&gt;&gt;</a>&nbsp;&nbsp;&nbsp;gatt_remove_item_patch (via Veneer)
<LI><a href="#[c6]">&gt;&gt;</a>&nbsp;&nbsp;&nbsp;ble_sdk_init_patch (via Veneer)
<LI><a href="#[d2]">&gt;&gt;</a>&nbsp;&nbsp;&nbsp;gapm_adv_check_param_func_patch (via Veneer)
</UL>

<P><STRONG><a name="[509]"></a>exflash_check_id</STRONG> (Thumb, 0 bytes, Stack size 0 bytes, rom_symbol.txt(ABSOLUTE))
<BR><BR>[Called By]<UL><LI><a href="#[120]">&gt;&gt;</a>&nbsp;&nbsp;&nbsp;hal_exflash_write
<LI><a href="#[11f]">&gt;&gt;</a>&nbsp;&nbsp;&nbsp;hal_exflash_erase
<LI><a href="#[504]">&gt;&gt;</a>&nbsp;&nbsp;&nbsp;hal_exflash_warm_init
<LI><a href="#[476]">&gt;&gt;</a>&nbsp;&nbsp;&nbsp;platform_exflash_enable_quad
</UL>

<P><STRONG><a name="[518]"></a>exflash_deepsleep</STRONG> (Thumb, 0 bytes, Stack size 0 bytes, rom_symbol.txt(ABSOLUTE))
<BR><BR>[Called By]<UL><LI><a href="#[120]">&gt;&gt;</a>&nbsp;&nbsp;&nbsp;hal_exflash_write
<LI><a href="#[11f]">&gt;&gt;</a>&nbsp;&nbsp;&nbsp;hal_exflash_erase
<LI><a href="#[569]">&gt;&gt;</a>&nbsp;&nbsp;&nbsp;hal_exflash_deepsleep_patch
<LI><a href="#[476]">&gt;&gt;</a>&nbsp;&nbsp;&nbsp;platform_exflash_enable_quad
</UL>

<P><STRONG><a name="[512]"></a>exflash_enable_write</STRONG> (Thumb, 0 bytes, Stack size 0 bytes, rom_symbol.txt(ABSOLUTE))
<BR><BR>[Called By]<UL><LI><a href="#[513]">&gt;&gt;</a>&nbsp;&nbsp;&nbsp;enable_quad_mode1
<LI><a href="#[511]">&gt;&gt;</a>&nbsp;&nbsp;&nbsp;enable_quad_mode2
</UL>

<P><STRONG><a name="[566]"></a>exflash_erase_chip</STRONG> (Thumb, 0 bytes, Stack size 0 bytes, rom_symbol.txt(ABSOLUTE))
<BR><BR>[Called By]<UL><LI><a href="#[11f]">&gt;&gt;</a>&nbsp;&nbsp;&nbsp;hal_exflash_erase
</UL>

<P><STRONG><a name="[567]"></a>exflash_erase_sector</STRONG> (Thumb, 0 bytes, Stack size 0 bytes, rom_symbol.txt(ABSOLUTE))
<BR><BR>[Called By]<UL><LI><a href="#[11f]">&gt;&gt;</a>&nbsp;&nbsp;&nbsp;hal_exflash_erase
</UL>

<P><STRONG><a name="[565]"></a>exflash_page_program</STRONG> (Thumb, 0 bytes, Stack size 0 bytes, rom_symbol.txt(ABSOLUTE))
<BR><BR>[Called By]<UL><LI><a href="#[120]">&gt;&gt;</a>&nbsp;&nbsp;&nbsp;hal_exflash_write
</UL>

<P><STRONG><a name="[56c]"></a>exflash_resume</STRONG> (Thumb, 0 bytes, Stack size 0 bytes, rom_symbol.txt(ABSOLUTE))
<BR><BR>[Called By]<UL><LI><a href="#[54e]">&gt;&gt;</a>&nbsp;&nbsp;&nbsp;hal_exflash_resume
</UL>

<P><STRONG><a name="[56b]"></a>exflash_suspend</STRONG> (Thumb, 0 bytes, Stack size 0 bytes, rom_symbol.txt(ABSOLUTE))
<BR><BR>[Called By]<UL><LI><a href="#[54d]">&gt;&gt;</a>&nbsp;&nbsp;&nbsp;hal_exflash_suspend
</UL>

<P><STRONG><a name="[510]"></a>exflash_wait_busy</STRONG> (Thumb, 0 bytes, Stack size 0 bytes, rom_symbol.txt(ABSOLUTE))
<BR><BR>[Called By]<UL><LI><a href="#[513]">&gt;&gt;</a>&nbsp;&nbsp;&nbsp;enable_quad_mode1
<LI><a href="#[511]">&gt;&gt;</a>&nbsp;&nbsp;&nbsp;enable_quad_mode2
<LI><a href="#[50d]">&gt;&gt;</a>&nbsp;&nbsp;&nbsp;enable_quad_xmc
</UL>

<P><STRONG><a name="[507]"></a>exflash_wakeup</STRONG> (Thumb, 0 bytes, Stack size 0 bytes, rom_symbol.txt(ABSOLUTE))
<BR><BR>[Called By]<UL><LI><a href="#[120]">&gt;&gt;</a>&nbsp;&nbsp;&nbsp;hal_exflash_write
<LI><a href="#[11f]">&gt;&gt;</a>&nbsp;&nbsp;&nbsp;hal_exflash_erase
<LI><a href="#[504]">&gt;&gt;</a>&nbsp;&nbsp;&nbsp;hal_exflash_warm_init
<LI><a href="#[56a]">&gt;&gt;</a>&nbsp;&nbsp;&nbsp;hal_exflash_wakeup_patch
<LI><a href="#[476]">&gt;&gt;</a>&nbsp;&nbsp;&nbsp;platform_exflash_enable_quad
</UL>

<P><STRONG><a name="[515]"></a>exflash_write_status</STRONG> (Thumb, 0 bytes, Stack size 0 bytes, rom_symbol.txt(ABSOLUTE))
<BR><BR>[Called By]<UL><LI><a href="#[514]">&gt;&gt;</a>&nbsp;&nbsp;&nbsp;enable_quad_mode0
<LI><a href="#[56f]">&gt;&gt;</a>&nbsp;&nbsp;&nbsp;hal_exflash_write_status_reg
</UL>

<P><STRONG><a name="[593]"></a>force_dpad_le_high</STRONG> (Thumb, 0 bytes, Stack size 0 bytes, rom_symbol.txt(ABSOLUTE))
<BR><BR>[Called By]<UL><LI><a href="#[105]">&gt;&gt;</a>&nbsp;&nbsp;&nbsp;sys_context_restore_func
</UL>

<P><STRONG><a name="[3b8]"></a>gapc_get_conidx</STRONG> (Thumb, 0 bytes, Stack size 0 bytes, rom_symbol.txt(ABSOLUTE))
<BR><BR>[Called By]<UL><LI><a href="#[24]">&gt;&gt;</a>&nbsp;&nbsp;&nbsp;hci_nb_cmp_pkts_evt_handler_patch (via Veneer)
<LI><a href="#[31e]">&gt;&gt;</a>&nbsp;&nbsp;&nbsp;hci_le_ltk_request_evt_handler_patch (via Veneer)
</UL>

<P><STRONG><a name="[39c]"></a>gapc_get_dest_task</STRONG> (Thumb, 0 bytes, Stack size 0 bytes, rom_symbol.txt(ABSOLUTE))
<BR><BR>[Called By]<UL><LI><a href="#[31f]">&gt;&gt;</a>&nbsp;&nbsp;&nbsp;hci_disc_cmp_evt_handler_patch (via Veneer)
<LI><a href="#[11e]">&gt;&gt;</a>&nbsp;&nbsp;&nbsp;smpc_handle_enc_change_evt_func_patch (via Veneer)
</UL>

<P><STRONG><a name="[3b9]"></a>gapc_get_operation</STRONG> (Thumb, 0 bytes, Stack size 0 bytes, rom_symbol.txt(ABSOLUTE))
<BR><BR>[Called By]<UL><LI><a href="#[31e]">&gt;&gt;</a>&nbsp;&nbsp;&nbsp;hci_le_ltk_request_evt_handler_patch (via Veneer)
<LI><a href="#[11e]">&gt;&gt;</a>&nbsp;&nbsp;&nbsp;smpc_handle_enc_change_evt_func_patch (via Veneer)
</UL>

<P><STRONG><a name="[4c2]"></a>gapc_link_encrypted</STRONG> (Thumb, 0 bytes, Stack size 0 bytes, rom_symbol.txt(ABSOLUTE))
<BR><BR>[Called By]<UL><LI><a href="#[11e]">&gt;&gt;</a>&nbsp;&nbsp;&nbsp;smpc_handle_enc_change_evt_func_patch (via Veneer)
</UL>

<P><STRONG><a name="[4c1]"></a>gapc_send_complete_evt</STRONG> (Thumb, 0 bytes, Stack size 0 bytes, rom_symbol.txt(ABSOLUTE))
<BR><BR>[Called By]<UL><LI><a href="#[11e]">&gt;&gt;</a>&nbsp;&nbsp;&nbsp;smpc_handle_enc_change_evt_func_patch (via Veneer)
</UL>

<P><STRONG><a name="[39d]"></a>gapc_send_disconect_ind</STRONG> (Thumb, 0 bytes, Stack size 0 bytes, rom_symbol.txt(ABSOLUTE))
<BR><BR>[Called By]<UL><LI><a href="#[31f]">&gt;&gt;</a>&nbsp;&nbsp;&nbsp;hci_disc_cmp_evt_handler_patch (via Veneer)
</UL>

<P><STRONG><a name="[39e]"></a>gapc_send_error_evt</STRONG> (Thumb, 0 bytes, Stack size 0 bytes, rom_symbol.txt(ABSOLUTE))
<BR><BR>[Called By]<UL><LI><a href="#[31f]">&gt;&gt;</a>&nbsp;&nbsp;&nbsp;hci_disc_cmp_evt_handler_patch (via Veneer)
</UL>

<P><STRONG><a name="[32f]"></a>gapc_set_local_addr</STRONG> (Thumb, 0 bytes, Stack size 0 bytes, rom_symbol.txt(ABSOLUTE))
<BR><BR>[Called By]<UL><LI><a href="#[d6]">&gt;&gt;</a>&nbsp;&nbsp;&nbsp;gapm_init_connection_ind_func_patch (via Veneer)
</UL>

<P><STRONG><a name="[4c0]"></a>gapc_update_state</STRONG> (Thumb, 0 bytes, Stack size 0 bytes, rom_symbol.txt(ABSOLUTE))
<BR><BR>[Called By]<UL><LI><a href="#[11e]">&gt;&gt;</a>&nbsp;&nbsp;&nbsp;smpc_handle_enc_change_evt_func_patch (via Veneer)
</UL>

<P><STRONG><a name="[336]"></a>gapm_actv_alloc</STRONG> (Thumb, 0 bytes, Stack size 0 bytes, rom_symbol.txt(ABSOLUTE))
<BR><BR>[Called By]<UL><LI><a href="#[326]">&gt;&gt;</a>&nbsp;&nbsp;&nbsp;gapm_init_create_patch (via Veneer)
</UL>

<P><STRONG><a name="[321]"></a>gapm_actv_check_create_param</STRONG> (Thumb, 0 bytes, Stack size 0 bytes, rom_symbol.txt(ABSOLUTE))
<BR><BR>[Called By]<UL><LI><a href="#[2f]">&gt;&gt;</a>&nbsp;&nbsp;&nbsp;gapm_activity_create_cmd_handler_patch (via Veneer)
</UL>

<P><STRONG><a name="[338]"></a>gapm_actv_created</STRONG> (Thumb, 0 bytes, Stack size 0 bytes, rom_symbol.txt(ABSOLUTE))
<BR><BR>[Called By]<UL><LI><a href="#[326]">&gt;&gt;</a>&nbsp;&nbsp;&nbsp;gapm_init_create_patch (via Veneer)
</UL>

<P><STRONG><a name="[322]"></a>gapm_actv_get_free_idx</STRONG> (Thumb, 0 bytes, Stack size 0 bytes, rom_symbol.txt(ABSOLUTE))
<BR><BR>[Called By]<UL><LI><a href="#[2f]">&gt;&gt;</a>&nbsp;&nbsp;&nbsp;gapm_activity_create_cmd_handler_patch (via Veneer)
</UL>

<P><STRONG><a name="[3a9]"></a>gapm_actv_retrieve_cmd_cmp_evt</STRONG> (Thumb, 0 bytes, Stack size 0 bytes, rom_symbol.txt(ABSOLUTE))
<BR><BR>[Called By]<UL><LI><a href="#[3d]">&gt;&gt;</a>&nbsp;&nbsp;&nbsp;hci_le_cmd_cmp_evt_scan_handler_patch (via Veneer)
<LI><a href="#[3c]">&gt;&gt;</a>&nbsp;&nbsp;&nbsp;hci_le_cmd_cmp_evt_init_handler_patch (via Veneer)
</UL>

<P><STRONG><a name="[3d0]"></a>gapm_actv_started</STRONG> (Thumb, 0 bytes, Stack size 0 bytes, rom_symbol.txt(ABSOLUTE))
<BR><BR>[Called By]<UL><LI><a href="#[3ad]">&gt;&gt;</a>&nbsp;&nbsp;&nbsp;scan_hci_le_cmd_cmp_evt_starting_handler_patch (via Veneer)
<LI><a href="#[3aa]">&gt;&gt;</a>&nbsp;&nbsp;&nbsp;init_hci_le_cmd_cmp_evt_starting_handler_patch (via Veneer)
</UL>

<P><STRONG><a name="[323]"></a>gapm_adv_create</STRONG> (Thumb, 0 bytes, Stack size 0 bytes, rom_symbol.txt(ABSOLUTE))
<BR><BR>[Called By]<UL><LI><a href="#[2f]">&gt;&gt;</a>&nbsp;&nbsp;&nbsp;gapm_activity_create_cmd_handler_patch (via Veneer)
</UL>

<P><STRONG><a name="[39f]"></a>gapm_con_cleanup</STRONG> (Thumb, 0 bytes, Stack size 0 bytes, rom_symbol.txt(ABSOLUTE))
<BR><BR>[Called By]<UL><LI><a href="#[31f]">&gt;&gt;</a>&nbsp;&nbsp;&nbsp;hci_disc_cmp_evt_handler_patch (via Veneer)
</UL>

<P><STRONG><a name="[342]"></a>gapm_dle_val_check</STRONG> (Thumb, 0 bytes, Stack size 0 bytes, rom_symbol.txt(ABSOLUTE))
<BR><BR>[Called By]<UL><LI><a href="#[31]">&gt;&gt;</a>&nbsp;&nbsp;&nbsp;gapm_set_dev_config_cmd_handler_patch (via Veneer)
</UL>

<P><STRONG><a name="[32e]"></a>gapm_get_address_type</STRONG> (Thumb, 0 bytes, Stack size 0 bytes, rom_symbol.txt(ABSOLUTE))
<BR><BR>[Called By]<UL><LI><a href="#[326]">&gt;&gt;</a>&nbsp;&nbsp;&nbsp;gapm_init_create_patch (via Veneer)
<LI><a href="#[d6]">&gt;&gt;</a>&nbsp;&nbsp;&nbsp;gapm_init_connection_ind_func_patch (via Veneer)
</UL>

<P><STRONG><a name="[328]"></a>gapm_get_att_handle</STRONG> (Thumb, 0 bytes, Stack size 0 bytes, rom_symbol.txt(ABSOLUTE))
<BR><BR>[Called By]<UL><LI><a href="#[31]">&gt;&gt;</a>&nbsp;&nbsp;&nbsp;gapm_set_dev_config_cmd_handler_patch (via Veneer)
<LI><a href="#[e]">&gt;&gt;</a>&nbsp;&nbsp;&nbsp;gapm_cmp_evt_handler_patch (via Veneer)
</UL>

<P><STRONG><a name="[337]"></a>gapm_get_requester</STRONG> (Thumb, 0 bytes, Stack size 0 bytes, rom_symbol.txt(ABSOLUTE))
<BR><BR>[Called By]<UL><LI><a href="#[326]">&gt;&gt;</a>&nbsp;&nbsp;&nbsp;gapm_init_create_patch (via Veneer)
</UL>

<P><STRONG><a name="[344]"></a>gapm_init_attr</STRONG> (Thumb, 0 bytes, Stack size 0 bytes, rom_symbol.txt(ABSOLUTE))
<BR><BR>[Called By]<UL><LI><a href="#[31]">&gt;&gt;</a>&nbsp;&nbsp;&nbsp;gapm_set_dev_config_cmd_handler_patch (via Veneer)
</UL>

<P><STRONG><a name="[339]"></a>gapm_init_check_param</STRONG> (Thumb, 0 bytes, Stack size 0 bytes, rom_symbol.txt(ABSOLUTE))
<BR><BR>[Called By]<UL><LI><a href="#[d3]">&gt;&gt;</a>&nbsp;&nbsp;&nbsp;gapm_init_start_patch (via Veneer)
</UL>

<P><STRONG><a name="[d5]"></a>gapm_init_delete</STRONG> (Thumb, 0 bytes, Stack size 0 bytes, rom_symbol.txt(ABSOLUTE), UNUSED)
<BR>[Address Reference Count : 1]<UL><LI> gapm_init_patch.o(i.gapm_init_create_patch)
</UL>
<P><STRONG><a name="[33b]"></a>gapm_init_send_hci_le_create_con_cancel_cmd</STRONG> (Thumb, 0 bytes, Stack size 0 bytes, rom_symbol.txt(ABSOLUTE))
<BR><BR>[Called By]<UL><LI><a href="#[d4]">&gt;&gt;</a>&nbsp;&nbsp;&nbsp;gapm_init_stop_patch (via Veneer)
</UL>

<P><STRONG><a name="[333]"></a>gapm_init_send_hci_le_ext_create_con_cmd</STRONG> (Thumb, 0 bytes, Stack size 0 bytes, rom_symbol.txt(ABSOLUTE))
<BR><BR>[Called By]<UL><LI><a href="#[d3]">&gt;&gt;</a>&nbsp;&nbsp;&nbsp;gapm_init_start_patch (via Veneer)
<LI><a href="#[d6]">&gt;&gt;</a>&nbsp;&nbsp;&nbsp;gapm_init_connection_ind_func_patch (via Veneer)
</UL>

<P><STRONG><a name="[334]"></a>gapm_init_stopped</STRONG> (Thumb, 0 bytes, Stack size 0 bytes, rom_symbol.txt(ABSOLUTE))
<BR><BR>[Called By]<UL><LI><a href="#[d6]">&gt;&gt;</a>&nbsp;&nbsp;&nbsp;gapm_init_connection_ind_func_patch (via Veneer)
<LI><a href="#[3aa]">&gt;&gt;</a>&nbsp;&nbsp;&nbsp;init_hci_le_cmd_cmp_evt_starting_handler_patch (via Veneer)
</UL>

<P><STRONG><a name="[335]"></a>gapm_is_addr_type_valid</STRONG> (Thumb, 0 bytes, Stack size 0 bytes, rom_symbol.txt(ABSOLUTE))
<BR><BR>[Called By]<UL><LI><a href="#[326]">&gt;&gt;</a>&nbsp;&nbsp;&nbsp;gapm_init_create_patch (via Veneer)
</UL>

<P><STRONG><a name="[349]"></a>gapm_le_psm_cleanup</STRONG> (Thumb, 0 bytes, Stack size 0 bytes, rom_symbol.txt(ABSOLUTE))
<BR><BR>[Called By]<UL><LI><a href="#[31]">&gt;&gt;</a>&nbsp;&nbsp;&nbsp;gapm_set_dev_config_cmd_handler_patch (via Veneer)
</UL>

<P><STRONG><a name="[325]"></a>gapm_per_sync_create</STRONG> (Thumb, 0 bytes, Stack size 0 bytes, rom_symbol.txt(ABSOLUTE))
<BR><BR>[Called By]<UL><LI><a href="#[2f]">&gt;&gt;</a>&nbsp;&nbsp;&nbsp;gapm_activity_create_cmd_handler_patch (via Veneer)
</UL>

<P><STRONG><a name="[320]"></a>gapm_process_op</STRONG> (Thumb, 0 bytes, Stack size 0 bytes, rom_symbol.txt(ABSOLUTE))
<BR><BR>[Called By]<UL><LI><a href="#[31]">&gt;&gt;</a>&nbsp;&nbsp;&nbsp;gapm_set_dev_config_cmd_handler_patch (via Veneer)
<LI><a href="#[2f]">&gt;&gt;</a>&nbsp;&nbsp;&nbsp;gapm_activity_create_cmd_handler_patch (via Veneer)
</UL>

<P><STRONG><a name="[324]"></a>gapm_scan_create</STRONG> (Thumb, 0 bytes, Stack size 0 bytes, rom_symbol.txt(ABSOLUTE))
<BR><BR>[Called By]<UL><LI><a href="#[2f]">&gt;&gt;</a>&nbsp;&nbsp;&nbsp;gapm_activity_create_cmd_handler_patch (via Veneer)
</UL>

<P><STRONG><a name="[1f6]"></a>gattc_get_mtu</STRONG> (Thumb, 0 bytes, Stack size 0 bytes, rom_symbol.txt(ABSOLUTE))
<BR><BR>[Called By]<UL><LI><a href="#[a0]">&gt;&gt;</a>&nbsp;&nbsp;&nbsp;atts_read_mult_req_patch (via Veneer)
</UL>

<P><STRONG><a name="[355]"></a>gattc_get_operation_ptr</STRONG> (Thumb, 0 bytes, Stack size 0 bytes, rom_symbol.txt(ABSOLUTE))
<BR><BR>[Called By]<UL><LI><a href="#[15]">&gt;&gt;</a>&nbsp;&nbsp;&nbsp;gattc_cmp_evt_handler_patch (via Veneer)
</UL>

<P><STRONG><a name="[357]"></a>gattc_get_requester</STRONG> (Thumb, 0 bytes, Stack size 0 bytes, rom_symbol.txt(ABSOLUTE))
<BR><BR>[Called By]<UL><LI><a href="#[15]">&gt;&gt;</a>&nbsp;&nbsp;&nbsp;gattc_cmp_evt_handler_patch (via Veneer)
</UL>

<P><STRONG><a name="[359]"></a>gattc_send_complete_evt</STRONG> (Thumb, 0 bytes, Stack size 0 bytes, rom_symbol.txt(ABSOLUTE))
<BR><BR>[Called By]<UL><LI><a href="#[15]">&gt;&gt;</a>&nbsp;&nbsp;&nbsp;gattc_cmp_evt_handler_patch (via Veneer)
</UL>

<P><STRONG><a name="[347]"></a>gattm_init_attr</STRONG> (Thumb, 0 bytes, Stack size 0 bytes, rom_symbol.txt(ABSOLUTE))
<BR><BR>[Called By]<UL><LI><a href="#[31]">&gt;&gt;</a>&nbsp;&nbsp;&nbsp;gapm_set_dev_config_cmd_handler_patch (via Veneer)
</UL>

<P><STRONG><a name="[379]"></a>hal_aon_gpio_br_callback</STRONG> (Thumb, 0 bytes, Stack size 0 bytes, rom_symbol.txt(ABSOLUTE))
<BR><BR>[Called By]<UL><LI><a href="#[377]">&gt;&gt;</a>&nbsp;&nbsp;&nbsp;hal_aon_gpio_irq_handler (via Veneer)
</UL>

<P><STRONG><a name="[374]"></a>hal_aon_gpio_register_callback</STRONG> (Thumb, 0 bytes, Stack size 0 bytes, rom_symbol.txt(ABSOLUTE))
<BR><BR>[Called By]<UL><LI><a href="#[1a0]">&gt;&gt;</a>&nbsp;&nbsp;&nbsp;hal_aon_gpio_init (via Veneer)
</UL>

<P><STRONG><a name="[2eb]"></a>hal_dma_get_state</STRONG> (Thumb, 0 bytes, Stack size 0 bytes, rom_symbol.txt(ABSOLUTE))
<BR><BR>[Called By]<UL><LI><a href="#[127]">&gt;&gt;</a>&nbsp;&nbsp;&nbsp;dma_prepare_for_sleep (via Veneer)
</UL>

<P><STRONG><a name="[4f4]"></a>hal_dma_irq_handler</STRONG> (Thumb, 0 bytes, Stack size 0 bytes, rom_symbol.txt(ABSOLUTE))
<BR><BR>[Called By]<UL><LI><a href="#[b0]">&gt;&gt;</a>&nbsp;&nbsp;&nbsp;DMA_IRQHandler
</UL>

<P><STRONG><a name="[4f5]"></a>hal_dma_resume_reg</STRONG> (Thumb, 0 bytes, Stack size 0 bytes, rom_symbol.txt(ABSOLUTE))
<BR><BR>[Called By]<UL><LI><a href="#[128]">&gt;&gt;</a>&nbsp;&nbsp;&nbsp;dma_wake_up_ind
</UL>

<P><STRONG><a name="[39b]"></a>hal_dma_start_it</STRONG> (Thumb, 0 bytes, Stack size 0 bytes, rom_symbol.txt(ABSOLUTE))
<BR><BR>[Called By]<UL><LI><a href="#[1ce]">&gt;&gt;</a>&nbsp;&nbsp;&nbsp;hal_uart_receive_dma
</UL>

<P><STRONG><a name="[2ec]"></a>hal_dma_suspend_reg</STRONG> (Thumb, 0 bytes, Stack size 0 bytes, rom_symbol.txt(ABSOLUTE))
<BR><BR>[Called By]<UL><LI><a href="#[127]">&gt;&gt;</a>&nbsp;&nbsp;&nbsp;dma_prepare_for_sleep
</UL>

<P><STRONG><a name="[4cc]"></a>hal_efuse_read</STRONG> (Thumb, 0 bytes, Stack size 0 bytes, rom_symbol.txt(ABSOLUTE))
<BR><BR>[Called By]<UL><LI><a href="#[3cf]">&gt;&gt;</a>&nbsp;&nbsp;&nbsp;sys_get_efuse_io_ldo
[...]
</UL>

<P><STRONG><a name="[556]"></a>lld_scan_frm_eof_isr_patch</STRONG> (Thumb, 290 bytes, Stack size 48 bytes, lld_scan_patch.o(RAM_CODE))
<BR><BR>[Stack]<UL><LI>Max Depth = 140<LI>Call Chain = lld_scan_frm_eof_isr_patch &rArr; lld_scan_process_pkt_rx_patch &rArr; memcmp
</UL>
<BR>[Calls]<UL><LI><a href="#[3b6]">&gt;&gt;</a>&nbsp;&nbsp;&nbsp;assert_param
<LI><a href="#[41c]">&gt;&gt;</a>&nbsp;&nbsp;&nbsp;sch_arb_remove
<LI><a href="#[558]">&gt;&gt;</a>&nbsp;&nbsp;&nbsp;lld_scan_trunc_ind
<LI><a href="#[557]">&gt;&gt;</a>&nbsp;&nbsp;&nbsp;lld_scan_end
<LI><a href="#[41d]">&gt;&gt;</a>&nbsp;&nbsp;&nbsp;lld_rxdesc_free
<LI><a href="#[41e]">&gt;&gt;</a>&nbsp;&nbsp;&nbsp;lld_rxdesc_check
<LI><a href="#[550]">&gt;&gt;</a>&nbsp;&nbsp;&nbsp;lld_scan_process_pkt_rx_patch
</UL>
<BR>[Called By]<UL><LI><a href="#[fe]">&gt;&gt;</a>&nbsp;&nbsp;&nbsp;lld_scan_frm_cbk_func_patch
</UL>

<P><STRONG><a name="[fe]"></a>lld_scan_frm_cbk_func_patch</STRONG> (Thumb, 160 bytes, Stack size 16 bytes, lld_scan_patch.o(RAM_CODE))
<BR><BR>[Stack]<UL><LI>Max Depth = 156<LI>Call Chain = lld_scan_frm_cbk_func_patch &rArr; lld_scan_frm_eof_isr_patch &rArr; lld_scan_process_pkt_rx_patch &rArr; memcmp
</UL>
<BR>[Calls]<UL><LI><a href="#[3b6]">&gt;&gt;</a>&nbsp;&nbsp;&nbsp;assert_param
<LI><a href="#[559]">&gt;&gt;</a>&nbsp;&nbsp;&nbsp;lld_scan_frm_skip_isr
<LI><a href="#[556]">&gt;&gt;</a>&nbsp;&nbsp;&nbsp;lld_scan_frm_eof_isr_patch
<LI><a href="#[555]">&gt;&gt;</a>&nbsp;&nbsp;&nbsp;lld_scan_frm_rx_isr_patch
</UL>
<BR>[Address Reference Count : 1]<UL><LI> lld_scan_patch.o(i.lld_scan_frm_cbk_replace)
</UL>
<P><STRONG><a name="[a0]"></a>atts_read_mult_req_patch</STRONG> (Thumb, 376 bytes, Stack size 56 bytes, atts_patch.o(i.atts_read_mult_req_patch))
<BR><BR>[Stack]<UL><LI>Max Depth = 56<LI>Call Chain = atts_read_mult_req_patch
</UL>
<BR>[Calls]<UL><LI><a href="#[189]">&gt;&gt;</a>&nbsp;&nbsp;&nbsp;dbg_log_printf (via Veneer)
<LI><a href="#[1f9]">&gt;&gt;</a>&nbsp;&nbsp;&nbsp;ke_malloc
<LI><a href="#[1f6]">&gt;&gt;</a>&nbsp;&nbsp;&nbsp;gattc_get_mtu (via Veneer)
<LI><a href="#[1f5]">&gt;&gt;</a>&nbsp;&nbsp;&nbsp;co_list_size (via Veneer)
<LI><a href="#[1f3]">&gt;&gt;</a>&nbsp;&nbsp;&nbsp;co_list_push_back (via Veneer)
<LI><a href="#[1fc]">&gt;&gt;</a>&nbsp;&nbsp;&nbsp;atts_send_pdu (via Veneer)
<LI><a href="#[1fd]">&gt;&gt;</a>&nbsp;&nbsp;&nbsp;atts_send_error (via Veneer)
<LI><a href="#[1f8]">&gt;&gt;</a>&nbsp;&nbsp;&nbsp;atts_get_value (via Veneer)
<LI><a href="#[1f7]">&gt;&gt;</a>&nbsp;&nbsp;&nbsp;atts_get_att_chk_perm (via Veneer)
<LI><a href="#[1fa]">&gt;&gt;</a>&nbsp;&nbsp;&nbsp;atts_clear_read_cache (via Veneer)
<LI><a href="#[1fb]">&gt;&gt;</a>&nbsp;&nbsp;&nbsp;l2cc_pdu_alloc
<LI><a href="#[18a]">&gt;&gt;</a>&nbsp;&nbsp;&nbsp;__aeabi_memcpy
</UL>
<BR>[Address Reference Count : 1]<UL><LI> atts_patch.o(.data)
</UL>
<P><STRONG><a name="[3de]"></a>get_conn_idx_by_id</STRONG> (Thumb, 42 bytes, Stack size 12 bytes, l2cm_patch.o(i.get_conn_idx_by_id))
<BR><BR>[Stack]<UL><LI>Max Depth = 12<LI>Call Chain = get_conn_idx_by_id
</UL>
<BR>[Called By]<UL><LI><a href="#[e2]">&gt;&gt;</a>&nbsp;&nbsp;&nbsp;l2cm_l2cap_tx_handler_patch
</UL>

<P><STRONG><a name="[e2]"></a>l2cm_l2cap_tx_handler_patch</STRONG> (Thumb, 148 bytes, Stack size 32 bytes, l2cm_patch.o(i.l2cm_l2cap_tx_handler_patch))
<BR><BR>[Stack]<UL><LI>Max Depth = 44<LI>Call Chain = l2cm_l2cap_tx_handler_patch &rArr; get_conn_idx_by_id
</UL>
<BR>[Calls]<UL><LI><a href="#[3c8]">&gt;&gt;</a>&nbsp;&nbsp;&nbsp;ke_event_set
<LI><a href="#[3db]">&gt;&gt;</a>&nbsp;&nbsp;&nbsp;ke_event_clear
<LI><a href="#[3de]">&gt;&gt;</a>&nbsp;&nbsp;&nbsp;get_conn_idx_by_id
</UL>
<BR>[Address Reference Count : 1]<UL><LI> l2cm_patch.o(i.l2cm_l2cap_tx_handler_replace)
</UL>
<P><STRONG><a name="[421]"></a>lld_try_to_free_old_buffer</STRONG> (Thumb, 56 bytes, Stack size 0 bytes, lld_adv_patch.o(i.lld_try_to_free_old_buffer))
<BR><BR>[Calls]<UL><LI><a href="#[43e]">&gt;&gt;</a>&nbsp;&nbsp;&nbsp;ble_util_buf_adv_tx_free (via Veneer)
</UL>
<BR>[Called By]<UL><LI><a href="#[41a]">&gt;&gt;</a>&nbsp;&nbsp;&nbsp;lld_adv_frm_isr_patch
</UL>

<P><STRONG><a name="[3e6]"></a>ll_aon_gpio_set_pin_mode</STRONG> (Thumb, 36 bytes, Stack size 8 bytes, gr55xx_ll_aon_gpio_patch.o(i.ll_aon_gpio_set_pin_mode))
<BR><BR>[Stack]<UL><LI>Max Depth = 8<LI>Call Chain = ll_aon_gpio_set_pin_mode
</UL>
<BR>[Called By]<UL><LI><a href="#[376]">&gt;&gt;</a>&nbsp;&nbsp;&nbsp;ll_aon_gpio_init
</UL>

<P><STRONG><a name="[3ef]"></a>ll_dma_is_enabled_channel</STRONG> (Thumb, 20 bytes, Stack size 0 bytes, gr55xx_ll_dma_patch.o(i.ll_dma_is_enabled_channel))
<BR><BR>[Called By]<UL><LI><a href="#[37b]">&gt;&gt;</a>&nbsp;&nbsp;&nbsp;ll_dma_init
</UL>

<P><STRONG><a name="[3f0]"></a>ll_msio_set_pin_mode</STRONG> (Thumb, 42 bytes, Stack size 8 bytes, gr55xx_ll_msio_patch.o(i.ll_msio_set_pin_mode))
<BR><BR>[Stack]<UL><LI>Max Depth = 8<LI>Call Chain = ll_msio_set_pin_mode
</UL>
<BR>[Called By]<UL><LI><a href="#[387]">&gt;&gt;</a>&nbsp;&nbsp;&nbsp;ll_msio_init
</UL>

<P><STRONG><a name="[d1]"></a>get_info</STRONG> (Thumb, 70 bytes, Stack size 16 bytes, dfu_cmd_handler_patch.o(i.get_info))
<BR><BR>[Stack]<UL><LI>Max Depth = 16<LI>Call Chain = get_info
</UL>
<BR>[Calls]<UL><LI><a href="#[35e]">&gt;&gt;</a>&nbsp;&nbsp;&nbsp;dfu_send_frame
</UL>
<BR>[Address Reference Count : 1]<UL><LI> dfu_cmd_handler_patch.o(i.dfu_cmd_handler_replace)
</UL>
<P><STRONG><a name="[162]"></a>__NVIC_ClearPendingIRQ</STRONG> (Thumb, 26 bytes, Stack size 0 bytes, rwip_sleep_common.o(i.__NVIC_ClearPendingIRQ))
<BR><BR>[Called By]<UL><LI><a href="#[299]">&gt;&gt;</a>&nbsp;&nbsp;&nbsp;ble_sleep_successfully_without_stack_init
<LI><a href="#[168]">&gt;&gt;</a>&nbsp;&nbsp;&nbsp;BLE_SDK_IRQ_Handler_without_stack_init
<LI><a href="#[161]">&gt;&gt;</a>&nbsp;&nbsp;&nbsp;BLESLP_Handler_without_stack_init
</UL>

<P><STRONG><a name="[167]"></a>__NVIC_DisableIRQ</STRONG> (Thumb, 34 bytes, Stack size 0 bytes, rwip_sleep_common.o(i.__NVIC_DisableIRQ))
<BR><BR>[Called By]<UL><LI><a href="#[168]">&gt;&gt;</a>&nbsp;&nbsp;&nbsp;BLE_SDK_IRQ_Handler_without_stack_init
<LI><a href="#[166]">&gt;&gt;</a>&nbsp;&nbsp;&nbsp;BLE_IRQ_Handler_without_stack_init
</UL>

<P><STRONG><a name="[574]"></a>__NVIC_GetPendingIRQ</STRONG> (Thumb, 40 bytes, Stack size 0 bytes, rwip_sleep_common.o(i.__NVIC_GetPendingIRQ))
<BR><BR>[Called By]<UL><LI><a href="#[50c]">&gt;&gt;</a>&nbsp;&nbsp;&nbsp;rom_cbk_execute
<LI><a href="#[29d]">&gt;&gt;</a>&nbsp;&nbsp;&nbsp;ble_is_in_sleep_state
</UL>

<P><STRONG><a name="[579]"></a>__NVIC_ClearPendingIRQ</STRONG> (Thumb, 26 bytes, Stack size 0 bytes, rwip_sleep_patch.o(i.__NVIC_ClearPendingIRQ))
<BR><BR>[Called By]<UL><LI><a href="#[110]">&gt;&gt;</a>&nbsp;&nbsp;&nbsp;BLESLEEP_IRQHandler_patch
<LI><a href="#[580]">&gt;&gt;</a>&nbsp;&nbsp;&nbsp;ble_sleep_request
</UL>

<P><STRONG><a name="[582]"></a>__NVIC_EnableIRQ</STRONG> (Thumb, 26 bytes, Stack size 0 bytes, rwip_sleep_patch.o(i.__NVIC_EnableIRQ))
<BR><BR>[Called By]<UL><LI><a href="#[58f]">&gt;&gt;</a>&nbsp;&nbsp;&nbsp;ble_stack_is_in_active_state
<LI><a href="#[580]">&gt;&gt;</a>&nbsp;&nbsp;&nbsp;ble_sleep_request
</UL>

<P><STRONG><a name="[57f]"></a>__NVIC_SetPendingIRQ</STRONG> (Thumb, 26 bytes, Stack size 0 bytes, rwip_sleep_patch.o(i.__NVIC_SetPendingIRQ))
<BR><BR>[Called By]<UL><LI><a href="#[110]">&gt;&gt;</a>&nbsp;&nbsp;&nbsp;BLESLEEP_IRQHandler_patch
<LI><a href="#[58f]">&gt;&gt;</a>&nbsp;&nbsp;&nbsp;ble_stack_is_in_active_state
</UL>

<P><STRONG><a name="[10a]"></a>rf_wakeup_init_patch</STRONG> (Thumb, 16 bytes, Stack size 8 bytes, rf_gdx_patch.o(RAM_CODE))
<BR><BR>[Stack]<UL><LI>Max Depth = 12<LI>Call Chain = rf_wakeup_init_patch &rArr; rf_perform_enhance &rArr; rf_optimize_sxpll_LPF
</UL>
<BR>[Calls]<UL><LI><a href="#[590]">&gt;&gt;</a>&nbsp;&nbsp;&nbsp;rf_wakeup_init
<LI><a href="#[4ab]">&gt;&gt;</a>&nbsp;&nbsp;&nbsp;rf_timing_cfg
<LI><a href="#[4ac]">&gt;&gt;</a>&nbsp;&nbsp;&nbsp;rf_perform_enhance
</UL>
<BR>[Address Reference Count : 1]<UL><LI> rf_gdx_patch.o(i.rf_gdx_replace)
</UL>
<P><STRONG><a name="[2f4]"></a>get_F_value_patch</STRONG> (Thumb, 32 bytes, Stack size 0 bytes, rf_gdx_patch.o(i.get_F_value_patch))
<BR><BR>[Called By]<UL><LI><a href="#[4a7]">&gt;&gt;</a>&nbsp;&nbsp;&nbsp;rf_modulation_accuracy_calibration_patch
<LI><a href="#[2f0]">&gt;&gt;</a>&nbsp;&nbsp;&nbsp;ext_hp_gain_calibration
</UL>

<P><STRONG><a name="[109]"></a>rf_init_patch</STRONG> (Thumb, 84 bytes, Stack size 8 bytes, rf_gdx_patch.o(i.rf_init_patch))
<BR><BR>[Stack]<UL><LI>Max Depth = 360<LI>Call Chain = rf_init_patch &rArr; rf_modulation_accuracy_calibration_patch &rArr; __hardfp_round &rArr; __aeabi_dadd &rArr; _double_epilogue &rArr; _double_round
</UL>
<BR>[Calls]<UL><LI><a href="#[4aa]">&gt;&gt;</a>&nbsp;&nbsp;&nbsp;rf_trim_calibration
<LI><a href="#[4a8]">&gt;&gt;</a>&nbsp;&nbsp;&nbsp;rf_misc_init
<LI><a href="#[4a6]">&gt;&gt;</a>&nbsp;&nbsp;&nbsp;rf_em_init
<LI><a href="#[4a5]">&gt;&gt;</a>&nbsp;&nbsp;&nbsp;rf_api_init
<LI><a href="#[4a9]">&gt;&gt;</a>&nbsp;&nbsp;&nbsp;rf_agc_init
<LI><a href="#[221]">&gt;&gt;</a>&nbsp;&nbsp;&nbsp;ble_communication_core_init
<LI><a href="#[4a7]">&gt;&gt;</a>&nbsp;&nbsp;&nbsp;rf_modulation_accuracy_calibration_patch
<LI><a href="#[4a1]">&gt;&gt;</a>&nbsp;&nbsp;&nbsp;rf_hp_gain_offset_cfg
<LI><a href="#[2f0]">&gt;&gt;</a>&nbsp;&nbsp;&nbsp;ext_hp_gain_calibration
<LI><a href="#[4ab]">&gt;&gt;</a>&nbsp;&nbsp;&nbsp;rf_timing_cfg
<LI><a href="#[4ac]">&gt;&gt;</a>&nbsp;&nbsp;&nbsp;rf_perform_enhance
</UL>
<BR>[Address Reference Count : 1]<UL><LI> rf_gdx_patch.o(i.rf_gdx_replace)
</UL>
<P><STRONG><a name="[4b0]"></a>rf_tx_pw_conv_tbl_get</STRONG> (Thumb, 76 bytes, Stack size 0 bytes, rf_gdx_patch.o(i.rf_tx_pw_conv_tbl_get))
<BR><BR>[Called By]<UL><LI><a href="#[10b]">&gt;&gt;</a>&nbsp;&nbsp;&nbsp;rf_txpwr_dbm_get_patch
<LI><a href="#[10c]">&gt;&gt;</a>&nbsp;&nbsp;&nbsp;rf_txpwr_cs_get_patch
</UL>

<P><STRONG><a name="[10c]"></a>rf_txpwr_cs_get_patch</STRONG> (Thumb, 96 bytes, Stack size 16 bytes, rf_gdx_patch.o(i.rf_txpwr_cs_get_patch))
<BR><BR>[Stack]<UL><LI>Max Depth = 16<LI>Call Chain = rf_txpwr_cs_get_patch
</UL>
<BR>[Calls]<UL><LI><a href="#[4ae]">&gt;&gt;</a>&nbsp;&nbsp;&nbsp;rf_tx_mode_get
<LI><a href="#[4af]">&gt;&gt;</a>&nbsp;&nbsp;&nbsp;rf_mat_cir_get
<LI><a href="#[4b0]">&gt;&gt;</a>&nbsp;&nbsp;&nbsp;rf_tx_pw_conv_tbl_get
</UL>
<BR>[Address Reference Count : 1]<UL><LI> rf_gdx_patch.o(i.rf_init_patch)
</UL>
<P><STRONG><a name="[10b]"></a>rf_txpwr_dbm_get_patch</STRONG> (Thumb, 102 bytes, Stack size 24 bytes, rf_gdx_patch.o(i.rf_txpwr_dbm_get_patch))
<BR><BR>[Stack]<UL><LI>Max Depth = 24<LI>Call Chain = rf_txpwr_dbm_get_patch
</UL>
<BR>[Calls]<UL><LI><a href="#[4ae]">&gt;&gt;</a>&nbsp;&nbsp;&nbsp;rf_tx_mode_get
<LI><a href="#[4af]">&gt;&gt;</a>&nbsp;&nbsp;&nbsp;rf_mat_cir_get
<LI><a href="#[4b0]">&gt;&gt;</a>&nbsp;&nbsp;&nbsp;rf_tx_pw_conv_tbl_get
</UL>
<BR>[Address Reference Count : 1]<UL><LI> rf_gdx_patch.o(i.rf_init_patch)
</UL>
<P><STRONG><a name="[c6]"></a>ble_sdk_init_patch</STRONG> (Thumb, 138 bytes, Stack size 32 bytes, ble_sdk_patch.o(i.ble_sdk_init_patch))
<BR><BR>[Stack]<UL><LI>Max Depth = 448<LI>Call Chain = ble_sdk_init_patch &rArr; ble_sdk_gap_init_patch &rArr; ble_nvds_get &rArr; nvds_get &rArr; find_item &rArr; tags_cache_rec_find
</UL>
<BR>[Calls]<UL><LI><a href="#[189]">&gt;&gt;</a>&nbsp;&nbsp;&nbsp;dbg_log_printf (via Veneer)
<LI><a href="#[288]">&gt;&gt;</a>&nbsp;&nbsp;&nbsp;sdk_timer_init
<LI><a href="#[284]">&gt;&gt;</a>&nbsp;&nbsp;&nbsp;ble_sdk_sec_init
<LI><a href="#[287]">&gt;&gt;</a>&nbsp;&nbsp;&nbsp;ble_sdk_prf_init
<LI><a href="#[285]">&gt;&gt;</a>&nbsp;&nbsp;&nbsp;ble_sdk_l2cap_init
<LI><a href="#[289]">&gt;&gt;</a>&nbsp;&nbsp;&nbsp;ble_sdk_adap_config_get
<LI><a href="#[c0]">&gt;&gt;</a>&nbsp;&nbsp;&nbsp;ble_nvds_initialized
<LI><a href="#[281]">&gt;&gt;</a>&nbsp;&nbsp;&nbsp;ble_ke_task_create
<LI><a href="#[282]">&gt;&gt;</a>&nbsp;&nbsp;&nbsp;ble_ke_state_set
<LI><a href="#[286]">&gt;&gt;</a>&nbsp;&nbsp;&nbsp;ble_gatt_init
<LI><a href="#[283]">&gt;&gt;</a>&nbsp;&nbsp;&nbsp;ble_bm_init
<LI><a href="#[277]">&gt;&gt;</a>&nbsp;&nbsp;&nbsp;ble_sdk_gap_init_patch
<LI><a href="#[28a]">&gt;&gt;</a>&nbsp;&nbsp;&nbsp;rand_seed_gen
<LI><a href="#[13a]">&gt;&gt;</a>&nbsp;&nbsp;&nbsp;__aeabi_memclr
</UL>
<BR>[Address Reference Count : 1]<UL><LI> ble_sdk_patch.o(i.ble_sdk_replace)
</UL>
<P><STRONG><a name="[352]"></a>gatt_remove_item_patch</STRONG> (Thumb, 52 bytes, Stack size 16 bytes, ble_sdk_gatts_patch.o(i.gatt_remove_item_patch))
<BR><BR>[Stack]<UL><LI>Max Depth = 16<LI>Call Chain = gatt_remove_item_patch
</UL>
<BR>[Calls]<UL><LI><a href="#[189]">&gt;&gt;</a>&nbsp;&nbsp;&nbsp;dbg_log_printf (via Veneer)
<LI><a href="#[13a]">&gt;&gt;</a>&nbsp;&nbsp;&nbsp;__aeabi_memclr
</UL>
<BR>[Called By]<UL><LI><a href="#[304]">&gt;&gt;</a>&nbsp;&nbsp;&nbsp;gatt_on_connection_func_patch
<LI><a href="#[d8]">&gt;&gt;</a>&nbsp;&nbsp;&nbsp;gatt_on_disconnection_func_patch
</UL>

<P><STRONG><a name="[11b]"></a>gattc_write_req_ind_handler_patch</STRONG> (Thumb, 180 bytes, Stack size 40 bytes, ble_sdk_prf_patch.o(i.gattc_write_req_ind_handler_patch))
<BR><BR>[Stack]<UL><LI>Max Depth = 64<LI>Call Chain = gattc_write_req_ind_handler_patch &rArr; sec_check_conn_bond_patch
</UL>
<BR>[Calls]<UL><LI><a href="#[189]">&gt;&gt;</a>&nbsp;&nbsp;&nbsp;dbg_log_printf (via Veneer)
<LI><a href="#[23f]">&gt;&gt;</a>&nbsp;&nbsp;&nbsp;fpb_save_state
<LI><a href="#[243]">&gt;&gt;</a>&nbsp;&nbsp;&nbsp;fpb_load_state
<LI><a href="#[34b]">&gt;&gt;</a>&nbsp;&nbsp;&nbsp;prf_get_prf_cb_by_task_id
<LI><a href="#[35b]">&gt;&gt;</a>&nbsp;&nbsp;&nbsp;ble_prf_get_id_from_task
<LI><a href="#[34d]">&gt;&gt;</a>&nbsp;&nbsp;&nbsp;ble_attmdb_uuid16_comp
<LI><a href="#[34c]">&gt;&gt;</a>&nbsp;&nbsp;&nbsp;ble_attmdb_get_attribute
<LI><a href="#[27b]">&gt;&gt;</a>&nbsp;&nbsp;&nbsp;sec_get_bond_dev_addr
<LI><a href="#[27e]">&gt;&gt;</a>&nbsp;&nbsp;&nbsp;gatt_add_bond_cccd
<LI><a href="#[280]">&gt;&gt;</a>&nbsp;&nbsp;&nbsp;ble_bm_set_gatt_info
<LI><a href="#[27c]">&gt;&gt;</a>&nbsp;&nbsp;&nbsp;gatt_find_item_patch
<LI><a href="#[27f]">&gt;&gt;</a>&nbsp;&nbsp;&nbsp;sec_check_conn_bond_patch
</UL>
<BR>[Address Reference Count : 1]<UL><LI> ble_sdk_prf_patch.o(i.sdk_prf_msg_handler_tab_replace)
</UL>
<P><STRONG><a name="[180]"></a>ll_adc_disable_clock</STRONG> (Thumb, 26 bytes, Stack size 0 bytes, platform_adc_1.o(i.ll_adc_disable_clock))
<BR><BR>[Called By]<UL><LI><a href="#[17f]">&gt;&gt;</a>&nbsp;&nbsp;&nbsp;adc_conversion
</UL>

<P><STRONG><a name="[598]"></a>xqspi_receive_patch</STRONG> (Thumb, 260 bytes, Stack size 48 bytes, gr55xx_hal_xqspi_patch.o(RAM_CODE), UNUSED)
<BR><BR>[Calls]<UL><LI><a href="#[596]">&gt;&gt;</a>&nbsp;&nbsp;&nbsp;xqspi_wait_flag_state_until_retry
<LI><a href="#[599]">&gt;&gt;</a>&nbsp;&nbsp;&nbsp;ll_xqspi_set_qspi_datasize
</UL>
<BR>[Called By]<UL><LI><a href="#[59a]">&gt;&gt;</a>&nbsp;&nbsp;&nbsp;hal_xqspi_command_receive_patch
</UL>

<P><STRONG><a name="[599]"></a>ll_xqspi_set_qspi_datasize</STRONG> (Thumb, 16 bytes, Stack size 0 bytes, gr55xx_hal_xqspi_patch.o(RAM_CODE), UNUSED)
<BR><BR>[Called By]<UL><LI><a href="#[59d]">&gt;&gt;</a>&nbsp;&nbsp;&nbsp;xqspi_receive_align_word
<LI><a href="#[598]">&gt;&gt;</a>&nbsp;&nbsp;&nbsp;xqspi_receive_patch
</UL>

<P><STRONG><a name="[59d]"></a>xqspi_receive_align_word</STRONG> (Thumb, 154 bytes, Stack size 32 bytes, gr55xx_hal_xqspi_patch.o(RAM_CODE), UNUSED)
<BR><BR>[Calls]<UL><LI><a href="#[596]">&gt;&gt;</a>&nbsp;&nbsp;&nbsp;xqspi_wait_flag_state_until_retry
<LI><a href="#[599]">&gt;&gt;</a>&nbsp;&nbsp;&nbsp;ll_xqspi_set_qspi_datasize
</UL>
<BR>[Called By]<UL><LI><a href="#[59c]">&gt;&gt;</a>&nbsp;&nbsp;&nbsp;hal_xqspi_command_receive_align_word
</UL>

<P><STRONG><a name="[59e]"></a>ll_xqspi_disable_cache</STRONG> (Thumb, 28 bytes, Stack size 0 bytes, gr55xx_ll_xqspi_patch.o(RAM_CODE))
<BR><BR>[Called By]<UL><LI><a href="#[597]">&gt;&gt;</a>&nbsp;&nbsp;&nbsp;ll_xqspi_init_patch
</UL>

<P><STRONG><a name="[17b]"></a>_fp_digits</STRONG> (Thumb, 366 bytes, Stack size 64 bytes, printfa.o(i._fp_digits), UNUSED)
<BR><BR>[Calls]<UL><LI><a href="#[143]">&gt;&gt;</a>&nbsp;&nbsp;&nbsp;__aeabi_dmul
<LI><a href="#[144]">&gt;&gt;</a>&nbsp;&nbsp;&nbsp;__aeabi_ddiv
<LI><a href="#[14d]">&gt;&gt;</a>&nbsp;&nbsp;&nbsp;__aeabi_dadd
<LI><a href="#[178]">&gt;&gt;</a>&nbsp;&nbsp;&nbsp;__aeabi_cdrcmple
<LI><a href="#[15f]">&gt;&gt;</a>&nbsp;&nbsp;&nbsp;__aeabi_d2ulz
<LI><a href="#[137]">&gt;&gt;</a>&nbsp;&nbsp;&nbsp;__aeabi_uldivmod
</UL>
<BR>[Called By]<UL><LI><a href="#[16e]">&gt;&gt;</a>&nbsp;&nbsp;&nbsp;_printf_core
</UL>

<P><STRONG><a name="[16e]"></a>_printf_core</STRONG> (Thumb, 1704 bytes, Stack size 136 bytes, printfa.o(i._printf_core), UNUSED)
<BR><BR>[Calls]<UL><LI><a href="#[17c]">&gt;&gt;</a>&nbsp;&nbsp;&nbsp;_printf_pre_padding
<LI><a href="#[17d]">&gt;&gt;</a>&nbsp;&nbsp;&nbsp;_printf_post_padding
<LI><a href="#[17b]">&gt;&gt;</a>&nbsp;&nbsp;&nbsp;_fp_digits
<LI><a href="#[137]">&gt;&gt;</a>&nbsp;&nbsp;&nbsp;__aeabi_uldivmod
<LI><a href="#[17e]">&gt;&gt;</a>&nbsp;&nbsp;&nbsp;__aeabi_uidivmod
</UL>
<BR>[Called By]<UL><LI><a href="#[172]">&gt;&gt;</a>&nbsp;&nbsp;&nbsp;__0vsprintf
<LI><a href="#[171]">&gt;&gt;</a>&nbsp;&nbsp;&nbsp;__0vsnprintf
<LI><a href="#[170]">&gt;&gt;</a>&nbsp;&nbsp;&nbsp;__0sprintf
<LI><a href="#[16f]">&gt;&gt;</a>&nbsp;&nbsp;&nbsp;__0snprintf
<LI><a href="#[16d]">&gt;&gt;</a>&nbsp;&nbsp;&nbsp;__0printf
</UL>

<P><STRONG><a name="[17d]"></a>_printf_post_padding</STRONG> (Thumb, 36 bytes, Stack size 24 bytes, printfa.o(i._printf_post_padding), UNUSED)
<BR><BR>[Called By]<UL><LI><a href="#[16e]">&gt;&gt;</a>&nbsp;&nbsp;&nbsp;_printf_core
</UL>

<P><STRONG><a name="[17c]"></a>_printf_pre_padding</STRONG> (Thumb, 46 bytes, Stack size 24 bytes, printfa.o(i._printf_pre_padding), UNUSED)
<BR><BR>[Called By]<UL><LI><a href="#[16e]">&gt;&gt;</a>&nbsp;&nbsp;&nbsp;_printf_core
</UL>

<P><STRONG><a name="[ae]"></a>_snputc</STRONG> (Thumb, 22 bytes, Stack size 0 bytes, printfa.o(i._snputc))
<BR>[Address Reference Count : 2]<UL><LI> printfa.o(i.__0snprintf)
<LI> printfa.o(i.__0vsnprintf)
</UL>
<P><STRONG><a name="[af]"></a>_sputc</STRONG> (Thumb, 10 bytes, Stack size 0 bytes, printfa.o(i._sputc))
<BR><BR>[Called By]<UL><LI><a href="#[172]">&gt;&gt;</a>&nbsp;&nbsp;&nbsp;__0vsprintf
<LI><a href="#[170]">&gt;&gt;</a>&nbsp;&nbsp;&nbsp;__0sprintf
</UL>
<BR>[Address Reference Count : 2]<UL><LI> printfa.o(i.__0sprintf)
<LI> printfa.o(i.__0vsprintf)
</UL>
<P><STRONG><a name="[17a]"></a>internal_alloc</STRONG> (Thumb, 76 bytes, Stack size 24 bytes, mallocr2.o(i.internal_alloc))
<BR><BR>[Stack]<UL><LI>Max Depth = 24<LI>Call Chain = internal_alloc
</UL>
<BR>[Calls]<UL><LI><a href="#[18a]">&gt;&gt;</a>&nbsp;&nbsp;&nbsp;__aeabi_memcpy
</UL>
<BR>[Called By]<UL><LI><a href="#[40]">&gt;&gt;</a>&nbsp;&nbsp;&nbsp;realloc
<LI><a href="#[3e]">&gt;&gt;</a>&nbsp;&nbsp;&nbsp;malloc
</UL>

<P><STRONG><a name="[141]"></a>_fp_value</STRONG> (Thumb, 296 bytes, Stack size 64 bytes, scanf_fp.o(.text), UNUSED)
<BR><BR>[Calls]<UL><LI><a href="#[142]">&gt;&gt;</a>&nbsp;&nbsp;&nbsp;__aeabi_ul2d
<LI><a href="#[143]">&gt;&gt;</a>&nbsp;&nbsp;&nbsp;__aeabi_dmul
<LI><a href="#[144]">&gt;&gt;</a>&nbsp;&nbsp;&nbsp;__aeabi_ddiv
</UL>
<BR>[Called By]<UL><LI><a href="#[145]">&gt;&gt;</a>&nbsp;&nbsp;&nbsp;_scanf_really_real
</UL>

<P><STRONG><a name="[ab]"></a>_scanf_char_input</STRONG> (Thumb, 12 bytes, Stack size 0 bytes, scanf_char.o(.text))
<BR>[Address Reference Count : 1]<UL><LI> scanf_char.o(.text)
</UL>
<P><STRONG><a name="[15b]"></a>_local_sscanf</STRONG> (Thumb, 54 bytes, Stack size 56 bytes, strtod.o(.text))
<BR><BR>[Stack]<UL><LI>Max Depth = 160<LI>Call Chain = _local_sscanf &rArr; _scanf_real
</UL>
<BR>[Calls]<UL><LI><a href="#[15c]">&gt;&gt;</a>&nbsp;&nbsp;&nbsp;_scanf_real
</UL>
<BR>[Called By]<UL><LI><a href="#[15d]">&gt;&gt;</a>&nbsp;&nbsp;&nbsp;__strtod_int
</UL>
<P>
<H3>
Undefined Global Symbols
</H3><HR></body></html>
