<html>
<body>
<pre>
<h1>µVision Build Log</h1>
<h2>Tool Versions:</h2>
IDE-Version: ¦ÌVision V5.37.0.0
Copyright (C) 2022 ARM Ltd and ARM Germany GmbH. All rights reserved.
License Information: 1 32587, 1, LIC=HN0AE-5VJQV-56GQ2-90HRC-5CILE-GHJH8
 
Tool Versions:
Toolchain:       MDK-ARM Plus  Version: 5.37.0.0
Toolchain Path:  D:\kile5\ARM\ARMCC\Bin
C Compiler:      Armcc.exe V5.06 update 7 (build 960)
Assembler:       Armasm.exe V5.06 update 7 (build 960)
Linker/Locator:  ArmLink.exe V5.06 update 7 (build 960)
Library Manager: ArmAr.exe V5.06 update 7 (build 960)
Hex Converter:   FromElf.exe V5.06 update 7 (build 960)
CPU DLL:         SARMCM3.DLL V5.37.0.0
Dialog DLL:      DCM.DLL V1.17.5.0
Target DLL:      Segger\JL2CM3.dll V2.99.42.0
Dialog DLL:      TCM.DLL V1.56.1.0
 
<h2>Project:</h2>
D:\Desktop\GR551x_SDK_V2.1.0\projects\peripheral\uart\app_uart\Keil_5\app_uart.uvprojx
Project File Date:  09/09/2025

<h2>Output:</h2>
*** Using Compiler 'V5.06 update 7 (build 960)', folder: 'D:\kile5\ARM\ARMCC\Bin'
Rebuild target 'GRxx_Soc'
assembling Startup.S...
compiling app_key_core.c...
compiling app_gpiote.c...
compiling gr_platform.c...
compiling gr_system.c...
compiling app_key.c...
compiling gr_interrupt.c...
compiling app_dma.c...
compiling utility.c...
compiling SEGGER_RTT.c...
compiling app_pwr_mgmt.c...
compiling app_io.c...
compiling board_SK.c...
compiling gr_soc.c...
compiling app_timer.c...
compiling app_uart.c...
compiling app_uart_dma.c...
compiling ring_buffer.c...
compiling app_log.c...
compiling app_assert.c...
compiling main.c...
linking...
Program Size: Code=33496 RO-data=660 RW-data=1780 ZI-data=23376  
FromELF: creating hex file...
After Build - User command #1: fromelf.exe --text -c --output Listings\app_uart.s   Objects\app_uart.axf
After Build - User command #2: fromelf.exe --bin --output Listings\app_uart.bin Objects\app_uart.axf
".\Objects\app_uart.axf" - 0 Error(s), 0 Warning(s).

<h2>Software Packages used:</h2>

Package Vendor: ARM
                http://www.keil.com/pack/ARM.CMSIS.5.9.0.pack
                ARM.CMSIS.5.9.0
                CMSIS (Common Microcontroller Software Interface Standard)

<h2>Collection of Component include folders:</h2>
  D:/kile5/ARM/CMSIS/5.9.0/Device/ARM/ARMCM4/Include

<h2>Collection of Component Files used:</h2>
Build Time Elapsed:  00:00:05
</pre>
</body>
</html>
