<!doctype html public "-//w3c//dtd html 4.0 transitional//en">
<html><head>
<title>Static Call Graph - [.\Objects\app_uart.axf]</title></head>
<body><HR>
<H1>Static Call Graph for image .\Objects\app_uart.axf</H1><HR>
<BR><P>#&#060CALLGRAPH&#062# ARM Linker, 5060960: Last Updated: Tue Sep 09 09:07:16 2025
<BR><P>
<H3>Maximum Stack Usage =       1304 bytes + Unknown(Cycles, Untraceable Function Pointers)</H3><H3>
Call chain for Maximum Stack Depth:</H3>
system_platform_init &rArr; soc_init &rArr; platform_init &rArr; platform_clock_init &rArr; platform_set_ble_rtc_clk &rArr; nvds_put &rArr; replace_item &rArr; append_item &rArr; compact_nvds &rArr; write_compacted_items &rArr; write_incr &rArr; dec_flash_write &rArr; hal_flash_write_r &rArr; hal_exflash_write &rArr; hal_xqspi_init_ext &rArr; hal_xqspi_init_ext_patch &rArr; ll_xqspi_init_patch
<P>
<H3>
Mutually Recursive functions
</H3> <LI><a href="#[8]">BusFault_Handler</a>&nbsp;&nbsp;&nbsp;&rArr;&nbsp;&nbsp;&nbsp;<a href="#[8]">BusFault_Handler</a><BR>
 <LI><a href="#[b]">DebugMon_Handler</a>&nbsp;&nbsp;&nbsp;&rArr;&nbsp;&nbsp;&nbsp;<a href="#[b]">DebugMon_Handler</a><BR>
 <LI><a href="#[7]">MemManage_Handler</a>&nbsp;&nbsp;&nbsp;&rArr;&nbsp;&nbsp;&nbsp;<a href="#[7]">MemManage_Handler</a><BR>
 <LI><a href="#[5]">NMI_Handler</a>&nbsp;&nbsp;&nbsp;&rArr;&nbsp;&nbsp;&nbsp;<a href="#[5]">NMI_Handler</a><BR>
 <LI><a href="#[c]">PendSV_Handler</a>&nbsp;&nbsp;&nbsp;&rArr;&nbsp;&nbsp;&nbsp;<a href="#[c]">PendSV_Handler</a><BR>
 <LI><a href="#[d]">SysTick_Handler</a>&nbsp;&nbsp;&nbsp;&rArr;&nbsp;&nbsp;&nbsp;<a href="#[d]">SysTick_Handler</a><BR>
 <LI><a href="#[9]">UsageFault_Handler</a>&nbsp;&nbsp;&nbsp;&rArr;&nbsp;&nbsp;&nbsp;<a href="#[9]">UsageFault_Handler</a><BR>
</UL>
<P>
<H3>
Function Pointers
</H3><UL>
 <LI><a href="#[20]">AON_EXT_IRQHandler</a> from app_io.o(RAM_CODE) referenced from app_io.o(i.app_io_init)
 <LI><a href="#[29]">BLESLP_IRQHandler</a> from rom_symbol.txt(ABSOLUTE) referenced from platform_sdk.o(i.platform_sdk_init)
 <LI><a href="#[8]">BusFault_Handler</a> from gr_interrupt.o(i.BusFault_Handler) referenced 2 times from gr_soc.o(.data)
 <LI><a href="#[8]">BusFault_Handler</a> from gr_interrupt.o(i.BusFault_Handler) referenced from startup.o(RESET)
 <LI><a href="#[b]">DebugMon_Handler</a> from gr_interrupt.o(i.DebugMon_Handler) referenced 2 times from gr_soc.o(.data)
 <LI><a href="#[b]">DebugMon_Handler</a> from gr_interrupt.o(i.DebugMon_Handler) referenced from startup.o(RESET)
 <LI><a href="#[1e]">EXT0_IRQHandler</a> from app_io.o(RAM_CODE) referenced from app_io.o(i.app_io_init)
 <LI><a href="#[1f]">EXT1_IRQHandler</a> from app_io.o(RAM_CODE) referenced from app_io.o(i.app_io_init)
 <LI><a href="#[6]">HardFault_Handler</a> from gr_interrupt.o(RAM_CODE) referenced 2 times from gr_soc.o(.data)
 <LI><a href="#[6]">HardFault_Handler</a> from gr_interrupt.o(RAM_CODE) referenced from startup.o(RESET)
 <LI><a href="#[7]">MemManage_Handler</a> from gr_interrupt.o(i.MemManage_Handler) referenced 2 times from gr_soc.o(.data)
 <LI><a href="#[7]">MemManage_Handler</a> from gr_interrupt.o(i.MemManage_Handler) referenced from startup.o(RESET)
 <LI><a href="#[5]">NMI_Handler</a> from gr_interrupt.o(i.NMI_Handler) referenced 2 times from gr_soc.o(.data)
 <LI><a href="#[5]">NMI_Handler</a> from gr_interrupt.o(i.NMI_Handler) referenced from startup.o(RESET)
 <LI><a href="#[c]">PendSV_Handler</a> from gr_interrupt.o(i.PendSV_Handler) referenced 2 times from gr_soc.o(.data)
 <LI><a href="#[c]">PendSV_Handler</a> from gr_interrupt.o(i.PendSV_Handler) referenced from startup.o(RESET)
 <LI><a href="#[4]">Reset_Handler</a> from startup.o(.text) referenced 2 times from gr_soc.o(.data)
 <LI><a href="#[4]">Reset_Handler</a> from startup.o(.text) referenced from startup.o(RESET)
 <LI><a href="#[a]">SVC_Handler</a> from gr_interrupt.o(RAM_CODE) referenced 2 times from gr_soc.o(.data)
 <LI><a href="#[a]">SVC_Handler</a> from gr_interrupt.o(RAM_CODE) referenced from startup.o(RESET)
 <LI><a href="#[d]">SysTick_Handler</a> from gr_interrupt.o(i.SysTick_Handler) referenced 2 times from gr_soc.o(.data)
 <LI><a href="#[d]">SysTick_Handler</a> from gr_interrupt.o(i.SysTick_Handler) referenced from startup.o(RESET)
 <LI><a href="#[1a]">SystemInit</a> from gr_system.o(i.SystemInit) referenced from startup.o(.text)
 <LI><a href="#[24]">UART0_IRQHandler</a> from app_uart.o(i.UART0_IRQHandler) referenced from app_uart.o(i.app_uart_init)
 <LI><a href="#[25]">UART1_IRQHandler</a> from app_uart.o(i.UART1_IRQHandler) referenced from app_uart.o(i.app_uart_init)
 <LI><a href="#[9]">UsageFault_Handler</a> from gr_interrupt.o(i.UsageFault_Handler) referenced 2 times from gr_soc.o(.data)
 <LI><a href="#[9]">UsageFault_Handler</a> from gr_interrupt.o(i.UsageFault_Handler) referenced from startup.o(RESET)
 <LI><a href="#[1c]">_printf_input_char</a> from _printf_char_common.o(.text) referenced from _printf_char_common.o(.text)
 <LI><a href="#[23]">app_uart_callback</a> from main.o(i.app_uart_callback) referenced from main.o(i.app_uart_demo)
 <LI><a href="#[32]">ble_irq_handler_without_stack_init</a> from rwip_sleep_common.o(RAM_CODE) referenced from rwip_sleep_common.o(i.rwip_sleep_without_stack_init_replace)
 <LI><a href="#[33]">ble_sdk_handler_without_stack_init</a> from rwip_sleep_common.o(RAM_CODE) referenced from rwip_sleep_common.o(i.rwip_sleep_without_stack_init_replace)
 <LI><a href="#[31]">ble_sleep_handler_without_stack_init</a> from rwip_sleep_common.o(RAM_CODE) referenced from rwip_sleep_common.o(i.rwip_sleep_without_stack_init_replace)
 <LI><a href="#[30]">ble_sleep_without_stack_init</a> from rwip_sleep_common.o(i.ble_sleep_without_stack_init) referenced from rwip_sleep_common.o(i.rwip_sleep_without_stack_init_replace)
 <LI><a href="#[2d]">cpll_calibration</a> from platform_sdk.o(i.cpll_calibration) referenced from platform_sdk.o(i.platform_sdk_init)
 <LI><a href="#[27]">fpb_load_state_local</a> from sdk_fpb_mgmt.o(i.fpb_load_state_local) referenced from sdk_fpb_mgmt.o(i.gr5xx_fpb_init)
 <LI><a href="#[28]">fpb_save_state_local</a> from sdk_fpb_mgmt.o(i.fpb_save_state_local) referenced from sdk_fpb_mgmt.o(i.gr5xx_fpb_init)
 <LI><a href="#[1d]">fputc</a> from app_log.o(i.fputc) referenced from _printf_char_file.o(.text)
 <LI><a href="#[26]">get_info</a> from dfu_cmd_handler_patch.o(i.get_info) referenced from dfu_cmd_handler_patch.o(i.dfu_cmd_handler_replace)
 <LI><a href="#[39]">gr5xx_svc_process</a> from svc_handler.o(RAM_CODE) referenced from gr_interrupt.o(RAM_CODE)
 <LI><a href="#[10]">hal_aon_gpio_callback</a> from app_io.o(i.hal_aon_gpio_callback) referenced 2 times from gr55xx_hal_aon_gpio_1.o(.data)
 <LI><a href="#[34]">hal_exflash_erase</a> from gr55xx_hal_exflash_patch.o(RAM_CODE) referenced from fpb_patch_init.o(i.system_driver_patch_enable)
 <LI><a href="#[35]">hal_exflash_write</a> from gr55xx_hal_exflash_patch.o(RAM_CODE) referenced from fpb_patch_init.o(i.system_driver_patch_enable)
 <LI><a href="#[11]">hal_gpio_exti_callback</a> from app_io.o(i.hal_gpio_exti_callback) referenced 2 times from gr55xx_hal_gpio_1.o(.data)
 <LI><a href="#[f]">hal_msp_deinit</a> from gr55xx_hal_1.o(i.hal_msp_deinit) referenced 2 times from gr55xx_hal_1.o(.data)
 <LI><a href="#[e]">hal_msp_init</a> from gr55xx_hal_1.o(i.hal_msp_init) referenced 2 times from gr55xx_hal_1.o(.data)
 <LI><a href="#[17]">hal_uart_abort_cplt_callback</a> from app_uart.o(i.hal_uart_abort_cplt_callback) referenced 2 times from gr55xx_hal_uart_1.o(.data)
 <LI><a href="#[19]">hal_uart_abort_rx_cplt_callback</a> from app_uart.o(i.hal_uart_abort_rx_cplt_callback) referenced 2 times from gr55xx_hal_uart_1.o(.data)
 <LI><a href="#[18]">hal_uart_abort_tx_cplt_callback</a> from app_uart.o(i.hal_uart_abort_tx_cplt_callback) referenced 2 times from gr55xx_hal_uart_1.o(.data)
 <LI><a href="#[16]">hal_uart_error_callback</a> from app_uart.o(i.hal_uart_error_callback) referenced 2 times from gr55xx_hal_uart_1.o(.data)
 <LI><a href="#[13]">hal_uart_msp_deinit</a> from gr55xx_hal_uart_1.o(i.hal_uart_msp_deinit) referenced 2 times from gr55xx_hal_uart_1.o(.data)
 <LI><a href="#[12]">hal_uart_msp_init</a> from gr55xx_hal_uart_1.o(i.hal_uart_msp_init) referenced 2 times from gr55xx_hal_uart_1.o(.data)
 <LI><a href="#[15]">hal_uart_rx_cplt_callback</a> from app_uart.o(i.hal_uart_rx_cplt_callback) referenced 2 times from gr55xx_hal_uart_1.o(.data)
 <LI><a href="#[14]">hal_uart_tx_cplt_callback</a> from app_uart.o(i.hal_uart_tx_cplt_callback) referenced 2 times from gr55xx_hal_uart_1.o(.data)
 <LI><a href="#[1b]">main_init</a> from gr_platform.o(i.main_init) referenced from startup.o(.text)
 <LI><a href="#[22]">pwr_enter_sleep_check</a> from app_pwr_mgmt.o(i.pwr_enter_sleep_check) referenced from app_pwr_mgmt.o(i.app_pwr_mgmt_init)
 <LI><a href="#[2e]">pwr_mgmt_shutdown_patch</a> from sdk_pwr_mgmt_patch.o(TINY_RAM_SPACE) referenced from sdk_pwr_mgmt_patch.o(i.pwr_mgmt_shutdown_replace)
 <LI><a href="#[21]">pwr_wake_up_ind</a> from app_pwr_mgmt.o(RAM_CODE) referenced from app_pwr_mgmt.o(i.app_pwr_mgmt_init)
 <LI><a href="#[2f]">rom_callback_patch</a> from rwip_sleep_common.o(RAM_CODE) referenced from rwip_sleep_common.o(i.rom_callback_replace)
 <LI><a href="#[2b]">sys_context_restore_func</a> from platform_sys_context.o(RAM_CODE) referenced from platform_sdk.o(i.platform_sdk_init)
 <LI><a href="#[2a]">sys_context_save_func</a> from platform_sys_context.o(RAM_CODE) referenced from platform_sdk.o(i.platform_sdk_init)
 <LI><a href="#[38]">system_platform_init</a> from gr_platform.o(i.system_platform_init) referenced from gr_platform.o(.init_array)
 <LI><a href="#[36]">uart_prepare_for_sleep</a> from app_uart.o(i.uart_prepare_for_sleep) referenced from app_uart.o(.constdata)
 <LI><a href="#[37]">uart_wake_up_ind</a> from app_uart.o(RAM_CODE) referenced from app_uart.o(.constdata)
 <LI><a href="#[2c]">ultra_wfi</a> from rom_symbol.txt(ABSOLUTE) referenced from platform_sdk.o(i.platform_sdk_init)
</UL>
<P>
<H3>
Global Symbols
</H3>
<P><STRONG><a name="[62]"></a>assert_err</STRONG> (Thumb, 0 bytes, Stack size 0 bytes, rom_symbol.txt(ABSOLUTE))
<BR><BR>[Called By]<UL><LI><a href="#[60]">&gt;&gt;</a>&nbsp;&nbsp;&nbsp;BLESLP_Handler_without_stack_init (via Veneer)
</UL>

<P><STRONG><a name="[8e]"></a>dbg_log_printf</STRONG> (Thumb, 0 bytes, Stack size 0 bytes, rom_symbol.txt(ABSOLUTE))
<BR><BR>[Called By]<UL><LI><a href="#[ff]">&gt;&gt;</a>&nbsp;&nbsp;&nbsp;nvds_init
<LI><a href="#[102]">&gt;&gt;</a>&nbsp;&nbsp;&nbsp;nvds_put
<LI><a href="#[90]">&gt;&gt;</a>&nbsp;&nbsp;&nbsp;write_item
<LI><a href="#[a7]">&gt;&gt;</a>&nbsp;&nbsp;&nbsp;write_compacted_items
<LI><a href="#[103]">&gt;&gt;</a>&nbsp;&nbsp;&nbsp;replace_item
<LI><a href="#[e6]">&gt;&gt;</a>&nbsp;&nbsp;&nbsp;init_used_nvds
<LI><a href="#[e5]">&gt;&gt;</a>&nbsp;&nbsp;&nbsp;init_unused_nvds
<LI><a href="#[8f]">&gt;&gt;</a>&nbsp;&nbsp;&nbsp;compact_nvds
<LI><a href="#[8c]">&gt;&gt;</a>&nbsp;&nbsp;&nbsp;append_item
</UL>

<P><STRONG><a name="[174]"></a>exflash_check_id</STRONG> (Thumb, 0 bytes, Stack size 0 bytes, rom_symbol.txt(ABSOLUTE))
<BR><BR>[Called By]<UL><LI><a href="#[10f]">&gt;&gt;</a>&nbsp;&nbsp;&nbsp;platform_exflash_enable_quad
<LI><a href="#[35]">&gt;&gt;</a>&nbsp;&nbsp;&nbsp;hal_exflash_write
<LI><a href="#[34]">&gt;&gt;</a>&nbsp;&nbsp;&nbsp;hal_exflash_erase
<LI><a href="#[16f]">&gt;&gt;</a>&nbsp;&nbsp;&nbsp;hal_exflash_warm_init
</UL>

<P><STRONG><a name="[183]"></a>exflash_deepsleep</STRONG> (Thumb, 0 bytes, Stack size 0 bytes, rom_symbol.txt(ABSOLUTE))
<BR><BR>[Called By]<UL><LI><a href="#[19f]">&gt;&gt;</a>&nbsp;&nbsp;&nbsp;hal_exflash_deepsleep_patch
<LI><a href="#[10f]">&gt;&gt;</a>&nbsp;&nbsp;&nbsp;platform_exflash_enable_quad
<LI><a href="#[35]">&gt;&gt;</a>&nbsp;&nbsp;&nbsp;hal_exflash_write
<LI><a href="#[34]">&gt;&gt;</a>&nbsp;&nbsp;&nbsp;hal_exflash_erase
</UL>

<P><STRONG><a name="[17d]"></a>exflash_enable_write</STRONG> (Thumb, 0 bytes, Stack size 0 bytes, rom_symbol.txt(ABSOLUTE))
<BR><BR>[Called By]<UL><LI><a href="#[17e]">&gt;&gt;</a>&nbsp;&nbsp;&nbsp;enable_quad_mode1
<LI><a href="#[17c]">&gt;&gt;</a>&nbsp;&nbsp;&nbsp;enable_quad_mode2
</UL>

<P><STRONG><a name="[19c]"></a>exflash_erase_chip</STRONG> (Thumb, 0 bytes, Stack size 0 bytes, rom_symbol.txt(ABSOLUTE))
<BR><BR>[Called By]<UL><LI><a href="#[34]">&gt;&gt;</a>&nbsp;&nbsp;&nbsp;hal_exflash_erase
</UL>

<P><STRONG><a name="[19d]"></a>exflash_erase_sector</STRONG> (Thumb, 0 bytes, Stack size 0 bytes, rom_symbol.txt(ABSOLUTE))
<BR><BR>[Called By]<UL><LI><a href="#[34]">&gt;&gt;</a>&nbsp;&nbsp;&nbsp;hal_exflash_erase
</UL>

<P><STRONG><a name="[19b]"></a>exflash_page_program</STRONG> (Thumb, 0 bytes, Stack size 0 bytes, rom_symbol.txt(ABSOLUTE))
<BR><BR>[Called By]<UL><LI><a href="#[35]">&gt;&gt;</a>&nbsp;&nbsp;&nbsp;hal_exflash_write
</UL>

<P><STRONG><a name="[1a4]"></a>exflash_resume</STRONG> (Thumb, 0 bytes, Stack size 0 bytes, rom_symbol.txt(ABSOLUTE))
<BR><BR>[Called By]<UL><LI><a href="#[1a3]">&gt;&gt;</a>&nbsp;&nbsp;&nbsp;hal_exflash_resume
</UL>

<P><STRONG><a name="[1a2]"></a>exflash_suspend</STRONG> (Thumb, 0 bytes, Stack size 0 bytes, rom_symbol.txt(ABSOLUTE))
<BR><BR>[Called By]<UL><LI><a href="#[1a1]">&gt;&gt;</a>&nbsp;&nbsp;&nbsp;hal_exflash_suspend
</UL>

<P><STRONG><a name="[17b]"></a>exflash_wait_busy</STRONG> (Thumb, 0 bytes, Stack size 0 bytes, rom_symbol.txt(ABSOLUTE))
<BR><BR>[Called By]<UL><LI><a href="#[17e]">&gt;&gt;</a>&nbsp;&nbsp;&nbsp;enable_quad_mode1
<LI><a href="#[17c]">&gt;&gt;</a>&nbsp;&nbsp;&nbsp;enable_quad_mode2
<LI><a href="#[178]">&gt;&gt;</a>&nbsp;&nbsp;&nbsp;enable_quad_xmc
</UL>

<P><STRONG><a name="[172]"></a>exflash_wakeup</STRONG> (Thumb, 0 bytes, Stack size 0 bytes, rom_symbol.txt(ABSOLUTE))
<BR><BR>[Called By]<UL><LI><a href="#[1a0]">&gt;&gt;</a>&nbsp;&nbsp;&nbsp;hal_exflash_wakeup_patch
<LI><a href="#[10f]">&gt;&gt;</a>&nbsp;&nbsp;&nbsp;platform_exflash_enable_quad
<LI><a href="#[35]">&gt;&gt;</a>&nbsp;&nbsp;&nbsp;hal_exflash_write
<LI><a href="#[34]">&gt;&gt;</a>&nbsp;&nbsp;&nbsp;hal_exflash_erase
<LI><a href="#[16f]">&gt;&gt;</a>&nbsp;&nbsp;&nbsp;hal_exflash_warm_init
</UL>

<P><STRONG><a name="[180]"></a>exflash_write_status</STRONG> (Thumb, 0 bytes, Stack size 0 bytes, rom_symbol.txt(ABSOLUTE))
<BR><BR>[Called By]<UL><LI><a href="#[1a7]">&gt;&gt;</a>&nbsp;&nbsp;&nbsp;hal_exflash_write_status_reg
<LI><a href="#[17f]">&gt;&gt;</a>&nbsp;&nbsp;&nbsp;enable_quad_mode0
</UL>

<P><STRONG><a name="[1b2]"></a>force_dpad_le_high</STRONG> (Thumb, 0 bytes, Stack size 0 bytes, rom_symbol.txt(ABSOLUTE))
<BR><BR>[Called By]<UL><LI><a href="#[2b]">&gt;&gt;</a>&nbsp;&nbsp;&nbsp;sys_context_restore_func
</UL>

<P><STRONG><a name="[d0]"></a>hal_aon_gpio_br_callback</STRONG> (Thumb, 0 bytes, Stack size 0 bytes, rom_symbol.txt(ABSOLUTE))
<BR><BR>[Called By]<UL><LI><a href="#[ce]">&gt;&gt;</a>&nbsp;&nbsp;&nbsp;hal_aon_gpio_irq_handler
</UL>

<P><STRONG><a name="[cb]"></a>hal_aon_gpio_register_callback</STRONG> (Thumb, 0 bytes, Stack size 0 bytes, rom_symbol.txt(ABSOLUTE))
<BR><BR>[Called By]<UL><LI><a href="#[71]">&gt;&gt;</a>&nbsp;&nbsp;&nbsp;hal_aon_gpio_init
</UL>

<P><STRONG><a name="[13c]"></a>hal_efuse_read</STRONG> (Thumb, 0 bytes, Stack size 0 bytes, rom_symbol.txt(ABSOLUTE))
<BR><BR>[Called By]<UL><LI><a href="#[e4]">&gt;&gt;</a>&nbsp;&nbsp;&nbsp;sys_get_efuse_io_ldo
<LI><a href="#[137]">&gt;&gt;</a>&nbsp;&nbsp;&nbsp;sys_efuse_info_sync
</UL>

<P><STRONG><a name="[d3]"></a>hal_exflash_init_ext</STRONG> (Thumb, 0 bytes, Stack size 0 bytes, rom_symbol.txt(ABSOLUTE))
<BR><BR>[Called By]<UL><LI><a href="#[d1]">&gt;&gt;</a>&nbsp;&nbsp;&nbsp;hal_flash_init
</UL>

<P><STRONG><a name="[1b1]"></a>hal_exflash_read_rom</STRONG> (Thumb, 0 bytes, Stack size 0 bytes, rom_symbol.txt(ABSOLUTE))
<BR><BR>[Called By]<UL><LI><a href="#[d4]">&gt;&gt;</a>&nbsp;&nbsp;&nbsp;hal_exflash_read
</UL>

<P><STRONG><a name="[170]"></a>hal_exflash_set_retry</STRONG> (Thumb, 0 bytes, Stack size 0 bytes, rom_symbol.txt(ABSOLUTE))
<BR><BR>[Called By]<UL><LI><a href="#[16f]">&gt;&gt;</a>&nbsp;&nbsp;&nbsp;hal_exflash_warm_init
</UL>

<P><STRONG><a name="[160]"></a>hal_gpio_exti_irq_handler</STRONG> (Thumb, 0 bytes, Stack size 0 bytes, rom_symbol.txt(ABSOLUTE))
<BR><BR>[Called By]<UL><LI><a href="#[161]">&gt;&gt;</a>&nbsp;&nbsp;&nbsp;EXT2_IRQHandler
<LI><a href="#[1e]">&gt;&gt;</a>&nbsp;&nbsp;&nbsp;EXT0_IRQHandler
<LI><a href="#[1f]">&gt;&gt;</a>&nbsp;&nbsp;&nbsp;EXT1_IRQHandler
</UL>

<P><STRONG><a name="[d8]"></a>hal_gpio_init_ext</STRONG> (Thumb, 0 bytes, Stack size 0 bytes, rom_symbol.txt(ABSOLUTE))
<BR><BR>[Called By]<UL><LI><a href="#[70]">&gt;&gt;</a>&nbsp;&nbsp;&nbsp;hal_gpio_init
</UL>

<P><STRONG><a name="[d7]"></a>hal_gpio_register_callback</STRONG> (Thumb, 0 bytes, Stack size 0 bytes, rom_symbol.txt(ABSOLUTE))
<BR><BR>[Called By]<UL><LI><a href="#[70]">&gt;&gt;</a>&nbsp;&nbsp;&nbsp;hal_gpio_init
</UL>

<P><STRONG><a name="[db]"></a>hal_init_ext</STRONG> (Thumb, 0 bytes, Stack size 0 bytes, rom_symbol.txt(ABSOLUTE))
<BR><BR>[Called By]<UL><LI><a href="#[d9]">&gt;&gt;</a>&nbsp;&nbsp;&nbsp;hal_init
</UL>

<P><STRONG><a name="[85]"></a>hal_nvic_clear_pending_irq</STRONG> (Thumb, 0 bytes, Stack size 0 bytes, rom_symbol.txt(ABSOLUTE))
<BR><BR>[Called By]<UL><LI><a href="#[78]">&gt;&gt;</a>&nbsp;&nbsp;&nbsp;app_uart_init
<LI><a href="#[37]">&gt;&gt;</a>&nbsp;&nbsp;&nbsp;uart_wake_up_ind
</UL>

<P><STRONG><a name="[86]"></a>hal_nvic_enable_irq</STRONG> (Thumb, 0 bytes, Stack size 0 bytes, rom_symbol.txt(ABSOLUTE))
<BR><BR>[Called By]<UL><LI><a href="#[78]">&gt;&gt;</a>&nbsp;&nbsp;&nbsp;app_uart_init
<LI><a href="#[37]">&gt;&gt;</a>&nbsp;&nbsp;&nbsp;uart_wake_up_ind
</UL>

<P><STRONG><a name="[1c6]"></a>hal_pwr_enter_chip_deepsleep</STRONG> (Thumb, 0 bytes, Stack size 0 bytes, rom_symbol.txt(ABSOLUTE))
<BR><BR>[Called By]<UL><LI><a href="#[2e]">&gt;&gt;</a>&nbsp;&nbsp;&nbsp;pwr_mgmt_shutdown_patch (via Veneer)
</UL>

<P><STRONG><a name="[da]"></a>hal_register_callback</STRONG> (Thumb, 0 bytes, Stack size 0 bytes, rom_symbol.txt(ABSOLUTE))
<BR><BR>[Called By]<UL><LI><a href="#[d9]">&gt;&gt;</a>&nbsp;&nbsp;&nbsp;hal_init
</UL>

<P><STRONG><a name="[e1]"></a>hal_uart_deinit_ext</STRONG> (Thumb, 0 bytes, Stack size 0 bytes, rom_symbol.txt(ABSOLUTE))
<BR><BR>[Called By]<UL><LI><a href="#[82]">&gt;&gt;</a>&nbsp;&nbsp;&nbsp;hal_uart_deinit
</UL>

<P><STRONG><a name="[e2]"></a>hal_uart_init_ext</STRONG> (Thumb, 0 bytes, Stack size 0 bytes, rom_symbol.txt(ABSOLUTE))
<BR><BR>[Called By]<UL><LI><a href="#[83]">&gt;&gt;</a>&nbsp;&nbsp;&nbsp;hal_uart_init
</UL>

<P><STRONG><a name="[6a]"></a>hal_uart_irq_handler</STRONG> (Thumb, 0 bytes, Stack size 0 bytes, rom_symbol.txt(ABSOLUTE))
<BR><BR>[Called By]<UL><LI><a href="#[25]">&gt;&gt;</a>&nbsp;&nbsp;&nbsp;UART1_IRQHandler
<LI><a href="#[24]">&gt;&gt;</a>&nbsp;&nbsp;&nbsp;UART0_IRQHandler
</UL>

<P><STRONG><a name="[e0]"></a>hal_uart_register_callback</STRONG> (Thumb, 0 bytes, Stack size 0 bytes, rom_symbol.txt(ABSOLUTE))
<BR><BR>[Called By]<UL><LI><a href="#[83]">&gt;&gt;</a>&nbsp;&nbsp;&nbsp;hal_uart_init
<LI><a href="#[82]">&gt;&gt;</a>&nbsp;&nbsp;&nbsp;hal_uart_deinit
</UL>

<P><STRONG><a name="[162]"></a>hal_uart_resume_reg</STRONG> (Thumb, 0 bytes, Stack size 0 bytes, rom_symbol.txt(ABSOLUTE))
<BR><BR>[Called By]<UL><LI><a href="#[37]">&gt;&gt;</a>&nbsp;&nbsp;&nbsp;uart_wake_up_ind
</UL>

<P><STRONG><a name="[14b]"></a>hal_uart_suspend_reg</STRONG> (Thumb, 0 bytes, Stack size 0 bytes, rom_symbol.txt(ABSOLUTE))
<BR><BR>[Called By]<UL><LI><a href="#[36]">&gt;&gt;</a>&nbsp;&nbsp;&nbsp;uart_prepare_for_sleep
</UL>

<P><STRONG><a name="[8b]"></a>hal_uart_transmit</STRONG> (Thumb, 0 bytes, Stack size 0 bytes, rom_symbol.txt(ABSOLUTE))
<BR><BR>[Called By]<UL><LI><a href="#[79]">&gt;&gt;</a>&nbsp;&nbsp;&nbsp;app_uart_transmit_sync
</UL>

<P><STRONG><a name="[7f]"></a>hal_uart_transmit_dma</STRONG> (Thumb, 0 bytes, Stack size 0 bytes, rom_symbol.txt(ABSOLUTE))
<BR><BR>[Called By]<UL><LI><a href="#[7c]">&gt;&gt;</a>&nbsp;&nbsp;&nbsp;app_uart_dma_start_transmit_async
</UL>

<P><STRONG><a name="[89]"></a>hal_uart_transmit_it</STRONG> (Thumb, 0 bytes, Stack size 0 bytes, rom_symbol.txt(ABSOLUTE))
<BR><BR>[Called By]<UL><LI><a href="#[88]">&gt;&gt;</a>&nbsp;&nbsp;&nbsp;app_uart_start_transmit_async
</UL>

<P><STRONG><a name="[19e]"></a>hal_xqspi_command_receive</STRONG> (Thumb, 0 bytes, Stack size 0 bytes, rom_symbol.txt(ABSOLUTE))
<BR><BR>[Called By]<UL><LI><a href="#[1a8]">&gt;&gt;</a>&nbsp;&nbsp;&nbsp;exflash_read_uid
<LI><a href="#[17a]">&gt;&gt;</a>&nbsp;&nbsp;&nbsp;enable_quad_stat
<LI><a href="#[173]">&gt;&gt;</a>&nbsp;&nbsp;&nbsp;exflash_check_id_patch
</UL>

<P><STRONG><a name="[1b3]"></a>hal_xqspi_msp_init</STRONG> (Thumb, 0 bytes, Stack size 0 bytes, rom_symbol.txt(ABSOLUTE))
<BR><BR>[Called By]<UL><LI><a href="#[1b0]">&gt;&gt;</a>&nbsp;&nbsp;&nbsp;hal_xqspi_init_ext_patch
</UL>

<P><STRONG><a name="[1b4]"></a>hal_xqspi_set_retry</STRONG> (Thumb, 0 bytes, Stack size 0 bytes, rom_symbol.txt(ABSOLUTE))
<BR><BR>[Called By]<UL><LI><a href="#[1b0]">&gt;&gt;</a>&nbsp;&nbsp;&nbsp;hal_xqspi_init_ext_patch
</UL>

<P><STRONG><a name="[179]"></a>hal_xqspi_transmit</STRONG> (Thumb, 0 bytes, Stack size 0 bytes, rom_symbol.txt(ABSOLUTE))
<BR><BR>[Called By]<UL><LI><a href="#[17e]">&gt;&gt;</a>&nbsp;&nbsp;&nbsp;enable_quad_mode1
<LI><a href="#[17c]">&gt;&gt;</a>&nbsp;&nbsp;&nbsp;enable_quad_mode2
<LI><a href="#[178]">&gt;&gt;</a>&nbsp;&nbsp;&nbsp;enable_quad_xmc
</UL>

<P><STRONG><a name="[176]"></a>jump_app</STRONG> (Thumb, 0 bytes, Stack size 0 bytes, rom_symbol.txt(ABSOLUTE))
<BR><BR>[Called By]<UL><LI><a href="#[175]">&gt;&gt;</a>&nbsp;&nbsp;&nbsp;warm_boot_patch
</UL>

<P><STRONG><a name="[1aa]"></a>rwip_time_get</STRONG> (Thumb, 0 bytes, Stack size 0 bytes, rom_symbol.txt(ABSOLUTE))
<BR><BR>[Called By]<UL><LI><a href="#[64]">&gt;&gt;</a>&nbsp;&nbsp;&nbsp;ble_wakup_time_check
<LI><a href="#[99]">&gt;&gt;</a>&nbsp;&nbsp;&nbsp;ble_sleep_time_record
</UL>

<P><STRONG><a name="[1ba]"></a>xqspi_send_inst_addr</STRONG> (Thumb, 0 bytes, Stack size 0 bytes, rom_symbol.txt(ABSOLUTE), UNUSED)
<BR><BR>[Called By]<UL><LI><a href="#[1b9]">&gt;&gt;</a>&nbsp;&nbsp;&nbsp;hal_xqspi_command_receive_patch
<LI><a href="#[1bb]">&gt;&gt;</a>&nbsp;&nbsp;&nbsp;hal_xqspi_command_receive_align_word
</UL>

<P><STRONG><a name="[1b5]"></a>xqspi_wait_flag_state_until_retry</STRONG> (Thumb, 0 bytes, Stack size 0 bytes, rom_symbol.txt(ABSOLUTE))
<BR><BR>[Called By]<UL><LI><a href="#[1b0]">&gt;&gt;</a>&nbsp;&nbsp;&nbsp;hal_xqspi_init_ext_patch
<LI><a href="#[1b9]">&gt;&gt;</a>&nbsp;&nbsp;&nbsp;hal_xqspi_command_receive_patch
<LI><a href="#[1bb]">&gt;&gt;</a>&nbsp;&nbsp;&nbsp;hal_xqspi_command_receive_align_word
<LI><a href="#[1bc]">&gt;&gt;</a>&nbsp;&nbsp;&nbsp;xqspi_receive_align_word
<LI><a href="#[1b7]">&gt;&gt;</a>&nbsp;&nbsp;&nbsp;xqspi_receive_patch
</UL>

<P><STRONG><a name="[194]"></a>pwr_mgmt_load_context</STRONG> (Thumb, 0 bytes, Stack size 0 bytes, rom_symbol.txt(ABSOLUTE))
<BR><BR>[Called By]<UL><LI><a href="#[12a]">&gt;&gt;</a>&nbsp;&nbsp;&nbsp;warm_boot
<LI><a href="#[12b]">&gt;&gt;</a>&nbsp;&nbsp;&nbsp;warm_boot_first
</UL>

<P><STRONG><a name="[1cd]"></a>pwr_mgmt_save_ctx_lvl_two</STRONG> (Thumb, 0 bytes, Stack size 0 bytes, rom_symbol.txt(ABSOLUTE), UNUSED)
<BR><BR>[Called By]<UL><LI><a href="#[1cc]">&gt;&gt;</a>&nbsp;&nbsp;&nbsp;pwr_mgmt_schedule (via Veneer)
</UL>

<P><STRONG><a name="[29]"></a>BLESLP_IRQHandler</STRONG> (Thumb, 0 bytes, Stack size 0 bytes, rom_symbol.txt(ABSOLUTE), UNUSED)
<BR><BR>[Called By]<UL><LI><a href="#[1be]">&gt;&gt;</a>&nbsp;&nbsp;&nbsp;pwr_mgmt_ble_wakeup (via Veneer)
</UL>
<BR>[Address Reference Count : 1]<UL><LI> platform_sdk.o(i.platform_sdk_init)
</UL>
<P><STRONG><a name="[c7]"></a>dfu_send_frame</STRONG> (Thumb, 0 bytes, Stack size 0 bytes, rom_symbol.txt(ABSOLUTE))
<BR><BR>[Called By]<UL><LI><a href="#[26]">&gt;&gt;</a>&nbsp;&nbsp;&nbsp;get_info
</UL>

<P><STRONG><a name="[b6]"></a>dfu_set_cmd_handler</STRONG> (Thumb, 0 bytes, Stack size 0 bytes, rom_symbol.txt(ABSOLUTE))
<BR><BR>[Called By]<UL><LI><a href="#[a1]">&gt;&gt;</a>&nbsp;&nbsp;&nbsp;dfu_cmd_handler_replace
</UL>

<P><STRONG><a name="[121]"></a>fpb_load_state</STRONG> (Thumb, 0 bytes, Stack size 0 bytes, rom_symbol.txt(ABSOLUTE))
<BR><BR>[Called By]<UL><LI><a href="#[115]">&gt;&gt;</a>&nbsp;&nbsp;&nbsp;platform_sdk_init
<LI><a href="#[163]">&gt;&gt;</a>&nbsp;&nbsp;&nbsp;SVC_handler_proc
</UL>

<P><STRONG><a name="[11f]"></a>fpb_save_state</STRONG> (Thumb, 0 bytes, Stack size 0 bytes, rom_symbol.txt(ABSOLUTE))
<BR><BR>[Called By]<UL><LI><a href="#[115]">&gt;&gt;</a>&nbsp;&nbsp;&nbsp;platform_sdk_init
<LI><a href="#[163]">&gt;&gt;</a>&nbsp;&nbsp;&nbsp;SVC_handler_proc
</UL>

<P><STRONG><a name="[8d]"></a>get_align_bytes</STRONG> (Thumb, 0 bytes, Stack size 0 bytes, rom_symbol.txt(ABSOLUTE))
<BR><BR>[Called By]<UL><LI><a href="#[90]">&gt;&gt;</a>&nbsp;&nbsp;&nbsp;write_item
<LI><a href="#[a7]">&gt;&gt;</a>&nbsp;&nbsp;&nbsp;write_compacted_items
<LI><a href="#[ba]">&gt;&gt;</a>&nbsp;&nbsp;&nbsp;tags_cache_rec_find
<LI><a href="#[12c]">&gt;&gt;</a>&nbsp;&nbsp;&nbsp;tags_cache_rec_del
<LI><a href="#[103]">&gt;&gt;</a>&nbsp;&nbsp;&nbsp;replace_item
<LI><a href="#[e6]">&gt;&gt;</a>&nbsp;&nbsp;&nbsp;init_used_nvds
<LI><a href="#[b9]">&gt;&gt;</a>&nbsp;&nbsp;&nbsp;find_item
<LI><a href="#[8f]">&gt;&gt;</a>&nbsp;&nbsp;&nbsp;compact_nvds
<LI><a href="#[8c]">&gt;&gt;</a>&nbsp;&nbsp;&nbsp;append_item
</UL>

<P><STRONG><a name="[13d]"></a>hal_efuse_deinit</STRONG> (Thumb, 0 bytes, Stack size 0 bytes, rom_symbol.txt(ABSOLUTE))
<BR><BR>[Called By]<UL><LI><a href="#[e4]">&gt;&gt;</a>&nbsp;&nbsp;&nbsp;sys_get_efuse_io_ldo
</UL>

<P><STRONG><a name="[13e]"></a>hal_efuse_init</STRONG> (Thumb, 0 bytes, Stack size 0 bytes, rom_symbol.txt(ABSOLUTE))
<BR><BR>[Called By]<UL><LI><a href="#[e4]">&gt;&gt;</a>&nbsp;&nbsp;&nbsp;sys_get_efuse_io_ldo
</UL>

<P><STRONG><a name="[f9]"></a>hal_flash_get_info</STRONG> (Thumb, 0 bytes, Stack size 0 bytes, rom_symbol.txt(ABSOLUTE))
<BR><BR>[Called By]<UL><LI><a href="#[ff]">&gt;&gt;</a>&nbsp;&nbsp;&nbsp;nvds_init
<LI><a href="#[f8]">&gt;&gt;</a>&nbsp;&nbsp;&nbsp;nvds_deinit
</UL>

<P><STRONG><a name="[100]"></a>hal_flash_get_security</STRONG> (Thumb, 0 bytes, Stack size 0 bytes, rom_symbol.txt(ABSOLUTE))
<BR><BR>[Called By]<UL><LI><a href="#[ff]">&gt;&gt;</a>&nbsp;&nbsp;&nbsp;nvds_init
</UL>

<P><STRONG><a name="[fa]"></a>hal_flash_sector_size</STRONG> (Thumb, 0 bytes, Stack size 0 bytes, rom_symbol.txt(ABSOLUTE))
<BR><BR>[Called By]<UL><LI><a href="#[f8]">&gt;&gt;</a>&nbsp;&nbsp;&nbsp;nvds_deinit
</UL>

<P><STRONG><a name="[b2]"></a>hal_flash_set_security</STRONG> (Thumb, 0 bytes, Stack size 0 bytes, rom_symbol.txt(ABSOLUTE))
<BR><BR>[Called By]<UL><LI><a href="#[12c]">&gt;&gt;</a>&nbsp;&nbsp;&nbsp;tags_cache_rec_del
<LI><a href="#[e6]">&gt;&gt;</a>&nbsp;&nbsp;&nbsp;init_used_nvds
<LI><a href="#[b9]">&gt;&gt;</a>&nbsp;&nbsp;&nbsp;find_item
<LI><a href="#[b4]">&gt;&gt;</a>&nbsp;&nbsp;&nbsp;dec_flash_write
<LI><a href="#[a4]">&gt;&gt;</a>&nbsp;&nbsp;&nbsp;dec_flash_read
</UL>

<P><STRONG><a name="[74]"></a>pwr_mgmt_dev_init</STRONG> (Thumb, 0 bytes, Stack size 0 bytes, rom_symbol.txt(ABSOLUTE))
<BR><BR>[Called By]<UL><LI><a href="#[73]">&gt;&gt;</a>&nbsp;&nbsp;&nbsp;app_pwr_mgmt_init
</UL>

<P><STRONG><a name="[193]"></a>pwr_mgmt_dev_resume</STRONG> (Thumb, 0 bytes, Stack size 0 bytes, rom_symbol.txt(ABSOLUTE))
<BR><BR>[Called By]<UL><LI><a href="#[12a]">&gt;&gt;</a>&nbsp;&nbsp;&nbsp;warm_boot
<LI><a href="#[12b]">&gt;&gt;</a>&nbsp;&nbsp;&nbsp;warm_boot_first
</UL>

<P><STRONG><a name="[1cf]"></a>pwr_mgmt_dev_suspend</STRONG> (Thumb, 0 bytes, Stack size 0 bytes, rom_symbol.txt(ABSOLUTE), UNUSED)
<BR><BR>[Called By]<UL><LI><a href="#[1cc]">&gt;&gt;</a>&nbsp;&nbsp;&nbsp;pwr_mgmt_schedule (via Veneer)
</UL>

<P><STRONG><a name="[f1]"></a>pwr_mgmt_get_wakeup_flag</STRONG> (Thumb, 0 bytes, Stack size 0 bytes, rom_symbol.txt(ABSOLUTE))
<BR><BR>[Called By]<UL><LI><a href="#[1b]">&gt;&gt;</a>&nbsp;&nbsp;&nbsp;main_init
</UL>

<P><STRONG><a name="[120]"></a>pwr_mgmt_init</STRONG> (Thumb, 0 bytes, Stack size 0 bytes, rom_symbol.txt(ABSOLUTE))
<BR><BR>[Called By]<UL><LI><a href="#[115]">&gt;&gt;</a>&nbsp;&nbsp;&nbsp;platform_sdk_init
</UL>

<P><STRONG><a name="[1c9]"></a>pwr_mgmt_locker</STRONG> (Thumb, 0 bytes, Stack size 0 bytes, rom_symbol.txt(ABSOLUTE), UNUSED)
<BR><BR>[Called By]<UL><LI><a href="#[1cc]">&gt;&gt;</a>&nbsp;&nbsp;&nbsp;pwr_mgmt_schedule (via Veneer)
<LI><a href="#[1c8]">&gt;&gt;</a>&nbsp;&nbsp;&nbsp;pwr_mgmt_ultra_sleep (via Veneer)
</UL>

<P><STRONG><a name="[12d]"></a>pwr_mgmt_mode_get</STRONG> (Thumb, 0 bytes, Stack size 0 bytes, rom_symbol.txt(ABSOLUTE))
<BR><BR>[Called By]<UL><LI><a href="#[125]">&gt;&gt;</a>&nbsp;&nbsp;&nbsp;rf_calibration_set
<LI><a href="#[1cc]">&gt;&gt;</a>&nbsp;&nbsp;&nbsp;pwr_mgmt_schedule (via Veneer)
</UL>

<P><STRONG><a name="[75]"></a>pwr_mgmt_set_callback</STRONG> (Thumb, 0 bytes, Stack size 0 bytes, rom_symbol.txt(ABSOLUTE))
<BR><BR>[Called By]<UL><LI><a href="#[73]">&gt;&gt;</a>&nbsp;&nbsp;&nbsp;app_pwr_mgmt_init
</UL>

<P><STRONG><a name="[1c4]"></a>pwr_mgmt_set_wakeup_flag</STRONG> (Thumb, 0 bytes, Stack size 0 bytes, rom_symbol.txt(ABSOLUTE))
<BR><BR>[Called By]<UL><LI><a href="#[2e]">&gt;&gt;</a>&nbsp;&nbsp;&nbsp;pwr_mgmt_shutdown_patch (via Veneer)
</UL>

<P><STRONG><a name="[1ce]"></a>pwr_mgmt_unlocker</STRONG> (Thumb, 0 bytes, Stack size 0 bytes, rom_symbol.txt(ABSOLUTE), UNUSED)
<BR><BR>[Called By]<UL><LI><a href="#[1cc]">&gt;&gt;</a>&nbsp;&nbsp;&nbsp;pwr_mgmt_schedule (via Veneer)
</UL>

<P><STRONG><a name="[69]"></a>pwr_mgmt_update_wkup_param</STRONG> (Thumb, 0 bytes, Stack size 0 bytes, rom_symbol.txt(ABSOLUTE))
<BR><BR>[Called By]<UL><LI><a href="#[68]">&gt;&gt;</a>&nbsp;&nbsp;&nbsp;SystemCoreSetClock
</UL>

<P><STRONG><a name="[98]"></a>pwr_mgmt_wakeup_source_setup</STRONG> (Thumb, 0 bytes, Stack size 0 bytes, rom_symbol.txt(ABSOLUTE))
<BR><BR>[Called By]<UL><LI><a href="#[97]">&gt;&gt;</a>&nbsp;&nbsp;&nbsp;ble_sleep_successfully_without_stack_init
</UL>

<P><STRONG><a name="[af]"></a>rf_get_recalibration_flag</STRONG> (Thumb, 0 bytes, Stack size 0 bytes, rom_symbol.txt(ABSOLUTE))
<BR><BR>[Called By]<UL><LI><a href="#[11a]">&gt;&gt;</a>&nbsp;&nbsp;&nbsp;pmu_calibration_handler
<LI><a href="#[aa]">&gt;&gt;</a>&nbsp;&nbsp;&nbsp;cpll_lock_check_recover
</UL>

<P><STRONG><a name="[122]"></a>rf_recalibration_handler_register</STRONG> (Thumb, 0 bytes, Stack size 0 bytes, rom_symbol.txt(ABSOLUTE))
<BR><BR>[Called By]<UL><LI><a href="#[115]">&gt;&gt;</a>&nbsp;&nbsp;&nbsp;platform_sdk_init
</UL>

<P><STRONG><a name="[a9]"></a>rf_set_recalibration_flag</STRONG> (Thumb, 0 bytes, Stack size 0 bytes, rom_symbol.txt(ABSOLUTE))
<BR><BR>[Called By]<UL><LI><a href="#[125]">&gt;&gt;</a>&nbsp;&nbsp;&nbsp;rf_calibration_set
<LI><a href="#[2d]">&gt;&gt;</a>&nbsp;&nbsp;&nbsp;cpll_calibration
</UL>

<P><STRONG><a name="[1ab]"></a>rwip_lpcycles_2_hus</STRONG> (Thumb, 0 bytes, Stack size 0 bytes, rom_symbol.txt(ABSOLUTE))
<BR><BR>[Called By]<UL><LI><a href="#[1af]">&gt;&gt;</a>&nbsp;&nbsp;&nbsp;get_remain_sleep_dur
<LI><a href="#[64]">&gt;&gt;</a>&nbsp;&nbsp;&nbsp;ble_wakup_time_check
</UL>

<P><STRONG><a name="[9a]"></a>rwip_us_2_lpcycles</STRONG> (Thumb, 0 bytes, Stack size 0 bytes, rom_symbol.txt(ABSOLUTE))
<BR><BR>[Called By]<UL><LI><a href="#[97]">&gt;&gt;</a>&nbsp;&nbsp;&nbsp;ble_sleep_successfully_without_stack_init
</UL>

<P><STRONG><a name="[1d0]"></a>save_context_and_enter_sleep</STRONG> (Thumb, 0 bytes, Stack size 0 bytes, rom_symbol.txt(ABSOLUTE), UNUSED)
<BR><BR>[Called By]<UL><LI><a href="#[1cc]">&gt;&gt;</a>&nbsp;&nbsp;&nbsp;pwr_mgmt_schedule (via Veneer)
</UL>

<P><STRONG><a name="[94]"></a>sys_ble_heartbeat_period_set</STRONG> (Thumb, 0 bytes, Stack size 0 bytes, rom_symbol.txt(ABSOLUTE))
<BR><BR>[Called By]<UL><LI><a href="#[93]">&gt;&gt;</a>&nbsp;&nbsp;&nbsp;ble_core_init_without_stack_init
</UL>

<P><STRONG><a name="[6d]"></a>sys_delay_us</STRONG> (Thumb, 0 bytes, Stack size 0 bytes, rom_symbol.txt(ABSOLUTE))
<BR><BR>[Called By]<UL><LI><a href="#[185]">&gt;&gt;</a>&nbsp;&nbsp;&nbsp;boot_xo_bias_set
<LI><a href="#[184]">&gt;&gt;</a>&nbsp;&nbsp;&nbsp;xo_offset_slowly_set
<LI><a href="#[11e]">&gt;&gt;</a>&nbsp;&nbsp;&nbsp;system_low_power_set
<LI><a href="#[12e]">&gt;&gt;</a>&nbsp;&nbsp;&nbsp;work_xo_bias_set
<LI><a href="#[6b]">&gt;&gt;</a>&nbsp;&nbsp;&nbsp;adc_conversion
<LI><a href="#[92]">&gt;&gt;</a>&nbsp;&nbsp;&nbsp;rf_communication_core_init_patch
</UL>

<P><STRONG><a name="[de]"></a>sys_lpclk_get</STRONG> (Thumb, 0 bytes, Stack size 0 bytes, rom_symbol.txt(ABSOLUTE), UNUSED)
<BR><BR>[Called By]<UL><LI><a href="#[dd]">&gt;&gt;</a>&nbsp;&nbsp;&nbsp;hal_sleep_timer_get_clock_freq
</UL>

<P><STRONG><a name="[11c]"></a>sys_lpclk_set</STRONG> (Thumb, 0 bytes, Stack size 0 bytes, rom_symbol.txt(ABSOLUTE))
<BR><BR>[Called By]<UL><LI><a href="#[11b]">&gt;&gt;</a>&nbsp;&nbsp;&nbsp;platform_param_adjust
<LI><a href="#[10a]">&gt;&gt;</a>&nbsp;&nbsp;&nbsp;platform_set_psc_clk
</UL>

<P><STRONG><a name="[1c2]"></a>sys_lpcycles_2_hus</STRONG> (Thumb, 0 bytes, Stack size 0 bytes, rom_symbol.txt(ABSOLUTE))
<BR><BR>[Called By]<UL><LI><a href="#[1c0]">&gt;&gt;</a>&nbsp;&nbsp;&nbsp;pwr_mgmt_check_ext_timer (via Veneer)
</UL>

<P><STRONG><a name="[199]"></a>sys_security_data_use_present</STRONG> (Thumb, 0 bytes, Stack size 0 bytes, rom_symbol.txt(ABSOLUTE))
<BR><BR>[Called By]<UL><LI><a href="#[35]">&gt;&gt;</a>&nbsp;&nbsp;&nbsp;hal_exflash_write
</UL>

<P><STRONG><a name="[d2]"></a>sys_security_enable_status_check</STRONG> (Thumb, 0 bytes, Stack size 0 bytes, rom_symbol.txt(ABSOLUTE))
<BR><BR>[Called By]<UL><LI><a href="#[d1]">&gt;&gt;</a>&nbsp;&nbsp;&nbsp;hal_flash_init
<LI><a href="#[35]">&gt;&gt;</a>&nbsp;&nbsp;&nbsp;hal_exflash_write
<LI><a href="#[175]">&gt;&gt;</a>&nbsp;&nbsp;&nbsp;warm_boot_patch
</UL>

<P><STRONG><a name="[2c]"></a>ultra_wfi</STRONG> (Thumb, 0 bytes, Stack size 0 bytes, rom_symbol.txt(ABSOLUTE), UNUSED)
<BR>[Address Reference Count : 1]<UL><LI> platform_sdk.o(i.platform_sdk_init)
</UL>
<P><STRONG><a name="[6]"></a>HardFault_Handler</STRONG> (Thumb, 16 bytes, Stack size 0 bytes, gr_interrupt.o(RAM_CODE))
<BR><BR>[Stack]<UL><LI>Max Depth = 160 + Unknown Stack Size
<LI>Call Chain = HardFault_Handler &rArr; hardfault_trace_handler &rArr; __2printf &rArr; _printf_char_file &rArr; _printf_char_common &rArr; __printf
</UL>
<BR>[Calls]<UL><LI><a href="#[15e]">&gt;&gt;</a>&nbsp;&nbsp;&nbsp;hardfault_trace_handler
</UL>
<BR>[Address Reference Count : 2]<UL><LI> startup.o(RESET)
<LI> gr_soc.o(.data)
</UL>
<P><STRONG><a name="[a]"></a>SVC_Handler</STRONG> (Thumb, 4 bytes, Stack size 0 bytes, gr_interrupt.o(RAM_CODE))
<BR>[Address Reference Count : 2]<UL><LI> startup.o(RESET)
<LI> gr_soc.o(.data)
</UL>
<P><STRONG><a name="[15e]"></a>hardfault_trace_handler</STRONG> (Thumb, 110 bytes, Stack size 16 bytes, gr_interrupt.o(RAM_CODE))
<BR><BR>[Stack]<UL><LI>Max Depth = 160 + Unknown Stack Size
<LI>Call Chain = hardfault_trace_handler &rArr; __2printf &rArr; _printf_char_file &rArr; _printf_char_common &rArr; __printf
</UL>
<BR>[Calls]<UL><LI><a href="#[15f]">&gt;&gt;</a>&nbsp;&nbsp;&nbsp;app_log_flush
<LI><a href="#[4e]">&gt;&gt;</a>&nbsp;&nbsp;&nbsp;__2printf
</UL>
<BR>[Called By]<UL><LI><a href="#[6]">&gt;&gt;</a>&nbsp;&nbsp;&nbsp;HardFault_Handler
</UL>

<P><STRONG><a name="[1d1]"></a>cortex_backtrace_fault_handler</STRONG> (Thumb, 2 bytes, Stack size 0 bytes, gr_interrupt.o(RAM_CODE), UNUSED)

<P><STRONG><a name="[21]"></a>pwr_wake_up_ind</STRONG> (Thumb, 48 bytes, Stack size 16 bytes, app_pwr_mgmt.o(RAM_CODE))
<BR><BR>[Stack]<UL><LI>Max Depth = 24<LI>Call Chain = pwr_wake_up_ind &rArr; hal_init
</UL>
<BR>[Calls]<UL><LI><a href="#[d9]">&gt;&gt;</a>&nbsp;&nbsp;&nbsp;hal_init
</UL>
<BR>[Address Reference Count : 1]<UL><LI> app_pwr_mgmt.o(i.app_pwr_mgmt_init)
</UL>
<P><STRONG><a name="[20]"></a>AON_EXT_IRQHandler</STRONG> (Thumb, 4 bytes, Stack size 0 bytes, app_io.o(RAM_CODE))
<BR><BR>[Stack]<UL><LI>Max Depth = 8<LI>Call Chain = AON_EXT_IRQHandler &rArr; hal_aon_gpio_irq_handler
</UL>
<BR>[Calls]<UL><LI><a href="#[ce]">&gt;&gt;</a>&nbsp;&nbsp;&nbsp;hal_aon_gpio_irq_handler
</UL>
<BR>[Address Reference Count : 1]<UL><LI> app_io.o(i.app_io_init)
</UL>
<P><STRONG><a name="[1f]"></a>EXT1_IRQHandler</STRONG> (Thumb, 6 bytes, Stack size 0 bytes, app_io.o(RAM_CODE))
<BR><BR>[Calls]<UL><LI><a href="#[160]">&gt;&gt;</a>&nbsp;&nbsp;&nbsp;hal_gpio_exti_irq_handler
</UL>
<BR>[Address Reference Count : 1]<UL><LI> app_io.o(i.app_io_init)
</UL>
<P><STRONG><a name="[1e]"></a>EXT0_IRQHandler</STRONG> (Thumb, 6 bytes, Stack size 0 bytes, app_io.o(RAM_CODE))
<BR><BR>[Calls]<UL><LI><a href="#[160]">&gt;&gt;</a>&nbsp;&nbsp;&nbsp;hal_gpio_exti_irq_handler
</UL>
<BR>[Address Reference Count : 1]<UL><LI> app_io.o(i.app_io_init)
</UL>
<P><STRONG><a name="[161]"></a>EXT2_IRQHandler</STRONG> (Thumb, 6 bytes, Stack size 0 bytes, app_io.o(RAM_CODE), UNUSED)
<BR><BR>[Calls]<UL><LI><a href="#[160]">&gt;&gt;</a>&nbsp;&nbsp;&nbsp;hal_gpio_exti_irq_handler
</UL>

<P><STRONG><a name="[39]"></a>gr5xx_svc_process</STRONG> (Thumb, 28 bytes, Stack size 0 bytes, svc_handler.o(RAM_CODE))
<BR><BR>[Stack]<UL><LI>Max Depth = 16<LI>Call Chain = gr5xx_svc_process &rArr; SVC_handler_proc
</UL>
<BR>[Calls]<UL><LI><a href="#[163]">&gt;&gt;</a>&nbsp;&nbsp;&nbsp;SVC_handler_proc
</UL>
<BR>[Address Reference Count : 1]<UL><LI> gr_interrupt.o(RAM_CODE)
</UL>
<P><STRONG><a name="[163]"></a>SVC_handler_proc</STRONG> (Thumb, 50 bytes, Stack size 16 bytes, svc_handler.o(RAM_CODE))
<BR><BR>[Stack]<UL><LI>Max Depth = 16<LI>Call Chain = SVC_handler_proc
</UL>
<BR>[Calls]<UL><LI><a href="#[164]">&gt;&gt;</a>&nbsp;&nbsp;&nbsp;svc_user_handler
<LI><a href="#[11f]">&gt;&gt;</a>&nbsp;&nbsp;&nbsp;fpb_save_state
<LI><a href="#[121]">&gt;&gt;</a>&nbsp;&nbsp;&nbsp;fpb_load_state
<LI><a href="#[165]">&gt;&gt;</a>&nbsp;&nbsp;&nbsp;get_patch_rep_addr
</UL>
<BR>[Called By]<UL><LI><a href="#[39]">&gt;&gt;</a>&nbsp;&nbsp;&nbsp;gr5xx_svc_process
</UL>

<P><STRONG><a name="[166]"></a>hal_pwr_disable_ext_wakeup</STRONG> (Thumb, 34 bytes, Stack size 8 bytes, gr55xx_hal_pwr_patch.o(RAM_CODE), UNUSED)
<BR><BR>[Calls]<UL><LI><a href="#[167]">&gt;&gt;</a>&nbsp;&nbsp;&nbsp;ll_pwr_clear_ext_wakeup_status
</UL>

<P><STRONG><a name="[168]"></a>hal_pwr_config_ext_wakeup</STRONG> (Thumb, 90 bytes, Stack size 16 bytes, gr55xx_hal_pwr_patch.o(RAM_CODE), UNUSED)
<BR><BR>[Calls]<UL><LI><a href="#[167]">&gt;&gt;</a>&nbsp;&nbsp;&nbsp;ll_pwr_clear_ext_wakeup_status
</UL>

<P><STRONG><a name="[1c1]"></a>hal_pwr_get_timer_current_value</STRONG> (Thumb, 72 bytes, Stack size 16 bytes, gr55xx_hal_pwr_patch.o(RAM_CODE))
<BR><BR>[Stack]<UL><LI>Max Depth = 16<LI>Call Chain = hal_pwr_get_timer_current_value
</UL>
<BR>[Called By]<UL><LI><a href="#[1c0]">&gt;&gt;</a>&nbsp;&nbsp;&nbsp;pwr_mgmt_check_ext_timer (via Veneer)
</UL>

<P><STRONG><a name="[118]"></a>rtc_calibration</STRONG> (Thumb, 634 bytes, Stack size 64 bytes, system_sdk_patch.o(RAM_CODE))
<BR><BR>[Stack]<UL><LI>Max Depth = 96<LI>Call Chain = rtc_calibration &rArr; __aeabi_dmul
</UL>
<BR>[Calls]<UL><LI><a href="#[169]">&gt;&gt;</a>&nbsp;&nbsp;&nbsp;ll_calendar_set_clock_div
<LI><a href="#[16a]">&gt;&gt;</a>&nbsp;&nbsp;&nbsp;ll_calendar_get_counter
<LI><a href="#[16b]">&gt;&gt;</a>&nbsp;&nbsp;&nbsp;ll_calendar_clear_flag_alarm
<LI><a href="#[16c]">&gt;&gt;</a>&nbsp;&nbsp;&nbsp;__NVIC_DisableIRQ
<LI><a href="#[16d]">&gt;&gt;</a>&nbsp;&nbsp;&nbsp;__NVIC_ClearPendingIRQ
<LI><a href="#[c6]">&gt;&gt;</a>&nbsp;&nbsp;&nbsp;__aeabi_dmul
<LI><a href="#[c1]">&gt;&gt;</a>&nbsp;&nbsp;&nbsp;__aeabi_ui2d
<LI><a href="#[c3]">&gt;&gt;</a>&nbsp;&nbsp;&nbsp;__aeabi_ddiv
<LI><a href="#[16e]">&gt;&gt;</a>&nbsp;&nbsp;&nbsp;__aeabi_d2f
</UL>
<BR>[Called By]<UL><LI><a href="#[110]">&gt;&gt;</a>&nbsp;&nbsp;&nbsp;platform_init
</UL>

<P><STRONG><a name="[16f]"></a>hal_exflash_warm_init</STRONG> (Thumb, 310 bytes, Stack size 48 bytes, warm_boot_patch.o(RAM_CODE))
<BR><BR>[Stack]<UL><LI>Max Depth = 120<LI>Call Chain = hal_exflash_warm_init &rArr; hal_xqspi_init_ext &rArr; hal_xqspi_init_ext_patch &rArr; ll_xqspi_init_patch
</UL>
<BR>[Calls]<UL><LI><a href="#[174]">&gt;&gt;</a>&nbsp;&nbsp;&nbsp;exflash_check_id
<LI><a href="#[172]">&gt;&gt;</a>&nbsp;&nbsp;&nbsp;exflash_wakeup
<LI><a href="#[170]">&gt;&gt;</a>&nbsp;&nbsp;&nbsp;hal_exflash_set_retry
<LI><a href="#[171]">&gt;&gt;</a>&nbsp;&nbsp;&nbsp;hal_xqspi_init_ext
<LI><a href="#[173]">&gt;&gt;</a>&nbsp;&nbsp;&nbsp;exflash_check_id_patch
</UL>
<BR>[Called By]<UL><LI><a href="#[175]">&gt;&gt;</a>&nbsp;&nbsp;&nbsp;warm_boot_patch
</UL>

<P><STRONG><a name="[175]"></a>warm_boot_patch</STRONG> (Thumb, 112 bytes, Stack size 24 bytes, warm_boot_patch.o(RAM_CODE))
<BR><BR>[Stack]<UL><LI>Max Depth = 144<LI>Call Chain = warm_boot_patch &rArr; hal_exflash_warm_init &rArr; hal_xqspi_init_ext &rArr; hal_xqspi_init_ext_patch &rArr; ll_xqspi_init_patch
</UL>
<BR>[Calls]<UL><LI><a href="#[d2]">&gt;&gt;</a>&nbsp;&nbsp;&nbsp;sys_security_enable_status_check
<LI><a href="#[176]">&gt;&gt;</a>&nbsp;&nbsp;&nbsp;jump_app
<LI><a href="#[16f]">&gt;&gt;</a>&nbsp;&nbsp;&nbsp;hal_exflash_warm_init
<LI><a href="#[177]">&gt;&gt;</a>&nbsp;&nbsp;&nbsp;rom_cbk_execute
</UL>
<BR>[Called By]<UL><LI><a href="#[2f]">&gt;&gt;</a>&nbsp;&nbsp;&nbsp;rom_callback_patch
</UL>

<P><STRONG><a name="[96]"></a>platform_rng2_calibration_is_busy</STRONG> (Thumb, 28 bytes, Stack size 8 bytes, platform_clock.o(RAM_CODE))
<BR><BR>[Stack]<UL><LI>Max Depth = 8<LI>Call Chain = platform_rng2_calibration_is_busy
</UL>
<BR>[Called By]<UL><LI><a href="#[95]">&gt;&gt;</a>&nbsp;&nbsp;&nbsp;ble_is_prevent_sleep_without_stack_init
</UL>

<P><STRONG><a name="[178]"></a>enable_quad_xmc</STRONG> (Thumb, 162 bytes, Stack size 32 bytes, platform_exflash.o(RAM_CODE))
<BR><BR>[Stack]<UL><LI>Max Depth = 88<LI>Call Chain = enable_quad_xmc &rArr; enable_quad_stat
</UL>
<BR>[Calls]<UL><LI><a href="#[17b]">&gt;&gt;</a>&nbsp;&nbsp;&nbsp;exflash_wait_busy
<LI><a href="#[179]">&gt;&gt;</a>&nbsp;&nbsp;&nbsp;hal_xqspi_transmit
<LI><a href="#[17a]">&gt;&gt;</a>&nbsp;&nbsp;&nbsp;enable_quad_stat
</UL>
<BR>[Called By]<UL><LI><a href="#[182]">&gt;&gt;</a>&nbsp;&nbsp;&nbsp;enable_quad
</UL>

<P><STRONG><a name="[17c]"></a>enable_quad_mode2</STRONG> (Thumb, 64 bytes, Stack size 16 bytes, platform_exflash.o(RAM_CODE))
<BR><BR>[Stack]<UL><LI>Max Depth = 16<LI>Call Chain = enable_quad_mode2
</UL>
<BR>[Calls]<UL><LI><a href="#[17b]">&gt;&gt;</a>&nbsp;&nbsp;&nbsp;exflash_wait_busy
<LI><a href="#[17d]">&gt;&gt;</a>&nbsp;&nbsp;&nbsp;exflash_enable_write
<LI><a href="#[179]">&gt;&gt;</a>&nbsp;&nbsp;&nbsp;hal_xqspi_transmit
</UL>
<BR>[Called By]<UL><LI><a href="#[181]">&gt;&gt;</a>&nbsp;&nbsp;&nbsp;enable_quad_normal
</UL>

<P><STRONG><a name="[17e]"></a>enable_quad_mode1</STRONG> (Thumb, 62 bytes, Stack size 16 bytes, platform_exflash.o(RAM_CODE))
<BR><BR>[Stack]<UL><LI>Max Depth = 16<LI>Call Chain = enable_quad_mode1
</UL>
<BR>[Calls]<UL><LI><a href="#[17b]">&gt;&gt;</a>&nbsp;&nbsp;&nbsp;exflash_wait_busy
<LI><a href="#[17d]">&gt;&gt;</a>&nbsp;&nbsp;&nbsp;exflash_enable_write
<LI><a href="#[179]">&gt;&gt;</a>&nbsp;&nbsp;&nbsp;hal_xqspi_transmit
</UL>
<BR>[Called By]<UL><LI><a href="#[181]">&gt;&gt;</a>&nbsp;&nbsp;&nbsp;enable_quad_normal
</UL>

<P><STRONG><a name="[17f]"></a>enable_quad_mode0</STRONG> (Thumb, 34 bytes, Stack size 16 bytes, platform_exflash.o(RAM_CODE))
<BR><BR>[Stack]<UL><LI>Max Depth = 72<LI>Call Chain = enable_quad_mode0 &rArr; enable_quad_stat
</UL>
<BR>[Calls]<UL><LI><a href="#[180]">&gt;&gt;</a>&nbsp;&nbsp;&nbsp;exflash_write_status
<LI><a href="#[17a]">&gt;&gt;</a>&nbsp;&nbsp;&nbsp;enable_quad_stat
</UL>
<BR>[Called By]<UL><LI><a href="#[181]">&gt;&gt;</a>&nbsp;&nbsp;&nbsp;enable_quad_normal
</UL>

<P><STRONG><a name="[181]"></a>enable_quad_normal</STRONG> (Thumb, 116 bytes, Stack size 24 bytes, platform_exflash.o(RAM_CODE))
<BR><BR>[Stack]<UL><LI>Max Depth = 96<LI>Call Chain = enable_quad_normal &rArr; enable_quad_mode0 &rArr; enable_quad_stat
</UL>
<BR>[Calls]<UL><LI><a href="#[17f]">&gt;&gt;</a>&nbsp;&nbsp;&nbsp;enable_quad_mode0
<LI><a href="#[17e]">&gt;&gt;</a>&nbsp;&nbsp;&nbsp;enable_quad_mode1
<LI><a href="#[17c]">&gt;&gt;</a>&nbsp;&nbsp;&nbsp;enable_quad_mode2
<LI><a href="#[17a]">&gt;&gt;</a>&nbsp;&nbsp;&nbsp;enable_quad_stat
</UL>
<BR>[Called By]<UL><LI><a href="#[182]">&gt;&gt;</a>&nbsp;&nbsp;&nbsp;enable_quad
</UL>

<P><STRONG><a name="[182]"></a>enable_quad</STRONG> (Thumb, 32 bytes, Stack size 8 bytes, platform_exflash.o(RAM_CODE))
<BR><BR>[Stack]<UL><LI>Max Depth = 104<LI>Call Chain = enable_quad &rArr; enable_quad_normal &rArr; enable_quad_mode0 &rArr; enable_quad_stat
</UL>
<BR>[Calls]<UL><LI><a href="#[181]">&gt;&gt;</a>&nbsp;&nbsp;&nbsp;enable_quad_normal
<LI><a href="#[178]">&gt;&gt;</a>&nbsp;&nbsp;&nbsp;enable_quad_xmc
</UL>
<BR>[Called By]<UL><LI><a href="#[10f]">&gt;&gt;</a>&nbsp;&nbsp;&nbsp;platform_exflash_enable_quad
</UL>

<P><STRONG><a name="[10f]"></a>platform_exflash_enable_quad</STRONG> (Thumb, 170 bytes, Stack size 24 bytes, platform_exflash.o(RAM_CODE))
<BR><BR>[Stack]<UL><LI>Max Depth = 128<LI>Call Chain = platform_exflash_enable_quad &rArr; enable_quad &rArr; enable_quad_normal &rArr; enable_quad_mode0 &rArr; enable_quad_stat
</UL>
<BR>[Calls]<UL><LI><a href="#[183]">&gt;&gt;</a>&nbsp;&nbsp;&nbsp;exflash_deepsleep
<LI><a href="#[174]">&gt;&gt;</a>&nbsp;&nbsp;&nbsp;exflash_check_id
<LI><a href="#[172]">&gt;&gt;</a>&nbsp;&nbsp;&nbsp;exflash_wakeup
<LI><a href="#[182]">&gt;&gt;</a>&nbsp;&nbsp;&nbsp;enable_quad
<LI><a href="#[171]">&gt;&gt;</a>&nbsp;&nbsp;&nbsp;hal_xqspi_init_ext
</UL>
<BR>[Called By]<UL><LI><a href="#[10e]">&gt;&gt;</a>&nbsp;&nbsp;&nbsp;platform_flash_enable_quad
</UL>

<P><STRONG><a name="[184]"></a>xo_offset_slowly_set</STRONG> (Thumb, 108 bytes, Stack size 32 bytes, platform_sdk.o(RAM_CODE))
<BR><BR>[Stack]<UL><LI>Max Depth = 32<LI>Call Chain = xo_offset_slowly_set
</UL>
<BR>[Calls]<UL><LI><a href="#[6d]">&gt;&gt;</a>&nbsp;&nbsp;&nbsp;sys_delay_us
</UL>
<BR>[Called By]<UL><LI><a href="#[185]">&gt;&gt;</a>&nbsp;&nbsp;&nbsp;boot_xo_bias_set
<LI><a href="#[12e]">&gt;&gt;</a>&nbsp;&nbsp;&nbsp;work_xo_bias_set
</UL>

<P><STRONG><a name="[185]"></a>boot_xo_bias_set</STRONG> (Thumb, 64 bytes, Stack size 16 bytes, platform_sdk.o(RAM_CODE))
<BR><BR>[Stack]<UL><LI>Max Depth = 48<LI>Call Chain = boot_xo_bias_set &rArr; xo_offset_slowly_set
</UL>
<BR>[Calls]<UL><LI><a href="#[6d]">&gt;&gt;</a>&nbsp;&nbsp;&nbsp;sys_delay_us
<LI><a href="#[184]">&gt;&gt;</a>&nbsp;&nbsp;&nbsp;xo_offset_slowly_set
</UL>
<BR>[Called By]<UL><LI><a href="#[2a]">&gt;&gt;</a>&nbsp;&nbsp;&nbsp;sys_context_save_func
</UL>

<P><STRONG><a name="[12e]"></a>work_xo_bias_set</STRONG> (Thumb, 64 bytes, Stack size 16 bytes, platform_sdk.o(RAM_CODE))
<BR><BR>[Stack]<UL><LI>Max Depth = 48<LI>Call Chain = work_xo_bias_set &rArr; xo_offset_slowly_set
</UL>
<BR>[Calls]<UL><LI><a href="#[6d]">&gt;&gt;</a>&nbsp;&nbsp;&nbsp;sys_delay_us
<LI><a href="#[184]">&gt;&gt;</a>&nbsp;&nbsp;&nbsp;xo_offset_slowly_set
</UL>
<BR>[Called By]<UL><LI><a href="#[108]">&gt;&gt;</a>&nbsp;&nbsp;&nbsp;rf_xo_offset_init
<LI><a href="#[177]">&gt;&gt;</a>&nbsp;&nbsp;&nbsp;rom_cbk_execute
<LI><a href="#[2e]">&gt;&gt;</a>&nbsp;&nbsp;&nbsp;pwr_mgmt_shutdown_patch (via Veneer)
</UL>

<P><STRONG><a name="[187]"></a>sys_is_adjust_boot_digldo</STRONG> (Thumb, 36 bytes, Stack size 0 bytes, platform_sdk.o(RAM_CODE))
<BR><BR>[Called By]<UL><LI><a href="#[188]">&gt;&gt;</a>&nbsp;&nbsp;&nbsp;work_digldo_dcdc_set
<LI><a href="#[186]">&gt;&gt;</a>&nbsp;&nbsp;&nbsp;boot_digldo_dcdc_set
</UL>

<P><STRONG><a name="[186]"></a>boot_digldo_dcdc_set</STRONG> (Thumb, 182 bytes, Stack size 16 bytes, platform_sdk.o(RAM_CODE))
<BR><BR>[Stack]<UL><LI>Max Depth = 16<LI>Call Chain = boot_digldo_dcdc_set
</UL>
<BR>[Calls]<UL><LI><a href="#[187]">&gt;&gt;</a>&nbsp;&nbsp;&nbsp;sys_is_adjust_boot_digldo
</UL>
<BR>[Called By]<UL><LI><a href="#[2a]">&gt;&gt;</a>&nbsp;&nbsp;&nbsp;sys_context_save_func
</UL>

<P><STRONG><a name="[188]"></a>work_digldo_dcdc_set</STRONG> (Thumb, 64 bytes, Stack size 8 bytes, platform_sdk.o(RAM_CODE))
<BR><BR>[Stack]<UL><LI>Max Depth = 8<LI>Call Chain = work_digldo_dcdc_set
</UL>
<BR>[Calls]<UL><LI><a href="#[187]">&gt;&gt;</a>&nbsp;&nbsp;&nbsp;sys_is_adjust_boot_digldo
</UL>
<BR>[Called By]<UL><LI><a href="#[2b]">&gt;&gt;</a>&nbsp;&nbsp;&nbsp;sys_context_restore_func
<LI><a href="#[2e]">&gt;&gt;</a>&nbsp;&nbsp;&nbsp;pwr_mgmt_shutdown_patch (via Veneer)
</UL>

<P><STRONG><a name="[192]"></a>hal_pm_resume</STRONG> (Thumb, 2 bytes, Stack size 0 bytes, platform_sdk.o(RAM_CODE))
<BR><BR>[Called By]<UL><LI><a href="#[12a]">&gt;&gt;</a>&nbsp;&nbsp;&nbsp;warm_boot
<LI><a href="#[12b]">&gt;&gt;</a>&nbsp;&nbsp;&nbsp;warm_boot_first
</UL>

<P><STRONG><a name="[189]"></a>warm_boot_second</STRONG> (Thumb, 138 bytes, Stack size 8 bytes, platform_sdk.o(RAM_CODE), UNUSED)
<BR><BR>[Calls]<UL><LI><a href="#[18e]">&gt;&gt;</a>&nbsp;&nbsp;&nbsp;ll_aon_gpio_is_enabled_it
<LI><a href="#[18f]">&gt;&gt;</a>&nbsp;&nbsp;&nbsp;__NVIC_SetPendingIRQ
<LI><a href="#[18b]">&gt;&gt;</a>&nbsp;&nbsp;&nbsp;__NVIC_GetPendingIRQ
<LI><a href="#[18a]">&gt;&gt;</a>&nbsp;&nbsp;&nbsp;__NVIC_EnableIRQ
<LI><a href="#[190]">&gt;&gt;</a>&nbsp;&nbsp;&nbsp;__NVIC_ClearPendingIRQ
<LI><a href="#[18c]">&gt;&gt;</a>&nbsp;&nbsp;&nbsp;ll_pwr_clear_ext_wakeup_status
<LI><a href="#[18d]">&gt;&gt;</a>&nbsp;&nbsp;&nbsp;ll_pwr_get_ext_wakeup_status
</UL>

<P><STRONG><a name="[12b]"></a>warm_boot_first</STRONG> (Thumb, 44 bytes, Stack size 8 bytes, platform_sdk.o(RAM_CODE))
<BR><BR>[Stack]<UL><LI>Max Depth = 24<LI>Call Chain = warm_boot_first &rArr; hal_flash_init
</UL>
<BR>[Calls]<UL><LI><a href="#[d1]">&gt;&gt;</a>&nbsp;&nbsp;&nbsp;hal_flash_init
<LI><a href="#[193]">&gt;&gt;</a>&nbsp;&nbsp;&nbsp;pwr_mgmt_dev_resume
<LI><a href="#[194]">&gt;&gt;</a>&nbsp;&nbsp;&nbsp;pwr_mgmt_load_context
<LI><a href="#[192]">&gt;&gt;</a>&nbsp;&nbsp;&nbsp;hal_pm_resume
<LI><a href="#[191]">&gt;&gt;</a>&nbsp;&nbsp;&nbsp;system_priority_restore_func
<LI><a href="#[18a]">&gt;&gt;</a>&nbsp;&nbsp;&nbsp;__NVIC_EnableIRQ
<LI><a href="#[190]">&gt;&gt;</a>&nbsp;&nbsp;&nbsp;__NVIC_ClearPendingIRQ
</UL>
<BR>[Called By]<UL><LI><a href="#[129]">&gt;&gt;</a>&nbsp;&nbsp;&nbsp;pwr_mgmt_warm_boot
</UL>

<P><STRONG><a name="[12a]"></a>warm_boot</STRONG> (Thumb, 176 bytes, Stack size 8 bytes, platform_sdk.o(RAM_CODE))
<BR><BR>[Stack]<UL><LI>Max Depth = 24<LI>Call Chain = warm_boot &rArr; hal_flash_init
</UL>
<BR>[Calls]<UL><LI><a href="#[d1]">&gt;&gt;</a>&nbsp;&nbsp;&nbsp;hal_flash_init
<LI><a href="#[193]">&gt;&gt;</a>&nbsp;&nbsp;&nbsp;pwr_mgmt_dev_resume
<LI><a href="#[194]">&gt;&gt;</a>&nbsp;&nbsp;&nbsp;pwr_mgmt_load_context
<LI><a href="#[192]">&gt;&gt;</a>&nbsp;&nbsp;&nbsp;hal_pm_resume
<LI><a href="#[191]">&gt;&gt;</a>&nbsp;&nbsp;&nbsp;system_priority_restore_func
<LI><a href="#[18e]">&gt;&gt;</a>&nbsp;&nbsp;&nbsp;ll_aon_gpio_is_enabled_it
<LI><a href="#[18f]">&gt;&gt;</a>&nbsp;&nbsp;&nbsp;__NVIC_SetPendingIRQ
<LI><a href="#[18b]">&gt;&gt;</a>&nbsp;&nbsp;&nbsp;__NVIC_GetPendingIRQ
<LI><a href="#[18a]">&gt;&gt;</a>&nbsp;&nbsp;&nbsp;__NVIC_EnableIRQ
<LI><a href="#[190]">&gt;&gt;</a>&nbsp;&nbsp;&nbsp;__NVIC_ClearPendingIRQ
<LI><a href="#[18c]">&gt;&gt;</a>&nbsp;&nbsp;&nbsp;ll_pwr_clear_ext_wakeup_status
<LI><a href="#[18d]">&gt;&gt;</a>&nbsp;&nbsp;&nbsp;ll_pwr_get_ext_wakeup_status
</UL>
<BR>[Called By]<UL><LI><a href="#[129]">&gt;&gt;</a>&nbsp;&nbsp;&nbsp;pwr_mgmt_warm_boot
</UL>

<P><STRONG><a name="[195]"></a>get_sram_size</STRONG> (Thumb, 34 bytes, Stack size 8 bytes, platform_sram.o(RAM_CODE))
<BR><BR>[Stack]<UL><LI>Max Depth = 72<LI>Call Chain = get_sram_size &rArr; sys_device_sram_get &rArr; sys_efuse_info_sync &rArr; hal_efuse_init_ext
</UL>
<BR>[Calls]<UL><LI><a href="#[139]">&gt;&gt;</a>&nbsp;&nbsp;&nbsp;sys_device_sram_get
</UL>
<BR>[Called By]<UL><LI><a href="#[197]">&gt;&gt;</a>&nbsp;&nbsp;&nbsp;mem_pwr_mgmt_check_processs
<LI><a href="#[196]">&gt;&gt;</a>&nbsp;&nbsp;&nbsp;system_calculate_sram_size
</UL>

<P><STRONG><a name="[196]"></a>system_calculate_sram_size</STRONG> (Thumb, 52 bytes, Stack size 16 bytes, platform_sram.o(RAM_CODE))
<BR><BR>[Stack]<UL><LI>Max Depth = 88<LI>Call Chain = system_calculate_sram_size &rArr; get_sram_size &rArr; sys_device_sram_get &rArr; sys_efuse_info_sync &rArr; hal_efuse_init_ext
</UL>
<BR>[Calls]<UL><LI><a href="#[195]">&gt;&gt;</a>&nbsp;&nbsp;&nbsp;get_sram_size
</UL>
<BR>[Called By]<UL><LI><a href="#[f7]">&gt;&gt;</a>&nbsp;&nbsp;&nbsp;mem_pwr_mgmt_sleep_state_set
<LI><a href="#[f6]">&gt;&gt;</a>&nbsp;&nbsp;&nbsp;mem_pwr_mgmt_work_state_set
</UL>

<P><STRONG><a name="[f6]"></a>mem_pwr_mgmt_work_state_set</STRONG> (Thumb, 68 bytes, Stack size 16 bytes, platform_sram.o(RAM_CODE))
<BR><BR>[Stack]<UL><LI>Max Depth = 104<LI>Call Chain = mem_pwr_mgmt_work_state_set &rArr; system_calculate_sram_size &rArr; get_sram_size &rArr; sys_device_sram_get &rArr; sys_efuse_info_sync &rArr; hal_efuse_init_ext
</UL>
<BR>[Calls]<UL><LI><a href="#[196]">&gt;&gt;</a>&nbsp;&nbsp;&nbsp;system_calculate_sram_size
</UL>
<BR>[Called By]<UL><LI><a href="#[f5]">&gt;&gt;</a>&nbsp;&nbsp;&nbsp;mem_pwr_mgmt_mode_set
<LI><a href="#[197]">&gt;&gt;</a>&nbsp;&nbsp;&nbsp;mem_pwr_mgmt_check_processs
</UL>

<P><STRONG><a name="[f7]"></a>mem_pwr_mgmt_sleep_state_set</STRONG> (Thumb, 26 bytes, Stack size 16 bytes, platform_sram.o(RAM_CODE))
<BR><BR>[Stack]<UL><LI>Max Depth = 104<LI>Call Chain = mem_pwr_mgmt_sleep_state_set &rArr; system_calculate_sram_size &rArr; get_sram_size &rArr; sys_device_sram_get &rArr; sys_efuse_info_sync &rArr; hal_efuse_init_ext
</UL>
<BR>[Calls]<UL><LI><a href="#[196]">&gt;&gt;</a>&nbsp;&nbsp;&nbsp;system_calculate_sram_size
</UL>
<BR>[Called By]<UL><LI><a href="#[f5]">&gt;&gt;</a>&nbsp;&nbsp;&nbsp;mem_pwr_mgmt_mode_set
<LI><a href="#[197]">&gt;&gt;</a>&nbsp;&nbsp;&nbsp;mem_pwr_mgmt_check_processs
</UL>

<P><STRONG><a name="[197]"></a>mem_pwr_mgmt_check_processs</STRONG> (Thumb, 52 bytes, Stack size 16 bytes, platform_sram.o(RAM_CODE), UNUSED)
<BR><BR>[Calls]<UL><LI><a href="#[f7]">&gt;&gt;</a>&nbsp;&nbsp;&nbsp;mem_pwr_mgmt_sleep_state_set
<LI><a href="#[f6]">&gt;&gt;</a>&nbsp;&nbsp;&nbsp;mem_pwr_mgmt_work_state_set
<LI><a href="#[195]">&gt;&gt;</a>&nbsp;&nbsp;&nbsp;get_sram_size
</UL>
<BR>[Called By]<UL><LI><a href="#[1cc]">&gt;&gt;</a>&nbsp;&nbsp;&nbsp;pwr_mgmt_schedule (via Veneer)
</UL>

<P><STRONG><a name="[198]"></a>ll_cgc_disable_secu_clk</STRONG> (Thumb, 36 bytes, Stack size 0 bytes, gr55xx_hal_exflash_patch.o(RAM_CODE))
<BR><BR>[Called By]<UL><LI><a href="#[35]">&gt;&gt;</a>&nbsp;&nbsp;&nbsp;hal_exflash_write
</UL>

<P><STRONG><a name="[19a]"></a>ll_cgc_enable_secu_clk</STRONG> (Thumb, 44 bytes, Stack size 0 bytes, gr55xx_hal_exflash_patch.o(RAM_CODE))
<BR><BR>[Called By]<UL><LI><a href="#[35]">&gt;&gt;</a>&nbsp;&nbsp;&nbsp;hal_exflash_write
</UL>

<P><STRONG><a name="[1d2]"></a>hal_exflash_operation_protection</STRONG> (Thumb, 50 bytes, Stack size 8 bytes, gr55xx_hal_exflash_patch.o(RAM_CODE), UNUSED)

<P><STRONG><a name="[35]"></a>hal_exflash_write</STRONG> (Thumb, 532 bytes, Stack size 576 bytes, gr55xx_hal_exflash_patch.o(RAM_CODE))
<BR><BR>[Stack]<UL><LI>Max Depth = 648<LI>Call Chain = hal_exflash_write &rArr; hal_xqspi_init_ext &rArr; hal_xqspi_init_ext_patch &rArr; ll_xqspi_init_patch
</UL>
<BR>[Calls]<UL><LI><a href="#[19b]">&gt;&gt;</a>&nbsp;&nbsp;&nbsp;exflash_page_program
<LI><a href="#[183]">&gt;&gt;</a>&nbsp;&nbsp;&nbsp;exflash_deepsleep
<LI><a href="#[174]">&gt;&gt;</a>&nbsp;&nbsp;&nbsp;exflash_check_id
<LI><a href="#[172]">&gt;&gt;</a>&nbsp;&nbsp;&nbsp;exflash_wakeup
<LI><a href="#[d2]">&gt;&gt;</a>&nbsp;&nbsp;&nbsp;sys_security_enable_status_check
<LI><a href="#[199]">&gt;&gt;</a>&nbsp;&nbsp;&nbsp;sys_security_data_use_present
<LI><a href="#[19a]">&gt;&gt;</a>&nbsp;&nbsp;&nbsp;ll_cgc_enable_secu_clk
<LI><a href="#[198]">&gt;&gt;</a>&nbsp;&nbsp;&nbsp;ll_cgc_disable_secu_clk
<LI><a href="#[171]">&gt;&gt;</a>&nbsp;&nbsp;&nbsp;hal_xqspi_init_ext
</UL>
<BR>[Called By]<UL><LI><a href="#[b5]">&gt;&gt;</a>&nbsp;&nbsp;&nbsp;hal_flash_write_r
</UL>
<BR>[Address Reference Count : 1]<UL><LI> fpb_patch_init.o(i.system_driver_patch_enable)
</UL>
<P><STRONG><a name="[34]"></a>hal_exflash_erase</STRONG> (Thumb, 384 bytes, Stack size 40 bytes, gr55xx_hal_exflash_patch.o(RAM_CODE))
<BR><BR>[Stack]<UL><LI>Max Depth = 112<LI>Call Chain = hal_exflash_erase &rArr; hal_xqspi_init_ext &rArr; hal_xqspi_init_ext_patch &rArr; ll_xqspi_init_patch
</UL>
<BR>[Calls]<UL><LI><a href="#[19d]">&gt;&gt;</a>&nbsp;&nbsp;&nbsp;exflash_erase_sector
<LI><a href="#[19c]">&gt;&gt;</a>&nbsp;&nbsp;&nbsp;exflash_erase_chip
<LI><a href="#[183]">&gt;&gt;</a>&nbsp;&nbsp;&nbsp;exflash_deepsleep
<LI><a href="#[174]">&gt;&gt;</a>&nbsp;&nbsp;&nbsp;exflash_check_id
<LI><a href="#[172]">&gt;&gt;</a>&nbsp;&nbsp;&nbsp;exflash_wakeup
<LI><a href="#[171]">&gt;&gt;</a>&nbsp;&nbsp;&nbsp;hal_xqspi_init_ext
</UL>
<BR>[Called By]<UL><LI><a href="#[a8]">&gt;&gt;</a>&nbsp;&nbsp;&nbsp;hal_flash_erase
</UL>
<BR>[Address Reference Count : 1]<UL><LI> fpb_patch_init.o(i.system_driver_patch_enable)
</UL>
<P><STRONG><a name="[173]"></a>exflash_check_id_patch</STRONG> (Thumb, 144 bytes, Stack size 48 bytes, gr55xx_hal_exflash_patch.o(RAM_CODE))
<BR><BR>[Stack]<UL><LI>Max Depth = 48<LI>Call Chain = exflash_check_id_patch
</UL>
<BR>[Calls]<UL><LI><a href="#[19e]">&gt;&gt;</a>&nbsp;&nbsp;&nbsp;hal_xqspi_command_receive
</UL>
<BR>[Called By]<UL><LI><a href="#[1a0]">&gt;&gt;</a>&nbsp;&nbsp;&nbsp;hal_exflash_wakeup_patch
<LI><a href="#[16f]">&gt;&gt;</a>&nbsp;&nbsp;&nbsp;hal_exflash_warm_init
</UL>

<P><STRONG><a name="[19f]"></a>hal_exflash_deepsleep_patch</STRONG> (Thumb, 98 bytes, Stack size 24 bytes, gr55xx_hal_exflash_patch.o(RAM_CODE))
<BR><BR>[Stack]<UL><LI>Max Depth = 96<LI>Call Chain = hal_exflash_deepsleep_patch &rArr; hal_xqspi_init_ext &rArr; hal_xqspi_init_ext_patch &rArr; ll_xqspi_init_patch
</UL>
<BR>[Calls]<UL><LI><a href="#[183]">&gt;&gt;</a>&nbsp;&nbsp;&nbsp;exflash_deepsleep
<LI><a href="#[171]">&gt;&gt;</a>&nbsp;&nbsp;&nbsp;hal_xqspi_init_ext
</UL>
<BR>[Called By]<UL><LI><a href="#[1c8]">&gt;&gt;</a>&nbsp;&nbsp;&nbsp;pwr_mgmt_ultra_sleep (via Veneer)
<LI><a href="#[2e]">&gt;&gt;</a>&nbsp;&nbsp;&nbsp;pwr_mgmt_shutdown_patch (via Veneer)
</UL>

<P><STRONG><a name="[1a0]"></a>hal_exflash_wakeup_patch</STRONG> (Thumb, 156 bytes, Stack size 32 bytes, gr55xx_hal_exflash_patch.o(RAM_CODE))
<BR><BR>[Stack]<UL><LI>Max Depth = 104<LI>Call Chain = hal_exflash_wakeup_patch &rArr; hal_xqspi_init_ext &rArr; hal_xqspi_init_ext_patch &rArr; ll_xqspi_init_patch
</UL>
<BR>[Calls]<UL><LI><a href="#[172]">&gt;&gt;</a>&nbsp;&nbsp;&nbsp;exflash_wakeup
<LI><a href="#[171]">&gt;&gt;</a>&nbsp;&nbsp;&nbsp;hal_xqspi_init_ext
<LI><a href="#[173]">&gt;&gt;</a>&nbsp;&nbsp;&nbsp;exflash_check_id_patch
</UL>
<BR>[Called By]<UL><LI><a href="#[2e]">&gt;&gt;</a>&nbsp;&nbsp;&nbsp;pwr_mgmt_shutdown_patch (via Veneer)
</UL>

<P><STRONG><a name="[1a1]"></a>hal_exflash_suspend</STRONG> (Thumb, 82 bytes, Stack size 8 bytes, gr55xx_hal_exflash_patch.o(RAM_CODE))
<BR><BR>[Stack]<UL><LI>Max Depth = 80<LI>Call Chain = hal_exflash_suspend &rArr; hal_xqspi_init_ext &rArr; hal_xqspi_init_ext_patch &rArr; ll_xqspi_init_patch
</UL>
<BR>[Calls]<UL><LI><a href="#[1a2]">&gt;&gt;</a>&nbsp;&nbsp;&nbsp;exflash_suspend
<LI><a href="#[171]">&gt;&gt;</a>&nbsp;&nbsp;&nbsp;hal_xqspi_init_ext
</UL>
<BR>[Called By]<UL><LI><a href="#[32]">&gt;&gt;</a>&nbsp;&nbsp;&nbsp;ble_irq_handler_without_stack_init
<LI><a href="#[33]">&gt;&gt;</a>&nbsp;&nbsp;&nbsp;ble_sdk_handler_without_stack_init
<LI><a href="#[31]">&gt;&gt;</a>&nbsp;&nbsp;&nbsp;ble_sleep_handler_without_stack_init
</UL>

<P><STRONG><a name="[1a3]"></a>hal_exflash_resume</STRONG> (Thumb, 82 bytes, Stack size 8 bytes, gr55xx_hal_exflash_patch.o(RAM_CODE))
<BR><BR>[Stack]<UL><LI>Max Depth = 80<LI>Call Chain = hal_exflash_resume &rArr; hal_xqspi_init_ext &rArr; hal_xqspi_init_ext_patch &rArr; ll_xqspi_init_patch
</UL>
<BR>[Calls]<UL><LI><a href="#[1a4]">&gt;&gt;</a>&nbsp;&nbsp;&nbsp;exflash_resume
<LI><a href="#[171]">&gt;&gt;</a>&nbsp;&nbsp;&nbsp;hal_xqspi_init_ext
</UL>
<BR>[Called By]<UL><LI><a href="#[32]">&gt;&gt;</a>&nbsp;&nbsp;&nbsp;ble_irq_handler_without_stack_init
<LI><a href="#[33]">&gt;&gt;</a>&nbsp;&nbsp;&nbsp;ble_sdk_handler_without_stack_init
<LI><a href="#[31]">&gt;&gt;</a>&nbsp;&nbsp;&nbsp;ble_sleep_handler_without_stack_init
</UL>

<P><STRONG><a name="[1a5]"></a>hal_exflash_operation</STRONG> (Thumb, 258 bytes, Stack size 40 bytes, gr55xx_hal_exflash_patch.o(RAM_CODE), UNUSED)
<BR><BR>[Calls]<UL><LI><a href="#[171]">&gt;&gt;</a>&nbsp;&nbsp;&nbsp;hal_xqspi_init_ext
</UL>

<P><STRONG><a name="[17a]"></a>enable_quad_stat</STRONG> (Thumb, 96 bytes, Stack size 56 bytes, gr55xx_hal_exflash_patch.o(RAM_CODE))
<BR><BR>[Stack]<UL><LI>Max Depth = 56<LI>Call Chain = enable_quad_stat
</UL>
<BR>[Calls]<UL><LI><a href="#[19e]">&gt;&gt;</a>&nbsp;&nbsp;&nbsp;hal_xqspi_command_receive
</UL>
<BR>[Called By]<UL><LI><a href="#[1a6]">&gt;&gt;</a>&nbsp;&nbsp;&nbsp;hal_exflash_read_status_reg
<LI><a href="#[181]">&gt;&gt;</a>&nbsp;&nbsp;&nbsp;enable_quad_normal
<LI><a href="#[17f]">&gt;&gt;</a>&nbsp;&nbsp;&nbsp;enable_quad_mode0
<LI><a href="#[178]">&gt;&gt;</a>&nbsp;&nbsp;&nbsp;enable_quad_xmc
</UL>

<P><STRONG><a name="[1a6]"></a>hal_exflash_read_status_reg</STRONG> (Thumb, 82 bytes, Stack size 24 bytes, gr55xx_hal_exflash_patch.o(RAM_CODE), UNUSED)
<BR><BR>[Calls]<UL><LI><a href="#[17a]">&gt;&gt;</a>&nbsp;&nbsp;&nbsp;enable_quad_stat
<LI><a href="#[171]">&gt;&gt;</a>&nbsp;&nbsp;&nbsp;hal_xqspi_init_ext
</UL>

<P><STRONG><a name="[1a7]"></a>hal_exflash_write_status_reg</STRONG> (Thumb, 88 bytes, Stack size 24 bytes, gr55xx_hal_exflash_patch.o(RAM_CODE), UNUSED)
<BR><BR>[Calls]<UL><LI><a href="#[180]">&gt;&gt;</a>&nbsp;&nbsp;&nbsp;exflash_write_status
<LI><a href="#[171]">&gt;&gt;</a>&nbsp;&nbsp;&nbsp;hal_xqspi_init_ext
</UL>

<P><STRONG><a name="[1a8]"></a>exflash_read_uid</STRONG> (Thumb, 74 bytes, Stack size 56 bytes, gr55xx_hal_exflash_patch.o(RAM_CODE), UNUSED)
<BR><BR>[Calls]<UL><LI><a href="#[19e]">&gt;&gt;</a>&nbsp;&nbsp;&nbsp;hal_xqspi_command_receive
</UL>
<BR>[Called By]<UL><LI><a href="#[1a9]">&gt;&gt;</a>&nbsp;&nbsp;&nbsp;hal_exflash_read_uid
</UL>

<P><STRONG><a name="[1a9]"></a>hal_exflash_read_uid</STRONG> (Thumb, 82 bytes, Stack size 24 bytes, gr55xx_hal_exflash_patch.o(RAM_CODE), UNUSED)
<BR><BR>[Calls]<UL><LI><a href="#[1a8]">&gt;&gt;</a>&nbsp;&nbsp;&nbsp;exflash_read_uid
<LI><a href="#[171]">&gt;&gt;</a>&nbsp;&nbsp;&nbsp;hal_xqspi_init_ext
</UL>

<P><STRONG><a name="[1c5]"></a>ble_core_power_off</STRONG> (Thumb, 38 bytes, Stack size 0 bytes, rwip_sleep_common.o(RAM_CODE))
<BR><BR>[Called By]<UL><LI><a href="#[2e]">&gt;&gt;</a>&nbsp;&nbsp;&nbsp;pwr_mgmt_shutdown_patch (via Veneer)
</UL>

<P><STRONG><a name="[1ae]"></a>ble_core_power_on</STRONG> (Thumb, 38 bytes, Stack size 0 bytes, rwip_sleep_common.o(RAM_CODE))
<BR><BR>[Called By]<UL><LI><a href="#[177]">&gt;&gt;</a>&nbsp;&nbsp;&nbsp;rom_cbk_execute
<LI><a href="#[2e]">&gt;&gt;</a>&nbsp;&nbsp;&nbsp;pwr_mgmt_shutdown_patch (via Veneer)
</UL>

<P><STRONG><a name="[1ac]"></a>rwip_clkn_set</STRONG> (Thumb, 32 bytes, Stack size 0 bytes, rwip_sleep_common.o(RAM_CODE))
<BR><BR>[Called By]<UL><LI><a href="#[64]">&gt;&gt;</a>&nbsp;&nbsp;&nbsp;ble_wakup_time_check
</UL>

<P><STRONG><a name="[99]"></a>ble_sleep_time_record</STRONG> (Thumb, 20 bytes, Stack size 16 bytes, rwip_sleep_common.o(RAM_CODE))
<BR><BR>[Stack]<UL><LI>Max Depth = 16<LI>Call Chain = ble_sleep_time_record
</UL>
<BR>[Calls]<UL><LI><a href="#[1aa]">&gt;&gt;</a>&nbsp;&nbsp;&nbsp;rwip_time_get
</UL>
<BR>[Called By]<UL><LI><a href="#[97]">&gt;&gt;</a>&nbsp;&nbsp;&nbsp;ble_sleep_successfully_without_stack_init
</UL>

<P><STRONG><a name="[64]"></a>ble_wakup_time_check</STRONG> (Thumb, 112 bytes, Stack size 24 bytes, rwip_sleep_common.o(RAM_CODE))
<BR><BR>[Stack]<UL><LI>Max Depth = 24<LI>Call Chain = ble_wakup_time_check
</UL>
<BR>[Calls]<UL><LI><a href="#[1aa]">&gt;&gt;</a>&nbsp;&nbsp;&nbsp;rwip_time_get
<LI><a href="#[1ab]">&gt;&gt;</a>&nbsp;&nbsp;&nbsp;rwip_lpcycles_2_hus
<LI><a href="#[1ac]">&gt;&gt;</a>&nbsp;&nbsp;&nbsp;rwip_clkn_set
</UL>
<BR>[Called By]<UL><LI><a href="#[60]">&gt;&gt;</a>&nbsp;&nbsp;&nbsp;BLESLP_Handler_without_stack_init
</UL>

<P><STRONG><a name="[9b]"></a>ble_wait_for_core_sleep_stat</STRONG> (Thumb, 24 bytes, Stack size 0 bytes, rwip_sleep_common.o(RAM_CODE))
<BR><BR>[Called By]<UL><LI><a href="#[97]">&gt;&gt;</a>&nbsp;&nbsp;&nbsp;ble_sleep_successfully_without_stack_init
</UL>

<P><STRONG><a name="[63]"></a>ble_wait_for_core_wakeup_stat</STRONG> (Thumb, 30 bytes, Stack size 0 bytes, rwip_sleep_common.o(RAM_CODE))
<BR><BR>[Called By]<UL><LI><a href="#[60]">&gt;&gt;</a>&nbsp;&nbsp;&nbsp;BLESLP_Handler_without_stack_init
</UL>

<P><STRONG><a name="[9c]"></a>ble_is_in_sleep_state</STRONG> (Thumb, 52 bytes, Stack size 8 bytes, rwip_sleep_common.o(RAM_CODE))
<BR><BR>[Stack]<UL><LI>Max Depth = 8<LI>Call Chain = ble_is_in_sleep_state
</UL>
<BR>[Calls]<UL><LI><a href="#[1ad]">&gt;&gt;</a>&nbsp;&nbsp;&nbsp;__NVIC_GetPendingIRQ
</UL>
<BR>[Called By]<UL><LI><a href="#[30]">&gt;&gt;</a>&nbsp;&nbsp;&nbsp;ble_sleep_without_stack_init
</UL>

<P><STRONG><a name="[31]"></a>ble_sleep_handler_without_stack_init</STRONG> (Thumb, 22 bytes, Stack size 8 bytes, rwip_sleep_common.o(RAM_CODE))
<BR><BR>[Stack]<UL><LI>Max Depth = 88<LI>Call Chain = ble_sleep_handler_without_stack_init &rArr; hal_exflash_resume &rArr; hal_xqspi_init_ext &rArr; hal_xqspi_init_ext_patch &rArr; ll_xqspi_init_patch
</UL>
<BR>[Calls]<UL><LI><a href="#[1a3]">&gt;&gt;</a>&nbsp;&nbsp;&nbsp;hal_exflash_resume
<LI><a href="#[1a1]">&gt;&gt;</a>&nbsp;&nbsp;&nbsp;hal_exflash_suspend
<LI><a href="#[60]">&gt;&gt;</a>&nbsp;&nbsp;&nbsp;BLESLP_Handler_without_stack_init
</UL>
<BR>[Address Reference Count : 1]<UL><LI> rwip_sleep_common.o(i.rwip_sleep_without_stack_init_replace)
</UL>
<P><STRONG><a name="[33]"></a>ble_sdk_handler_without_stack_init</STRONG> (Thumb, 22 bytes, Stack size 8 bytes, rwip_sleep_common.o(RAM_CODE))
<BR><BR>[Stack]<UL><LI>Max Depth = 88<LI>Call Chain = ble_sdk_handler_without_stack_init &rArr; hal_exflash_resume &rArr; hal_xqspi_init_ext &rArr; hal_xqspi_init_ext_patch &rArr; ll_xqspi_init_patch
</UL>
<BR>[Calls]<UL><LI><a href="#[1a3]">&gt;&gt;</a>&nbsp;&nbsp;&nbsp;hal_exflash_resume
<LI><a href="#[1a1]">&gt;&gt;</a>&nbsp;&nbsp;&nbsp;hal_exflash_suspend
<LI><a href="#[67]">&gt;&gt;</a>&nbsp;&nbsp;&nbsp;BLE_SDK_IRQ_Handler_without_stack_init
</UL>
<BR>[Address Reference Count : 1]<UL><LI> rwip_sleep_common.o(i.rwip_sleep_without_stack_init_replace)
</UL>
<P><STRONG><a name="[32]"></a>ble_irq_handler_without_stack_init</STRONG> (Thumb, 22 bytes, Stack size 8 bytes, rwip_sleep_common.o(RAM_CODE))
<BR><BR>[Stack]<UL><LI>Max Depth = 88<LI>Call Chain = ble_irq_handler_without_stack_init &rArr; hal_exflash_resume &rArr; hal_xqspi_init_ext &rArr; hal_xqspi_init_ext_patch &rArr; ll_xqspi_init_patch
</UL>
<BR>[Calls]<UL><LI><a href="#[1a3]">&gt;&gt;</a>&nbsp;&nbsp;&nbsp;hal_exflash_resume
<LI><a href="#[1a1]">&gt;&gt;</a>&nbsp;&nbsp;&nbsp;hal_exflash_suspend
<LI><a href="#[65]">&gt;&gt;</a>&nbsp;&nbsp;&nbsp;BLE_IRQ_Handler_without_stack_init
</UL>
<BR>[Address Reference Count : 1]<UL><LI> rwip_sleep_common.o(i.rwip_sleep_without_stack_init_replace)
</UL>
<P><STRONG><a name="[177]"></a>rom_cbk_execute</STRONG> (Thumb, 32 bytes, Stack size 8 bytes, rwip_sleep_common.o(RAM_CODE))
<BR><BR>[Stack]<UL><LI>Max Depth = 56<LI>Call Chain = rom_cbk_execute &rArr; work_xo_bias_set &rArr; xo_offset_slowly_set
</UL>
<BR>[Calls]<UL><LI><a href="#[12e]">&gt;&gt;</a>&nbsp;&nbsp;&nbsp;work_xo_bias_set
<LI><a href="#[1ae]">&gt;&gt;</a>&nbsp;&nbsp;&nbsp;ble_core_power_on
<LI><a href="#[1ad]">&gt;&gt;</a>&nbsp;&nbsp;&nbsp;__NVIC_GetPendingIRQ
</UL>
<BR>[Called By]<UL><LI><a href="#[175]">&gt;&gt;</a>&nbsp;&nbsp;&nbsp;warm_boot_patch
</UL>

<P><STRONG><a name="[2f]"></a>rom_callback_patch</STRONG> (Thumb, 16 bytes, Stack size 0 bytes, rwip_sleep_common.o(RAM_CODE))
<BR><BR>[Stack]<UL><LI>Max Depth = 144<LI>Call Chain = rom_callback_patch &rArr; warm_boot_patch &rArr; hal_exflash_warm_init &rArr; hal_xqspi_init_ext &rArr; hal_xqspi_init_ext_patch &rArr; ll_xqspi_init_patch
</UL>
<BR>[Calls]<UL><LI><a href="#[175]">&gt;&gt;</a>&nbsp;&nbsp;&nbsp;warm_boot_patch
</UL>
<BR>[Address Reference Count : 1]<UL><LI> rwip_sleep_common.o(i.rom_callback_replace)
</UL>
<P><STRONG><a name="[1af]"></a>get_remain_sleep_dur</STRONG> (Thumb, 46 bytes, Stack size 8 bytes, rwip_sleep_common.o(RAM_CODE))
<BR><BR>[Stack]<UL><LI>Max Depth = 8<LI>Call Chain = get_remain_sleep_dur
</UL>
<BR>[Calls]<UL><LI><a href="#[1ab]">&gt;&gt;</a>&nbsp;&nbsp;&nbsp;rwip_lpcycles_2_hus
</UL>
<BR>[Called By]<UL><LI><a href="#[1c0]">&gt;&gt;</a>&nbsp;&nbsp;&nbsp;pwr_mgmt_check_ext_timer (via Veneer)
</UL>

<P><STRONG><a name="[171]"></a>hal_xqspi_init_ext</STRONG> (Thumb, 4 bytes, Stack size 0 bytes, gr55xx_hal_exflash_1.o(RAM_CODE))
<BR><BR>[Stack]<UL><LI>Max Depth = 72<LI>Call Chain = hal_xqspi_init_ext &rArr; hal_xqspi_init_ext_patch &rArr; ll_xqspi_init_patch
</UL>
<BR>[Calls]<UL><LI><a href="#[1b0]">&gt;&gt;</a>&nbsp;&nbsp;&nbsp;hal_xqspi_init_ext_patch
</UL>
<BR>[Called By]<UL><LI><a href="#[1a9]">&gt;&gt;</a>&nbsp;&nbsp;&nbsp;hal_exflash_read_uid
<LI><a href="#[1a7]">&gt;&gt;</a>&nbsp;&nbsp;&nbsp;hal_exflash_write_status_reg
<LI><a href="#[1a6]">&gt;&gt;</a>&nbsp;&nbsp;&nbsp;hal_exflash_read_status_reg
<LI><a href="#[1a5]">&gt;&gt;</a>&nbsp;&nbsp;&nbsp;hal_exflash_operation
<LI><a href="#[1a0]">&gt;&gt;</a>&nbsp;&nbsp;&nbsp;hal_exflash_wakeup_patch
<LI><a href="#[19f]">&gt;&gt;</a>&nbsp;&nbsp;&nbsp;hal_exflash_deepsleep_patch
<LI><a href="#[1a3]">&gt;&gt;</a>&nbsp;&nbsp;&nbsp;hal_exflash_resume
<LI><a href="#[1a1]">&gt;&gt;</a>&nbsp;&nbsp;&nbsp;hal_exflash_suspend
<LI><a href="#[10f]">&gt;&gt;</a>&nbsp;&nbsp;&nbsp;platform_exflash_enable_quad
<LI><a href="#[35]">&gt;&gt;</a>&nbsp;&nbsp;&nbsp;hal_exflash_write
<LI><a href="#[34]">&gt;&gt;</a>&nbsp;&nbsp;&nbsp;hal_exflash_erase
<LI><a href="#[16f]">&gt;&gt;</a>&nbsp;&nbsp;&nbsp;hal_exflash_warm_init
</UL>

<P><STRONG><a name="[d4]"></a>hal_exflash_read</STRONG> (Thumb, 4 bytes, Stack size 0 bytes, gr55xx_hal_exflash_1.o(RAM_CODE))
<BR><BR>[Calls]<UL><LI><a href="#[1b1]">&gt;&gt;</a>&nbsp;&nbsp;&nbsp;hal_exflash_read_rom
</UL>
<BR>[Called By]<UL><LI><a href="#[b5]">&gt;&gt;</a>&nbsp;&nbsp;&nbsp;hal_flash_write_r
<LI><a href="#[b3]">&gt;&gt;</a>&nbsp;&nbsp;&nbsp;hal_flash_read
</UL>

<P><STRONG><a name="[2a]"></a>sys_context_save_func</STRONG> (Thumb, 70 bytes, Stack size 8 bytes, platform_sys_context.o(RAM_CODE))
<BR><BR>[Stack]<UL><LI>Max Depth = 56<LI>Call Chain = sys_context_save_func &rArr; boot_xo_bias_set &rArr; xo_offset_slowly_set
</UL>
<BR>[Calls]<UL><LI><a href="#[186]">&gt;&gt;</a>&nbsp;&nbsp;&nbsp;boot_digldo_dcdc_set
<LI><a href="#[185]">&gt;&gt;</a>&nbsp;&nbsp;&nbsp;boot_xo_bias_set
</UL>
<BR>[Address Reference Count : 1]<UL><LI> platform_sdk.o(i.platform_sdk_init)
</UL>
<P><STRONG><a name="[2b]"></a>sys_context_restore_func</STRONG> (Thumb, 36 bytes, Stack size 8 bytes, platform_sys_context.o(RAM_CODE))
<BR><BR>[Stack]<UL><LI>Max Depth = 16<LI>Call Chain = sys_context_restore_func &rArr; work_digldo_dcdc_set
</UL>
<BR>[Calls]<UL><LI><a href="#[1b2]">&gt;&gt;</a>&nbsp;&nbsp;&nbsp;force_dpad_le_high
<LI><a href="#[188]">&gt;&gt;</a>&nbsp;&nbsp;&nbsp;work_digldo_dcdc_set
</UL>
<BR>[Address Reference Count : 1]<UL><LI> platform_sdk.o(i.platform_sdk_init)
</UL>
<P><STRONG><a name="[191]"></a>system_priority_restore_func</STRONG> (Thumb, 26 bytes, Stack size 8 bytes, platform_sys_context.o(RAM_CODE))
<BR><BR>[Stack]<UL><LI>Max Depth = 8<LI>Call Chain = system_priority_restore_func
</UL>
<BR>[Called By]<UL><LI><a href="#[12a]">&gt;&gt;</a>&nbsp;&nbsp;&nbsp;warm_boot
<LI><a href="#[12b]">&gt;&gt;</a>&nbsp;&nbsp;&nbsp;warm_boot_first
</UL>

<P><STRONG><a name="[1d3]"></a>hal_xqspi_set_xip_present_status_patch</STRONG> (Thumb, 280 bytes, Stack size 8 bytes, gr55xx_hal_xqspi_patch.o(RAM_CODE), UNUSED)

<P><STRONG><a name="[1b0]"></a>hal_xqspi_init_ext_patch</STRONG> (Thumb, 184 bytes, Stack size 56 bytes, gr55xx_hal_xqspi_patch.o(RAM_CODE))
<BR><BR>[Stack]<UL><LI>Max Depth = 72<LI>Call Chain = hal_xqspi_init_ext_patch &rArr; ll_xqspi_init_patch
</UL>
<BR>[Calls]<UL><LI><a href="#[1b4]">&gt;&gt;</a>&nbsp;&nbsp;&nbsp;hal_xqspi_set_retry
<LI><a href="#[1b3]">&gt;&gt;</a>&nbsp;&nbsp;&nbsp;hal_xqspi_msp_init
<LI><a href="#[1b5]">&gt;&gt;</a>&nbsp;&nbsp;&nbsp;xqspi_wait_flag_state_until_retry
<LI><a href="#[1b6]">&gt;&gt;</a>&nbsp;&nbsp;&nbsp;ll_xqspi_init_patch
</UL>
<BR>[Called By]<UL><LI><a href="#[171]">&gt;&gt;</a>&nbsp;&nbsp;&nbsp;hal_xqspi_init_ext
</UL>

<P><STRONG><a name="[1b9]"></a>hal_xqspi_command_receive_patch</STRONG> (Thumb, 142 bytes, Stack size 32 bytes, gr55xx_hal_xqspi_patch.o(RAM_CODE), UNUSED)
<BR><BR>[Calls]<UL><LI><a href="#[1ba]">&gt;&gt;</a>&nbsp;&nbsp;&nbsp;xqspi_send_inst_addr
<LI><a href="#[1b5]">&gt;&gt;</a>&nbsp;&nbsp;&nbsp;xqspi_wait_flag_state_until_retry
<LI><a href="#[1b7]">&gt;&gt;</a>&nbsp;&nbsp;&nbsp;xqspi_receive_patch
</UL>

<P><STRONG><a name="[1bb]"></a>hal_xqspi_command_receive_align_word</STRONG> (Thumb, 140 bytes, Stack size 32 bytes, gr55xx_hal_xqspi_patch.o(RAM_CODE), UNUSED)
<BR><BR>[Calls]<UL><LI><a href="#[1ba]">&gt;&gt;</a>&nbsp;&nbsp;&nbsp;xqspi_send_inst_addr
<LI><a href="#[1b5]">&gt;&gt;</a>&nbsp;&nbsp;&nbsp;xqspi_wait_flag_state_until_retry
<LI><a href="#[1bc]">&gt;&gt;</a>&nbsp;&nbsp;&nbsp;xqspi_receive_align_word
</UL>

<P><STRONG><a name="[1b6]"></a>ll_xqspi_init_patch</STRONG> (Thumb, 652 bytes, Stack size 16 bytes, gr55xx_ll_xqspi_patch.o(RAM_CODE))
<BR><BR>[Stack]<UL><LI>Max Depth = 16<LI>Call Chain = ll_xqspi_init_patch
</UL>
<BR>[Calls]<UL><LI><a href="#[1bd]">&gt;&gt;</a>&nbsp;&nbsp;&nbsp;ll_xqspi_disable_cache
</UL>
<BR>[Called By]<UL><LI><a href="#[1b0]">&gt;&gt;</a>&nbsp;&nbsp;&nbsp;hal_xqspi_init_ext_patch
</UL>

<P><STRONG><a name="[3a]"></a>__main</STRONG> (Thumb, 8 bytes, Stack size 0 bytes, __main.o(!!!main))
<BR><BR>[Calls]<UL><LI><a href="#[3c]">&gt;&gt;</a>&nbsp;&nbsp;&nbsp;__scatterload
<LI><a href="#[3d]">&gt;&gt;</a>&nbsp;&nbsp;&nbsp;__rt_entry
</UL>
<BR>[Called By]<UL><LI><a href="#[1b]">&gt;&gt;</a>&nbsp;&nbsp;&nbsp;main_init
</UL>

<P><STRONG><a name="[3c]"></a>__scatterload</STRONG> (Thumb, 0 bytes, Stack size unknown bytes, __scatter.o(!!!scatter))
<BR><BR>[Called By]<UL><LI><a href="#[3a]">&gt;&gt;</a>&nbsp;&nbsp;&nbsp;__main
</UL>

<P><STRONG><a name="[3e]"></a>__scatterload_rt2</STRONG> (Thumb, 44 bytes, Stack size unknown bytes, __scatter.o(!!!scatter), UNUSED)
<BR><BR>[Calls]<UL><LI><a href="#[3d]">&gt;&gt;</a>&nbsp;&nbsp;&nbsp;__rt_entry
</UL>

<P><STRONG><a name="[1d4]"></a>__scatterload_rt2_thumb_only</STRONG> (Thumb, 0 bytes, Stack size unknown bytes, __scatter.o(!!!scatter), UNUSED)

<P><STRONG><a name="[1d5]"></a>__scatterload_null</STRONG> (Thumb, 0 bytes, Stack size unknown bytes, __scatter.o(!!!scatter), UNUSED)

<P><STRONG><a name="[1d6]"></a>__decompress</STRONG> (Thumb, 90 bytes, Stack size unknown bytes, __dczerorl2.o(!!dczerorl2), UNUSED)

<P><STRONG><a name="[1d7]"></a>__decompress1</STRONG> (Thumb, 0 bytes, Stack size unknown bytes, __dczerorl2.o(!!dczerorl2), UNUSED)

<P><STRONG><a name="[3f]"></a>__scatterload_copy</STRONG> (Thumb, 26 bytes, Stack size unknown bytes, __scatter_copy.o(!!handler_copy), UNUSED)
<BR><BR>[Calls]<UL><LI><a href="#[3f]">&gt;&gt;</a>&nbsp;&nbsp;&nbsp;__scatterload_copy
</UL>
<BR>[Called By]<UL><LI><a href="#[3f]">&gt;&gt;</a>&nbsp;&nbsp;&nbsp;__scatterload_copy
</UL>

<P><STRONG><a name="[1d8]"></a>__scatterload_zeroinit</STRONG> (Thumb, 28 bytes, Stack size unknown bytes, __scatter_zi.o(!!handler_zi), UNUSED)

<P><STRONG><a name="[56]"></a>_printf_percent</STRONG> (Thumb, 0 bytes, Stack size unknown bytes, _printf_percent.o(.ARM.Collect$$_printf_percent$$00000000))
<BR><BR>[Called By]<UL><LI><a href="#[54]">&gt;&gt;</a>&nbsp;&nbsp;&nbsp;__printf
</UL>

<P><STRONG><a name="[40]"></a>_printf_x</STRONG> (Thumb, 0 bytes, Stack size unknown bytes, _printf_x.o(.ARM.Collect$$_printf_percent$$0000000C))
<BR><BR>[Stack]<UL><LI>Max Depth = 80 + Unknown Stack Size
<LI>Call Chain = _printf_x &rArr; _printf_int_hex &rArr; _printf_longlong_hex &rArr; _printf_int_common &rArr; _printf_post_padding
</UL>
<BR>[Calls]<UL><LI><a href="#[41]">&gt;&gt;</a>&nbsp;&nbsp;&nbsp;_printf_int_hex
</UL>

<P><STRONG><a name="[1d9]"></a>_printf_percent_end</STRONG> (Thumb, 0 bytes, Stack size unknown bytes, _printf_percent_end.o(.ARM.Collect$$_printf_percent$$00000017))

<P><STRONG><a name="[46]"></a>__rt_lib_init</STRONG> (Thumb, 0 bytes, Stack size unknown bytes, libinit.o(.ARM.Collect$$libinit$$00000000))
<BR><BR>[Called By]<UL><LI><a href="#[45]">&gt;&gt;</a>&nbsp;&nbsp;&nbsp;__rt_entry_li
</UL>

<P><STRONG><a name="[42]"></a>__rt_lib_init_fp_1</STRONG> (Thumb, 0 bytes, Stack size unknown bytes, libinit2.o(.ARM.Collect$$libinit$$00000001))
<BR><BR>[Calls]<UL><LI><a href="#[43]">&gt;&gt;</a>&nbsp;&nbsp;&nbsp;_fp_init
</UL>

<P><STRONG><a name="[1da]"></a>__rt_lib_init_alloca_1</STRONG> (Thumb, 0 bytes, Stack size unknown bytes, libinit2.o(.ARM.Collect$$libinit$$0000002E))

<P><STRONG><a name="[1db]"></a>__rt_lib_init_argv_1</STRONG> (Thumb, 0 bytes, Stack size unknown bytes, libinit2.o(.ARM.Collect$$libinit$$0000002C))

<P><STRONG><a name="[1dc]"></a>__rt_lib_init_atexit_1</STRONG> (Thumb, 0 bytes, Stack size unknown bytes, libinit2.o(.ARM.Collect$$libinit$$0000001B))

<P><STRONG><a name="[1dd]"></a>__rt_lib_init_clock_1</STRONG> (Thumb, 0 bytes, Stack size unknown bytes, libinit2.o(.ARM.Collect$$libinit$$00000021))

<P><STRONG><a name="[44]"></a>__rt_lib_init_cpp_2</STRONG> (Thumb, 0 bytes, Stack size unknown bytes, libinit2.o(.ARM.Collect$$libinit$$00000031))
<BR><BR>[Stack]<UL><LI>Max Depth = 16 + Unknown Stack Size
<LI>Call Chain = __rt_lib_init_cpp_2 &rArr; __cpp_initialize__aeabi_
</UL>
<BR>[Calls]<UL><LI><a href="#[3b]">&gt;&gt;</a>&nbsp;&nbsp;&nbsp;__cpp_initialize__aeabi_
</UL>

<P><STRONG><a name="[1de]"></a>__rt_lib_init_exceptions_1</STRONG> (Thumb, 0 bytes, Stack size unknown bytes, libinit2.o(.ARM.Collect$$libinit$$00000030))

<P><STRONG><a name="[1df]"></a>__rt_lib_init_fp_trap_1</STRONG> (Thumb, 0 bytes, Stack size unknown bytes, libinit2.o(.ARM.Collect$$libinit$$0000001F))

<P><STRONG><a name="[1e0]"></a>__rt_lib_init_getenv_1</STRONG> (Thumb, 0 bytes, Stack size unknown bytes, libinit2.o(.ARM.Collect$$libinit$$00000023))

<P><STRONG><a name="[1e1]"></a>__rt_lib_init_heap_1</STRONG> (Thumb, 0 bytes, Stack size unknown bytes, libinit2.o(.ARM.Collect$$libinit$$0000000A))

<P><STRONG><a name="[1e2]"></a>__rt_lib_init_lc_collate_1</STRONG> (Thumb, 0 bytes, Stack size unknown bytes, libinit2.o(.ARM.Collect$$libinit$$00000011))

<P><STRONG><a name="[1e3]"></a>__rt_lib_init_lc_ctype_1</STRONG> (Thumb, 0 bytes, Stack size unknown bytes, libinit2.o(.ARM.Collect$$libinit$$00000013))

<P><STRONG><a name="[1e4]"></a>__rt_lib_init_lc_monetary_1</STRONG> (Thumb, 0 bytes, Stack size unknown bytes, libinit2.o(.ARM.Collect$$libinit$$00000015))

<P><STRONG><a name="[1e5]"></a>__rt_lib_init_lc_numeric_1</STRONG> (Thumb, 0 bytes, Stack size unknown bytes, libinit2.o(.ARM.Collect$$libinit$$00000017))

<P><STRONG><a name="[1e6]"></a>__rt_lib_init_lc_time_1</STRONG> (Thumb, 0 bytes, Stack size unknown bytes, libinit2.o(.ARM.Collect$$libinit$$00000019))

<P><STRONG><a name="[1e7]"></a>__rt_lib_init_preinit_1</STRONG> (Thumb, 0 bytes, Stack size unknown bytes, libinit2.o(.ARM.Collect$$libinit$$00000004))

<P><STRONG><a name="[1e8]"></a>__rt_lib_init_rand_1</STRONG> (Thumb, 0 bytes, Stack size unknown bytes, libinit2.o(.ARM.Collect$$libinit$$0000000E))

<P><STRONG><a name="[1e9]"></a>__rt_lib_init_signal_1</STRONG> (Thumb, 0 bytes, Stack size unknown bytes, libinit2.o(.ARM.Collect$$libinit$$0000001D))

[...]
<LI><a href="#[76]">&gt;&gt;</a>&nbsp;&nbsp;&nbsp;__aeabi_memcpy
</UL>
<BR>[Called By]<UL><LI><a href="#[103]">&gt;&gt;</a>&nbsp;&nbsp;&nbsp;replace_item
</UL>

<P><STRONG><a name="[ba]"></a>tags_cache_rec_find</STRONG> (Thumb, 126 bytes, Stack size 24 bytes, sdk_nvds_patch.o(i.tags_cache_rec_find))
<BR><BR>[Stack]<UL><LI>Max Depth = 24<LI>Call Chain = tags_cache_rec_find
</UL>
<BR>[Calls]<UL><LI><a href="#[8d]">&gt;&gt;</a>&nbsp;&nbsp;&nbsp;get_align_bytes
</UL>
<BR>[Called By]<UL><LI><a href="#[b9]">&gt;&gt;</a>&nbsp;&nbsp;&nbsp;find_item
</UL>

<P><STRONG><a name="[e7]"></a>verify_hdr_checksum</STRONG> (Thumb, 22 bytes, Stack size 0 bytes, sdk_nvds_patch.o(i.verify_hdr_checksum))
<BR><BR>[Called By]<UL><LI><a href="#[102]">&gt;&gt;</a>&nbsp;&nbsp;&nbsp;nvds_put
<LI><a href="#[fb]">&gt;&gt;</a>&nbsp;&nbsp;&nbsp;nvds_get
<LI><a href="#[e6]">&gt;&gt;</a>&nbsp;&nbsp;&nbsp;init_used_nvds
</UL>

<P><STRONG><a name="[fc]"></a>verify_value_checksum</STRONG> (Thumb, 38 bytes, Stack size 12 bytes, sdk_nvds_patch.o(i.verify_value_checksum))
<BR><BR>[Stack]<UL><LI>Max Depth = 12<LI>Call Chain = verify_value_checksum
</UL>
<BR>[Called By]<UL><LI><a href="#[fb]">&gt;&gt;</a>&nbsp;&nbsp;&nbsp;nvds_get
</UL>

<P><STRONG><a name="[a7]"></a>write_compacted_items</STRONG> (Thumb, 336 bytes, Stack size 48 bytes, sdk_nvds_patch.o(i.write_compacted_items))
<BR><BR>[Stack]<UL><LI>Max Depth = 1024<LI>Call Chain = write_compacted_items &rArr; write_incr &rArr; dec_flash_write &rArr; hal_flash_write_r &rArr; hal_exflash_write &rArr; hal_xqspi_init_ext &rArr; hal_xqspi_init_ext_patch &rArr; ll_xqspi_init_patch
</UL>
<BR>[Calls]<UL><LI><a href="#[8e]">&gt;&gt;</a>&nbsp;&nbsp;&nbsp;dbg_log_printf
<LI><a href="#[8d]">&gt;&gt;</a>&nbsp;&nbsp;&nbsp;get_align_bytes
<LI><a href="#[14e]">&gt;&gt;</a>&nbsp;&nbsp;&nbsp;write_incr
<LI><a href="#[e8]">&gt;&gt;</a>&nbsp;&nbsp;&nbsp;tags_cache_rec_add
<LI><a href="#[a8]">&gt;&gt;</a>&nbsp;&nbsp;&nbsp;hal_flash_erase
</UL>
<BR>[Called By]<UL><LI><a href="#[8f]">&gt;&gt;</a>&nbsp;&nbsp;&nbsp;compact_nvds
</UL>

<P><STRONG><a name="[14e]"></a>write_incr</STRONG> (Thumb, 62 bytes, Stack size 16 bytes, sdk_nvds_patch.o(i.write_incr))
<BR><BR>[Stack]<UL><LI>Max Depth = 976<LI>Call Chain = write_incr &rArr; dec_flash_write &rArr; hal_flash_write_r &rArr; hal_exflash_write &rArr; hal_xqspi_init_ext &rArr; hal_xqspi_init_ext_patch &rArr; ll_xqspi_init_patch
</UL>
<BR>[Calls]<UL><LI><a href="#[b4]">&gt;&gt;</a>&nbsp;&nbsp;&nbsp;dec_flash_write
<LI><a href="#[b5]">&gt;&gt;</a>&nbsp;&nbsp;&nbsp;hal_flash_write_r
</UL>
<BR>[Called By]<UL><LI><a href="#[a7]">&gt;&gt;</a>&nbsp;&nbsp;&nbsp;write_compacted_items
</UL>

<P><STRONG><a name="[90]"></a>write_item</STRONG> (Thumb, 304 bytes, Stack size 72 bytes, sdk_nvds_patch.o(i.write_item))
<BR><BR>[Stack]<UL><LI>Max Depth = 1032<LI>Call Chain = write_item &rArr; dec_flash_write &rArr; hal_flash_write_r &rArr; hal_exflash_write &rArr; hal_xqspi_init_ext &rArr; hal_xqspi_init_ext_patch &rArr; ll_xqspi_init_patch
</UL>
<BR>[Calls]<UL><LI><a href="#[8e]">&gt;&gt;</a>&nbsp;&nbsp;&nbsp;dbg_log_printf
<LI><a href="#[8d]">&gt;&gt;</a>&nbsp;&nbsp;&nbsp;get_align_bytes
<LI><a href="#[e8]">&gt;&gt;</a>&nbsp;&nbsp;&nbsp;tags_cache_rec_add
<LI><a href="#[150]">&gt;&gt;</a>&nbsp;&nbsp;&nbsp;gen_value_checksum
<LI><a href="#[14f]">&gt;&gt;</a>&nbsp;&nbsp;&nbsp;gen_hdr_checksum
<LI><a href="#[b4]">&gt;&gt;</a>&nbsp;&nbsp;&nbsp;dec_flash_write
<LI><a href="#[b5]">&gt;&gt;</a>&nbsp;&nbsp;&nbsp;hal_flash_write_r
</UL>
<BR>[Called By]<UL><LI><a href="#[8c]">&gt;&gt;</a>&nbsp;&nbsp;&nbsp;append_item
</UL>

<P><STRONG><a name="[10d]"></a>ll_pwr_req_excute_psc_command</STRONG> (Thumb, 18 bytes, Stack size 0 bytes, platform_clock.o(RAM_CODE))
<BR><BR>[Called By]<UL><LI><a href="#[10b]">&gt;&gt;</a>&nbsp;&nbsp;&nbsp;platform_disable_sleep_timer
<LI><a href="#[10a]">&gt;&gt;</a>&nbsp;&nbsp;&nbsp;platform_set_psc_clk
</UL>

<P><STRONG><a name="[10c]"></a>ll_pwr_is_active_flag_psc_cmd_busy</STRONG> (Thumb, 12 bytes, Stack size 0 bytes, platform_clock.o(RAM_CODE))
<BR><BR>[Called By]<UL><LI><a href="#[10b]">&gt;&gt;</a>&nbsp;&nbsp;&nbsp;platform_disable_sleep_timer
<LI><a href="#[10a]">&gt;&gt;</a>&nbsp;&nbsp;&nbsp;platform_set_psc_clk
</UL>

<P><STRONG><a name="[109]"></a>platform_set_ble_rtc_clk</STRONG> (Thumb, 140 bytes, Stack size 32 bytes, platform_clock.o(i.platform_set_ble_rtc_clk))
<BR><BR>[Stack]<UL><LI>Max Depth = 1240<LI>Call Chain = platform_set_ble_rtc_clk &rArr; nvds_put &rArr; replace_item &rArr; append_item &rArr; compact_nvds &rArr; write_compacted_items &rArr; write_incr &rArr; dec_flash_write &rArr; hal_flash_write_r &rArr; hal_exflash_write &rArr; hal_xqspi_init_ext &rArr; hal_xqspi_init_ext_patch &rArr; ll_xqspi_init_patch
</UL>
<BR>[Calls]<UL><LI><a href="#[ac]">&gt;&gt;</a>&nbsp;&nbsp;&nbsp;hal_dwt_enable
<LI><a href="#[ad]">&gt;&gt;</a>&nbsp;&nbsp;&nbsp;hal_dwt_disable
<LI><a href="#[102]">&gt;&gt;</a>&nbsp;&nbsp;&nbsp;nvds_put
</UL>
<BR>[Called By]<UL><LI><a href="#[106]">&gt;&gt;</a>&nbsp;&nbsp;&nbsp;platform_clock_init
</UL>

<P><STRONG><a name="[10a]"></a>platform_set_psc_clk</STRONG> (Thumb, 76 bytes, Stack size 8 bytes, platform_clock.o(i.platform_set_psc_clk))
<BR><BR>[Stack]<UL><LI>Max Depth = 8<LI>Call Chain = platform_set_psc_clk
</UL>
<BR>[Calls]<UL><LI><a href="#[11c]">&gt;&gt;</a>&nbsp;&nbsp;&nbsp;sys_lpclk_set
<LI><a href="#[10c]">&gt;&gt;</a>&nbsp;&nbsp;&nbsp;ll_pwr_is_active_flag_psc_cmd_busy
<LI><a href="#[10d]">&gt;&gt;</a>&nbsp;&nbsp;&nbsp;ll_pwr_req_excute_psc_command
</UL>
<BR>[Called By]<UL><LI><a href="#[106]">&gt;&gt;</a>&nbsp;&nbsp;&nbsp;platform_clock_init
</UL>

<P><STRONG><a name="[108]"></a>rf_xo_offset_init</STRONG> (Thumb, 96 bytes, Stack size 24 bytes, platform_clock.o(i.rf_xo_offset_init))
<BR><BR>[Stack]<UL><LI>Max Depth = 1232<LI>Call Chain = rf_xo_offset_init &rArr; nvds_put &rArr; replace_item &rArr; append_item &rArr; compact_nvds &rArr; write_compacted_items &rArr; write_incr &rArr; dec_flash_write &rArr; hal_flash_write_r &rArr; hal_exflash_write &rArr; hal_xqspi_init_ext &rArr; hal_xqspi_init_ext_patch &rArr; ll_xqspi_init_patch
</UL>
<BR>[Calls]<UL><LI><a href="#[12e]">&gt;&gt;</a>&nbsp;&nbsp;&nbsp;work_xo_bias_set
<LI><a href="#[102]">&gt;&gt;</a>&nbsp;&nbsp;&nbsp;nvds_put
<LI><a href="#[fb]">&gt;&gt;</a>&nbsp;&nbsp;&nbsp;nvds_get
</UL>
<BR>[Called By]<UL><LI><a href="#[106]">&gt;&gt;</a>&nbsp;&nbsp;&nbsp;platform_clock_init
</UL>

<P><STRONG><a name="[107]"></a>system_clk_mgmt_init</STRONG> (Thumb, 44 bytes, Stack size 0 bytes, platform_clock.o(i.system_clk_mgmt_init))
<BR><BR>[Called By]<UL><LI><a href="#[106]">&gt;&gt;</a>&nbsp;&nbsp;&nbsp;platform_clock_init
</UL>

<P><STRONG><a name="[18d]"></a>ll_pwr_get_ext_wakeup_status</STRONG> (Thumb, 20 bytes, Stack size 0 bytes, platform_sdk.o(RAM_CODE))
<BR><BR>[Called By]<UL><LI><a href="#[12a]">&gt;&gt;</a>&nbsp;&nbsp;&nbsp;warm_boot
<LI><a href="#[189]">&gt;&gt;</a>&nbsp;&nbsp;&nbsp;warm_boot_second
</UL>

<P><STRONG><a name="[18c]"></a>ll_pwr_clear_ext_wakeup_status</STRONG> (Thumb, 26 bytes, Stack size 0 bytes, platform_sdk.o(RAM_CODE))
<BR><BR>[Called By]<UL><LI><a href="#[12a]">&gt;&gt;</a>&nbsp;&nbsp;&nbsp;warm_boot
<LI><a href="#[189]">&gt;&gt;</a>&nbsp;&nbsp;&nbsp;warm_boot_second
</UL>

<P><STRONG><a name="[141]"></a>NVIC_EncodePriority</STRONG> (Thumb, 52 bytes, Stack size 12 bytes, platform_sdk.o(i.NVIC_EncodePriority))
<BR><BR>[Stack]<UL><LI>Max Depth = 12<LI>Call Chain = NVIC_EncodePriority
</UL>
<BR>[Called By]<UL><LI><a href="#[11d]">&gt;&gt;</a>&nbsp;&nbsp;&nbsp;system_priority_init
</UL>

<P><STRONG><a name="[190]"></a>__NVIC_ClearPendingIRQ</STRONG> (Thumb, 26 bytes, Stack size 0 bytes, platform_sdk.o(i.__NVIC_ClearPendingIRQ))
<BR><BR>[Called By]<UL><LI><a href="#[12a]">&gt;&gt;</a>&nbsp;&nbsp;&nbsp;warm_boot
<LI><a href="#[12b]">&gt;&gt;</a>&nbsp;&nbsp;&nbsp;warm_boot_first
<LI><a href="#[189]">&gt;&gt;</a>&nbsp;&nbsp;&nbsp;warm_boot_second
</UL>

<P><STRONG><a name="[18a]"></a>__NVIC_EnableIRQ</STRONG> (Thumb, 26 bytes, Stack size 0 bytes, platform_sdk.o(i.__NVIC_EnableIRQ))
<BR><BR>[Called By]<UL><LI><a href="#[12a]">&gt;&gt;</a>&nbsp;&nbsp;&nbsp;warm_boot
<LI><a href="#[12b]">&gt;&gt;</a>&nbsp;&nbsp;&nbsp;warm_boot_first
<LI><a href="#[189]">&gt;&gt;</a>&nbsp;&nbsp;&nbsp;warm_boot_second
</UL>

<P><STRONG><a name="[18b]"></a>__NVIC_GetPendingIRQ</STRONG> (Thumb, 40 bytes, Stack size 0 bytes, platform_sdk.o(i.__NVIC_GetPendingIRQ))
<BR><BR>[Called By]<UL><LI><a href="#[12a]">&gt;&gt;</a>&nbsp;&nbsp;&nbsp;warm_boot
<LI><a href="#[189]">&gt;&gt;</a>&nbsp;&nbsp;&nbsp;warm_boot_second
</UL>

<P><STRONG><a name="[18f]"></a>__NVIC_SetPendingIRQ</STRONG> (Thumb, 26 bytes, Stack size 0 bytes, platform_sdk.o(i.__NVIC_SetPendingIRQ))
<BR><BR>[Called By]<UL><LI><a href="#[12a]">&gt;&gt;</a>&nbsp;&nbsp;&nbsp;warm_boot
<LI><a href="#[189]">&gt;&gt;</a>&nbsp;&nbsp;&nbsp;warm_boot_second
</UL>

<P><STRONG><a name="[142]"></a>__NVIC_SetPriority</STRONG> (Thumb, 30 bytes, Stack size 0 bytes, platform_sdk.o(i.__NVIC_SetPriority))
<BR><BR>[Called By]<UL><LI><a href="#[11d]">&gt;&gt;</a>&nbsp;&nbsp;&nbsp;system_priority_init
</UL>

<P><STRONG><a name="[b0]"></a>cpll_renew_vco_base</STRONG> (Thumb, 376 bytes, Stack size 56 bytes, platform_sdk.o(i.cpll_renew_vco_base))
<BR><BR>[Stack]<UL><LI>Max Depth = 104<LI>Call Chain = cpll_renew_vco_base &rArr; read_adc_value &rArr; hal_dwt_enable
</UL>
<BR>[Calls]<UL><LI><a href="#[ac]">&gt;&gt;</a>&nbsp;&nbsp;&nbsp;hal_dwt_enable
<LI><a href="#[ad]">&gt;&gt;</a>&nbsp;&nbsp;&nbsp;hal_dwt_disable
<LI><a href="#[68]">&gt;&gt;</a>&nbsp;&nbsp;&nbsp;SystemCoreSetClock
<LI><a href="#[b1]">&gt;&gt;</a>&nbsp;&nbsp;&nbsp;SystemCoreGetClock
<LI><a href="#[ae]">&gt;&gt;</a>&nbsp;&nbsp;&nbsp;read_adc_value
</UL>
<BR>[Called By]<UL><LI><a href="#[aa]">&gt;&gt;</a>&nbsp;&nbsp;&nbsp;cpll_lock_check_recover
</UL>

<P><STRONG><a name="[148]"></a>get_ton_value_for_1p5uH</STRONG> (Thumb, 94 bytes, Stack size 0 bytes, platform_sdk.o(i.get_ton_value_for_1p5uH))
<BR><BR>[Called By]<UL><LI><a href="#[147]">&gt;&gt;</a>&nbsp;&nbsp;&nbsp;ton_value_set
</UL>

<P><STRONG><a name="[149]"></a>get_ton_value_for_2p2uH</STRONG> (Thumb, 122 bytes, Stack size 0 bytes, platform_sdk.o(i.get_ton_value_for_2p2uH))
<BR><BR>[Called By]<UL><LI><a href="#[147]">&gt;&gt;</a>&nbsp;&nbsp;&nbsp;ton_value_set
</UL>

<P><STRONG><a name="[18e]"></a>ll_aon_gpio_is_enabled_it</STRONG> (Thumb, 16 bytes, Stack size 0 bytes, platform_sdk.o(i.ll_aon_gpio_is_enabled_it))
<BR><BR>[Called By]<UL><LI><a href="#[12a]">&gt;&gt;</a>&nbsp;&nbsp;&nbsp;warm_boot
<LI><a href="#[189]">&gt;&gt;</a>&nbsp;&nbsp;&nbsp;warm_boot_second
</UL>

<P><STRONG><a name="[127]"></a>temperature_calibrations</STRONG> (Thumb, 36 bytes, Stack size 8 bytes, platform_sdk.o(i.temperature_calibrations))
<BR><BR>[Stack]<UL><LI>Max Depth = 104<LI>Call Chain = temperature_calibrations &rArr; ldo_voltage_set &rArr; sys_is_use_internal_3p3_ioldo &rArr; sys_device_package_get &rArr; sys_efuse_info_sync &rArr; hal_efuse_init_ext
</UL>
<BR>[Calls]<UL><LI><a href="#[144]">&gt;&gt;</a>&nbsp;&nbsp;&nbsp;retention_mem_set
<LI><a href="#[eb]">&gt;&gt;</a>&nbsp;&nbsp;&nbsp;ldo_voltage_set
<LI><a href="#[145]">&gt;&gt;</a>&nbsp;&nbsp;&nbsp;current_shape_set
<LI><a href="#[146]">&gt;&gt;</a>&nbsp;&nbsp;&nbsp;clk_period_1V_set
<LI><a href="#[143]">&gt;&gt;</a>&nbsp;&nbsp;&nbsp;aon_voltage_set
</UL>
<BR>[Called By]<UL><LI><a href="#[11a]">&gt;&gt;</a>&nbsp;&nbsp;&nbsp;pmu_calibration_handler
</UL>

<P><STRONG><a name="[128]"></a>vbatt_calibrations</STRONG> (Thumb, 18 bytes, Stack size 8 bytes, platform_sdk.o(i.vbatt_calibrations))
<BR><BR>[Stack]<UL><LI>Max Depth = 144<LI>Call Chain = vbatt_calibrations &rArr; update_io_ldo_to_prevent_leakage &rArr; internal_3p3_ioldo_update &rArr; i0nd_ioldo_3v_get &rArr; sys_get_efuse_io_ldo &rArr; sys_efuse_info_sync &rArr; hal_efuse_init_ext
</UL>
<BR>[Calls]<UL><LI><a href="#[14d]">&gt;&gt;</a>&nbsp;&nbsp;&nbsp;update_io_ldo_to_prevent_leakage
<LI><a href="#[147]">&gt;&gt;</a>&nbsp;&nbsp;&nbsp;ton_value_set
</UL>
<BR>[Called By]<UL><LI><a href="#[11a]">&gt;&gt;</a>&nbsp;&nbsp;&nbsp;pmu_calibration_handler
</UL>

<P><STRONG><a name="[f3]"></a>mem_low_power_auto_init</STRONG> (Thumb, 152 bytes, Stack size 40 bytes, platform_sram.o(i.mem_low_power_auto_init))
<BR><BR>[Stack]<UL><LI>Max Depth = 60<LI>Call Chain = mem_low_power_auto_init &rArr; mem_pwr_mgmt_trans_addr_to_section
</UL>
<BR>[Calls]<UL><LI><a href="#[f4]">&gt;&gt;</a>&nbsp;&nbsp;&nbsp;mem_pwr_mgmt_trans_addr_to_section
<LI><a href="#[76]">&gt;&gt;</a>&nbsp;&nbsp;&nbsp;__aeabi_memcpy
</UL>
<BR>[Called By]<UL><LI><a href="#[f5]">&gt;&gt;</a>&nbsp;&nbsp;&nbsp;mem_pwr_mgmt_mode_set
</UL>

<P><STRONG><a name="[ef]"></a>ll_aon_gpio_set_pin_mode</STRONG> (Thumb, 36 bytes, Stack size 8 bytes, gr55xx_ll_aon_gpio_patch.o(i.ll_aon_gpio_set_pin_mode))
<BR><BR>[Stack]<UL><LI>Max Depth = 8<LI>Call Chain = ll_aon_gpio_set_pin_mode
</UL>
<BR>[Called By]<UL><LI><a href="#[cd]">&gt;&gt;</a>&nbsp;&nbsp;&nbsp;ll_aon_gpio_init
</UL>

<P><STRONG><a name="[f0]"></a>ll_msio_set_pin_mode</STRONG> (Thumb, 42 bytes, Stack size 8 bytes, gr55xx_ll_msio_patch.o(i.ll_msio_set_pin_mode))
<BR><BR>[Stack]<UL><LI>Max Depth = 8<LI>Call Chain = ll_msio_set_pin_mode
</UL>
<BR>[Called By]<UL><LI><a href="#[dc]">&gt;&gt;</a>&nbsp;&nbsp;&nbsp;ll_msio_init
</UL>

<P><STRONG><a name="[61]"></a>__NVIC_ClearPendingIRQ</STRONG> (Thumb, 26 bytes, Stack size 0 bytes, rwip_sleep_common.o(i.__NVIC_ClearPendingIRQ))
<BR><BR>[Called By]<UL><LI><a href="#[97]">&gt;&gt;</a>&nbsp;&nbsp;&nbsp;ble_sleep_successfully_without_stack_init
<LI><a href="#[67]">&gt;&gt;</a>&nbsp;&nbsp;&nbsp;BLE_SDK_IRQ_Handler_without_stack_init
<LI><a href="#[60]">&gt;&gt;</a>&nbsp;&nbsp;&nbsp;BLESLP_Handler_without_stack_init
</UL>

<P><STRONG><a name="[66]"></a>__NVIC_DisableIRQ</STRONG> (Thumb, 34 bytes, Stack size 0 bytes, rwip_sleep_common.o(i.__NVIC_DisableIRQ))
<BR><BR>[Called By]<UL><LI><a href="#[67]">&gt;&gt;</a>&nbsp;&nbsp;&nbsp;BLE_SDK_IRQ_Handler_without_stack_init
<LI><a href="#[65]">&gt;&gt;</a>&nbsp;&nbsp;&nbsp;BLE_IRQ_Handler_without_stack_init
</UL>

<P><STRONG><a name="[1ad]"></a>__NVIC_GetPendingIRQ</STRONG> (Thumb, 40 bytes, Stack size 0 bytes, rwip_sleep_common.o(i.__NVIC_GetPendingIRQ))
<BR><BR>[Called By]<UL><LI><a href="#[177]">&gt;&gt;</a>&nbsp;&nbsp;&nbsp;rom_cbk_execute
<LI><a href="#[9c]">&gt;&gt;</a>&nbsp;&nbsp;&nbsp;ble_is_in_sleep_state
</UL>

<P><STRONG><a name="[1cb]"></a>ll_pwr_req_excute_psc_command</STRONG> (Thumb, 18 bytes, Stack size 0 bytes, sdk_pwr_mgmt_patch.o(RAM_CODE), UNUSED)
<BR><BR>[Called By]<UL><LI><a href="#[1c8]">&gt;&gt;</a>&nbsp;&nbsp;&nbsp;pwr_mgmt_ultra_sleep (via Veneer)
</UL>

<P><STRONG><a name="[1c7]"></a>ll_pwr_clear_ext_wakeup_status</STRONG> (Thumb, 26 bytes, Stack size 0 bytes, sdk_pwr_mgmt_patch.o(RAM_CODE))
<BR><BR>[Called By]<UL><LI><a href="#[2e]">&gt;&gt;</a>&nbsp;&nbsp;&nbsp;pwr_mgmt_shutdown_patch (via Veneer)
</UL>

<P><STRONG><a name="[1ca]"></a>ll_pwr_is_active_flag_psc_cmd_busy</STRONG> (Thumb, 12 bytes, Stack size 0 bytes, sdk_pwr_mgmt_patch.o(RAM_CODE), UNUSED)
<BR><BR>[Called By]<UL><LI><a href="#[1c8]">&gt;&gt;</a>&nbsp;&nbsp;&nbsp;pwr_mgmt_ultra_sleep (via Veneer)
</UL>

<P><STRONG><a name="[2e]"></a>pwr_mgmt_shutdown_patch</STRONG> (Thumb, 220 bytes, Stack size 16 bytes, sdk_pwr_mgmt_patch.o(TINY_RAM_SPACE))
<BR><BR>[Stack]<UL><LI>Max Depth = 120<LI>Call Chain = pwr_mgmt_shutdown_patch &rArr; hal_exflash_wakeup_patch &rArr; hal_xqspi_init_ext &rArr; hal_xqspi_init_ext_patch &rArr; ll_xqspi_init_patch
</UL>
<BR>[Calls]<UL><LI><a href="#[1c4]">&gt;&gt;</a>&nbsp;&nbsp;&nbsp;pwr_mgmt_set_wakeup_flag (via Veneer)
<LI><a href="#[1c6]">&gt;&gt;</a>&nbsp;&nbsp;&nbsp;hal_pwr_enter_chip_deepsleep (via Veneer)
<LI><a href="#[1a0]">&gt;&gt;</a>&nbsp;&nbsp;&nbsp;hal_exflash_wakeup_patch (via Veneer)
<LI><a href="#[19f]">&gt;&gt;</a>&nbsp;&nbsp;&nbsp;hal_exflash_deepsleep_patch (via Veneer)
<LI><a href="#[188]">&gt;&gt;</a>&nbsp;&nbsp;&nbsp;work_digldo_dcdc_set (via Veneer)
<LI><a href="#[12e]">&gt;&gt;</a>&nbsp;&nbsp;&nbsp;work_xo_bias_set (via Veneer)
<LI><a href="#[1c0]">&gt;&gt;</a>&nbsp;&nbsp;&nbsp;pwr_mgmt_check_ext_timer
<LI><a href="#[1bf]">&gt;&gt;</a>&nbsp;&nbsp;&nbsp;__NVIC_GetPendingIRQ (via Veneer)
<LI><a href="#[1c7]">&gt;&gt;</a>&nbsp;&nbsp;&nbsp;ll_pwr_clear_ext_wakeup_status (via Veneer)
<LI><a href="#[1ae]">&gt;&gt;</a>&nbsp;&nbsp;&nbsp;ble_core_power_on (via Veneer)
<LI><a href="#[1c5]">&gt;&gt;</a>&nbsp;&nbsp;&nbsp;ble_core_power_off (via Veneer)
</UL>
<BR>[Address Reference Count : 1]<UL><LI> sdk_pwr_mgmt_patch.o(i.pwr_mgmt_shutdown_replace)
</UL>
<P><STRONG><a name="[1bf]"></a>__NVIC_GetPendingIRQ</STRONG> (Thumb, 40 bytes, Stack size 0 bytes, sdk_pwr_mgmt_patch.o(i.__NVIC_GetPendingIRQ))
<BR><BR>[Called By]<UL><LI><a href="#[1be]">&gt;&gt;</a>&nbsp;&nbsp;&nbsp;pwr_mgmt_ble_wakeup (via Veneer)
<LI><a href="#[1c0]">&gt;&gt;</a>&nbsp;&nbsp;&nbsp;pwr_mgmt_check_ext_timer (via Veneer)
<LI><a href="#[2e]">&gt;&gt;</a>&nbsp;&nbsp;&nbsp;pwr_mgmt_shutdown_patch (via Veneer)
</UL>

<P><STRONG><a name="[6c]"></a>ll_adc_disable_clock</STRONG> (Thumb, 26 bytes, Stack size 0 bytes, platform_adc_1.o(i.ll_adc_disable_clock))
<BR><BR>[Called By]<UL><LI><a href="#[6b]">&gt;&gt;</a>&nbsp;&nbsp;&nbsp;adc_conversion
</UL>

<P><STRONG><a name="[1b7]"></a>xqspi_receive_patch</STRONG> (Thumb, 260 bytes, Stack size 48 bytes, gr55xx_hal_xqspi_patch.o(RAM_CODE), UNUSED)
<BR><BR>[Calls]<UL><LI><a href="#[1b5]">&gt;&gt;</a>&nbsp;&nbsp;&nbsp;xqspi_wait_flag_state_until_retry
<LI><a href="#[1b8]">&gt;&gt;</a>&nbsp;&nbsp;&nbsp;ll_xqspi_set_qspi_datasize
</UL>
<BR>[Called By]<UL><LI><a href="#[1b9]">&gt;&gt;</a>&nbsp;&nbsp;&nbsp;hal_xqspi_command_receive_patch
</UL>

<P><STRONG><a name="[1b8]"></a>ll_xqspi_set_qspi_datasize</STRONG> (Thumb, 16 bytes, Stack size 0 bytes, gr55xx_hal_xqspi_patch.o(RAM_CODE), UNUSED)
<BR><BR>[Called By]<UL><LI><a href="#[1bc]">&gt;&gt;</a>&nbsp;&nbsp;&nbsp;xqspi_receive_align_word
<LI><a href="#[1b7]">&gt;&gt;</a>&nbsp;&nbsp;&nbsp;xqspi_receive_patch
</UL>

<P><STRONG><a name="[1bc]"></a>xqspi_receive_align_word</STRONG> (Thumb, 154 bytes, Stack size 32 bytes, gr55xx_hal_xqspi_patch.o(RAM_CODE), UNUSED)
<BR><BR>[Calls]<UL><LI><a href="#[1b5]">&gt;&gt;</a>&nbsp;&nbsp;&nbsp;xqspi_wait_flag_state_until_retry
<LI><a href="#[1b8]">&gt;&gt;</a>&nbsp;&nbsp;&nbsp;ll_xqspi_set_qspi_datasize
</UL>
<BR>[Called By]<UL><LI><a href="#[1bb]">&gt;&gt;</a>&nbsp;&nbsp;&nbsp;hal_xqspi_command_receive_align_word
</UL>

<P><STRONG><a name="[26]"></a>get_info</STRONG> (Thumb, 70 bytes, Stack size 16 bytes, dfu_cmd_handler_patch.o(i.get_info))
<BR><BR>[Stack]<UL><LI>Max Depth = 16<LI>Call Chain = get_info
</UL>
<BR>[Calls]<UL><LI><a href="#[c7]">&gt;&gt;</a>&nbsp;&nbsp;&nbsp;dfu_send_frame
</UL>
<BR>[Address Reference Count : 1]<UL><LI> dfu_cmd_handler_patch.o(i.dfu_cmd_handler_replace)
</UL>
<P><STRONG><a name="[1bd]"></a>ll_xqspi_disable_cache</STRONG> (Thumb, 28 bytes, Stack size 0 bytes, gr55xx_ll_xqspi_patch.o(RAM_CODE))
<BR><BR>[Called By]<UL><LI><a href="#[1b6]">&gt;&gt;</a>&nbsp;&nbsp;&nbsp;ll_xqspi_init_patch
</UL>

<P><STRONG><a name="[15c]"></a>_dadd1</STRONG> (Thumb, 0 bytes, Stack size unknown bytes, daddsub_clz.o(x$fpl$dadd), UNUSED)
<BR><BR>[Called By]<UL><LI><a href="#[15d]">&gt;&gt;</a>&nbsp;&nbsp;&nbsp;_dsub
<LI><a href="#[15b]">&gt;&gt;</a>&nbsp;&nbsp;&nbsp;_drsb
</UL>

<P><STRONG><a name="[155]"></a>_dsub1</STRONG> (Thumb, 0 bytes, Stack size unknown bytes, daddsub_clz.o(x$fpl$dsub), UNUSED)
<BR><BR>[Called By]<UL><LI><a href="#[15b]">&gt;&gt;</a>&nbsp;&nbsp;&nbsp;_drsb
<LI><a href="#[154]">&gt;&gt;</a>&nbsp;&nbsp;&nbsp;_dadd
</UL>

<P><STRONG><a name="[1c]"></a>_printf_input_char</STRONG> (Thumb, 10 bytes, Stack size 0 bytes, _printf_char_common.o(.text))
<BR>[Address Reference Count : 1]<UL><LI> _printf_char_common.o(.text)
</UL><P>
<H3>
Undefined Global Symbols
</H3><HR></body></html>
