Component: ARM Compiler 5.06 update 7 (build 960) Tool: armlink [4d3601]

==============================================================================

Section Cross References

    startup.o(RESET) refers to startup.o(.text) for Reset_Handler
    startup.o(RESET) refers to gr_interrupt.o(i.NMI_Handler) for NMI_Handler
    startup.o(RESET) refers to gr_interrupt.o(RAM_CODE) for HardFault_Handler
    startup.o(RESET) refers to gr_interrupt.o(i.MemManage_Handler) for MemManage_Handler
    startup.o(RESET) refers to gr_interrupt.o(i.BusFault_Handler) for BusFault_Handler
    startup.o(RESET) refers to gr_interrupt.o(i.UsageFault_Handler) for UsageFault_Handler
    startup.o(RESET) refers to gr_interrupt.o(i.DebugMon_Handler) for DebugMon_Handler
    startup.o(RESET) refers to gr_interrupt.o(i.PendSV_Handler) for PendSV_Handler
    startup.o(RESET) refers to gr_interrupt.o(i.SysTick_Handler) for SysTick_Handler
    startup.o(.text) refers to gr_system.o(i.SystemInit) for SystemInit
    startup.o(.text) refers to gr_platform.o(i.main_init) for main_init
    gr_interrupt.o(RAM_CODE) refers to gr_interrupt.o(RAM_CODE) for hardfault_trace_handler
    gr_interrupt.o(RAM_CODE) refers to gr_interrupt.o(.bss) for R4_R11_REG
    gr_interrupt.o(RAM_CODE) refers to svc_handler.o(RAM_CODE) for gr5xx_svc_process
    gr_interrupt.o(RAM_CODE) refers to printfa.o(i.__0printf) for __2printf
    gr_interrupt.o(RAM_CODE) refers to app_log.o(i.app_log_flush) for app_log_flush
    gr_interrupt.o(RAM_CODE) refers to gr_interrupt.o(.bss) for .bss
    gr_platform.o(i.main_init) refers to gr_soc.o(i.warm_boot_process) for warm_boot_process
    gr_platform.o(i.main_init) refers to entry.o(.ARM.Collect$$$$00000000) for __main
    gr_platform.o(i.system_platform_init) refers to gr_soc.o(i.vector_table_init) for vector_table_init
    gr_platform.o(i.system_platform_init) refers to sdk_ram_init_patch.o(i.sdk_init) for sdk_init
    gr_platform.o(i.system_platform_init) refers to gr_soc.o(i.soc_init) for soc_init
    gr_platform.o(.init_array) refers to gr_platform.o(i.system_platform_init) for system_platform_init
    gr_platform.o(.init_array) refers to cpp_init.o(.text) for __cpp_initialize__aeabi_
    gr_soc.o(i.SystemCoreSetClock) refers to gr_soc.o(.constdata) for .constdata
    gr_soc.o(i.SystemCoreSetClock) refers to gr_soc.o(.data) for .data
    gr_soc.o(i.SystemCoreUpdateClock) refers to gr_soc.o(.constdata) for .constdata
    gr_soc.o(i.SystemCoreUpdateClock) refers to gr_soc.o(.data) for .data
    gr_soc.o(i.exflash_io_pull_config) refers to gr_soc.o(i.ll_gpio_set_pin_pull) for ll_gpio_set_pin_pull
    gr_soc.o(i.nvds_init_error_handler) refers to sdk_nvds_patch.o(i.nvds_deinit) for nvds_deinit
    gr_soc.o(i.nvds_init_error_handler) refers to sdk_nvds_patch.o(i.nvds_init) for nvds_init
    gr_soc.o(i.nvds_setup) refers to sdk_nvds_patch.o(i.nvds_init) for nvds_init
    gr_soc.o(i.nvds_setup) refers to gr_soc.o(i.nvds_init_error_handler) for nvds_init_error_handler
    gr_soc.o(i.patch_init) refers to sdk_fpb_mgmt.o(i.gr5xx_fpb_init) for gr5xx_fpb_init
    gr_soc.o(i.platform_init) refers to warm_boot_patch.o(i.warm_boot_set_exflash_readid_delay) for warm_boot_set_exflash_readid_delay
    gr_soc.o(i.platform_init) refers to platform_sdk.o(i.ble_wakeup_osc_time_get) for ble_wakeup_osc_time_get
    gr_soc.o(i.platform_init) refers to platform_sdk.o(i.ble_wakeup_osc_time_set) for ble_wakeup_osc_time_set
    gr_soc.o(i.platform_init) refers to platform_sram.o(i.mem_pwr_mgmt_mode_set) for mem_pwr_mgmt_mode_set
    gr_soc.o(i.platform_init) refers to gr_soc.o(i.nvds_setup) for nvds_setup
    gr_soc.o(i.platform_init) refers to platform_clock.o(i.platform_set_rtc_crystal_delay) for platform_set_rtc_crystal_delay
    gr_soc.o(i.platform_init) refers to platform_clock.o(i.platform_clock_init) for platform_clock_init
    gr_soc.o(i.platform_init) refers to platform_sdk.o(i.platform_sdk_init) for platform_sdk_init
    gr_soc.o(i.platform_init) refers to platform_sdk.o(i.system_pmu_deinit) for system_pmu_deinit
    gr_soc.o(i.platform_init) refers to gr_soc.o(i.SystemCoreSetClock) for SystemCoreSetClock
    gr_soc.o(i.platform_init) refers to platform_sdk.o(i.system_pmu_init) for system_pmu_init
    gr_soc.o(i.platform_init) refers to gr55xx_hal_patch.o(i.hal_dwt_enable) for hal_dwt_enable
    gr_soc.o(i.platform_init) refers to gr55xx_hal_patch.o(i.hal_dwt_disable) for hal_dwt_disable
    gr_soc.o(i.platform_init) refers to system_sdk_patch.o(RAM_CODE) for rtc_calibration
    gr_soc.o(i.platform_init) refers to system_sdk_patch.o(i.rng_calibration) for rng_calibration
    gr_soc.o(i.platform_init) refers to gr_soc.o(i.exflash_io_pull_config) for exflash_io_pull_config
    gr_soc.o(i.platform_init) refers to pmu_calibration.o(i.system_pmu_calibration_init) for system_pmu_calibration_init
    gr_soc.o(i.platform_init) refers to platform_sdk.o(i.pmu_calibration_handler) for pmu_calibration_handler
[...]
    0x01008fdc   0x01008fdc   0x000000bc   Code   RO         4626    i.gapm_activity_create_cmd_handler_patch  ble_sdk.lib(gapm_actv_patch.o)
    0x01009098   0x01009098   0x0000025c   Code   RO         5962    i.gapm_adv_check_param_func_patch  ble_sdk.lib(gapm_adv_patch.o)
    0x010092f4   0x010092f4   0x00000024   Code   RO         4691    i.gapm_adv_filter_list_clear  ble_sdk.lib(gapm_scan_patch.o)
    0x01009318   0x01009318   0x00000028   Code   RO         4692    i.gapm_adv_filter_list_reg  ble_sdk.lib(gapm_scan_patch.o)
    0x01009340   0x01009340   0x00000010   Code   RO         5963    i.gapm_adv_replace  ble_sdk.lib(gapm_adv_patch.o)
    0x01009350   0x01009350   0x00000144   Code   RO         4975    i.gapm_cmp_evt_handler_patch  ble_sdk.lib(ble_sdk_gapm_patch.o)
    0x01009494   0x01009494   0x00000074   Code   RO         4635    i.gapm_hci_handler_patch  ble_sdk.lib(gapm_task_patch.o)
    0x01009508   0x01009508   0x0000012c   Code   RO         4606    i.gapm_init_connection_ind_func_patch  ble_sdk.lib(gapm_init_patch.o)
    0x01009634   0x01009634   0x00000080   Code   RO         4607    i.gapm_init_create_patch  ble_sdk.lib(gapm_init_patch.o)
    0x010096b4   0x010096b4   0x00000010   Code   RO         4608    i.gapm_init_replace  ble_sdk.lib(gapm_init_patch.o)
    0x010096c4   0x010096c4   0x00000088   Code   RO         4609    i.gapm_init_start_patch  ble_sdk.lib(gapm_init_patch.o)
    0x0100974c   0x0100974c   0x0000002c   Code   RO         4610    i.gapm_init_stop_patch  ble_sdk.lib(gapm_init_patch.o)
    0x01009778   0x01009778   0x000000f0   Code   RO         4693    i.gapm_is_adv_data_dup_check  ble_sdk.lib(gapm_scan_patch.o)
    0x01009868   0x01009868   0x00000010   Code   RO         4694    i.gapm_scan_replace  ble_sdk.lib(gapm_scan_patch.o)
    0x01009878   0x01009878   0x00000174   Code   RO         4695    i.gapm_scan_send_adv_report_ind_func_patch  ble_sdk.lib(gapm_scan_patch.o)
    0x010099ec   0x010099ec   0x00000084   Code   RO         4696    i.gapm_scan_send_hci_le_set_ext_scan_en_cmd_patch  ble_sdk.lib(gapm_scan_patch.o)
    0x01009a70   0x01009a70   0x00000264   Code   RO         4714    i.gapm_set_dev_config_cmd_handler_patch  ble_sdk.lib(gapm_cfg_patch.o)
    0x01009cd4   0x01009cd4   0x0000013c   Code   RO         6312    i.gatt_clear_cccd_patch  ble_sdk.lib(ble_sdk_gatts_patch.o)
    0x01009e10   0x01009e10   0x00000020   Code   RO         5388    i.gatt_common_evt_handler  ble_sdk.lib(ble_profile_patch.o)
    0x01009e30   0x01009e30   0x00000064   Code   RO         6313    i.gatt_find_item_patch  ble_sdk.lib(ble_sdk_gatts_patch.o)
    0x01009e94   0x01009e94   0x00000032   Code   RO         5287    i.gatt_mtu_exchange_cb  ble_sdk.lib(ble_event_patch.o)
    0x01009ec6   0x01009ec6   0x00000002   PAD
    0x01009ec8   0x01009ec8   0x00000100   Code   RO         6314    i.gatt_on_connection_func_patch  ble_sdk.lib(ble_sdk_gatts_patch.o)
    0x01009fc8   0x01009fc8   0x000000e4   Code   RO         6315    i.gatt_on_disconnection_func_patch  ble_sdk.lib(ble_sdk_gatts_patch.o)
    0x0100a0ac   0x0100a0ac   0x00000010   Code   RO         6316    i.gatt_on_disconnection_replace  ble_sdk.lib(ble_sdk_gatts_patch.o)
    0x0100a0bc   0x0100a0bc   0x00000038   Code   RO         5288    i.gatt_prf_register_cb  ble_sdk.lib(ble_event_patch.o)
    0x0100a0f4   0x0100a0f4   0x00000058   Code   RO         6317    i.gatt_remove_item_patch  ble_sdk.lib(ble_sdk_gatts_patch.o)
    0x0100a14c   0x0100a14c   0x00000038   Code   RO         5289    i.gattc_char_desc_disc_cb  ble_sdk.lib(ble_event_patch.o)
    0x0100a184   0x0100a184   0x00000038   Code   RO         5290    i.gattc_char_disc_cb  ble_sdk.lib(ble_event_patch.o)
    0x0100a1bc   0x0100a1bc   0x000001b4   Code   RO         4539    i.gattc_cmp_evt_handler_patch  ble_sdk.lib(gattc_task_patch.o)
    0x0100a370   0x0100a370   0x00000020   Code   RO         5389    i.gattc_connect_state_evt  ble_sdk.lib(ble_profile_patch.o)
    0x0100a390   0x0100a390   0x00000020   Code   RO         5390    i.gattc_evt_handle  ble_sdk.lib(ble_profile_patch.o)
    0x0100a3b0   0x0100a3b0   0x00000038   Code   RO         5291    i.gattc_inc_srvc_disc_cb  ble_sdk.lib(ble_event_patch.o)
    0x0100a3e8   0x0100a3e8   0x0000003a   Code   RO         5292    i.gattc_ntf_ind_cb  ble_sdk.lib(ble_event_patch.o)
    0x0100a422   0x0100a422   0x00000038   Code   RO         5293    i.gattc_read_cb     ble_sdk.lib(ble_event_patch.o)
    0x0100a45a   0x0100a45a   0x0000003c   Code   RO         5294    i.gattc_srvc_browse_cb  ble_sdk.lib(ble_event_patch.o)
    0x0100a496   0x0100a496   0x00000002   PAD
    0x0100a498   0x0100a498   0x00000044   Code   RO         5391    i.gattc_srvc_browse_evt_handle  ble_sdk.lib(ble_profile_patch.o)
    0x0100a4dc   0x0100a4dc   0x00000038   Code   RO         5295    i.gattc_srvc_disc_cb  ble_sdk.lib(ble_event_patch.o)
    0x0100a514   0x0100a514   0x00000032   Code   RO         5296    i.gattc_write_cb    ble_sdk.lib(ble_event_patch.o)
    0x0100a546   0x0100a546   0x00000002   PAD
    0x0100a548   0x0100a548   0x000000ec   Code   RO         6337    i.gattc_write_req_ind_handler_patch  ble_sdk.lib(ble_sdk_prf_patch.o)
    0x0100a634   0x0100a634   0x00000042   Code   RO         5297    i.gatts_cccd_set_cb  ble_sdk.lib(ble_event_patch.o)
    0x0100a676   0x0100a676   0x00000002   PAD
    0x0100a678   0x0100a678   0x00000020   Code   RO         5392    i.gatts_connect_state_evt  ble_sdk.lib(ble_profile_patch.o)
    0x0100a698   0x0100a698   0x0000001a   Code   RO         5393    i.gatts_evt_handle  ble_sdk.lib(ble_profile_patch.o)
    0x0100a6b2   0x0100a6b2   0x00000032   Code   RO         5298    i.gatts_ntf_ind_cb  ble_sdk.lib(ble_event_patch.o)
    0x0100a6e4   0x0100a6e4   0x00000034   Code   RO         5299    i.gatts_prep_write_cb  ble_sdk.lib(ble_event_patch.o)
    0x0100a718   0x0100a718   0x00000034   Code   RO         5300    i.gatts_read_cb     ble_sdk.lib(ble_event_patch.o)
    0x0100a74c   0x0100a74c   0x0000003c   Code   RO         5301    i.gatts_write_cb    ble_sdk.lib(ble_event_patch.o)
    0x0100a788   0x0100a788   0x0000000e   Code   RO         5085    i.gen_hdr_checksum  ble_sdk.lib(sdk_nvds_patch.o)
    0x0100a796   0x0100a796   0x0000001e   Code   RO         5086    i.gen_value_checksum  ble_sdk.lib(sdk_nvds_patch.o)
    0x0100a7b4   0x0100a7b4   0x00000028   Code   RO         6243    i.get_F_value_patch  ble_sdk.lib(rf_gdx_patch.o)
    0x0100a7dc   0x0100a7dc   0x00000030   Code   RO         5925    i.get_conn_idx_by_id  ble_sdk.lib(l2cm_patch.o)
    0x0100a80c   0x0100a80c   0x00000108   Code   RO         6431    i.get_data_from_adc  ble_sdk.lib(platform_adc_1.o)
    0x0100a914   0x0100a914   0x00000028   Code   RO         4596    i.get_id_by_conn_idx  ble_sdk.lib(l2cc_task_patch.o)
    0x0100a93c   0x0100a93c   0x00000050   Code   RO         6144    i.get_info          ble_sdk.lib(dfu_cmd_handler_patch.o)
    0x0100a98c   0x0100a98c   0x0000002c   Code   RO         4230    i.get_patch_rep_addr  ble_sdk.lib(sdk_fpb_mgmt.o)
    0x0100a9b8   0x0100a9b8   0x00000010   Code   RO         1059    i.get_pin_index     app_io.o
    0x0100a9c8   0x0100a9c8   0x00000064   Code   RO         5564    i.get_ton_value_for_1p5uH  ble_sdk.lib(platform_sdk.o)
    0x0100aa2c   0x0100aa2c   0x00000080   Code   RO         5565    i.get_ton_value_for_2p2uH  ble_sdk.lib(platform_sdk.o)
    0x0100aaac   0x0100aaac   0x000000f4   Code   RO         4231    i.gr5xx_fpb_func_register  ble_sdk.lib(sdk_fpb_mgmt.o)
    0x0100aba0   0x0100aba0   0x0000008c   Code   RO         4232    i.gr5xx_fpb_init    ble_sdk.lib(sdk_fpb_mgmt.o)
    0x0100ac2c   0x0100ac2c   0x00000044   Code   RO         2421    i.gus_ble_evt_handler  gus.o
    0x0100ac70   0x0100ac70   0x00000054   Code   RO         2494    i.gus_c_att_ntf_ind_evt_handler  gus_c.o
    0x0100acc4   0x0100acc4   0x00000068   Code   RO         2495    i.gus_c_att_write_evt_handler  gus_c.o
    0x0100ad2c   0x0100ad2c   0x0000003a   Code   RO         2496    i.gus_c_ble_evt_handler  gus_c.o
    0x0100ad66   0x0100ad66   0x00000002   PAD
    0x0100ad68   0x0100ad68   0x0000000c   Code   RO         2497    i.gus_c_disc_srvc_start  gus_c.o
    0x0100ad74   0x0100ad74   0x00000018   Code   RO         2498    i.gus_c_evt_handler_excute  gus_c.o
    0x0100ad8c   0x0100ad8c   0x00000024   Code   RO         2499    i.gus_c_flow_ctrl_notify_set  gus_c.o
    0x0100adb0   0x0100adb0   0x00000024   Code   RO         2500    i.gus_c_rx_flow_ctrl_set  gus_c.o
    0x0100add4   0x0100add4   0x000000d4   Code   RO         2501    i.gus_c_srvc_browse_evt_handler  gus_c.o
    0x0100aea8   0x0100aea8   0x00000024   Code   RO         2502    i.gus_c_tx_data_send  gus_c.o
    0x0100aecc   0x0100aecc   0x00000024   Code   RO         2503    i.gus_c_tx_notify_set  gus_c.o
    0x0100aef0   0x0100aef0   0x0000007c   Code   RO         2422    i.gus_cccd_set_evt_handler  gus.o
    0x0100af6c   0x0100af6c   0x00000030   Code   RO         2504    i.gus_client_init   gus_c.o
    0x0100af9c   0x0100af9c   0x0000014c   Code   RO         3585    i.gus_client_process_event  user_app.o
    0x0100b0e8   0x0100b0e8   0x00000028   Code   RO         2423    i.gus_ntf_ind_evt_handler  gus.o
    0x0100b110   0x0100b110   0x00000068   Code   RO         2424    i.gus_read_att_evt_handler  gus.o
    0x0100b178   0x0100b178   0x00000044   Code   RO         2425    i.gus_rx_flow_ctrl_set  gus.o
    0x0100b1bc   0x0100b1bc   0x0000005c   Code   RO         2426    i.gus_service_init  gus.o
    0x0100b218   0x0100b218   0x000000cc   Code   RO         3586    i.gus_service_process_event  user_app.o
    0x0100b2e4   0x0100b2e4   0x00000044   Code   RO         2428    i.gus_tx_data_send  gus.o
    0x0100b328   0x0100b328   0x000000c8   Code   RO         2429    i.gus_write_att_evt_handler  gus.o
    0x0100b3f0   0x0100b3f0   0x00000020   Code   RO         5566    i.hal_adc_is_using  ble_sdk.lib(platform_sdk.o)
    0x0100b410   0x0100b410   0x00000040   Code   RO         1060    i.hal_aon_gpio_callback  app_io.o
    0x0100b450   0x0100b450   0x00000016   Code   RO         5438    i.hal_aon_gpio_deinit  ble_sdk.lib(gr55xx_hal_aon_gpio_1.o)
    0x0100b466   0x0100b466   0x00000002   PAD
    0x0100b468   0x0100b468   0x0000008c   Code   RO         4736    i.hal_aon_gpio_deinit_ext  ble_sdk.lib(gr55xx_hal_aon_gpio_patch.o)
    0x0100b4f4   0x0100b4f4   0x00000024   Code   RO         5439    i.hal_aon_gpio_init  ble_sdk.lib(gr55xx_hal_aon_gpio_1.o)
    0x0100b518   0x0100b518   0x00000028   Code   RO         4737    i.hal_aon_gpio_init_ext  ble_sdk.lib(gr55xx_hal_aon_gpio_patch.o)
    0x0100b540   0x0100b540   0x0000005c   Code   RO         4738    i.hal_aon_gpio_irq_handler  ble_sdk.lib(gr55xx_hal_aon_gpio_patch.o)
    0x0100b59c   0x0100b59c   0x00000034   Code   RO         4740    i.hal_aon_gpio_write_pin  ble_sdk.lib(gr55xx_hal_aon_gpio_patch.o)
    0x0100b5d0   0x0100b5d0   0x0000008c   Code   RO         4765    i.hal_dma_init      ble_sdk.lib(gr55xx_hal_dma_patch.o)
    0x0100b65c   0x0100b65c   0x00000038   Code   RO         4722    i.hal_dwt_disable   ble_sdk.lib(gr55xx_hal_patch.o)
    0x0100b694   0x0100b694   0x00000048   Code   RO         4723    i.hal_dwt_enable    ble_sdk.lib(gr55xx_hal_patch.o)
    0x0100b6dc   0x0100b6dc   0x0000008c   Code   RO         6094    i.hal_efuse_deinit_ext  ble_sdk.lib(gr55xx_hal_efuse_patch.o)
    0x0100b768   0x0100b768   0x000000ac   Code   RO         6095    i.hal_efuse_init_ext  ble_sdk.lib(gr55xx_hal_efuse_patch.o)
    0x0100b814   0x0100b814   0x0000001c   Code   RO         5048    i.hal_flash_erase   ble_sdk.lib(hal_flash_patch.o)
    0x0100b830   0x0100b830   0x00000064   Code   RO         5050    i.hal_flash_init    ble_sdk.lib(hal_flash_patch.o)
    0x0100b894   0x0100b894   0x00000020   Code   RO         5051    i.hal_flash_read    ble_sdk.lib(hal_flash_patch.o)
    0x0100b8b4   0x0100b8b4   0x00000074   Code   RO         5056    i.hal_flash_write_r  ble_sdk.lib(hal_flash_patch.o)
    0x0100b928   0x0100b928   0x00000028   Code   RO         5450    i.hal_gpio_deinit   ble_sdk.lib(gr55xx_hal_gpio_1.o)
    0x0100b950   0x0100b950   0x00000074   Code   RO         1061    i.hal_gpio_exti_callback  app_io.o
    0x0100b9c4   0x0100b9c4   0x00000028   Code   RO         5452    i.hal_gpio_init     ble_sdk.lib(gr55xx_hal_gpio_1.o)
    0x0100b9ec   0x0100b9ec   0x00000020   Code   RO         5423    i.hal_init          ble_sdk.lib(gr55xx_hal_1.o)
    0x0100ba0c   0x0100ba0c   0x000000b0   Code   RO         4782    i.hal_msio_deinit   ble_sdk.lib(gr55xx_hal_msio_patch.o)
    0x0100babc   0x0100babc   0x00000006   Code   RO         4783    i.hal_msio_init     ble_sdk.lib(gr55xx_hal_msio_patch.o)
    0x0100bac2   0x0100bac2   0x00000008   Code   RO         4786    i.hal_msio_write_pin  ble_sdk.lib(gr55xx_hal_msio_patch.o)
    0x0100baca   0x0100baca   0x00000002   Code   RO         5424    i.hal_msp_deinit    ble_sdk.lib(gr55xx_hal_1.o)
    0x0100bacc   0x0100bacc   0x00000002   Code   RO         5425    i.hal_msp_init      ble_sdk.lib(gr55xx_hal_1.o)
    0x0100bace   0x0100bace   0x00000002   PAD
    0x0100bad0   0x0100bad0   0x00000050   Code   RO         4774    i.hal_nvic_system_reset  ble_sdk.lib(gr55xx_hal_cortex_patch.o)
    0x0100bb20   0x0100bb20   0x0000001c   Code   RO         6420    i.hal_pwr_config_timer_wakeup  ble_sdk.lib(gr55xx_hal_pwr_1.o)
    0x0100bb3c   0x0100bb3c   0x000000c8   Code   RO         1826    i.hal_pwr_sleep_timer_elapsed_callback  app_timer.o
    0x0100bc04   0x0100bc04   0x00000098   Code   RO         6609    i.hal_rng_deinit_ext  ble_sdk.lib(gr55xx_hal_rng_patch.o)
    0x0100bc9c   0x0100bc9c   0x00000138   Code   RO         6610    i.hal_rng_generate_random_number  ble_sdk.lib(gr55xx_hal_rng_patch.o)
    0x0100bdd4   0x0100bdd4   0x00000090   Code   RO         6612    i.hal_rng_init_ext  ble_sdk.lib(gr55xx_hal_rng_patch.o)
    0x0100be64   0x0100be64   0x0000001c   Code   RO         4798    i.hal_sleep_timer_config_and_start  ble_sdk.lib(gr55xx_hal_sleep_timer_patch.o)
    0x0100be80   0x0100be80   0x00000048   Code   RO         4799    i.hal_sleep_timer_get_clock_freq  ble_sdk.lib(gr55xx_hal_sleep_timer_patch.o)
    0x0100bec8   0x0100bec8   0x0000001a   Code   RO         4800    i.hal_sleep_timer_get_current_value  ble_sdk.lib(gr55xx_hal_sleep_timer_patch.o)
    0x0100bee2   0x0100bee2   0x00000002   PAD
    0x0100bee4   0x0100bee4   0x0000000c   Code   RO         4801    i.hal_sleep_timer_status_get  ble_sdk.lib(gr55xx_hal_sleep_timer_patch.o)
    0x0100bef0   0x0100bef0   0x00000018   Code   RO         4802    i.hal_sleep_timer_stop  ble_sdk.lib(gr55xx_hal_sleep_timer_patch.o)
    0x0100bf08   0x0100bf08   0x0000002c   Code   RO         1223    i.hal_uart_abort_cplt_callback  app_uart.o
    0x0100bf34   0x0100bf34   0x0000002c   Code   RO         1224    i.hal_uart_abort_rx_cplt_callback  app_uart.o
    0x0100bf60   0x0100bf60   0x0000002c   Code   RO         1225    i.hal_uart_abort_tx_cplt_callback  app_uart.o
    0x0100bf8c   0x0100bf8c   0x00000024   Code   RO         5466    i.hal_uart_deinit   ble_sdk.lib(gr55xx_hal_uart_1.o)
    0x0100bfb0   0x0100bfb0   0x00000034   Code   RO         1226    i.hal_uart_error_callback  app_uart.o
    0x0100bfe4   0x0100bfe4   0x00000012   Code   RO         5229    i.hal_uart_get_state  ble_sdk.lib(gr55xx_hal_uart_patch.o)
    0x0100bff6   0x0100bff6   0x00000002   PAD
    0x0100bff8   0x0100bff8   0x00000024   Code   RO         5468    i.hal_uart_init     ble_sdk.lib(gr55xx_hal_uart_1.o)
    0x0100c01c   0x0100c01c   0x00000002   Code   RO         5469    i.hal_uart_msp_deinit  ble_sdk.lib(gr55xx_hal_uart_1.o)
    0x0100c01e   0x0100c01e   0x00000002   Code   RO         5470    i.hal_uart_msp_init  ble_sdk.lib(gr55xx_hal_uart_1.o)
    0x0100c020   0x0100c020   0x000000e8   Code   RO         5230    i.hal_uart_receive_dma  ble_sdk.lib(gr55xx_hal_uart_patch.o)
    0x0100c108   0x0100c108   0x00000030   Code   RO         1227    i.hal_uart_rx_cplt_callback  app_uart.o
    0x0100c138   0x0100c138   0x00000054   Code   RO         1228    i.hal_uart_tx_cplt_callback  app_uart.o
    0x0100c18c   0x0100c18c   0x00000058   Code   RO         4816    i.hci_disc_cmp_evt_handler_patch  ble_sdk.lib(gapc_hci_patch.o)
    0x0100c1e4   0x0100c1e4   0x00000050   Code   RO         4414    i.hci_le_add_dev_to_rslv_list_cmd_handler_patch  ble_sdk.lib(llm_hci_patch.o)
    0x0100c234   0x0100c234   0x000000a4   Code   RO         4415    i.hci_le_add_dev_to_wlst_cmd_handler_patch  ble_sdk.lib(llm_hci_patch.o)
    0x0100c2d8   0x0100c2d8   0x00000014   Code   RO         4416    i.hci_le_clear_rslv_list_cmd_handler_patch  ble_sdk.lib(llm_hci_patch.o)
    0x0100c2ec   0x0100c2ec   0x0000005c   Code   RO         4417    i.hci_le_clear_wlst_cmd_handler_patch  ble_sdk.lib(llm_hci_patch.o)
    0x0100c348   0x0100c348   0x00000042   Code   RO         4611    i.hci_le_cmd_cmp_evt_init_handler_patch  ble_sdk.lib(gapm_init_patch.o)
    0x0100c38a   0x0100c38a   0x00000038   Code   RO         4697    i.hci_le_cmd_cmp_evt_scan_handler_patch  ble_sdk.lib(gapm_scan_patch.o)
    0x0100c3c2   0x0100c3c2   0x00000002   PAD
    0x0100c3c4   0x0100c3c4   0x00000148   Code   RO         4513    i.hci_le_con_upd_cmd_handler_patch  ble_sdk.lib(llc_con_upd_patch.o)
    0x0100c50c   0x0100c50c   0x00000388   Code   RO         4418    i.hci_le_ext_create_con_cmd_handler_patch  ble_sdk.lib(llm_hci_patch.o)
    0x0100c894   0x0100c894   0x000000b8   Code   RO         4817    i.hci_le_ltk_request_evt_handler_patch  ble_sdk.lib(gapc_hci_patch.o)
    0x0100c94c   0x0100c94c   0x0000006c   Code   RO         4420    i.hci_le_rmv_dev_from_wlst_cmd_handler_patch  ble_sdk.lib(llm_hci_patch.o)
    0x0100c9b8   0x0100c9b8   0x00000050   Code   RO         4421    i.hci_le_set_addr_resol_en_cmd_handler_patch  ble_sdk.lib(llm_hci_patch.o)
    0x0100ca08   0x0100ca08   0x00000224   Code   RO         4470    i.hci_le_set_ext_scan_en_cmd_handler_patch  ble_sdk.lib(llm_scan_patch.o)
    0x0100cc2c   0x0100cc2c   0x000000ec   Code   RO         4471    i.hci_le_set_ext_scan_param_cmd_handler_patch  ble_sdk.lib(llm_scan_patch.o)
    0x0100cd18   0x0100cd18   0x00000026   Code   RO         4422    i.hci_le_set_priv_mode_cmd_handler_patch  ble_sdk.lib(llm_hci_patch.o)
    0x0100cd3e   0x0100cd3e   0x00000002   PAD
    0x0100cd40   0x0100cd40   0x000000b4   Code   RO         4597    i.hci_nb_cmp_pkts_evt_handler_patch  ble_sdk.lib(l2cc_task_patch.o)
    0x0100cdf4   0x0100cdf4   0x0000012c   Code   RO         6455    i.hci_send_2_controller_patch  ble_sdk.lib(hci_patch.o)
    0x0100cf20   0x0100cf20   0x00000080   Code   RO         5249    i.host_to_sdk_msg_handler_patch  ble_sdk.lib(ble_sdk_task_patch.o)
    0x0100cfa0   0x0100cfa0   0x00000054   Code   RO         5567    i.i0nd_ioldo_3v_get  ble_sdk.lib(platform_sdk.o)
    0x0100cff4   0x0100cff4   0x00000038   Code   RO         4612    i.init_hci_le_cmd_cmp_evt_starting_handler_patch  ble_sdk.lib(gapm_init_patch.o)
    0x0100d02c   0x0100d02c   0x00000138   Code   RO         4976    i.init_ltk_list     ble_sdk.lib(ble_sdk_gapm_patch.o)
    0x0100d164   0x0100d164   0x00000100   Code   RO         5087    i.init_unused_nvds  ble_sdk.lib(sdk_nvds_patch.o)
    0x0100d264   0x0100d264   0x0000021c   Code   RO         5088    i.init_used_nvds    ble_sdk.lib(sdk_nvds_patch.o)
    0x0100d480   0x0100d480   0x00000044   Code   RO         5568    i.internal_3p3_ioldo_update  ble_sdk.lib(platform_sdk.o)
    0x0100d4c4   0x0100d4c4   0x00000030   Code   RO         5089    i.is_item_same      ble_sdk.lib(sdk_nvds_patch.o)
    0x0100d4f4   0x0100d4f4   0x00000060   Code   RO         1827    i.is_need_insert_front  app_timer.o
    0x0100d554   0x0100d554   0x00000018   Code   RO         1828    i.is_timer_node_created  app_timer.o
    0x0100d56c   0x0100d56c   0x0000013c   Code   RO         4648    i.ke_task_schedule_patch  ble_sdk.lib(ke_task_patch.o)
    0x0100d6a8   0x0100d6a8   0x00000032   Code   RO         5302    i.l2cap_lecb_add_credits_ind_cb  ble_sdk.lib(ble_event_patch.o)
    0x0100d6da   0x0100d6da   0x0000003a   Code   RO         5303    i.l2cap_lecb_conn_cb  ble_sdk.lib(ble_event_patch.o)
    0x0100d714   0x0100d714   0x00000036   Code   RO         5304    i.l2cap_lecb_conn_req_cb  ble_sdk.lib(ble_event_patch.o)
    0x0100d74a   0x0100d74a   0x00000032   Code   RO         5305    i.l2cap_lecb_credit_add_cmp_cb  ble_sdk.lib(ble_event_patch.o)
    0x0100d77c   0x0100d77c   0x00000032   Code   RO         5306    i.l2cap_lecb_disconn_cb  ble_sdk.lib(ble_event_patch.o)
    0x0100d7ae   0x0100d7ae   0x0000003c   Code   RO         5307    i.l2cap_lecb_sdu_recv_cb  ble_sdk.lib(ble_event_patch.o)
    0x0100d7ea   0x0100d7ea   0x00000032   Code   RO         5308    i.l2cap_lecb_sdu_send_cb  ble_sdk.lib(ble_event_patch.o)
    0x0100d81c   0x0100d81c   0x000000c8   Code   RO         4540    i.l2cc_pdu_recv_ind_handler_patch  ble_sdk.lib(gattc_task_patch.o)
    0x0100d8e4   0x0100d8e4   0x000000a4   Code   RO         5926    i.l2cm_l2cap_tx_handler_patch  ble_sdk.lib(l2cm_patch.o)
    0x0100d988   0x0100d988   0x0000000c   Code   RO         5927    i.l2cm_l2cap_tx_handler_replace  ble_sdk.lib(l2cm_patch.o)
    0x0100d994   0x0100d994   0x000000e0   Code   RO         5569    i.ldo_voltage_set   ble_sdk.lib(platform_sdk.o)
    0x0100da74   0x0100da74   0x0000000a   Code   RO         1664    i.le16toh           utility.o
    0x0100da7e   0x0100da7e   0x00000002   PAD
    0x0100da80   0x0100da80   0x00000018   Code   RO         5570    i.lfrc32k_calibration  ble_sdk.lib(platform_sdk.o)
    0x0100da98   0x0100da98   0x00000008   Code   RO         5394    i.list_add          ble_sdk.lib(ble_profile_patch.o)
    0x0100daa0   0x0100daa0   0x00000020   Code   RO         6432    i.ll_adc_disable_clock  ble_sdk.lib(platform_adc_1.o)
    0x0100dac0   0x0100dac0   0x00000104   Code   RO         6105    i.ll_aon_gpio_init  ble_sdk.lib(gr55xx_ll_aon_gpio_patch.o)
    0x0100dbc4   0x0100dbc4   0x00000014   Code   RO         5571    i.ll_aon_gpio_is_enabled_it  ble_sdk.lib(platform_sdk.o)
    0x0100dbd8   0x0100dbd8   0x00000028   Code   RO         4741    i.ll_aon_gpio_reset_output_pin  ble_sdk.lib(gr55xx_hal_aon_gpio_patch.o)
    0x0100dc00   0x0100dc00   0x00000028   Code   RO         6106    i.ll_aon_gpio_set_pin_mode  ble_sdk.lib(gr55xx_ll_aon_gpio_patch.o)
    0x0100dc28   0x0100dc28   0x0000001c   Code   RO         4837    i.ll_aon_wdt_get_counter  ble_sdk.lib(system_sdk_patch.o)
    0x0100dc44   0x0100dc44   0x0000001c   Code   RO         4838    i.ll_calendar_clear_flag_alarm  ble_sdk.lib(system_sdk_patch.o)
    0x0100dc60   0x0100dc60   0x00000024   Code   RO         4839    i.ll_calendar_get_counter  ble_sdk.lib(system_sdk_patch.o)
    0x0100dc84   0x0100dc84   0x00000014   Code   RO         4840    i.ll_calendar_set_clock_div  ble_sdk.lib(system_sdk_patch.o)
    0x0100dc98   0x0100dc98   0x0000009c   Code   RO         4576    i.ll_channel_map_ind_handler_patch  ble_sdk.lib(llc_chmap_upd_patch.o)
    0x0100dd34   0x0100dd34   0x000000e4   Code   RO         4514    i.ll_connection_param_req_handler_patch  ble_sdk.lib(llc_con_upd_patch.o)
    0x0100de18   0x0100de18   0x00000154   Code   RO         4515    i.ll_connection_update_ind_handler_patch  ble_sdk.lib(llc_con_upd_patch.o)
    0x0100df6c   0x0100df6c   0x000000d8   Code   RO         6117    i.ll_dma_init       ble_sdk.lib(gr55xx_ll_dma_patch.o)
    0x0100e044   0x0100e044   0x00000014   Code   RO         6118    i.ll_dma_is_enabled_channel  ble_sdk.lib(gr55xx_ll_dma_patch.o)
    0x0100e058   0x0100e058   0x00000018   Code   RO         5233    i.ll_dma_set_source_burst_length  ble_sdk.lib(gr55xx_hal_uart_patch.o)
    0x0100e070   0x0100e070   0x00000044   Code   RO          273    i.ll_gpio_set_pin_pull  gr_soc.o
    0x0100e0b4   0x0100e0b4   0x00000114   Code   RO         6129    i.ll_msio_init      ble_sdk.lib(gr55xx_ll_msio_patch.o)
    0x0100e1c8   0x0100e1c8   0x00000030   Code   RO         6130    i.ll_msio_set_pin_mode  ble_sdk.lib(gr55xx_ll_msio_patch.o)
    0x0100e1f8   0x0100e1f8   0x000000bc   Code   RO         4564    i.ll_phy_req_handler_patch  ble_sdk.lib(llc_phy_upd_patch.o)
    0x0100e2b4   0x0100e2b4   0x0000003c   Code   RO         4586    i.llc_auth_payl_nearly_to_handler_patch  ble_sdk.lib(llc_le_ping_patch.o)
    0x0100e2f0   0x0100e2f0   0x0000003c   Code   RO         4587    i.llc_auth_payl_real_to_handler_patch  ble_sdk.lib(llc_le_ping_patch.o)
    0x0100e32c   0x0100e32c   0x00000020   Code   RO         4516    i.llc_con_upd_replace  ble_sdk.lib(llc_con_upd_patch.o)
    0x0100e34c   0x0100e34c   0x00000038   Code   RO         4661    i.llc_dl_check_dl_param_update  ble_sdk.lib(llc_dl_upd_patch.o)
    0x0100e384   0x0100e384   0x00000010   Code   RO         5683    i.llc_encrypt_replace  ble_sdk.lib(llc_encrypt_patch.o)
    0x0100e394   0x0100e394   0x0000004c   Code   RO         4502    i.llc_hci_command_handler_patch  ble_sdk.lib(llc_hci_patch.o)
    0x0100e3e0   0x0100e3e0   0x00000014   Code   RO         4503    i.llc_hci_new_handler_find  ble_sdk.lib(llc_hci_patch.o)
    0x0100e3f4   0x0100e3f4   0x00000048   Code   RO         4550    i.llc_llcp_rsp_to   ble_sdk.lib(llc_task_patch.o)
    0x0100e43c   0x0100e43c   0x0000000e   Code   RO         4481    i.llc_llcp_send_func_patch  ble_sdk.lib(llc_llcp_patch.o)
    0x0100e44a   0x0100e44a   0x00000002   PAD
    0x0100e44c   0x0100e44c   0x00000010   Code   RO         4482    i.llc_llcp_send_replace  ble_sdk.lib(llc_llcp_patch.o)
    0x0100e45c   0x0100e45c   0x00000010   Code   RO         4517    i.llc_loc_con_upd_proc_stop  ble_sdk.lib(llc_con_upd_patch.o)
    0x0100e46c   0x0100e46c   0x0000000c   Code   RO         4551    i.llc_loc_llcp_rsp_to_handler_patch  ble_sdk.lib(llc_task_patch.o)
    0x0100e478   0x0100e478   0x00000010   Code   RO         4565    i.llc_loc_phy_upd_proc_stop  ble_sdk.lib(llc_phy_upd_patch.o)
    0x0100e488   0x0100e488   0x00000018   Code   RO         4662    i.llc_op_dl_upd_ind_handler_patch  ble_sdk.lib(llc_dl_upd_patch.o)
    0x0100e4a0   0x0100e4a0   0x00000130   Code   RO         4518    i.llc_pref_param_compute_func_patch  ble_sdk.lib(llc_con_upd_patch.o)
    0x0100e5d0   0x0100e5d0   0x00000062   Code   RO         5880    i.llc_proc_collision_check_slave  ble_sdk.lib(llc_patch.o)
    0x0100e632   0x0100e632   0x00000002   PAD
    0x0100e634   0x0100e634   0x000001f4   Code   RO         4519    i.llc_rem_con_upd_proc_continue_patch  ble_sdk.lib(llc_con_upd_patch.o)
    0x0100e828   0x0100e828   0x000002e0   Code   RO         5684    i.llc_rem_encrypt_proc_continue_patch  ble_sdk.lib(llc_encrypt_patch.o)
    0x0100eb08   0x0100eb08   0x00000098   Code   RO         5685    i.llc_rem_encrypt_proc_finish  ble_sdk.lib(llc_encrypt_patch.o)
    0x0100eba0   0x0100eba0   0x0000000c   Code   RO         4552    i.llc_rem_llcp_rsp_to_handler_patch  ble_sdk.lib(llc_task_patch.o)
    0x0100ebac   0x0100ebac   0x00000044   Code   RO         4484    i.llcp_pdu_handler_tab_replace  ble_sdk.lib(llc_llcp_patch.o)
    0x0100ebf0   0x0100ebf0   0x00000032   Code   RO         4553    i.lld_acl_rx_ind_handler_patch  ble_sdk.lib(llc_task_patch.o)
    0x0100ec22   0x0100ec22   0x00000002   PAD
    0x0100ec24   0x0100ec24   0x0000004c   Code   RO         5938    i.lld_adv_frm_cbk_func_patch  ble_sdk.lib(lld_adv_patch.o)
    0x0100ec70   0x0100ec70   0x00000390   Code   RO         5939    i.lld_adv_frm_isr_patch  ble_sdk.lib(lld_adv_patch.o)
    0x0100f000   0x0100f000   0x0000000c   Code   RO         5940    i.lld_adv_max_connections_set  ble_sdk.lib(lld_adv_patch.o)
    0x0100f00c   0x0100f00c   0x000004c8   Code   RO         5942    i.lld_adv_pkt_rx_patch  ble_sdk.lib(lld_adv_patch.o)
    0x0100f4d4   0x0100f4d4   0x00000010   Code   RO         5943    i.lld_adv_replace   ble_sdk.lib(lld_adv_patch.o)
    0x0100f4e4   0x0100f4e4   0x00000048   Code   RO         5769    i.lld_adv_start_func_patch  ble_sdk.lib(lld_scan_patch.o)
    0x0100f52c   0x0100f52c   0x00000050   Code   RO         4577    i.lld_ch_map_upd_cfm_handler_patch  ble_sdk.lib(llc_chmap_upd_patch.o)
    0x0100f57c   0x0100f57c   0x00000014   Code   RO         5838    i.lld_con_ci_get    ble_sdk.lib(lld_con_patch.o)
    0x0100f590   0x0100f590   0x00000014   Code   RO         5839    i.lld_con_current_role_get  ble_sdk.lib(lld_con_patch.o)
    0x0100f5a4   0x0100f5a4   0x00000018   Code   RO         5840    i.lld_con_env_is_free  ble_sdk.lib(lld_con_patch.o)
    0x0100f5bc   0x0100f5bc   0x00000014   Code   RO         5841    i.lld_con_evt_time_update_patch  ble_sdk.lib(lld_con_patch.o)
    0x0100f5d0   0x0100f5d0   0x00000014   Code   RO         5842    i.lld_con_instant_proc_type_reset  ble_sdk.lib(lld_con_patch.o)
    0x0100f5e4   0x0100f5e4   0x000000e8   Code   RO         5844    i.lld_con_max_lat_calc_patch  ble_sdk.lib(lld_con_patch.o)
    0x0100f6cc   0x0100f6cc   0x00000050   Code   RO         4520    i.lld_con_offset_upd_ind_handler_patch  ble_sdk.lib(llc_con_upd_patch.o)
    0x0100f71c   0x0100f71c   0x0000002a   Code   RO         4521    i.lld_con_param_upd_cfm_handler_patch  ble_sdk.lib(llc_con_upd_patch.o)
    0x0100f746   0x0100f746   0x00000002   PAD
    0x0100f748   0x0100f748   0x00000054   Code   RO         5845    i.lld_con_replace   ble_sdk.lib(lld_con_patch.o)
    0x0100f79c   0x0100f79c   0x0000003c   Code   RO         5846    i.lld_con_start_patch  ble_sdk.lib(lld_con_patch.o)
    0x0100f7d8   0x0100f7d8   0x00000298   Code   RO         5847    i.lld_con_tx_prog_patch  ble_sdk.lib(lld_con_patch.o)
    0x0100fa70   0x0100fa70   0x00000028   Code   RO         5849    i.lld_con_ultra_link_update  ble_sdk.lib(lld_con_patch.o)
    0x0100fa98   0x0100fa98   0x00000030   Code   RO         4673    i.lld_init_end_ind_handler_patch  ble_sdk.lib(llm_init_patch.o)
    0x0100fac8   0x0100fac8   0x00000012   Code   RO         5827    i.lld_init_patch    ble_sdk.lib(lld_patch.o)
    0x0100fada   0x0100fada   0x00000002   PAD
    0x0100fadc   0x0100fadc   0x00000010   Code   RO         5828    i.lld_init_replace  ble_sdk.lib(lld_patch.o)
    0x0100faec   0x0100faec   0x0000081c   Code   RO         5913    i.lld_init_start_patch  ble_sdk.lib(lld_init_patch.o)
    0x01010308   0x01010308   0x00000010   Code   RO         5914    i.lld_init_start_replace  ble_sdk.lib(lld_init_patch.o)
    0x01010318   0x01010318   0x0000000c   Code   RO         5990    i.lld_lcp_get_noise_scan_flag  ble_sdk.lib(lld_lcp_scan.o)
    0x01010324   0x01010324   0x000000e4   Code   RO         4485    i.lld_llcp_rx_ind_handler_patch  ble_sdk.lib(llc_llcp_patch.o)
    0x01010408   0x01010408   0x0000002a   Code   RO         4486    i.lld_llcp_tx_cfm_handler_patch  ble_sdk.lib(llc_llcp_patch.o)
    0x01010432   0x01010432   0x00000002   PAD
    0x01010434   0x01010434   0x00000050   Code   RO         4566    i.lld_phy_upd_cfm_handler_patch  ble_sdk.lib(llc_phy_upd_patch.o)
    0x01010484   0x01010484   0x0000004c   Code   RO         5770    i.lld_scan_discard_last_rx_buff  ble_sdk.lib(lld_scan_patch.o)
    0x010104d0   0x010104d0   0x0000002c   Code   RO         5771    i.lld_scan_frm_cbk_replace  ble_sdk.lib(lld_scan_patch.o)
    0x010104fc   0x010104fc   0x0000005c   Code   RO         5772    i.lld_scan_start_func_patch  ble_sdk.lib(lld_scan_patch.o)
    0x01010558   0x01010558   0x00000040   Code   RO         5944    i.lld_try_to_free_old_buffer  ble_sdk.lib(lld_adv_patch.o)
    0x01010598   0x01010598   0x0000000c   Code   RO         4674    i.llm_ch_map_to_handler_patch  ble_sdk.lib(llm_init_patch.o)
    0x010105a4   0x010105a4   0x000001f0   Code   RO         4675    i.llm_ch_map_update_patch  ble_sdk.lib(llm_init_patch.o)
    0x01010794   0x01010794   0x00000040   Code   RO         4426    i.llm_hci_command_handler_patch  ble_sdk.lib(llm_hci_patch.o)
    0x010107d4   0x010107d4   0x00000054   Code   RO         4427    i.llm_is_wl_accessible_patch  ble_sdk.lib(llm_hci_patch.o)
    0x01010828   0x01010828   0x0000006c   Code   RO         1829    i.low_level_timer_rest_get  app_timer.o
    0x01010894   0x01010894   0x000000bc   Code   RO         1830    i.low_level_timer_startup  app_timer.o
    0x01010950   0x01010950   0x00000054   Code   RO         1831    i.low_level_timer_stop  app_timer.o
    0x010109a4   0x010109a4   0x00000090   Code   RO         3537    i.main              main.o
    0x01010a34   0x01010a34   0x00000016   Code   RO          229    i.main_init         gr_platform.o
    0x01010a4a   0x01010a4a   0x00000002   PAD
    0x01010a4c   0x01010a4c   0x000000b8   Code   RO         5652    i.mem_low_power_auto_init  ble_sdk.lib(platform_sram.o)
    0x01010b04   0x01010b04   0x00000034   Code   RO         5653    i.mem_pwr_mgmt_mode_set  ble_sdk.lib(platform_sram.o)
    0x01010b38   0x01010b38   0x0000005c   Code   RO         5655    i.mem_pwr_mgmt_trans_addr_to_section  ble_sdk.lib(platform_sram.o)
    0x01010b94   0x01010b94   0x00000036   Code   RO         5090    i.nvds_deinit       ble_sdk.lib(sdk_nvds_patch.o)
    0x01010bca   0x01010bca   0x00000002   PAD
    0x01010bcc   0x01010bcc   0x000000e8   Code   RO         5091    i.nvds_del          ble_sdk.lib(sdk_nvds_patch.o)
    0x01010cb4   0x01010cb4   0x00000138   Code   RO         5092    i.nvds_get          ble_sdk.lib(sdk_nvds_patch.o)
    0x01010dec   0x01010dec   0x00000118   Code   RO         5093    i.nvds_init         ble_sdk.lib(sdk_nvds_patch.o)
    0x01010f04   0x01010f04   0x0000001c   Code   RO          274    i.nvds_init_error_handler  gr_soc.o
    0x01010f20   0x01010f20   0x00000138   Code   RO         5094    i.nvds_put          ble_sdk.lib(sdk_nvds_patch.o)
    0x01011058   0x01011058   0x00000018   Code   RO          275    i.nvds_setup        gr_soc.o
    0x01011070   0x01011070   0x00000036   Code   RO         4016    i.parse_float_from_string  sensor_data_parser.o
    0x010110a6   0x010110a6   0x0000002c   Code   RO         4017    i.parse_hex_from_string  sensor_data_parser.o
    0x010110d2   0x010110d2   0x0000002c   Code   RO         4018    i.parse_int_from_string  sensor_data_parser.o
    0x010110fe   0x010110fe   0x00000006   Code   RO          276    i.patch_init        gr_soc.o
    0x01011104   0x01011104   0x00000050   Code   RO         5492    i.platform_clock_init  ble_sdk.lib(platform_clock.o)
    0x01011154   0x01011154   0x00000014   Code   RO         5494    i.platform_disable_sleep_timer  ble_sdk.lib(platform_clock.o)
    0x01011168   0x01011168   0x00000020   Code   RO         5533    i.platform_flash_enable_quad  ble_sdk.lib(platform_exflash.o)
    0x01011188   0x01011188   0x00000140   Code   RO          277    i.platform_init     gr_soc.o
    0x010112c8   0x010112c8   0x000000b4   Code   RO         5572    i.platform_param_adjust  ble_sdk.lib(platform_sdk.o)
    0x0101137c   0x0101137c   0x00000094   Code   RO         5573    i.platform_sdk_init  ble_sdk.lib(platform_sdk.o)
    0x01011410   0x01011410   0x000000a0   Code   RO         5499    i.platform_set_ble_rtc_clk  ble_sdk.lib(platform_clock.o)
    0x010114b0   0x010114b0   0x00000050   Code   RO         5500    i.platform_set_psc_clk  ble_sdk.lib(platform_clock.o)
    0x01011500   0x01011500   0x00000010   Code   RO         5501    i.platform_set_rtc_crystal_delay  ble_sdk.lib(platform_clock.o)
    0x01011510   0x01011510   0x00000028   Code   RO         1769    i.pmu_calibration   pmu_calibration.o
    0x01011538   0x01011538   0x00000120   Code   RO         5574    i.pmu_calibration_handler  ble_sdk.lib(platform_sdk.o)
    0x01011658   0x01011658   0x00000036   Code   RO         2343    i.prf_find_handle_by_idx  ble_prf_utils.o
    0x0101168e   0x0101168e   0x00000034   Code   RO         2344    i.prf_find_idx_by_handle  ble_prf_utils.o
    0x010116c2   0x010116c2   0x00000014   Code   RO         2345    i.prf_is_cccd_value_valid  ble_prf_utils.o
    0x010116d6   0x010116d6   0x00000002   PAD
    0x010116d8   0x010116d8   0x00000028   Code   RO         1157    i.pwr_enter_sleep_check  app_pwr_mgmt.o
    0x01011700   0x01011700   0x00000010   Code   RO         5018    i.pwr_mgmt_shutdown_replace  ble_sdk.lib(sdk_pwr_mgmt_patch.o)
    0x01011710   0x01011710   0x0000001c   Code   RO         5575    i.pwr_mgmt_warm_boot  ble_sdk.lib(platform_sdk.o)
    0x0101172c   0x0101172c   0x00000030   Code   RO         1158    i.pwr_register_sleep_cb  app_pwr_mgmt.o
    0x0101175c   0x0101175c   0x00000014   Code   RO         1159    i.pwr_unregister_sleep_cb  app_pwr_mgmt.o
    0x01011770   0x01011770   0x0000002c   Code   RO         6291    i.rand_seed_gen     ble_sdk.lib(ble_sdk_patch.o)
    0x0101179c   0x0101179c   0x00000070   Code   RO         6433    i.read_adc_value    ble_sdk.lib(platform_adc_1.o)
    0x0101180c   0x0101180c   0x0000002c   Code   RO         5096    i.read_incr         ble_sdk.lib(sdk_nvds_patch.o)
    0x01011838   0x01011838   0x0000000c   Code   RO         4636    i.reg_gapm_hci_evt_patch_tab  ble_sdk.lib(gapm_task_patch.o)
    0x01011844   0x01011844   0x0000000c   Code   RO         4428    i.reg_hci_cmd_patch_tab  ble_sdk.lib(llm_hci_patch.o)
    0x01011850   0x01011850   0x0000000c   Code   RO         4649    i.reg_msg_patch_tab  ble_sdk.lib(ke_task_patch.o)
    0x0101185c   0x0101185c   0x000000dc   Code   RO         5097    i.replace_item      ble_sdk.lib(sdk_nvds_patch.o)
    0x01011938   0x01011938   0x00000048   Code   RO         5576    i.retention_mem_set  ble_sdk.lib(platform_sdk.o)
    0x01011980   0x01011980   0x00000048   Code   RO         6246    i.rf_SX_disable     ble_sdk.lib(rf_gdx_patch.o)
    0x010119c8   0x010119c8   0x0000000e   Code   RO         6247    i.rf_SX_enable_and_reset  ble_sdk.lib(rf_gdx_patch.o)
    0x010119d6   0x010119d6   0x00000016   Code   RO         5577    i.rf_calibration_set  ble_sdk.lib(platform_sdk.o)
    0x010119ec   0x010119ec   0x000000f8   Code   RO         6248    i.rf_communication_core_init_patch  ble_sdk.lib(rf_gdx_patch.o)
    0x01011ae4   0x01011ae4   0x00000020   Code   RO         6249    i.rf_gdx_replace    ble_sdk.lib(rf_gdx_patch.o)
    0x01011b04   0x01011b04   0x00000080   Code   RO         6250    i.rf_hp_gain_offset_cfg  ble_sdk.lib(rf_gdx_patch.o)
    0x01011b84   0x01011b84   0x00000064   Code   RO         6251    i.rf_init_patch     ble_sdk.lib(rf_gdx_patch.o)
    0x01011be8   0x01011be8   0x00000128   Code   RO         6252    i.rf_modulation_accuracy_calibration_patch  ble_sdk.lib(rf_gdx_patch.o)
    0x01011d10   0x01011d10   0x0000002c   Code   RO         6253    i.rf_optimize_sxpll_LPF  ble_sdk.lib(rf_gdx_patch.o)
    0x01011d3c   0x01011d3c   0x0000005c   Code   RO         6254    i.rf_tx_pw_conv_tbl_get  ble_sdk.lib(rf_gdx_patch.o)
    0x01011d98   0x01011d98   0x00000070   Code   RO         6255    i.rf_txpwr_cs_get_patch  ble_sdk.lib(rf_gdx_patch.o)
    0x01011e08   0x01011e08   0x00000074   Code   RO         6256    i.rf_txpwr_dbm_get_patch  ble_sdk.lib(rf_gdx_patch.o)
    0x01011e7c   0x01011e7c   0x00000070   Code   RO         5502    i.rf_xo_offset_init  ble_sdk.lib(platform_clock.o)
    0x01011eec   0x01011eec   0x0000002a   Code   RO         1583    i.ring_buffer_init  ring_buffer.o
    0x01011f16   0x01011f16   0x00000014   Code   RO         1584    i.ring_buffer_is_reach_left_threshold  ring_buffer.o
    0x01011f2a   0x01011f2a   0x0000002a   Code   RO         1585    i.ring_buffer_items_count_get  ring_buffer.o
    0x01011f54   0x01011f54   0x00000088   Code   RO         1587    i.ring_buffer_read  ring_buffer.o
    0x01011fdc   0x01011fdc   0x00000030   Code   RO         1588    i.ring_buffer_surplus_space_get  ring_buffer.o
    0x0101200c   0x0101200c   0x0000007e   Code   RO         1589    i.ring_buffer_write  ring_buffer.o
    0x0101208a   0x0101208a   0x00000002   PAD
    0x0101208c   0x0101208c   0x00000194   Code   RO         4841    i.rng_calibration   ble_sdk.lib(system_sdk_patch.o)
    0x01012220   0x01012220   0x00000048   Code   RO         6292    i.rng_clk_enable_ex  ble_sdk.lib(ble_sdk_patch.o)
    0x01012268   0x01012268   0x00000060   Code   RO         6293    i.rng_rand_get      ble_sdk.lib(ble_sdk_patch.o)
    0x010122c8   0x010122c8   0x00000010   Code   RO         6190    i.rom_callback_replace  ble_sdk.lib(rwip_sleep_common.o)
    0x010122d8   0x010122d8   0x00000028   Code   RO         5714    i.rwble_abort_recovery  ble_sdk.lib(sch_prog_patch.o)
    0x01012300   0x01012300   0x00000010   Code   RO         5750    i.rwble_replace     ble_sdk.lib(rwble_patch.o)
    0x01012310   0x01012310   0x000000b4   Code   RO         5715    i.rwble_reset_recovery  ble_sdk.lib(sch_prog_patch.o)
    0x010123c4   0x010123c4   0x00000028   Code   RO         6218    i.rwip_sleep_func_replace  ble_sdk.lib(rwip_sleep_patch.o)
    0x010123ec   0x010123ec   0x0000003c   Code   RO         6191    i.rwip_sleep_without_stack_init_replace  ble_sdk.lib(rwip_sleep_common.o)
    0x01012428   0x01012428   0x00000040   Code   RO         4698    i.scan_hci_le_cmd_cmp_evt_starting_handler_patch  ble_sdk.lib(gapm_scan_patch.o)
    0x01012468   0x01012468   0x00000028   Code   RO         5739    i.sch_arb_replace   ble_sdk.lib(sch_arb_patch.o)
    0x01012490   0x01012490   0x0000003c   Code   RO         5717    i.sch_prog_frm_cbk_replace  ble_sdk.lib(sch_prog_patch.o)
    0x010124cc   0x010124cc   0x00000068   Code   RO         5718    i.sch_prog_recovery_patch  ble_sdk.lib(sch_prog_patch.o)
    0x01012534   0x01012534   0x00000020   Code   RO         5200    i.sdk_gatt_check_conidx  ble_sdk.lib(ble_sdk_gattc_patch.o)
    0x01012554   0x01012554   0x00000064   Code   RO         5029    i.sdk_init          ble_sdk.lib(sdk_ram_init_patch.o)
    0x010125b8   0x010125b8   0x0000002c   Code   RO         6338    i.sdk_prf_msg_handler_tab_replace  ble_sdk.lib(ble_sdk_prf_patch.o)
    0x010125e4   0x010125e4   0x0000004c   Code   RO         4924    i.sec_bond_info_miss_check  ble_sdk.lib(ble_sdk_sec_patch.o)
    0x01012630   0x01012630   0x00000088   Code   RO         4925    i.sec_check_conn_bond_patch  ble_sdk.lib(ble_sdk_sec_patch.o)
    0x010126b8   0x010126b8   0x0000003c   Code   RO         5309    i.sec_rcv_enc_ind_cb  ble_sdk.lib(ble_event_patch.o)
    0x010126f4   0x010126f4   0x0000003a   Code   RO         5310    i.sec_rcv_enc_req_cb  ble_sdk.lib(ble_event_patch.o)
    0x0101272e   0x0101272e   0x00000002   PAD
    0x01012730   0x01012730   0x00000234   Code   RO         4929    i.sec_rcv_encrypt_req_ind_handler_patch  ble_sdk.lib(ble_sdk_sec_patch.o)
    0x01012964   0x01012964   0x00000032   Code   RO         5311    i.sec_rcv_key_missing_cb  ble_sdk.lib(ble_event_patch.o)
    0x01012996   0x01012996   0x00000032   Code   RO         5312    i.sec_rcv_keypress_notify_cb  ble_sdk.lib(ble_event_patch.o)
    0x010129c8   0x010129c8   0x000000ec   Code   RO         4930    i.sec_rcv_sec_req_ind_handler_patch  ble_sdk.lib(ble_sdk_sec_patch.o)
    0x01012ab4   0x01012ab4   0x0000000c   Code   RO         4019    i.sensor_data_clear_flag  sensor_data_parser.o
    0x01012ac0   0x01012ac0   0x00000028   Code   RO         4020    i.sensor_data_get_latest  sensor_data_parser.o
    0x01012ae8   0x01012ae8   0x0000012c   Code   RO         4022    i.sensor_data_parse  sensor_data_parser.o
    0x01012c14   0x01012c14   0x0000015c   Code   RO         4023    i.sensor_data_test_checksum  sensor_data_parser.o
    0x01012d70   0x01012d70   0x00000004   Code   RO         2759    i.sensor_uart0_clear_flag  user_periph_setup.o
    0x01012d74   0x01012d74   0x00000014   Code   RO         3587    i.services_init     user_app.o
    0x01012d88   0x01012d88   0x00000074   Code   RO         6257    i.set_sx_frequence  ble_sdk.lib(rf_gdx_patch.o)
    0x01012dfc   0x01012dfc   0x00000020   Code   RO         1832    i.sleep_timer_handler_register  app_timer.o
    0x01012e1c   0x01012e1c   0x00000260   Code   RO         5889    i.smpc_handle_enc_change_evt_func_patch  ble_sdk.lib(smpc_patch.o)
    0x0101307c   0x0101307c   0x00000010   Code   RO         5890    i.smpc_handle_enc_change_evt_func_replace  ble_sdk.lib(smpc_patch.o)
    0x0101308c   0x0101308c   0x00000034   Code   RO          279    i.soc_init          gr_soc.o
    0x010130c0   0x010130c0   0x00000010   Code   RO          280    i.soc_register_nvic  gr_soc.o
    0x010130d0   0x010130d0   0x00000010   Code   RO          282    i.svc_user_handler  gr_soc.o
    0x010130e0   0x010130e0   0x000000e0   Code   RO         4843    i.sys_adc_trim_get  ble_sdk.lib(system_sdk_patch.o)
    0x010131c0   0x010131c0   0x00000020   Code   RO         4845    i.sys_crystal_trim_get  ble_sdk.lib(system_sdk_patch.o)
    0x010131e0   0x010131e0   0x00000024   Code   RO         4846    i.sys_device_addr_get  ble_sdk.lib(system_sdk_patch.o)
    0x01013204   0x01013204   0x00000020   Code   RO         4847    i.sys_device_lp_gain_offset_2m_get  ble_sdk.lib(system_sdk_patch.o)
    0x01013224   0x01013224   0x00000024   Code   RO         4848    i.sys_device_package_get  ble_sdk.lib(system_sdk_patch.o)
    0x01013248   0x01013248   0x00000024   Code   RO         4849    i.sys_device_sram_get  ble_sdk.lib(system_sdk_patch.o)
    0x0101326c   0x0101326c   0x00000028   Code   RO         4850    i.sys_device_uid_get  ble_sdk.lib(system_sdk_patch.o)
    0x01013294   0x01013294   0x000000dc   Code   RO         4851    i.sys_efuse_info_sync  ble_sdk.lib(system_sdk_patch.o)
    0x01013370   0x01013370   0x00000074   Code   RO         4855    i.sys_get_efuse_io_ldo  ble_sdk.lib(system_sdk_patch.o)
    0x010133e4   0x010133e4   0x00000040   Code   RO         5578    i.sys_is_use_ext_flash  ble_sdk.lib(platform_sdk.o)
    0x01013424   0x01013424   0x00000028   Code   RO         5579    i.sys_is_use_internal_3p3_ioldo  ble_sdk.lib(platform_sdk.o)
    0x0101344c   0x0101344c   0x00000084   Code   RO         4860    i.sys_pmu_trim_get  ble_sdk.lib(system_sdk_patch.o)
    0x010134d0   0x010134d0   0x0000000c   Code   RO          284    i.sys_sdk_verison_get  gr_soc.o
    0x010134dc   0x010134dc   0x0000001c   Code   RO         4865    i.sys_trim_crc_get  ble_sdk.lib(system_sdk_patch.o)
    0x010134f8   0x010134f8   0x00000038   Code   RO         5504    i.system_clk_mgmt_init  ble_sdk.lib(platform_clock.o)
    0x01013530   0x01013530   0x00000004   Code   RO         4384    i.system_conf_correction  ble_sdk.lib(cold_patch.o)
    0x01013534   0x01013534   0x00000028   Code   RO         5671    i.system_driver_patch_enable  ble_sdk.lib(fpb_patch_init.o)
    0x0101355c   0x0101355c   0x000000f0   Code   RO         5582    i.system_low_power_set  ble_sdk.lib(platform_sdk.o)
    0x0101364c   0x0101364c   0x00000012   Code   RO          230    i.system_platform_init  gr_platform.o
    0x0101365e   0x0101365e   0x00000002   PAD
    0x01013660   0x01013660   0x00000034   Code   RO         1770    i.system_pmu_calibration_init  pmu_calibration.o
    0x01013694   0x01013694   0x0000000a   Code   RO         5584    i.system_pmu_deinit  ble_sdk.lib(platform_sdk.o)
    0x0101369e   0x0101369e   0x00000002   PAD
    0x010136a0   0x010136a0   0x000000e0   Code   RO         5585    i.system_pmu_init   ble_sdk.lib(platform_sdk.o)
    0x01013780   0x01013780   0x0000012c   Code   RO         5586    i.system_priority_init  ble_sdk.lib(platform_sdk.o)
    0x010138ac   0x010138ac   0x00000010   Code   RO         4867    i.system_sdk_replace  ble_sdk.lib(system_sdk_patch.o)
    0x010138bc   0x010138bc   0x0000001c   Code   RO         5098    i.tags_cache_clean  ble_sdk.lib(sdk_nvds_patch.o)
    0x010138d8   0x010138d8   0x00000038   Code   RO         5099    i.tags_cache_rec_add  ble_sdk.lib(sdk_nvds_patch.o)
    0x01013910   0x01013910   0x00000140   Code   RO         5100    i.tags_cache_rec_del  ble_sdk.lib(sdk_nvds_patch.o)
    0x01013a50   0x01013a50   0x00000088   Code   RO         5101    i.tags_cache_rec_find  ble_sdk.lib(sdk_nvds_patch.o)
    0x01013ad8   0x01013ad8   0x00000024   Code   RO         5587    i.temperature_calibrations  ble_sdk.lib(platform_sdk.o)
    0x01013afc   0x01013afc   0x00000018   Code   RO         5588    i.tiny_rw_section_init  ble_sdk.lib(platform_sdk.o)
    0x01013b14   0x01013b14   0x0000003c   Code   RO         5589    i.ton_value_set     ble_sdk.lib(platform_sdk.o)
    0x01013b50   0x01013b50   0x00000040   Code   RO         3877    i.transport_ble_init  transport_scheduler.o
    0x01013b90   0x01013b90   0x0000000c   Code   RO         3878    i.transport_flag_cfm  transport_scheduler.o
    0x01013b9c   0x01013b9c   0x0000000c   Code   RO         3879    i.transport_flag_set  transport_scheduler.o
    0x01013ba8   0x01013ba8   0x0000008c   Code   RO         3880    i.transport_schedule  transport_scheduler.o
    0x01013c34   0x01013c34   0x00000014   Code   RO         3881    i.transport_uart_init  transport_scheduler.o
    0x01013c48   0x01013c48   0x000000b8   Code   RO         3647    i.uart_at_adv_param_set  at_cmd_handler.o
    0x01013d00   0x01013d00   0x00000048   Code   RO         3648    i.uart_at_adv_report_task  at_cmd_handler.o
    0x01013d48   0x01013d48   0x00000068   Code   RO         3649    i.uart_at_adv_start  at_cmd_handler.o
    0x01013db0   0x01013db0   0x00000044   Code   RO         3650    i.uart_at_adv_stop  at_cmd_handler.o
    0x01013df4   0x01013df4   0x00000004   Code   RO         3651    i.uart_at_app_reset  at_cmd_handler.o
    0x01013df8   0x01013df8   0x00000070   Code   RO         3652    i.uart_at_baud_set  at_cmd_handler.o
    0x01013e68   0x01013e68   0x00000078   Code   RO         3653    i.uart_at_bd_addr_get  at_cmd_handler.o
    0x01013ee0   0x01013ee0   0x00000028   Code   RO         3656    i.uart_at_conn_cancle  at_cmd_handler.o
    0x01013f08   0x01013f08   0x00000044   Code   RO         3657    i.uart_at_conn_init  at_cmd_handler.o
    0x01013f4c   0x01013f4c   0x000000b8   Code   RO         3658    i.uart_at_conn_param_set  at_cmd_handler.o
    0x01014004   0x01014004   0x0000001c   Code   RO         3659    i.uart_at_conn_task  at_cmd_handler.o
    0x01014020   0x01014020   0x0000000c   Code   RO         3660    i.uart_at_curr_gap_role_get  at_cmd_handler.o
    0x0101402c   0x0101402c   0x0000000c   Code   RO         3661    i.uart_at_dev_state_set  at_cmd_handler.o
    0x01014038   0x01014038   0x0000002a   Code   RO         3662    i.uart_at_disconnect  at_cmd_handler.o
    0x01014062   0x01014062   0x00000034   Code   RO         3663    i.uart_at_gap_name_get  at_cmd_handler.o
    0x01014096   0x01014096   0x00000002   PAD
    0x01014098   0x01014098   0x00000074   Code   RO         3664    i.uart_at_gap_name_set  at_cmd_handler.o
    0x0101410c   0x0101410c   0x000000c8   Code   RO         3665    i.uart_at_gap_role_get  at_cmd_handler.o
    0x010141d4   0x010141d4   0x000000a8   Code   RO         3666    i.uart_at_gap_role_set  at_cmd_handler.o
    0x0101427c   0x0101427c   0x00000090   Code   RO         3667    i.uart_at_gus_uuid_find  at_cmd_handler.o
    0x0101430c   0x0101430c   0x00000038   Code   RO         3668    i.uart_at_init      at_cmd_handler.o
    0x01014344   0x01014344   0x0000002a   Code   RO         3669    i.uart_at_mtu_exchange  at_cmd_handler.o
    0x0101436e   0x0101436e   0x00000002   PAD
    0x01014370   0x01014370   0x00000048   Code   RO         3670    i.uart_at_printf    at_cmd_handler.o
    0x010143b8   0x010143b8   0x000000a8   Code   RO         3671    i.uart_at_scan_param_set  at_cmd_handler.o
    0x01014460   0x01014460   0x00000050   Code   RO         3672    i.uart_at_scan_start  at_cmd_handler.o
    0x010144b0   0x010144b0   0x00000050   Code   RO         3673    i.uart_at_scan_stop  at_cmd_handler.o
    0x01014500   0x01014500   0x00000030   Code   RO         3674    i.uart_at_sensor_rx_clr  at_cmd_handler.o
    0x01014530   0x01014530   0x00000080   Code   RO         3675    i.uart_at_sensor_rx_get  at_cmd_handler.o
    0x010145b0   0x010145b0   0x0000002c   Code   RO         3676    i.uart_at_test      at_cmd_handler.o
    0x010145dc   0x010145dc   0x00000030   Code   RO         3677    i.uart_at_version_get  at_cmd_handler.o
    0x0101460c   0x0101460c   0x00000024   Code   RO         1229    i.uart_get_id       app_uart.o
    0x01014630   0x01014630   0x00000090   Code   RO         1230    i.uart_gpio_config  app_uart.o
    0x010146c0   0x010146c0   0x00000084   Code   RO         2762    i.uart_init         user_periph_setup.o
    0x01014744   0x01014744   0x00000002   Code   RO         2763    i.uart_polling_task  user_periph_setup.o
    0x01014746   0x01014746   0x00000002   PAD
    0x01014748   0x01014748   0x0000004c   Code   RO         1231    i.uart_prepare_for_sleep  app_uart.o
    0x01014794   0x01014794   0x00000010   Code   RO         3882    i.uart_to_ble_buff_data_push  transport_scheduler.o
    0x010147a4   0x010147a4   0x0000000e   Code   RO         2764    i.uart_tx_data_send  user_periph_setup.o
    0x010147b2   0x010147b2   0x00000002   PAD
    0x010147b4   0x010147b4   0x0000001c   Code   RO          285    i.ultra_deep_sleep_wakeup_handle  gr_soc.o
    0x010147d0   0x010147d0   0x00000034   Code   RO         5590    i.update_io_ldo_to_prevent_leakage  ble_sdk.lib(platform_sdk.o)
    0x01014804   0x01014804   0x00000010   Code   RO         5505    i.update_lp_clk     ble_sdk.lib(platform_clock.o)
    0x01014814   0x01014814   0x0000000c   Code   RO         3884    i.update_mtu_size   transport_scheduler.o
    0x01014820   0x01014820   0x00000034   Code   RO         3678    i.user_at_cmd_callback  at_cmd_handler.o
    0x01014854   0x01014854   0x00000004   Code   RO         3679    i.user_at_cmd_timeout_check  at_cmd_handler.o
    0x01014858   0x01014858   0x00000024   Code   RO         3680    i.user_at_cmd_timing_start  at_cmd_handler.o
    0x0101487c   0x0101487c   0x00000012   Code   RO         5591    i.vbatt_calibrations  ble_sdk.lib(platform_sdk.o)
    0x0101488e   0x0101488e   0x00000002   PAD
    0x01014890   0x01014890   0x00000020   Code   RO          286    i.vector_table_init  gr_soc.o
    0x010148b0   0x010148b0   0x00000016   Code   RO         5102    i.verify_hdr_checksum  ble_sdk.lib(sdk_nvds_patch.o)
    0x010148c6   0x010148c6   0x00000026   Code   RO         5103    i.verify_value_checksum  ble_sdk.lib(sdk_nvds_patch.o)
    0x010148ec   0x010148ec   0x00000020   Code   RO         6395    i.warm_boot_cfg_patch  ble_sdk.lib(boot_patch.o)
    0x0101490c   0x0101490c   0x0000000e   Code   RO          287    i.warm_boot_process  gr_soc.o
    0x0101491a   0x0101491a   0x00000002   PAD
    0x0101491c   0x0101491c   0x0000000c   Code   RO         5036    i.warm_boot_set_exflash_readid_delay  ble_sdk.lib(warm_boot_patch.o)
    0x01014928   0x01014928   0x00000190   Code   RO         5104    i.write_compacted_items  ble_sdk.lib(sdk_nvds_patch.o)
    0x01014ab8   0x01014ab8   0x00000044   Code   RO         5105    i.write_incr        ble_sdk.lib(sdk_nvds_patch.o)
    0x01014afc   0x01014afc   0x00000170   Code   RO         5106    i.write_item        ble_sdk.lib(sdk_nvds_patch.o)
    0x01014c6c   0x01014c6c   0x00000038   Data   RO          288    .constdata          gr_soc.o
    0x01014ca4   0x01014ca4   0x00000008   Data   RO          776    .constdata          app_dma.o
    0x01014cac   0x01014cac   0x00000098   Data   RO         1063    .constdata          app_io.o
    0x01014d44   0x01014d44   0x00000020   Data   RO         1232    .constdata          app_uart.o
    0x01014d64   0x01014d64   0x00000020   Data   RO         1401    .constdata          app_uart_dma.o
    0x01014d84   0x01014d84   0x000000d8   Data   RO         2431    .constdata          gus.o
    0x01014e5c   0x01014e5c   0x00000018   Data   RO         2766    .constdata          user_periph_setup.o
    0x01014e74   0x01014e74   0x00000005   Data   RO         3545    .constdata          main.o
    0x01014e79   0x01014e79   0x00000036   Data   RO         3589    .constdata          user_app.o
    0x01014eaf   0x01014eaf   0x0000001a   Data   RO         4025    .constdata          sensor_data_parser.o
    0x01014ec9   0x01014ec9   0x00000020   Data   RO         4541    .constdata          ble_sdk.lib(gattc_task_patch.o)
    0x01014ee9   0x01014ee9   0x0000005f   Data   RO         5107    .constdata          ble_sdk.lib(sdk_nvds_patch.o)
    0x01014f48   0x01014f48   0x0000001a   Data   RO         5154    .constdata          ble_sdk.lib(ble_sdk_gapc_patch.o)
    0x01014f62   0x01014f62   0x00000002   PAD
    0x01014f64   0x01014f64   0x00000018   Data   RO         5395    .constdata          ble_sdk.lib(ble_profile_patch.o)
    0x01014f7c   0x01014f7c   0x0000002c   Data   RO         5656    .constdata          ble_sdk.lib(platform_sram.o)
    0x01014fa8   0x01014fa8   0x000000cd   Data   RO         5803    .constdata          ble_sdk.lib(atts_patch.o)
    0x01015075   0x01015075   0x00000003   PAD
    0x01015078   0x01015078   0x00000400   Data   RO         6061    .constdata          ble_sdk.lib(crc32.o)
    0x01015478   0x01015478   0x00000008   Data   RO         6156    .constdata          ble_sdk.lib(dfu_cmd_handler_patch.o)
    0x01015480   0x01015480   0x00000074   Data   RO         6259    .constdata          ble_sdk.lib(rf_gdx_patch.o)
    0x010154f4   0x010154f4   0x00000010   Data   RO         6294    .constdata          ble_sdk.lib(ble_sdk_patch.o)
    0x01015504   0x01015504   0x00000059   Data   RO         6318    .constdata          ble_sdk.lib(ble_sdk_gatts_patch.o)
    0x0101555d   0x0101555d   0x00000081   Data   RO         7057    .constdata          mc_w.l(ctype_o.o)
    0x010155de   0x010155de   0x00000002   PAD
    0x010155e0   0x010155e0   0x00000004   Data   RO         7058    .constdata          mc_w.l(ctype_o.o)
    0x010155e4   0x010155e4   0x00000020   Data   RO         2198    .conststring        app_log.o
    0x01015604   0x01015604   0x0000005e   Data   RO         2767    .conststring        user_periph_setup.o
    0x01015662   0x01015662   0x00000002   PAD
    0x01015664   0x01015664   0x0000019d   Data   RO         3682    .conststring        at_cmd_handler.o
    0x01015801   0x01015801   0x00000003   PAD
    0x01015804   0x01015804   0x00000010   Data   RO         4522    .conststring        ble_sdk.lib(llc_con_upd_patch.o)
    0x01015814   0x01015814   0x00000051   Data   RO         5720    .conststring        ble_sdk.lib(sch_prog_patch.o)
    0x01015865   0x01015865   0x00000003   PAD
    0x01015868   0x01015868   0x00000074   Data   RO         5773    .conststring        ble_sdk.lib(lld_scan_patch.o)
    0x010158dc   0x010158dc   0x00000179   Data   RO         5855    .conststring        ble_sdk.lib(lld_con_patch.o)
    0x01015a55   0x01015a55   0x00000003   PAD
    0x01015a58   0x01015a58   0x0000022d   Data   RO         5915    .conststring        ble_sdk.lib(lld_init_patch.o)
    0x01015c85   0x01015c85   0x00000003   PAD
    0x01015c88   0x01015c88   0x0000007e   Data   RO         5945    .conststring        ble_sdk.lib(lld_adv_patch.o)
    0x01015d06   0x01015d06   0x00000002   PAD
    0x01015d08   0x01015d08   0x00000396   Data   RO         5971    .conststring        ble_sdk.lib(gapm_adv_patch.o)
    0x0101609e   0x0101609e   0x00000002   PAD
    0x010160a0   0x010160a0   0x00000050   Data   RO         7121    Region$$Table       anon$$obj.o
    0x010160f0   0x010160f0   0x00000004   Data   RO          232    .init_array         gr_platform.o
    0x010160f4   0x010160f0   0x00000000   Data   RO         7000    .init_array         mc_w.l(cpp_init.o)


    Execution Region RAM_TINY_RW (Exec base: 0x300035cc, Load base: 0x0101ada4, Size: 0x00000640, Max: 0x00000750, ABSOLUTE)

    Exec Addr    Load Addr    Size         Type   Attr      Idx    E Section Name        Object

    0x300035cc   0x0101ada4   0x0000004c   Code   RO         4828    TINY_RAM_SPACE      ble_sdk.lib(system_sdk_patch.o)
    0x30003618   0x0101adf0   0x000004b4   Code   RO         5015    TINY_RAM_SPACE      ble_sdk.lib(sdk_pwr_mgmt_patch.o)
    0x30003acc   0x0101b2a4   0x0000000a   Ven    RO         7199    Veneer$$Code        anon$$obj.o
    0x30003ad6   0x0101b2ae   0x0000000a   Ven    RO         7200    Veneer$$Code        anon$$obj.o
    0x30003ae0   0x0101b2b8   0x0000000a   Ven    RO         7201    Veneer$$Code        anon$$obj.o
    0x30003aea   0x0101b2c2   0x0000000a   Ven    RO         7202    Veneer$$Code        anon$$obj.o
    0x30003af4   0x0101b2cc   0x0000000a   Ven    RO         7203    Veneer$$Code        anon$$obj.o
    0x30003afe   0x0101b2d6   0x0000000a   Ven    RO         7204    Veneer$$Code        anon$$obj.o
    0x30003b08   0x0101b2e0   0x0000000a   Ven    RO         7205    Veneer$$Code        anon$$obj.o
    0x30003b12   0x0101b2ea   0x0000000a   Ven    RO         7206    Veneer$$Code        anon$$obj.o
    0x30003b1c   0x0101b2f4   0x0000000a   Ven    RO         7207    Veneer$$Code        anon$$obj.o
    0x30003b26   0x0101b2fe   0x0000000a   Ven    RO         7208    Veneer$$Code        anon$$obj.o
    0x30003b30   0x0101b308   0x0000000a   Ven    RO         7209    Veneer$$Code        anon$$obj.o
    0x30003b3a   0x0101b312   0x0000000a   Ven    RO         7210    Veneer$$Code        anon$$obj.o
    0x30003b44   0x0101b31c   0x0000000a   Ven    RO         7211    Veneer$$Code        anon$$obj.o
    0x30003b4e   0x0101b326   0x0000000a   Ven    RO         7212    Veneer$$Code        anon$$obj.o
    0x30003b58   0x0101b330   0x0000000a   Ven    RO         7213    Veneer$$Code        anon$$obj.o
    0x30003b62   0x0101b33a   0x0000000a   Ven    RO         7214    Veneer$$Code        anon$$obj.o
    0x30003b6c   0x0101b344   0x0000000a   Ven    RO         7215    Veneer$$Code        anon$$obj.o
    0x30003b76   0x0101b34e   0x0000000a   Ven    RO         7216    Veneer$$Code        anon$$obj.o
    0x30003b80   0x0101b358   0x0000000a   Ven    RO         7217    Veneer$$Code        anon$$obj.o
    0x30003b8a   0x0101b362   0x0000000a   Ven    RO         7218    Veneer$$Code        anon$$obj.o
    0x30003b94   0x0101b36c   0x0000000a   Ven    RO         7219    Veneer$$Code        anon$$obj.o
    0x30003b9e   0x0101b376   0x0000000a   Ven    RO         7220    Veneer$$Code        anon$$obj.o
    0x30003ba8   0x0101b380   0x0000000a   Ven    RO         7221    Veneer$$Code        anon$$obj.o
    0x30003bb2   0x0101b38a   0x0000000a   Ven    RO         7222    Veneer$$Code        anon$$obj.o
    0x30003bbc   0x0101b394   0x0000000a   Ven    RO         7223    Veneer$$Code        anon$$obj.o
    0x30003bc6   0x0101b39e   0x0000000a   Ven    RO         7224    Veneer$$Code        anon$$obj.o
    0x30003bd0   0x0101b3a8   0x0000000a   Ven    RO         7225    Veneer$$Code        anon$$obj.o
    0x30003bda   0x0101b3b2   0x0000000a   Ven    RO         7226    Veneer$$Code        anon$$obj.o
    0x30003be4   0x0101b3bc   0x0000000a   Ven    RO         7227    Veneer$$Code        anon$$obj.o
    0x30003bee   0x0101b3c6   0x0000000a   Ven    RO         7228    Veneer$$Code        anon$$obj.o
    0x30003bf8   0x0101b3d0   0x0000000a   Ven    RO         7229    Veneer$$Code        anon$$obj.o
    0x30003c02   0x0101b3da   0x0000000a   Ven    RO         7230    Veneer$$Code        anon$$obj.o


    Execution Region RAM_RW (Exec base: 0x300087e8, Load base: 0x0101a7dc, Size: 0x00000c10, Max: 0x00030000, ABSOLUTE, COMPRESSED[0x00000588])

    Exec Addr    Load Addr    Size         Type   Attr      Idx    E Section Name        Object

    0x300087e8   COMPRESSED   0x00000018   PAD
    0x30008800   COMPRESSED   0x000001c8   Data   RW          289    .data               gr_soc.o
    0x300089c8   COMPRESSED   0x00000001   Data   RW         1161    .data               app_pwr_mgmt.o
    0x300089c9   COMPRESSED   0x00000003   PAD
    0x300089cc   COMPRESSED   0x00000008   Data   RW         1233    .data               app_uart.o
    0x300089d4   COMPRESSED   0x00000004   Data   RW         1773    .data               pmu_calibration.o
    0x300089d8   COMPRESSED   0x00000001   Data   RW         1834    .data               app_timer.o
    0x300089d9   COMPRESSED   0x00000003   PAD
    0x300089dc   COMPRESSED   0x0000000c   Data   RW         2096    .data               app_assert.o
    0x300089e8   COMPRESSED   0x00000010   Data   RW         2199    .data               app_log.o
    0x300089f8   COMPRESSED   0x00000004   Data   RW         2200    .data               app_log.o
    0x300089fc   COMPRESSED   0x00000188   Data   RW         2302    .data               ble.o
    0x30008b84   COMPRESSED   0x00000048   Data   RW         2506    .data               gus_c.o
    0x30008bcc   COMPRESSED   0x0000000c   Data   RW         2768    .data               user_periph_setup.o
    0x30008bd8   COMPRESSED   0x00000008   PAD
    0x30008be0   COMPRESSED   0x00000004   Data   RW         3546    .data               main.o
    0x30008be4   COMPRESSED   0x00000038   Data   RW         3547    .data               main.o
    0x30008c1c   COMPRESSED   0x0000003e   Data   RW         3590    .data               user_app.o
    0x30008c5a   COMPRESSED   0x00000002   PAD
    0x30008c5c   COMPRESSED   0x00000278   Data   RW         3683    .data               at_cmd_handler.o
    0x30008ed4   COMPRESSED   0x00000007   Data   RW         3886    .data               transport_scheduler.o
    0x30008edb   COMPRESSED   0x00000001   Data   RW         4096    .data               ble_protocol.o
    0x30008edc   COMPRESSED   0x00000008   Data   RW         4234    .data               ble_sdk.lib(sdk_fpb_mgmt.o)
    0x30008ee4   COMPRESSED   0x0000001c   Data   RW         4432    .data               ble_sdk.lib(llm_hci_patch.o)
    0x30008f00   COMPRESSED   0x00000004   Data   RW         4488    .data               ble_sdk.lib(llc_llcp_patch.o)
    0x30008f04   COMPRESSED   0x00000008   Data   RW         4637    .data               ble_sdk.lib(gapm_task_patch.o)
    0x30008f0c   COMPRESSED   0x00000008   Data   RW         4650    .data               ble_sdk.lib(ke_task_patch.o)
    0x30008f14   COMPRESSED   0x00000004   Data   RW         4663    .data               ble_sdk.lib(llc_dl_upd_patch.o)
    0x30008f18   COMPRESSED   0x00000005   Data   RW         4679    .data               ble_sdk.lib(llm_init_patch.o)
    0x30008f1d   COMPRESSED   0x00000003   PAD
    0x30008f20   COMPRESSED   0x0000000c   Data   RW         4699    .data               ble_sdk.lib(gapm_scan_patch.o)
    0x30008f2c   COMPRESSED   0x0000000c   Data   RW         4725    .data               ble_sdk.lib(gr55xx_hal_patch.o)
    0x30008f38   COMPRESSED   0x00000001   Data   RW         4742    .data               ble_sdk.lib(gr55xx_hal_aon_gpio_patch.o)
    0x30008f39   COMPRESSED   0x00000003   Data   RW         4803    .data               ble_sdk.lib(gr55xx_hal_sleep_timer_patch.o)
    0x30008f3c   COMPRESSED   0x0000000c   Data   RW         4869    .data               ble_sdk.lib(system_sdk_patch.o)
    0x30008f48   COMPRESSED   0x0000000c   Data   RW         4931    .data               ble_sdk.lib(ble_sdk_sec_patch.o)
    0x30008f54   COMPRESSED   0x00000008   Data   RW         4980    .data               ble_sdk.lib(ble_sdk_gapm_patch.o)
    0x30008f5c   COMPRESSED   0x00000008   Data   RW         5019    .data               ble_sdk.lib(sdk_pwr_mgmt_patch.o)
    0x30008f64   COMPRESSED   0x00000008   Data   RW         5037    .data               ble_sdk.lib(warm_boot_patch.o)
    0x30008f6c   COMPRESSED   0x00000018   Data   RW         5057    .data               ble_sdk.lib(hal_flash_patch.o)
    0x30008f84   COMPRESSED   0x00000004   Data   RW         5108    .data               ble_sdk.lib(sdk_nvds_patch.o)
    0x30008f88   COMPRESSED   0x00000064   Data   RW         5313    .data               ble_sdk.lib(ble_event_patch.o)
    0x30008fec   COMPRESSED   0x00000008   Data   RW         5314    .data               ble_sdk.lib(ble_event_patch.o)
    0x30008ff4   COMPRESSED   0x00000020   Data   RW         5315    .data               ble_sdk.lib(ble_event_patch.o)
    0x30009014   COMPRESSED   0x00000038   Data   RW         5316    .data               ble_sdk.lib(ble_event_patch.o)
    0x3000904c   COMPRESSED   0x00000010   Data   RW         5317    .data               ble_sdk.lib(ble_event_patch.o)
    0x3000905c   COMPRESSED   0x0000000c   Data   RW         5396    .data               ble_sdk.lib(ble_profile_patch.o)
    0x30009068   COMPRESSED   0x00000014   Data   RW         5397    .data               ble_sdk.lib(ble_profile_patch.o)
    0x3000907c   COMPRESSED   0x0000000c   Data   RW         5398    .data               ble_sdk.lib(ble_profile_patch.o)
    0x30009088   COMPRESSED   0x00000024   Data   RW         5399    .data               ble_sdk.lib(ble_profile_patch.o)
    0x300090ac   COMPRESSED   0x0000000c   Data   RW         5400    .data               ble_sdk.lib(ble_profile_patch.o)
    0x300090b8   COMPRESSED   0x00000008   Data   RW         5426    .data               ble_sdk.lib(gr55xx_hal_1.o)
    0x300090c0   COMPRESSED   0x00000004   Data   RW         5440    .data               ble_sdk.lib(gr55xx_hal_aon_gpio_1.o)
    0x300090c4   COMPRESSED   0x00000004   Data   RW         5453    .data               ble_sdk.lib(gr55xx_hal_gpio_1.o)
    0x300090c8   COMPRESSED   0x00000020   Data   RW         5473    .data               ble_sdk.lib(gr55xx_hal_uart_1.o)
    0x300090e8   COMPRESSED   0x0000000c   Data   RW         5508    .data               ble_sdk.lib(platform_clock.o)
    0x300090f4   COMPRESSED   0x00000140   Data   RW         5593    .data               ble_sdk.lib(platform_sdk.o)
    0x30009234   COMPRESSED   0x00000004   Data   RW         5594    .data               ble_sdk.lib(platform_sdk.o)
    0x30009238   COMPRESSED   0x00000014   Data   RW         5722    .data               ble_sdk.lib(sch_prog_patch.o)
    0x3000924c   COMPRESSED   0x00000008   Data   RW         5754    .data               ble_sdk.lib(rwble_patch.o)
    0x30009254   COMPRESSED   0x00000002   Data   RW         5774    .data               ble_sdk.lib(lld_scan_patch.o)
    0x30009256   COMPRESSED   0x00000002   PAD
    0x30009258   COMPRESSED   0x00000068   Data   RW         5805    .data               ble_sdk.lib(atts_patch.o)
    0x300092c0   COMPRESSED   0x00000001   Data   RW         5856    .data               ble_sdk.lib(lld_con_patch.o)
    0x300092c1   COMPRESSED   0x00000001   Data   RW         5928    .data               ble_sdk.lib(l2cm_patch.o)
    0x300092c2   COMPRESSED   0x00000002   Data   RW         5946    .data               ble_sdk.lib(lld_adv_patch.o)
    0x300092c4   COMPRESSED   0x0000000a   Data   RW         6010    .data               ble_sdk.lib(lld_lcp_scan.o)
    0x300092ce   COMPRESSED   0x00000002   PAD
    0x300092d0   COMPRESSED   0x0000000c   Data   RW         6072    .data               ble_sdk.lib(gr55xx_hal_comp_patch.o)
    0x300092dc   COMPRESSED   0x00000004   Data   RW         6086    .data               ble_sdk.lib(gr55xx_hal_exflash_patch.o)
    0x300092e0   COMPRESSED   0x00000018   Data   RW         6192    .data               ble_sdk.lib(rwip_sleep_common.o)
    0x300092f8   COMPRESSED   0x0000000c   Data   RW         6221    .data               ble_sdk.lib(rwip_sleep_patch.o)
    0x30009304   COMPRESSED   0x00000014   Data   RW         6260    .data               ble_sdk.lib(rf_gdx_patch.o)
    0x30009318   COMPRESSED   0x00000001   Data   RW         6383    .data               ble_sdk.lib(ble_sdk_prf_cllient_patch.o)
    0x30009319   COMPRESSED   0x00000003   PAD
    0x3000931c   COMPRESSED   0x00000004   Data   RW         6434    .data               ble_sdk.lib(platform_adc_1.o)
    0x30009320   COMPRESSED   0x000000c8   Data   RW         6447    .data               ble_sdk.lib(platform_sys_context.o)
    0x300093e8   COMPRESSED   0x00000001   Data   RW         6456    .data               ble_sdk.lib(hci_patch.o)
    0x300093e9   COMPRESSED   0x00000003   PAD
    0x300093ec   COMPRESSED   0x00000004   Data   RW         6677    .data               mc_w.l(rand.o)
    0x300093f0   COMPRESSED   0x00000004   Data   RW         6694    .data               mc_w.l(strtok_r.o)
    0x300093f4   COMPRESSED   0x00000004   Data   RW         7089    .data               mc_w.l(errno.o)


    Execution Region RAM_ZI (Exec base: 0x300093f8, Load base: 0x0101ad64, Size: 0x0000a684, Max: 0x00030000, ABSOLUTE)

    Exec Addr    Load Addr    Size         Type   Attr      Idx    E Section Name        Object

    0x300093f8        -       0x00000020   Zero   RW          155    .bss                gr_interrupt.o
    0x30009418        -       0x00000300   Zero   RW          775    .bss                app_dma.o
    0x30009718        -       0x000001e0   Zero   RW         1062    .bss                app_io.o
    0x300098f8        -       0x00000050   Zero   RW         1160    .bss                app_pwr_mgmt.o
    0x30009948        -       0x00000028   Zero   RW         1772    .bss                pmu_calibration.o
    0x30009970        -       0x00000048   Zero   RW         1833    .bss                app_timer.o
    0x300099b8        -       0x000002a4   Zero   RW         1978    .bss                at_cmd.o
    0x30009c5c        -       0x0000009c   Zero   RW         2095    .bss                app_assert.o
    0x30009cf8        -       0x00000128   Zero   RW         2197    .bss                app_log.o
    0x30009e20        -       0x0000005c   Zero   RW         2430    .bss                gus.o
    0x30009e7c        -       0x00000014   Zero   RW         2505    .bss                gus_c.o
    0x30009e90        -       0x00002354   Zero   RW         2765    .bss                user_periph_setup.o
    0x3000c1e4   0x0101ad64   0x0000001c   PAD
    0x3000c200        -       0x0000039c   Zero   RW         3538    .bss                main.o
    0x3000c59c   0x0101ad64   0x00000004   PAD
    0x3000c5a0        -       0x00000024   Zero   RW         3539    .bss                main.o
    0x3000c5c4   0x0101ad64   0x0000001c   PAD
    0x3000c5e0        -       0x00000748   Zero   RW         3540    .bss                main.o
    0x3000cd28   0x0101ad64   0x00000018   PAD
    0x3000cd40        -       0x000013c0   Zero   RW         3541    .bss                main.o
    0x3000e100        -       0x0000040c   Zero   RW         3542    .bss                main.o
    0x3000e50c   0x0101ad64   0x00000014   PAD
    0x3000e520        -       0x00002048   Zero   RW         3543    .bss                main.o
    0x30010568   0x0101ad64   0x00000018   PAD
    0x30010580        -       0x0000029c   Zero   RW         3544    .bss                main.o
    0x3001081c        -       0x0000002e   Zero   RW         3588    .bss                user_app.o
    0x3001084a   0x0101ad64   0x00000006   PAD
    0x30010850        -       0x00000028   Zero   RW         3681    .bss                at_cmd_handler.o
    0x30010878        -       0x00002a08   Zero   RW         3885    .bss                transport_scheduler.o
    0x30013280        -       0x00000010   Zero   RW         4024    .bss                sensor_data_parser.o
    0x30013290        -       0x00000014   Zero   RW         4095    .bss                ble_protocol.o
    0x300132a4        -       0x00000110   Zero   RW         4233    .bss                ble_sdk.lib(sdk_fpb_mgmt.o)
    0x300133b4        -       0x000001a4   Zero   RW         4487    .bss                ble_sdk.lib(llc_llcp_patch.o)
    0x30013558        -       0x0000000c   Zero   RW         4678    .bss                ble_sdk.lib(llm_init_patch.o)
    0x30013564        -       0x0000016a   Zero   RW         4979    .bss                ble_sdk.lib(ble_sdk_gapm_patch.o)
    0x300136ce        -       0x0000000c   Zero   RW         5686    .bss                ble_sdk.lib(llc_encrypt_patch.o)
    0x300136da   0x0101ad64   0x00000002   PAD
    0x300136dc        -       0x0000000c   Zero   RW         5719    .bss                ble_sdk.lib(sch_prog_patch.o)
    0x300136e8        -       0x000000dc   Zero   RW         5802    .bss                ble_sdk.lib(atts_patch.o)
    0x300137c4        -       0x00000090   Zero   RW         5854    .bss                ble_sdk.lib(lld_con_patch.o)
    0x30013854        -       0x00000020   Zero   RW         5896    .bss                ble_sdk.lib(smpc_patch.o)
    0x30013874        -       0x00000140   Zero   RW         6258    .bss                ble_sdk.lib(rf_gdx_patch.o)
    0x300139b4        -       0x000000c8   Zero   RW         6446    .bss                ble_sdk.lib(platform_sys_context.o)


    Execution Region FPB_TABLE (Exec base: 0x30013a80, Load base: 0x0101ad64, Size: 0x00000040, Max: 0x00000100, ABSOLUTE)

    Exec Addr    Load Addr    Size         Type   Attr      Idx    E Section Name        Object

    0x30013a80   0x0101ad64   0x00000040   Data   RW         4235    FPB                 ble_sdk.lib(sdk_fpb_mgmt.o)


    Execution Region ARM_LIB_HEAP (Exec base: 0x3003b000, Load base: 0x0101b3e4, Size: 0x00001000, Max: 0x00001000, ABSOLUTE)

    Exec Addr    Load Addr    Size         Type   Attr      Idx    E Section Name        Object

    0x3003b000        -       0x00001000   Zero   RW            1    ARM_LIB_HEAP.bss    anon$$obj.o


    Execution Region ARM_LIB_STACK (Exec base: 0x3003c000, Load base: 0x0101b3e4, Size: 0x00004000, Max: 0x00004000, ABSOLUTE)

    Exec Addr    Load Addr    Size         Type   Attr      Idx    E Section Name        Object

    0x3003c000        -       0x00004000   Zero   RW            2    ARM_LIB_STACK.bss   anon$$obj.o


==============================================================================

Image component sizes


      Code (inc. data)   RO Data    RW Data    ZI Data      Debug   Object Name

       548        118          0         12        156       5685   app_assert.o
       556         48          8          0        768      31659   app_dma.o
       864         96        152          0        480       7459   app_io.o
         0          0          0          0          0       1432   app_key.o
       600         70         32         20        296      38777   app_log.o
       208         34          0          1         80       4268   app_pwr_mgmt.o
      1918        120          0          1         72      56697   app_timer.o
      1360         98         32          8          0      15407   app_uart.o
       684         44         32          0          0      12518   app_uart_dma.o
      1250        316          0          0        676       9985   at_cmd.o
      2588        346        413        632         40      24338   at_cmd_handler.o
       162          0          0          0          0       3626   at_cmd_utils.o
        82         10          0        392          0       2941   ble.o
       126          0          0          0          0       4416   ble_prf_utils.o
        68         18          0          1         20       1956   ble_protocol.o
         0          0          0          0          0       9660   board_sk.o
       446        300          0          0         32       5858   gr_interrupt.o
        40          0         68          0          0       3339   gr_platform.o
       836        122         56        456          0      72870   gr_soc.o
        16          4          0          0          0     255537   gr_system.o
       764         64        216          0         92       9269   gus.o
       686         62          0         72         20      10751   gus_c.o
       144         84          5         60      17848       1979   main.o
        92         20          0          4         40       1760   pmu_calibration.o
       414          0          0          0          0       7830   ring_buffer.o
       872        242         26          0         16       6782   sensor_data_parser.o
        16          8         64          0          0        512   startup.o
       368         56          0          7      10760       6234   transport_scheduler.o
      1792        506         54         62         46      13962   user_app.o
       584         72        118         12       9044       6895   user_periph_setup.o
        10          0          0          0          0       1106   utility.o

    ----------------------------------------------------------------------
     18744       2858       1361       1780      61100     635508   Object Totals
       610          0         80          0      20480          0   (incl. Generated)
        40          0          5         40        134          0   (incl. Padding)

    ----------------------------------------------------------------------

      Code (inc. data)   RO Data    RW Data    ZI Data      Debug   Library Member Name

       760        170        205        104        220        516   atts_patch.o
       376         42          0          0          0        288   ble_bondmgr_patch.o
      2900         20          0        212          0       7336   ble_event_patch.o
       840         68         24         92          0       1892   ble_profile_patch.o
      1176        218         26          0          0        536   ble_sdk_gapc_patch.o
      3502        614          0          8        362       1856   ble_sdk_gapm_patch.o
       312         38          0          0          0        500   ble_sdk_gatt_task_patch.o
       272          6          0          0          0       1156   ble_sdk_gattc_patch.o
      1004        414         89          0          0        768   ble_sdk_gatts_patch.o
       448        112         16          0          0        640   ble_sdk_patch.o
        12          6          0          1          0        116   ble_sdk_prf_cllient_patch.o
       280         64          0          0          0        252   ble_sdk_prf_patch.o
      1060        256          0         12          0        672   ble_sdk_sec_patch.o
       128         22          0          0          0        136   ble_sdk_task_patch.o
        38          6          0          0          0        232   ble_state.o
        32          6          0          0          0        116   boot_patch.o
       166          0          0          0          0        872   cold_patch.o
        40          4       1024          0          0        128   crc32.o
        96         16          8          0          0        240   dfu_cmd_handler_patch.o
        96         44          0          0          0        256   fpb_patch_init.o
       420         26          0          0          0        392   gapc_hci_patch.o
       188         16          0          0          0        132   gapm_actv_patch.o
       620        248        918          0          0        244   gapm_adv_patch.o
       612         22          0          0          0        140   gapm_cfg_patch.o
       746        106          0          0          0        900   gapm_init_patch.o
       956         42          0         12          0       1044   gapm_scan_patch.o
       172         22          0          8          0        372   gapm_task_patch.o
       636         64         32          0          0        276   gattc_task_patch.o
        36          4          0          8          0        356   gr55xx_hal_1.o
        58          4          0          4          0        252   gr55xx_hal_aon_gpio_1.o
       392         42          0          1          0        776   gr55xx_hal_aon_gpio_patch.o
         0          0          0         12          0          0   gr55xx_hal_comp_patch.o
        80         12          0          0          0        116   gr55xx_hal_cortex_patch.o
       140         10          0          0          0        136   gr55xx_hal_dma_patch.o
       312         36          0          0          0        252   gr55xx_hal_efuse_patch.o
         8          0          0          0          0        132   gr55xx_hal_exflash_1.o
      2300         28          0          4          0        696   gr55xx_hal_exflash_patch.o
        80          8          0          4          0        256   gr55xx_hal_gpio_1.o
       190         10          0          0          0        364   gr55xx_hal_msio_patch.o
       128         26          0         12          0        240   gr55xx_hal_patch.o
        28          4          0          0          0        136   gr55xx_hal_pwr_1.o
       232         10          0          0          0        196   gr55xx_hal_pwr_patch.o
       608         34          0          0          0        404   gr55xx_hal_rng_patch.o
       162         28          0          3          0        604   gr55xx_hal_sleep_timer_patch.o
        76          8          0         32          0        488   gr55xx_hal_uart_1.o
       274         14          0          0          0        360   gr55xx_hal_uart_patch.o
      1176          4          0          0          0        356   gr55xx_hal_xqspi_patch.o
       300         16          0          0          0        256   gr55xx_ll_aon_gpio_patch.o
       236          6          0          0          0        248   gr55xx_ll_dma_patch.o
       324         14          0          0          0        256   gr55xx_ll_msio_patch.o
       688          8          0          0          0        144   gr55xx_ll_xqspi_patch.o
       276         34          0         24          0        524   hal_flash_patch.o
       300         42          0          1          0        136   hci_patch.o
       372         38          0          8          0        392   ke_task_patch.o
       220         40          0          0          0        260   l2cc_task_patch.o
       224         26          0          1          0        396   l2cm_patch.o
       236         12          0          0          0        268   llc_chmap_upd_patch.o
      1910        124         16          0          0       1324   llc_con_upd_patch.o
        80         10          0          4          0        256   llc_dl_upd_patch.o
       924         72          0          0         12        516   llc_encrypt_patch.o
        96         16          0          0          0        260   llc_hci_patch.o
       120          8          0          0          0        264   llc_le_ping_patch.o
       368         44          0          4        420        632   llc_llcp_patch.o
        98          0          0          0          0        128   llc_patch.o
       284         26          0          0          0        384   llc_phy_upd_patch.o
       146          6          0          0          0        512   llc_task_patch.o
      2304        264        126          2          0        752   lld_adv_patch.o
      3488        402        377          1        144       1600   lld_con_patch.o
      2428        238        557          0          0        408   lld_init_patch.o
        12          6          0         10          0        116   lld_lcp_scan.o
        34          8          0          0          0        244   lld_patch.o
      3500        200        116          2          0        816   lld_scan_patch.o
      1690        144          0         28          0       1540   llm_hci_patch.o
       556         24          0          5         12        404   llm_init_patch.o
       784         26          0          0          0        276   llm_scan_patch.o
       824         78          0          4          0        568   platform_adc_1.o
       608         84          0         12          0       1268   platform_clock.o
       688         26          0          0          0        436   platform_exflash.o
      4590        346          0        324          0       5332   platform_sdk.o
       568         50         44          0          0        632   platform_sram.o
       152         20          0        200        200        176   platform_sys_context.o
      1914        250        116         20        320       2640   rf_gdx_patch.o
       352         54          0          8          0        316   rwble_patch.o
      1276        224          0         24          0       1988   rwip_sleep_common.o
      1178        164          0         12          0        892   rwip_sleep_patch.o
       748        152          0          0          0        280   sch_arb_patch.o
      1260        180         81         20         12       1292   sch_prog_patch.o
       624        102          0         72        272      15084   sdk_fpb_mgmt.o
      4984       1084         95          4          0       4132   sdk_nvds_patch.o
      1320        104          0          8          0        688   sdk_pwr_mgmt_patch.o
       100         12          0          0          0        128   sdk_ram_init_patch.o
       624        194          0          0         32        320   smpc_patch.o
        78          2          0          0          0       1251   svc_handler.o
      2644        248          0         12          0       2976   system_sdk_patch.o
       484         56          0          8          0        296   warm_boot_patch.o
        56         12          0          0          0        132   atof.o
       224         30          0          0          0        172   round.o
        86          0          0          0          0          0   __dczerorl2.o
        28          0          0          0          0         68   _chval.o
        64          0          0          0          0         84   _sgetc.o
       158          0          0          0          0         92   _strtoul.o
        26          0          0          0          0         80   atol.o
        32         10          0          0          0         80   cpp_init.o
         8          4        133          0          0         68   ctype_o.o
         0          0          0          0          0          0   entry.o
         0          0          0          0          0          0   entry10a.o
         0          0          0          0          0          0   entry11a.o
         4          0          0          0          0          0   entry12b.o
         8          4          0          0          0          0   entry4.o
         4          0          0          0          0          0   entry5.o
         0          0          0          0          0          0   entry7b.o
         4          0          0          0          0          0   entry8a.o
         0          0          0          0          0          0   entry8b.o
         8          4          0          0          0          0   entry9a.o
        32         16          0          4          0        204   errno.o
        30          0          0          0          0          0   handlers.o
        36          8          0          0          0         68   init.o
        18          0          0          0          0         76   isspace_o.o
         0          0          0          0          0          0   iusefp.o
        30          0          0          0          0         68   llshl.o
        36          0          0          0          0         68   llsshr.o
        32          0          0          0          0         68   llushr.o
        26          0          0          0          0         80   memcmp.o
        36          0          0          0          0         68   memcpya.o
        36          0          0          0          0        108   memseta.o
      2430        112          0          0          0        932   printfa.o
        36         10          0          4          0        136   rand.o
       878         12          0          0          0        216   scanf_fp.o
        14          0          0          0          0         68   strlen.o
       156         12          0          0          0        120   strtod.o
        68          4          0          4          0         96   strtok_r.o
       112          0          0          0          0         88   strtol.o
        44          0          0          0          0         80   uidiv.o
        98          0          0          0          0         92   uldiv.o
        48          0          0          0          0         68   cdcmple.o
        48          0          0          0          0         68   cdrcmple.o
        56          0          0          0          0         88   d2f.o
       334          0          0          0          0        148   dadd.o
       222          0          0          0          0        100   ddiv.o
       186          0          0          0          0        176   depilogue.o
        62          0          0          0          0         80   dfixi.o
        50          0          0          0          0         76   dfixui.o
        48          0          0          0          0         68   dfixul.o
        26          0          0          0          0         76   dfltui.o
        24          0          0          0          0         76   dfltul.o
       228          0          0          0          0         96   dmul.o
       136          4          0          0          0         92   drnd.o
        38          0          0          0          0         68   f2d.o
       110          0          0          0          0        168   fepilogue.o
        44          0          0          0          0         68   ffixul.o

    ----------------------------------------------------------------------
     77788       8480       4023       1372       2008      87063   Library Totals
        88          0         20         13          2          0   (incl. Padding)

    ----------------------------------------------------------------------

      Code (inc. data)   RO Data    RW Data    ZI Data      Debug   Library Name

     71182       8238       3870       1347       2006      82135   ble_sdk.lib
       280         42          0          0          0        304   m_wm.l
      4578        196        133         12          0       3108   mc_w.l
      1660          4          0          0          0       1516   mf_w.l

    ----------------------------------------------------------------------
     77788       8480       4023       1372       2008      87063   Library Totals

    ----------------------------------------------------------------------

==============================================================================


      Code (inc. data)   RO Data    RW Data    ZI Data      Debug   

     96532      11338       5384       3152      63108     650135   Grand Totals
     96532      11338       5384       1480      63108     650135   ELF Image Totals (compressed)
     96532      11338       5384       1480          0          0   ROM Totals

==============================================================================

    Total RO  Size (Code + RO Data)               101916 (  99.53kB)
    Total RW  Size (RW Data + ZI Data)             66260 (  64.71kB)
    Total ROM Size (Code + RO Data + RW Data)     103396 ( 100.97kB)

==============================================================================

