


ARM Macro Assembler    Page 1 


    1 00000000         ;/******************************************************
                       ********************//**
    2 00000000         ; * @file     Startup.s
    3 00000000         ; * @brief    CMSIS Cortex-M ARMv7-M based Core Device S
                       tartup File for
    4 00000000         ; *           Device GR55xx
    5 00000000         ; * @version  V1.00
    6 00000000         ; * @date     12. June 2018
    7 00000000         ; *
    8 00000000         ; * @note
    9 00000000         ; *
   10 00000000         ; ******************************************************
                       ************************/
   11 00000000         ;/* Copyright (c) 2016-2018, Shenzhen Huiding Technology
                        Co., Ltd
   12 00000000         ;
   13 00000000         ;   All rights reserved.
   14 00000000         ;   Redistribution and use in source and binary forms, w
                       ith or without
   15 00000000         ;   modification, are permitted provided that the follow
                       ing conditions are met:
   16 00000000         ;   - Redistributions of source code must retain the abo
                       ve copyright
   17 00000000         ;     notice, this list of conditions and the following 
                       disclaimer.
   18 00000000         ;   - Redistributions in binary form must reproduce the 
                       above copyright
   19 00000000         ;     notice, this list of conditions and the following 
                       disclaimer in the
   20 00000000         ;     documentation and/or other materials provided with
                        the distribution.
   21 00000000         ;   - Neither the name of ARM nor the names of its contr
                       ibutors may be used
   22 00000000         ;     to endorse or promote products derived from this s
                       oftware without
   23 00000000         ;     specific prior written permission.
   24 00000000         ;   *
   25 00000000         ;   THIS SOFTWARE IS PROVIDED BY THE COPYRIGHT HOLDERS A
                       ND CONTRIBUTORS "AS IS"
   26 00000000         ;   AND ANY EXPRESS OR IMPLIED WARRANTIES, INCLUDING, BU
                       T NOT LIMITED TO, THE
   27 00000000         ;   IMPLIED WARRANTIES OF MERCHANTABILITY AND FITNESS FO
                       R A PARTICULAR PURPOSE
   28 00000000         ;   ARE DISCLAIMED. IN NO EVENT SHALL COPYRIGHT HOLDERS 
                       AND CONTRIBUTORS BE
   29 00000000         ;   LIABLE FOR ANY DIRECT, INDIRECT, INCIDENTAL, SPECIAL
                       , EXEMPLARY, OR
   30 00000000         ;   CONSEQUENTIAL DAMAGES (INCLUDING, BUT NOT LIMITED TO
                       , PROCUREMENT OF
   31 00000000         ;   SUBSTITUTE GOODS OR SERVICES; LOSS OF USE, DATA, OR 
                       PROFITS; OR BUSINESS
   32 00000000         ;   INTERRUPTION) HOWEVER CAUSED AND ON ANY THEORY OF LI
                       ABILITY, WHETHER IN
   33 00000000         ;   CONTRACT, STRICT LIABILITY, OR TORT (INCLUDING NEGLI
                       GENCE OR OTHERWISE)
   34 00000000         ;   ARISING IN ANY WAY OUT OF THE USE OF THIS SOFTWARE, 
                       EVEN IF ADVISED OF THE
   35 00000000         ;   POSSIBILITY OF SUCH DAMAGE.
   36 00000000         ;   ----------------------------------------------------



ARM Macro Assembler    Page 2 


                       -----------------------*/
   37 00000000         ;/*
   38 00000000         ;//-------- <<< Use Configuration Wizard in Context Menu
                        >>> ------------------
   39 00000000         ;*/
   40 00000000                 IF               :DEF:NO_SCATTER
   64                          ENDIF                        ; NO_SCATTER
   65 00000000         
   66 00000000         
   67 00000000                 PRESERVE8
   68 00000000                 THUMB
   69 00000000         
   70 00000000         
   71 00000000         ; Vector Table Mapped to Address 0 at Reset
   72 00000000         
   73 00000000                 AREA             RESET, DATA, READONLY
   74 00000000         
   75 00000000                 EXPORT           __Vectors
   76 00000000                 EXPORT           __Vectors_End
   77 00000000                 EXPORT           __Vectors_Size
   78 00000000                 IMPORT           NMI_Handler
   79 00000000                 IMPORT           HardFault_Handler
   80 00000000                 IMPORT           MemManage_Handler
   81 00000000                 IMPORT           BusFault_Handler
   82 00000000                 IMPORT           UsageFault_Handler
   83 00000000                 IMPORT           SVC_Handler
   84 00000000                 IMPORT           DebugMon_Handler
   85 00000000                 IMPORT           PendSV_Handler
   86 00000000                 IMPORT           SysTick_Handler
   87 00000000         
   88 00000000                 IF               :DEF:NO_SCATTER
   91 00000000                 IMPORT           |Image$$ARM_LIB_STACK$$ZI$$Limi
t|
   92 00000000 00000000 
                       __Vectors
                               DCD              |Image$$ARM_LIB_STACK$$ZI$$Limi
t| 
                                                            ; Top of Stack
   93 00000004                 ENDIF
   94 00000004         
   95 00000004 00000000        DCD              Reset_Handler ; Reset Handler
   96 00000008 00000000        DCD              NMI_Handler ; NMI Handler
   97 0000000C 00000000        DCD              HardFault_Handler ; Hard Fault 
                                                            Handler
   98 00000010 00000000        DCD              MemManage_Handler 
                                                            ; MPU Fault Handler
                                                            
   99 00000014 00000000        DCD              BusFault_Handler 
                                                            ; Bus Fault Handler
                                                            
  100 00000018 00000000        DCD              UsageFault_Handler ; Usage Faul
                                                            t Handler
  101 0000001C 00000000        DCD              0           ; Reserved
  102 00000020 00000000        DCD              0           ; Reserved
  103 00000024 00000000        DCD              0           ; Reserved
  104 00000028 00000000        DCD              0           ; Reserved
  105 0000002C 00000000        DCD              SVC_Handler ; SVCall Handler
  106 00000030 00000000        DCD              DebugMon_Handler ; Debug Monito
                                                            r Handler



ARM Macro Assembler    Page 3 


  107 00000034 00000000        DCD              0           ; Reserved
  108 00000038 00000000        DCD              PendSV_Handler ; PendSV Handler
                                                            
  109 0000003C 00000000        DCD              SysTick_Handler 
                                                            ; SysTick Handler
  110 00000040         __Vectors_End
  111 00000040         
  112 00000040 00000040 
                       __Vectors_Size
                               EQU              __Vectors_End - __Vectors
  113 00000040         
  114 00000040                 AREA             |.text|, CODE, READONLY
  115 00000000         
  116 00000000         
  117 00000000         ; Reset Handler
  118 00000000         
  119 00000000         Reset_Handler
                               PROC
  120 00000000                 EXPORT           Reset_Handler             [WEAK
]
  121 00000000                 IMPORT           SystemInit
  122 00000000                 IMPORT           main_init
  123 00000000 4801            LDR              R0, =SystemInit
  124 00000002 4780            BLX              R0
  125 00000004 4801            LDR              R0, =main_init
  126 00000006 4700            BX               R0
  127 00000008                 ENDP
  128 00000008                 ALIGN
  129 00000008         
  130 00000008                 IF               :DEF:NO_SCATTER
  157                          ENDIF                        ; NO_SCATTER
  158 00000008         
  159 00000008         
  160 00000008                 END
              00000000 
              00000000 
Command Line: --debug --xref --diag_suppress=9931 --cpu=Cortex-M4.fp --apcs=int
erwork --depend=.\objects\startup.d -o.\objects\startup.o -I.\RTE\_GRxx_Soc -I"
E:\Graduation project\keil5\ARM\PARK\ARM\CMSIS\5.5.1\Device\ARM\ARMCM4\Include"
 -I"E:\Graduation project\keil5\ARM\CMSIS\Include" --predefine="__MICROLIB SETA
 1" --predefine="__UVISION_VERSION SETA 527" --predefine="ARMCM4_FP SETA 1" --l
ist=.\listings\startup.lst ..\..\..\..\..\platform\arch\arm\cortex-m\keil\Start
up.S



ARM Macro Assembler    Page 1 Alphabetic symbol ordering
Relocatable symbols

RESET 00000000

Symbol: RESET
   Definitions
      At line 73 in file ..\..\..\..\..\platform\arch\arm\cortex-m\keil\Startup
.S
   Uses
      None
Comment: RESET unused
__Vectors 00000000

Symbol: __Vectors
   Definitions
      At line 92 in file ..\..\..\..\..\platform\arch\arm\cortex-m\keil\Startup
.S
   Uses
      At line 75 in file ..\..\..\..\..\platform\arch\arm\cortex-m\keil\Startup
.S
      At line 112 in file ..\..\..\..\..\platform\arch\arm\cortex-m\keil\Startu
p.S

__Vectors_End 00000040

Symbol: __Vectors_End
   Definitions
      At line 110 in file ..\..\..\..\..\platform\arch\arm\cortex-m\keil\Startu
p.S
   Uses
      At line 76 in file ..\..\..\..\..\platform\arch\arm\cortex-m\keil\Startup
.S
      At line 112 in file ..\..\..\..\..\platform\arch\arm\cortex-m\keil\Startu
p.S

3 symbols



ARM Macro Assembler    Page 1 Alphabetic symbol ordering
Relocatable symbols

.text 00000000

Symbol: .text
   Definitions
      At line 114 in file ..\..\..\..\..\platform\arch\arm\cortex-m\keil\Startu
p.S
   Uses
      None
Comment: .text unused
Reset_Handler 00000000

Symbol: Reset_Handler
   Definitions
      At line 119 in file ..\..\..\..\..\platform\arch\arm\cortex-m\keil\Startu
p.S
   Uses
      At line 95 in file ..\..\..\..\..\platform\arch\arm\cortex-m\keil\Startup
.S
      At line 120 in file ..\..\..\..\..\platform\arch\arm\cortex-m\keil\Startu
p.S

2 symbols



ARM Macro Assembler    Page 1 Alphabetic symbol ordering
Absolute symbols

__Vectors_Size 00000040

Symbol: __Vectors_Size
   Definitions
      At line 112 in file ..\..\..\..\..\platform\arch\arm\cortex-m\keil\Startu
p.S
   Uses
      At line 77 in file ..\..\..\..\..\platform\arch\arm\cortex-m\keil\Startup
.S
Comment: __Vectors_Size used once
1 symbol



ARM Macro Assembler    Page 1 Alphabetic symbol ordering
External symbols

BusFault_Handler 00000000

Symbol: BusFault_Handler
   Definitions
      At line 81 in file ..\..\..\..\..\platform\arch\arm\cortex-m\keil\Startup
.S
   Uses
      At line 99 in file ..\..\..\..\..\platform\arch\arm\cortex-m\keil\Startup
.S
Comment: BusFault_Handler used once
DebugMon_Handler 00000000

Symbol: DebugMon_Handler
   Definitions
      At line 84 in file ..\..\..\..\..\platform\arch\arm\cortex-m\keil\Startup
.S
   Uses
      At line 106 in file ..\..\..\..\..\platform\arch\arm\cortex-m\keil\Startu
p.S
Comment: DebugMon_Handler used once
HardFault_Handler 00000000

Symbol: HardFault_Handler
   Definitions
      At line 79 in file ..\..\..\..\..\platform\arch\arm\cortex-m\keil\Startup
.S
   Uses
      At line 97 in file ..\..\..\..\..\platform\arch\arm\cortex-m\keil\Startup
.S
Comment: HardFault_Handler used once
Image$$ARM_LIB_STACK$$ZI$$Limit 00000000

Symbol: Image$$ARM_LIB_STACK$$ZI$$Limit
   Definitions
      At line 91 in file ..\..\..\..\..\platform\arch\arm\cortex-m\keil\Startup
.S
   Uses
      At line 92 in file ..\..\..\..\..\platform\arch\arm\cortex-m\keil\Startup
.S
Comment: Image$$ARM_LIB_STACK$$ZI$$Limit used once
MemManage_Handler 00000000

Symbol: MemManage_Handler
   Definitions
      At line 80 in file ..\..\..\..\..\platform\arch\arm\cortex-m\keil\Startup
.S
   Uses
      At line 98 in file ..\..\..\..\..\platform\arch\arm\cortex-m\keil\Startup
.S
Comment: MemManage_Handler used once
NMI_Handler 00000000

Symbol: NMI_Handler
   Definitions
      At line 78 in file ..\..\..\..\..\platform\arch\arm\cortex-m\keil\Startup
.S
   Uses
      At line 96 in file ..\..\..\..\..\platform\arch\arm\cortex-m\keil\Startup
.S



ARM Macro Assembler    Page 2 Alphabetic symbol ordering
External symbols

Comment: NMI_Handler used once
PendSV_Handler 00000000

Symbol: PendSV_Handler
   Definitions
      At line 85 in file ..\..\..\..\..\platform\arch\arm\cortex-m\keil\Startup
.S
   Uses
      At line 108 in file ..\..\..\..\..\platform\arch\arm\cortex-m\keil\Startu
p.S
Comment: PendSV_Handler used once
SVC_Handler 00000000

Symbol: SVC_Handler
   Definitions
      At line 83 in file ..\..\..\..\..\platform\arch\arm\cortex-m\keil\Startup
.S
   Uses
      At line 105 in file ..\..\..\..\..\platform\arch\arm\cortex-m\keil\Startu
p.S
Comment: SVC_Handler used once
SysTick_Handler 00000000

Symbol: SysTick_Handler
   Definitions
      At line 86 in file ..\..\..\..\..\platform\arch\arm\cortex-m\keil\Startup
.S
   Uses
      At line 109 in file ..\..\..\..\..\platform\arch\arm\cortex-m\keil\Startu
p.S
Comment: SysTick_Handler used once
SystemInit 00000000

Symbol: SystemInit
   Definitions
      At line 121 in file ..\..\..\..\..\platform\arch\arm\cortex-m\keil\Startu
p.S
   Uses
      At line 123 in file ..\..\..\..\..\platform\arch\arm\cortex-m\keil\Startu
p.S
Comment: SystemInit used once
UsageFault_Handler 00000000

Symbol: UsageFault_Handler
   Definitions
      At line 82 in file ..\..\..\..\..\platform\arch\arm\cortex-m\keil\Startup
.S
   Uses
      At line 100 in file ..\..\..\..\..\platform\arch\arm\cortex-m\keil\Startu
p.S
Comment: UsageFault_Handler used once
main_init 00000000

Symbol: main_init
   Definitions
      At line 122 in file ..\..\..\..\..\platform\arch\arm\cortex-m\keil\Startu
p.S
   Uses
      At line 125 in file ..\..\..\..\..\platform\arch\arm\cortex-m\keil\Startu



ARM Macro Assembler    Page 3 Alphabetic symbol ordering
External symbols

p.S
Comment: main_init used once
12 symbols
360 symbols in table
