Component: ARM Compiler 5.06 update 7 (build 960) Tool: armlink [4d3601]

==============================================================================

Section Cross References

    startup.o(RESET) refers to startup.o(.text) for Reset_Handler
    startup.o(RESET) refers to gr_interrupt.o(i.NMI_Handler) for NMI_Handler
    startup.o(RESET) refers to gr_interrupt.o(RAM_CODE) for HardFault_Handler
    startup.o(RESET) refers to gr_interrupt.o(i.MemManage_Handler) for MemManage_Handler
    startup.o(RESET) refers to gr_interrupt.o(i.BusFault_Handler) for BusFault_Handler
    startup.o(RESET) refers to gr_interrupt.o(i.UsageFault_Handler) for UsageFault_Handler
    startup.o(RESET) refers to gr_interrupt.o(i.DebugMon_Handler) for DebugMon_Handler
    startup.o(RESET) refers to gr_interrupt.o(i.PendSV_Handler) for PendSV_Handler
    startup.o(RESET) refers to gr_interrupt.o(i.SysTick_Handler) for SysTick_Handler
    startup.o(.text) refers to gr_system.o(i.SystemInit) for SystemInit
    startup.o(.text) refers to gr_platform.o(i.main_init) for main_init
    gr_interrupt.o(RAM_CODE) refers to gr_interrupt.o(RAM_CODE) for hardfault_trace_handler
    gr_interrupt.o(RAM_CODE) refers to gr_interrupt.o(.bss) for R4_R11_REG
    gr_interrupt.o(RAM_CODE) refers to svc_handler.o(RAM_CODE) for gr5xx_svc_process
    gr_interrupt.o(RAM_CODE) refers to _printf_pad.o(.text) for _printf_pre_padding
    gr_interrupt.o(RAM_CODE) refers to _printf_percent.o(.ARM.Collect$$_printf_percent$$00000000) for _printf_percent
    gr_interrupt.o(RAM_CODE) refers to _printf_x.o(.ARM.Collect$$_printf_percent$$0000000C) for _printf_x
    gr_interrupt.o(RAM_CODE) refers to _printf_hex_int_ll_ptr.o(.text) for _printf_longlong_hex
    gr_interrupt.o(RAM_CODE) refers to __2printf.o(.text) for __2printf
    gr_interrupt.o(RAM_CODE) refers to app_log.o(i.app_log_flush) for app_log_flush
    gr_interrupt.o(RAM_CODE) refers to gr_interrupt.o(.bss) for .bss
    gr_platform.o(i.main_init) refers to gr_soc.o(i.warm_boot_process) for warm_boot_process
    gr_platform.o(i.main_init) refers to __main.o(!!!main) for __main
    gr_platform.o(i.system_platform_init) refers to gr_soc.o(i.vector_table_init) for vector_table_init
    gr_platform.o(i.system_platform_init) refers to sdk_ram_init_patch.o(i.sdk_init) for sdk_init
    gr_platform.o(i.system_platform_init) refers to gr_soc.o(i.soc_init) for soc_init
    gr_platform.o(.init_array) refers to gr_platform.o(i.system_platform_init) for system_platform_init
    gr_platform.o(.init_array) refers to init_aeabi.o(.text) for __cpp_initialize__aeabi_
    gr_soc.o(i.SystemCoreSetClock) refers to gr_soc.o(.constdata) for .constdata
    gr_soc.o(i.SystemCoreSetClock) refers to gr_soc.o(.data) for .data
    gr_soc.o(i.SystemCoreUpdateClock) refers to gr_soc.o(.constdata) for .constdata
    gr_soc.o(i.SystemCoreUpdateClock) refers to gr_soc.o(.data) for .data
    gr_soc.o(i.exflash_io_pull_config) refers to gr_soc.o(i.ll_gpio_set_pin_pull) for ll_gpio_set_pin_pull
    gr_soc.o(i.nvds_init_error_handler) refers to sdk_nvds_patch.o(i.nvds_deinit) for nvds_deinit
    gr_soc.o(i.nvds_init_error_handler) refers to sdk_nvds_patch.o(i.nvds_init) for nvds_init
    gr_soc.o(i.nvds_setup) refers to sdk_nvds_patch.o(i.nvds_init) for nvds_init
    gr_soc.o(i.nvds_setup) refers to gr_soc.o(i.nvds_init_error_handler) for nvds_init_error_handler
    gr_soc.o(i.patch_init) refers to sdk_fpb_mgmt.o(i.gr5xx_fpb_init) for gr5xx_fpb_init
    gr_soc.o(i.platform_init) refers to warm_boot_patch.o(i.warm_boot_set_exflash_readid_delay) for warm_boot_set_exflash_readid_delay
    gr_soc.o(i.platform_init) refers to platform_sdk.o(i.ble_wakeup_osc_time_get) for ble_wakeup_osc_time_get
    gr_soc.o(i.platform_init) refers to platform_sdk.o(i.ble_wakeup_osc_time_set) for ble_wakeup_osc_time_set
    gr_soc.o(i.platform_init) refers to platform_sram.o(i.mem_pwr_mgmt_mode_set) for mem_pwr_mgmt_mode_set
    gr_soc.o(i.platform_init) refers to gr_soc.o(i.nvds_setup) for nvds_setup
    gr_soc.o(i.platform_init) refers to platform_clock.o(i.platform_set_rtc_crystal_delay) for platform_set_rtc_crystal_delay
    gr_soc.o(i.platform_init) refers to platform_clock.o(i.platform_clock_init) for platform_clock_init
    gr_soc.o(i.platform_init) refers to platform_sdk.o(i.platform_sdk_init) for platform_sdk_init
    gr_soc.o(i.platform_init) refers to platform_sdk.o(i.system_pmu_deinit) for system_pmu_deinit
    gr_soc.o(i.platform_init) refers to gr_soc.o(i.SystemCoreSetClock) for SystemCoreSetClock
    gr_soc.o(i.platform_init) refers to platform_sdk.o(i.system_pmu_init) for system_pmu_init
    gr_soc.o(i.platform_init) refers to gr55xx_hal_patch.o(i.hal_dwt_enable) for hal_dwt_enable
    gr_soc.o(i.platform_init) refers to gr55xx_hal_patch.o(i.hal_dwt_disable) for hal_dwt_disable
    gr_soc.o(i.platform_init) refers to system_sdk_patch.o(RAM_CODE) for rtc_calibration
[...]
    _printf_longlong_hex                     0x01002241   Thumb Code    86  _printf_hex_int_ll_ptr.o(.text)
    _printf_int_hex                          0x01002297   Thumb Code    28  _printf_hex_int_ll_ptr.o(.text)
    _printf_ll_hex                           0x010022b3   Thumb Code    12  _printf_hex_int_ll_ptr.o(.text)
    _printf_hex_ptr                          0x010022bf   Thumb Code    18  _printf_hex_int_ll_ptr.o(.text)
    __printf                                 0x010022d5   Thumb Code   388  __printf_flags_ss_wp.o(.text)
    memcmp                                   0x0100245d   Thumb Code    88  memcmp.o(.text)
    __aeabi_memcpy                           0x010024b5   Thumb Code     0  rt_memcpy_v6.o(.text)
    __rt_memcpy                              0x010024b5   Thumb Code   138  rt_memcpy_v6.o(.text)
    _memcpy_lastbytes                        0x0100251b   Thumb Code     0  rt_memcpy_v6.o(.text)
    __aeabi_memcpy4                          0x0100253f   Thumb Code     0  rt_memcpy_w.o(.text)
    __aeabi_memcpy8                          0x0100253f   Thumb Code     0  rt_memcpy_w.o(.text)
    __rt_memcpy_w                            0x0100253f   Thumb Code   100  rt_memcpy_w.o(.text)
    _memcpy_lastbytes_aligned                0x01002587   Thumb Code     0  rt_memcpy_w.o(.text)
    __aeabi_memclr                           0x010025a3   Thumb Code     0  rt_memclr.o(.text)
    __rt_memclr                              0x010025a3   Thumb Code    68  rt_memclr.o(.text)
    _memset                                  0x010025a7   Thumb Code     0  rt_memclr.o(.text)
    __aeabi_memclr4                          0x010025e7   Thumb Code     0  rt_memclr_w.o(.text)
    __aeabi_memclr8                          0x010025e7   Thumb Code     0  rt_memclr_w.o(.text)
    __rt_memclr_w                            0x010025e7   Thumb Code    78  rt_memclr_w.o(.text)
    _memset_w                                0x010025eb   Thumb Code     0  rt_memclr_w.o(.text)
    _printf_int_common                       0x01002635   Thumb Code   178  _printf_intcommon.o(.text)
    _printf_char_common                      0x010026f3   Thumb Code    32  _printf_char_common.o(.text)
    _printf_char_file                        0x01002719   Thumb Code    32  _printf_char_file.o(.text)
    exit                                     0x0100273d   Thumb Code    18  exit.o(.text)
    BLESLP_Handler_without_stack_init        0x01002751   Thumb Code   122  rwip_sleep_common.o(i.BLESLP_Handler_without_stack_init)
    BLE_IRQ_Handler_without_stack_init       0x01002835   Thumb Code    34  rwip_sleep_common.o(i.BLE_IRQ_Handler_without_stack_init)
    BLE_SDK_IRQ_Handler_without_stack_init   0x01002857   Thumb Code    18  rwip_sleep_common.o(i.BLE_SDK_IRQ_Handler_without_stack_init)
    SystemCoreGetClock                       0x0100289d   Thumb Code    12  gr_soc.o(i.SystemCoreGetClock)
    SystemCoreSetClock                       0x010028ad   Thumb Code    78  gr_soc.o(i.SystemCoreSetClock)
    SystemInit                               0x01002911   Thumb Code    12  gr_system.o(i.SystemInit)
    UART0_IRQHandler                         0x01002921   Thumb Code    10  app_uart.o(i.UART0_IRQHandler)
    UART1_IRQHandler                         0x01002931   Thumb Code    10  app_uart.o(i.UART1_IRQHandler)
    _is_digit                                0x01002aa9   Thumb Code    14  __printf_wp.o(i._is_digit)
    adc_conversion                           0x01002ab9   Thumb Code   400  platform_adc_1.o(i.adc_conversion)
    aon_gpio_read_flag_it_patch              0x01002c59   Thumb Code    18  gr55xx_hal_aon_gpio_patch.o(i.aon_gpio_read_flag_it_patch)
    aon_voltage_set                          0x01002c75   Thumb Code    52  platform_sdk.o(i.aon_voltage_set)
    app_io_init                              0x01002cad   Thumb Code   354  app_io.o(i.app_io_init)
    app_log_flush                            0x01002e41   Thumb Code    12  app_log.o(i.app_log_flush)
    app_pwr_mgmt_init                        0x01002e51   Thumb Code    34  app_pwr_mgmt.o(i.app_pwr_mgmt_init)
    app_uart_callback                        0x01002e81   Thumb Code    52  main.o(i.app_uart_callback)
    app_uart_demo                            0x01002ebd   Thumb Code   102  main.o(i.app_uart_demo)
    app_uart_dma_start_transmit_async        0x01002f39   Thumb Code   112  app_uart_dma.o(i.app_uart_dma_start_transmit_async)
    app_uart_init                            0x01002fad   Thumb Code   222  app_uart.o(i.app_uart_init)
    app_uart_receive_async                   0x0100309d   Thumb Code    88  app_uart.o(i.app_uart_receive_async)
    app_uart_transmit_async                  0x0100316d   Thumb Code   112  app_uart.o(i.app_uart_transmit_async)
    app_uart_transmit_sync                   0x010031e1   Thumb Code    74  app_uart.o(i.app_uart_transmit_sync)
    ble_communication_core_init              0x01003329   Thumb Code     4  rf_gdx_patch.o(i.ble_communication_core_init)
    ble_core_init_without_stack_init         0x0100332d   Thumb Code    22  rwip_sleep_common.o(i.ble_core_init_without_stack_init)
    ble_is_prevent_sleep_without_stack_init  0x01003351   Thumb Code    26  rwip_sleep_common.o(i.ble_is_prevent_sleep_without_stack_init)
    ble_sleep_successfully_without_stack_init 0x01003371   Thumb Code   104  rwip_sleep_common.o(i.ble_sleep_successfully_without_stack_init)
    ble_sleep_without_stack_init             0x010033e9   Thumb Code    84  rwip_sleep_common.o(i.ble_sleep_without_stack_init)
    ble_wakeup_osc_time_get                  0x01003441   Thumb Code    14  platform_sdk.o(i.ble_wakeup_osc_time_get)
    ble_wakeup_osc_time_set                  0x01003455   Thumb Code    14  platform_sdk.o(i.ble_wakeup_osc_time_set)
    clk_period_1V_set                        0x01003469   Thumb Code    60  platform_sdk.o(i.clk_period_1V_set)
    cold_patch_apply                         0x010034a9   Thumb Code    26  cold_patch.o(i.cold_patch_apply)
    cpll_calibration                         0x01003721   Thumb Code    24  platform_sdk.o(i.cpll_calibration)
    cpll_calibration_init                    0x0100373d   Thumb Code   112  platform_sdk.o(i.cpll_calibration_init)
    cpll_lock_check_recover                  0x010037c1   Thumb Code   172  platform_sdk.o(i.cpll_lock_check_recover)
    current_shape_set                        0x01003a0d   Thumb Code    42  platform_sdk.o(i.current_shape_set)
    dfu_cmd_handler_replace                  0x01003aa5   Thumb Code    10  dfu_cmd_handler_patch.o(i.dfu_cmd_handler_replace)
    fputc                                    0x01003c49   Thumb Code    14  app_log.o(i.fputc)
    get_data_from_adc                        0x01003c85   Thumb Code   230  platform_adc_1.o(i.get_data_from_adc)
    get_patch_rep_addr                       0x01003ddd   Thumb Code    38  sdk_fpb_mgmt.o(i.get_patch_rep_addr)
    gr5xx_fpb_func_register                  0x01003efd   Thumb Code   220  sdk_fpb_mgmt.o(i.gr5xx_fpb_func_register)
    gr5xx_fpb_init                           0x01003ff1   Thumb Code   102  sdk_fpb_mgmt.o(i.gr5xx_fpb_init)
    hal_adc_is_using                         0x0100407d   Thumb Code    24  platform_sdk.o(i.hal_adc_is_using)
    hal_aon_gpio_callback                    0x0100409d   Thumb Code    60  app_io.o(i.hal_aon_gpio_callback)
    hal_aon_gpio_init                        0x010040dd   Thumb Code    32  gr55xx_hal_aon_gpio_1.o(i.hal_aon_gpio_init)
    hal_aon_gpio_init_ext                    0x01004101   Thumb Code    40  gr55xx_hal_aon_gpio_patch.o(i.hal_aon_gpio_init_ext)
    hal_aon_gpio_irq_handler                 0x01004129   Thumb Code    84  gr55xx_hal_aon_gpio_patch.o(i.hal_aon_gpio_irq_handler)
    hal_dwt_disable                          0x01004185   Thumb Code    42  gr55xx_hal_patch.o(i.hal_dwt_disable)
    hal_dwt_enable                           0x010041bd   Thumb Code    60  gr55xx_hal_patch.o(i.hal_dwt_enable)
    hal_efuse_deinit_ext                     0x01004205   Thumb Code   124  gr55xx_hal_efuse_patch.o(i.hal_efuse_deinit_ext)
    hal_efuse_init_ext                       0x01004291   Thumb Code   152  gr55xx_hal_efuse_patch.o(i.hal_efuse_init_ext)
    hal_flash_erase                          0x0100433d   Thumb Code    24  hal_flash_patch.o(i.hal_flash_erase)
    hal_flash_init                           0x01004359   Thumb Code    82  hal_flash_patch.o(i.hal_flash_init)
    hal_flash_read                           0x010043bd   Thumb Code    26  hal_flash_patch.o(i.hal_flash_read)
    hal_flash_write_r                        0x010043dd   Thumb Code   110  hal_flash_patch.o(i.hal_flash_write_r)
    hal_gpio_exti_callback                   0x01004451   Thumb Code   104  app_io.o(i.hal_gpio_exti_callback)
    hal_gpio_init                            0x010044c5   Thumb Code    36  gr55xx_hal_gpio_1.o(i.hal_gpio_init)
    hal_init                                 0x010044ed   Thumb Code    28  gr55xx_hal_1.o(i.hal_init)
    hal_msio_init                            0x0100450d   Thumb Code     6  gr55xx_hal_msio_patch.o(i.hal_msio_init)
    hal_msp_deinit                           0x01004513   Thumb Code     2  gr55xx_hal_1.o(i.hal_msp_deinit)
    hal_msp_init                             0x01004515   Thumb Code     2  gr55xx_hal_1.o(i.hal_msp_init)
    hal_nvic_system_reset                    0x01004519   Thumb Code    68  gr55xx_hal_cortex_patch.o(i.hal_nvic_system_reset)
    hal_sleep_timer_get_clock_freq           0x01004569   Thumb Code    60  gr55xx_hal_sleep_timer_patch.o(i.hal_sleep_timer_get_clock_freq)
    hal_uart_abort_cplt_callback             0x010045b1   Thumb Code    40  app_uart.o(i.hal_uart_abort_cplt_callback)
    hal_uart_abort_rx_cplt_callback          0x010045dd   Thumb Code    40  app_uart.o(i.hal_uart_abort_rx_cplt_callback)
    hal_uart_abort_tx_cplt_callback          0x01004609   Thumb Code    40  app_uart.o(i.hal_uart_abort_tx_cplt_callback)
    hal_uart_deinit                          0x01004635   Thumb Code    32  gr55xx_hal_uart_1.o(i.hal_uart_deinit)
    hal_uart_error_callback                  0x01004659   Thumb Code    46  app_uart.o(i.hal_uart_error_callback)
    hal_uart_get_state                       0x0100468d   Thumb Code    18  gr55xx_hal_uart_patch.o(i.hal_uart_get_state)
    hal_uart_init                            0x010046a1   Thumb Code    32  gr55xx_hal_uart_1.o(i.hal_uart_init)
    hal_uart_msp_deinit                      0x010046c5   Thumb Code     2  gr55xx_hal_uart_1.o(i.hal_uart_msp_deinit)
    hal_uart_msp_init                        0x010046c7   Thumb Code     2  gr55xx_hal_uart_1.o(i.hal_uart_msp_init)
    hal_uart_receive_it                      0x010046c9   Thumb Code    92  gr55xx_hal_uart_patch.o(i.hal_uart_receive_it)
    hal_uart_rx_cplt_callback                0x01004725   Thumb Code    44  app_uart.o(i.hal_uart_rx_cplt_callback)
    hal_uart_tx_cplt_callback                0x01004755   Thumb Code    78  app_uart.o(i.hal_uart_tx_cplt_callback)
    i0nd_ioldo_3v_get                        0x010047a9   Thumb Code    80  platform_sdk.o(i.i0nd_ioldo_3v_get)
    internal_3p3_ioldo_update                0x01004b19   Thumb Code    64  platform_sdk.o(i.internal_3p3_ioldo_update)
    ldo_voltage_set                          0x01004b8d   Thumb Code   212  platform_sdk.o(i.ldo_voltage_set)
    ll_aon_gpio_init                         0x01004c8d   Thumb Code   248  gr55xx_ll_aon_gpio_patch.o(i.ll_aon_gpio_init)
    ll_msio_init                             0x01004e81   Thumb Code   268  gr55xx_ll_msio_patch.o(i.ll_msio_init)
    main                                     0x01004fc5   Thumb Code    10  main.o(i.main)
    main_init                                0x01004fcf   Thumb Code    22  gr_platform.o(i.main_init)
    mem_pwr_mgmt_mode_set                    0x0100509d   Thumb Code    48  platform_sram.o(i.mem_pwr_mgmt_mode_set)
    mem_pwr_mgmt_trans_addr_to_section       0x010050d1   Thumb Code    86  platform_sram.o(i.mem_pwr_mgmt_trans_addr_to_section)
    nvds_deinit                              0x0100512d   Thumb Code    54  sdk_nvds_patch.o(i.nvds_deinit)
    nvds_get                                 0x01005165   Thumb Code   308  sdk_nvds_patch.o(i.nvds_get)
    nvds_init                                0x0100529d   Thumb Code   198  sdk_nvds_patch.o(i.nvds_init)
    nvds_init_error_handler                  0x010053b5   Thumb Code    24  gr_soc.o(i.nvds_init_error_handler)
    nvds_put                                 0x010053d1   Thumb Code   192  sdk_nvds_patch.o(i.nvds_put)
    platform_clock_init                      0x01005529   Thumb Code    68  platform_clock.o(i.platform_clock_init)
    platform_disable_sleep_timer             0x01005579   Thumb Code    20  platform_clock.o(i.platform_disable_sleep_timer)
    platform_flash_enable_quad               0x0100558d   Thumb Code    22  platform_exflash.o(i.platform_flash_enable_quad)
    platform_init                            0x010055ad   Thumb Code   284  gr_soc.o(i.platform_init)
    platform_param_adjust                    0x010056e5   Thumb Code   170  platform_sdk.o(i.platform_param_adjust)
    platform_sdk_init                        0x01005799   Thumb Code   106  platform_sdk.o(i.platform_sdk_init)
    platform_set_rtc_crystal_delay           0x0100591d   Thumb Code    10  platform_clock.o(i.platform_set_rtc_crystal_delay)
    pmu_calibration_handler                  0x0100592d   Thumb Code   258  platform_sdk.o(i.pmu_calibration_handler)
    pwr_enter_sleep_check                    0x01005a4d   Thumb Code    36  app_pwr_mgmt.o(i.pwr_enter_sleep_check)
    pwr_mgmt_shutdown_replace                0x01005a75   Thumb Code     8  sdk_pwr_mgmt_patch.o(i.pwr_mgmt_shutdown_replace)
    pwr_mgmt_warm_boot                       0x01005a85   Thumb Code    22  platform_sdk.o(i.pwr_mgmt_warm_boot)
    pwr_register_sleep_cb                    0x01005aa1   Thumb Code    42  app_pwr_mgmt.o(i.pwr_register_sleep_cb)
    read_adc_value                           0x01005ad1   Thumb Code    90  platform_adc_1.o(i.read_adc_value)
    retention_mem_set                        0x01005c49   Thumb Code    68  platform_sdk.o(i.retention_mem_set)
    rf_calibration_set                       0x01005c91   Thumb Code    22  platform_sdk.o(i.rf_calibration_set)
    rf_communication_core_init_patch         0x01005ca9   Thumb Code   244  rf_gdx_patch.o(i.rf_communication_core_init_patch)
    ring_buffer_init                         0x01005e11   Thumb Code    42  ring_buffer.o(i.ring_buffer_init)
    ring_buffer_items_count_get              0x01005e3b   Thumb Code    42  ring_buffer.o(i.ring_buffer_items_count_get)
    ring_buffer_read                         0x01005e65   Thumb Code   136  ring_buffer.o(i.ring_buffer_read)
    ring_buffer_write                        0x01005eed   Thumb Code   126  ring_buffer.o(i.ring_buffer_write)
    rng_calibration                          0x01005f6d   Thumb Code   368  system_sdk_patch.o(i.rng_calibration)
    rom_callback_replace                     0x01006101   Thumb Code     8  rwip_sleep_common.o(i.rom_callback_replace)
    rwip_sleep_without_stack_init_replace    0x01006111   Thumb Code    28  rwip_sleep_common.o(i.rwip_sleep_without_stack_init_replace)
    sdk_init                                 0x0100614d   Thumb Code    88  sdk_ram_init_patch.o(i.sdk_init)
    soc_init                                 0x010061b1   Thumb Code    44  gr_soc.o(i.soc_init)
    soc_register_nvic                        0x010061e5   Thumb Code    10  gr_soc.o(i.soc_register_nvic)
    svc_user_handler                         0x010061f5   Thumb Code    12  gr_soc.o(i.svc_user_handler)
    sys_adc_trim_get                         0x01006205   Thumb Code   186  system_sdk_patch.o(i.sys_adc_trim_get)
    sys_crystal_trim_get                     0x010062e5   Thumb Code    28  system_sdk_patch.o(i.sys_crystal_trim_get)
    sys_device_addr_get                      0x01006305   Thumb Code    32  system_sdk_patch.o(i.sys_device_addr_get)
    sys_device_package_get                   0x01006329   Thumb Code    32  system_sdk_patch.o(i.sys_device_package_get)
    sys_device_sram_get                      0x0100634d   Thumb Code    30  system_sdk_patch.o(i.sys_device_sram_get)
    sys_efuse_info_sync                      0x01006371   Thumb Code   208  system_sdk_patch.o(i.sys_efuse_info_sync)
    sys_get_efuse_io_ldo                     0x0100644d   Thumb Code   108  system_sdk_patch.o(i.sys_get_efuse_io_ldo)
    sys_is_use_ext_flash                     0x010064c1   Thumb Code    60  platform_sdk.o(i.sys_is_use_ext_flash)
    sys_is_use_internal_3p3_ioldo            0x01006501   Thumb Code    36  platform_sdk.o(i.sys_is_use_internal_3p3_ioldo)
    sys_pmu_trim_get                         0x01006529   Thumb Code   128  system_sdk_patch.o(i.sys_pmu_trim_get)
    system_conf_correction                   0x010065e5   Thumb Code     4  cold_patch.o(i.system_conf_correction)
    system_driver_patch_enable               0x010065e9   Thumb Code    22  fpb_patch_init.o(i.system_driver_patch_enable)
    system_low_power_set                     0x01006611   Thumb Code   210  platform_sdk.o(i.system_low_power_set)
    system_platform_init                     0x01006701   Thumb Code    18  gr_platform.o(i.system_platform_init)
    system_pmu_deinit                        0x01006713   Thumb Code    10  platform_sdk.o(i.system_pmu_deinit)
    system_pmu_init                          0x0100671d   Thumb Code   208  platform_sdk.o(i.system_pmu_init)
    system_priority_init                     0x010067fd   Thumb Code   292  platform_sdk.o(i.system_priority_init)
    tiny_rw_section_init                     0x01006b69   Thumb Code    10  platform_sdk.o(i.tiny_rw_section_init)
    ton_value_set                            0x01006b81   Thumb Code    50  platform_sdk.o(i.ton_value_set)
    update_io_ldo_to_prevent_leakage         0x01006cd9   Thumb Code    48  platform_sdk.o(i.update_io_ldo_to_prevent_leakage)
    vector_table_init                        0x01006d21   Thumb Code    22  gr_soc.o(i.vector_table_init)
    warm_boot_cfg_patch                      0x01006d7d   Thumb Code    26  boot_patch.o(i.warm_boot_cfg_patch)
    warm_boot_process                        0x01006d9d   Thumb Code    14  gr_soc.o(i.warm_boot_process)
    warm_boot_set_exflash_readid_delay       0x01006dad   Thumb Code     6  warm_boot_patch.o(i.warm_boot_set_exflash_readid_delay)
    __aeabi_dneg                             0x010070fd   Thumb Code     0  basic.o(x$fpl$basic)
    _dneg                                    0x010070fd   Thumb Code     6  basic.o(x$fpl$basic)
    __aeabi_fneg                             0x01007103   Thumb Code     0  basic.o(x$fpl$basic)
    _fneg                                    0x01007103   Thumb Code     6  basic.o(x$fpl$basic)
    _dabs                                    0x01007109   Thumb Code     6  basic.o(x$fpl$basic)
    _fabs                                    0x0100710f   Thumb Code     6  basic.o(x$fpl$basic)
    __aeabi_d2f                              0x01007115   Thumb Code     0  d2f.o(x$fpl$d2f)
    _d2f                                     0x01007115   Thumb Code    98  d2f.o(x$fpl$d2f)
    __aeabi_dadd                             0x01007179   Thumb Code     0  daddsub_clz.o(x$fpl$dadd)
    _dadd                                    0x01007179   Thumb Code   332  daddsub_clz.o(x$fpl$dadd)
    __aeabi_ddiv                             0x010072c9   Thumb Code     0  ddiv.o(x$fpl$ddiv)
    _ddiv                                    0x010072c9   Thumb Code   552  ddiv.o(x$fpl$ddiv)
    __aeabi_d2iz                             0x01007579   Thumb Code     0  dfix.o(x$fpl$dfix)
    _dfix                                    0x01007579   Thumb Code    94  dfix.o(x$fpl$dfix)
    __aeabi_d2uiz                            0x010075d9   Thumb Code     0  dfixu.o(x$fpl$dfixu)
    _dfixu                                   0x010075d9   Thumb Code    90  dfixu.o(x$fpl$dfixu)
    __aeabi_ui2d                             0x01007633   Thumb Code     0  dflt_clz.o(x$fpl$dfltu)
    _dfltu                                   0x01007633   Thumb Code    38  dflt_clz.o(x$fpl$dfltu)
    __aeabi_ul2d                             0x01007659   Thumb Code     0  dfltll_clz.o(x$fpl$dfltull)
    _ll_uto_d                                0x01007659   Thumb Code   138  dfltll_clz.o(x$fpl$dfltull)
    __aeabi_dmul                             0x010076e5   Thumb Code     0  dmul.o(x$fpl$dmul)
    _dmul                                    0x010076e5   Thumb Code   332  dmul.o(x$fpl$dmul)
    __fpl_dnaninf                            0x01007839   Thumb Code   156  dnaninf.o(x$fpl$dnaninf)
    __fpl_dretinf                            0x010078d5   Thumb Code    12  dretinf.o(x$fpl$dretinf)
    __aeabi_drsub                            0x010078e1   Thumb Code     0  daddsub_clz.o(x$fpl$drsb)
    _drsb                                    0x010078e1   Thumb Code    22  daddsub_clz.o(x$fpl$drsb)
    __aeabi_dsub                             0x010078f9   Thumb Code     0  daddsub_clz.o(x$fpl$dsub)
    _dsub                                    0x010078f9   Thumb Code   464  daddsub_clz.o(x$fpl$dsub)
    _fp_init                                 0x01007acd   Thumb Code    10  fpinit.o(x$fpl$fpinit)
    __fplib_config_fpu_vfp                   0x01007ad5   Thumb Code     0  fpinit.o(x$fpl$fpinit)
    __fplib_config_pureend_doubles           0x01007ad5   Thumb Code     0  fpinit.o(x$fpl$fpinit)
    __fpl_fretinf                            0x01007ad7   Thumb Code    10  fretinf.o(x$fpl$fretinf)
    __I$use$fp                               0x01007ae0   Number         0  usenofp.o(x$fpl$usenofp)
    mcu_clk_2_qspi_clk                       0x01007b00   Data          24  gr_soc.o(.constdata)
    g_addr_table                             0x01007c30   Data          44  platform_sram.o(.constdata)
    Region$$Table$$Base                      0x01007ca0   Number         0  anon$$obj.o(Region$$Table)
    Region$$Table$$Limit                     0x01007cf0   Number         0  anon$$obj.o(Region$$Table)
    SHT$$INIT_ARRAY$$Base                    0x01007cf0   Number         0  gr_platform.o(.init_array)
    Image$$FLASH_CODE$$Limit                 0x01007cf4   Number         0  anon$$obj.o ABSOLUTE
    SHT$$INIT_ARRAY$$Limit                   0x01007cf4   Number         0  init_aeabi.o(.init_array)
    Load$$RAM_TINY_RW$$Base                  0x0100a190   Number         0  anon$$obj.o ABSOLUTE
    Image$$RAM_TINY_RW$$Base                 0x300035cc   Number         0  anon$$obj.o ABSOLUTE
    pwr_mgmt_ble_wakeup                      0x300035cd   Thumb Code   102  sdk_pwr_mgmt_patch.o(TINY_RAM_SPACE)
    pwr_mgmt_switch_dig_core_mode            0x30003633   Thumb Code    30  sdk_pwr_mgmt_patch.o(TINY_RAM_SPACE)
    pwr_mgmt_check_ext_timer                 0x30003651   Thumb Code   264  sdk_pwr_mgmt_patch.o(TINY_RAM_SPACE)
    pwr_mgmt_ultra_sleep                     0x30003835   Thumb Code   464  sdk_pwr_mgmt_patch.o(TINY_RAM_SPACE)
    pwr_mgmt_schedule                        0x30003a05   Thumb Code   112  sdk_pwr_mgmt_patch.o(TINY_RAM_SPACE)
    Long Thumb to Thumb Veneer to BLESLP_IRQHandler 0x30003a8b   Thumb Code    10  anon$$obj.o(Veneer$$Code)
    Long Thumb to Thumb Veneer to hal_pwr_get_timer_current_value 0x30003a95   Thumb Code    10  anon$$obj.o(Veneer$$Code)
    Long Thumb to Thumb Veneer to sys_lpcycles_2_hus 0x30003a9f   Thumb Code    10  anon$$obj.o(Veneer$$Code)
    Long Thumb to Thumb Veneer to get_remain_sleep_dur 0x30003aa9   Thumb Code    10  anon$$obj.o(Veneer$$Code)
    Long Thumb to Thumb Veneer to pwr_mgmt_set_wakeup_flag 0x30003ab3   Thumb Code    10  anon$$obj.o(Veneer$$Code)
    Long Thumb to Thumb Veneer to ble_core_power_off 0x30003abd   Thumb Code    10  anon$$obj.o(Veneer$$Code)
    Long Thumb to Thumb Veneer to work_digldo_dcdc_set 0x30003ac7   Thumb Code    10  anon$$obj.o(Veneer$$Code)
    Long Thumb to Thumb Veneer to work_xo_bias_set 0x30003ad1   Thumb Code    10  anon$$obj.o(Veneer$$Code)
    Long Thumb to Thumb Veneer to ble_core_power_on 0x30003adb   Thumb Code    10  anon$$obj.o(Veneer$$Code)
    Long Thumb to Thumb Veneer to hal_exflash_deepsleep_patch 0x30003ae5   Thumb Code    10  anon$$obj.o(Veneer$$Code)
    Long Thumb to Thumb Veneer to hal_pwr_enter_chip_deepsleep 0x30003aef   Thumb Code    10  anon$$obj.o(Veneer$$Code)
    Long Thumb to Thumb Veneer to hal_exflash_wakeup_patch 0x30003af9   Thumb Code    10  anon$$obj.o(Veneer$$Code)
    Long Thumb to Thumb Veneer to pwr_mgmt_locker 0x30003b0d   Thumb Code    10  anon$$obj.o(Veneer$$Code)
    Long Thumb to Thumb Veneer to hal_sleep_timer_get_clock_freq 0x30003b2b   Thumb Code    10  anon$$obj.o(Veneer$$Code)
    Long Thumb to Thumb Veneer to __aeabi_ui2d 0x30003b35   Thumb Code    10  anon$$obj.o(Veneer$$Code)
    Long Thumb to Thumb Veneer to __aeabi_ddiv 0x30003b3f   Thumb Code    10  anon$$obj.o(Veneer$$Code)
    Long Thumb to Thumb Veneer to __aeabi_d2uiz 0x30003b49   Thumb Code    10  anon$$obj.o(Veneer$$Code)
    Long Thumb to Thumb Veneer to __aeabi_dmul 0x30003b53   Thumb Code    10  anon$$obj.o(Veneer$$Code)
    Long Thumb to Thumb Veneer to pwr_mgmt_save_ctx_lvl_two 0x30003b5d   Thumb Code    10  anon$$obj.o(Veneer$$Code)
    Long Thumb to Thumb Veneer to mem_pwr_mgmt_check_processs 0x30003b67   Thumb Code    10  anon$$obj.o(Veneer$$Code)
    Long Thumb to Thumb Veneer to pwr_mgmt_mode_get 0x30003b71   Thumb Code    10  anon$$obj.o(Veneer$$Code)
    Long Thumb to Thumb Veneer to pwr_mgmt_unlocker 0x30003b7b   Thumb Code    10  anon$$obj.o(Veneer$$Code)
    Long Thumb to Thumb Veneer to pwr_mgmt_dev_suspend 0x30003b85   Thumb Code    10  anon$$obj.o(Veneer$$Code)
    Long Thumb to Thumb Veneer to save_context_and_enter_sleep 0x30003b8f   Thumb Code    10  anon$$obj.o(Veneer$$Code)
    g_device_reset_reason                    0x30006400   Data           1  gr_soc.o(.data)
    SystemCoreClock                          0x30006408   Data           4  gr_soc.o(.data)
    g_app_msp_addr                           0x3000640c   Data           4  gr_soc.o(.data)
    FuncVector_table                         0x30006500   Data         200  gr_soc.o(.data)
    p_uart_env                               0x300065cc   Data           8  app_uart.o(.data)
    __stdout                                 0x300065d4   Data           4  app_log.o(.data)
    g_tdone                                  0x300065d8   Data           1  main.o(.data)
    g_rdone                                  0x300065d9   Data           1  main.o(.data)
    rlen                                     0x300065da   Data           2  main.o(.data)
    g_message_0                              0x300065dc   Data          73  main.o(.data)
    g_message_1                              0x30006625   Data           9  main.o(.data)
    uart_params                              0x30006630   Data         352  main.o(.data)
    dwt_counter                              0x30006798   Data           4  gr55xx_hal_patch.o(.data)
    _demcr_initial                           0x3000679c   Data           4  gr55xx_hal_patch.o(.data)
    _dwt_ctrl_initial                        0x300067a0   Data           4  gr55xx_hal_patch.o(.data)
    gr5515_io_status                         0x300067a4   Data           1  gr55xx_hal_aon_gpio_patch.o(.data)
    rtc_calibration_times                    0x300067a8   Data           1  system_sdk_patch.o(.data)
    rtc_calibration_skip_first               0x300067a9   Data           1  system_sdk_patch.o(.data)
    rtc_calibration_value                    0x300067aa   Data           2  system_sdk_patch.o(.data)
    SystemRtcSlowClock                       0x300067ac   Data           4  system_sdk_patch.o(.data)
    SystemSlowClock                          0x300067b0   Data           4  system_sdk_patch.o(.data)
    g_disable_flush_cache                    0x300067b4   Data           1  warm_boot_patch.o(.data)
    baud_rate                                0x300067bc   Data          24  hal_flash_patch.o(.data)
    g_nvds_buf                               0x300067d4   Data           4  sdk_nvds_patch.o(.data)
    g_sys_clock                              0x30006808   Data           1  platform_clock.o(.data)
    g_crystal_delay                          0x3000680a   Data           2  platform_clock.o(.data)
    g_debug_lpclk                            0x3000680c   Data           4  platform_clock.o(.data)
    func_update_lp_clk                       0x30006810   Data           4  platform_clock.o(.data)
    g_xo_bias_work_target                    0x30006814   Data           1  platform_sdk.o(.data)
    g_xo_bias_boot_target                    0x30006815   Data           1  platform_sdk.o(.data)
    g_xo_bias_set_delay_us                   0x30006816   Data           1  platform_sdk.o(.data)
    g_xo_bias_step                           0x30006817   Data           1  platform_sdk.o(.data)
    hal_adc_clk_en_flag                      0x30006818   Data           1  platform_sdk.o(.data)
    COUNTER_A                                0x30006819   Data           1  platform_sdk.o(.data)
    COUNTER_B                                0x3000681a   Data           1  platform_sdk.o(.data)
    DIG_LDO_D                                0x3000681b   Data           1  platform_sdk.o(.data)
    TUNE_C                                   0x3000681c   Data           1  platform_sdk.o(.data)
    CLK_PERIOD                               0x3000681d   Data           1  platform_sdk.o(.data)
    dcdc_dynamic_enable                      0x3000681e   Data           1  platform_sdk.o(.data)
    dcdc_vout_base                           0x3000681f   Data           1  platform_sdk.o(.data)
    g_debug_pmu_adc_err                      0x30006821   Data           1  platform_sdk.o(.data)
    g_xo_offset_boot_target                  0x30006822   Data           2  platform_sdk.o(.data)
    g_xo_offset_work_target                  0x30006824   Data           2  platform_sdk.o(.data)
    g_xo_offset_step                         0x30006826   Data           2  platform_sdk.o(.data)
    g_vco_ctrl_voltage_base                  0x30006828   Data           4  platform_sdk.o(.data)
    g_vco_ctrl_voltage_pre                   0x3000682c   Data           4  platform_sdk.o(.data)
    g_vco_ctrl_voltage_init                  0x30006830   Data           4  platform_sdk.o(.data)
    g_vco_ctrl_voltage_pre_debug             0x30006834   Data           4  platform_sdk.o(.data)
    g_debug_cpll_cali_cnt                    0x30006838   Data           4  platform_sdk.o(.data)
    p_func_sys_context_save                  0x3000683c   Data           4  platform_sdk.o(.data)
    p_func_sys_context_restore               0x30006840   Data           4  platform_sdk.o(.data)
    g_debug_temperature                      0x30006844   Data           4  platform_sdk.o(.data)
    g_debug_10mv_vbat                        0x30006848   Data           4  platform_sdk.o(.data)
    pmu_cali_count                           0x3000684c   Data           4  platform_sdk.o(.data)
    g_debug_vco_cali_fail                    0x30006850   Data           4  platform_sdk.o(.data)
    g_work_dig_ldo_save                      0x30006854   Data           4  platform_sdk.o(.data)
    g_work_dcdc_save                         0x30006858   Data           4  platform_sdk.o(.data)
    g_debug_sleep_dig_ldo                    0x3000685c   Data           4  platform_sdk.o(.data)
    g_debug_sleep_dcdc                       0x30006860   Data           4  platform_sdk.o(.data)
    pwr_table                                0x30006864   Data         240  platform_sdk.o(.data)
    g_encryption_clock                       0x30006954   Data           4  platform_sdk.o(.data)
    comp_enable                              0x30006958   Data           1  gr55xx_hal_comp_patch.o(.data)
    g_critical_protection                    0x30006964   Data           4  gr55xx_hal_exflash_patch.o(.data)
    g_sleep_dur_hus                          0x30006968   Data           4  rwip_sleep_common.o(.data)
    g_clkn_backoff_wa_cnt                    0x3000696c   Data           4  rwip_sleep_common.o(.data)
    g_rwip_sleep_time                        0x30006970   Data           8  rwip_sleep_common.o(.data)
    g_rwip_wakeup_time                       0x30006978   Data           8  rwip_sleep_common.o(.data)
    g_ble_sleep_is_requested                 0x30006980   Data           1  rwip_sleep_patch.o(.data)
    g_rng2_complement_us                     0x30006984   Data           4  rwip_sleep_patch.o(.data)
    update_lpclk_with_int_ret                0x30006988   Data           4  rwip_sleep_patch.o(.data)
    g_warm_boot_type                         0x3000698c   Data           1  sdk_pwr_mgmt_patch.o(.data)
    g_adc_fifo_read_stuck_cnt                0x30006994   Data           4  platform_adc_1.o(.data)
    s_save_reg_address                       0x30006998   Data         200  platform_sys_context.o(.data)
    R4_R11_REG                               0x30006a60   Data          32  gr_interrupt.o(.bss)
    s_pwr_env                                0x30006a80   Data          80  app_pwr_mgmt.o(.bss)
    g_tx_buffer                              0x30006dd8   Data         512  main.o(.bss)
    g_rx_buffer                              0x30006fd8   Data         512  main.o(.bss)
    g_ring_buffer                            0x300071d8   Data         512  main.o(.bss)
    s_save_reg_value                         0x300074e8   Data         200  platform_sys_context.o(.bss)
    patch_value                              0x30007600   Data          64  sdk_fpb_mgmt.o(FPB)
    Image$$ARM_LIB_HEAP$$ZI$$Base            0x3003b000   Number         0  anon$$obj.o ABSOLUTE
    Image$$ARM_LIB_HEAP$$ZI$$Limit           0x3003c000   Number         0  anon$$obj.o ABSOLUTE
    Image$$ARM_LIB_STACK$$ZI$$Base           0x3003c000   Number         0  anon$$obj.o ABSOLUTE
    Image$$ARM_LIB_STACK$$ZI$$Limit          0x30040000   Number         0  anon$$obj.o ABSOLUTE



==============================================================================

Memory Map of the image

  Image Entry point : 0x01002041

  Load Region LR_FLASH (Base: 0x01002000, Size: 0x00008c60, Max: 0x00800000, ABSOLUTE, COMPRESSED[0x0000875c])

    Execution Region RAM_CODE (Exec base: 0x00804100, Load base: 0x01007cf4, Size: 0x000022ac, Max: 0x00004f00, ABSOLUTE)

    Exec Addr    Load Addr    Size         Type   Attr      Idx    E Section Name        Object

    0x00804100   0x01007cf4   0x0000001c   Code   RO          144    RAM_CODE            gr_interrupt.o
    0x0080411c   0x01007d10   0x00000194   Code   RO          145    RAM_CODE            gr_interrupt.o
    0x008042b0   0x01007ea4   0x00000034   Code   RO         1296    RAM_CODE            app_pwr_mgmt.o
    0x008042e4   0x01007ed8   0x00000020   Code   RO         1372    RAM_CODE            app_io.o
    0x00804304   0x01007ef8   0x0000004c   Code   RO         1479    RAM_CODE            app_uart.o
    0x00804350   0x01007f44   0x0000001c   Code   RO         2444    RAM_CODE            ble_sdk.lib(svc_handler.o)
    0x0080436c   0x01007f60   0x00000032   Code   RO         2445    RAM_CODE            ble_sdk.lib(svc_handler.o)
    0x0080439e   0x01007f92   0x00000002   PAD
    0x008043a0   0x01007f94   0x000000e8   Code   RO         2513    RAM_CODE            ble_sdk.lib(gr55xx_hal_pwr_patch.o)
    0x00804488   0x0100807c   0x00000290   Code   RO         2572    RAM_CODE            ble_sdk.lib(system_sdk_patch.o)
    0x00804718   0x0100830c   0x000001d8   Code   RO         2664    RAM_CODE            ble_sdk.lib(warm_boot_patch.o)
    0x008048f0   0x010084e4   0x00000044   Code   RO         2868    RAM_CODE            ble_sdk.lib(platform_clock.o)
    0x00804934   0x01008528   0x00000290   Code   RO         2910    RAM_CODE            ble_sdk.lib(platform_exflash.o)
    0x00804bc4   0x010087b8   0x000003b4   Code   RO         2920    RAM_CODE            ble_sdk.lib(platform_sdk.o)
    0x00804f78   0x01008b6c   0x000000f0   Code   RO         3029    RAM_CODE            ble_sdk.lib(platform_sram.o)
    0x00805068   0x01008c5c   0x000008fc   Code   RO         3149    RAM_CODE            ble_sdk.lib(gr55xx_hal_exflash_patch.o)
    0x00805964   0x01009558   0x00000220   Code   RO         3204    RAM_CODE            ble_sdk.lib(rwip_sleep_common.o)
    0x00805b84   0x01009778   0x0000003c   Code   RO         3314    RAM_CODE            ble_sdk.lib(sdk_pwr_mgmt_patch.o)
    0x00805bc0   0x010097b4   0x00000008   Code   RO         3351    RAM_CODE            ble_sdk.lib(gr55xx_hal_exflash_1.o)
    0x00805bc8   0x010097bc   0x00000098   Code   RO         3393    RAM_CODE            ble_sdk.lib(platform_sys_context.o)
    0x00805c60   0x01009854   0x00000498   Code   RO         3846    RAM_CODE            ble_sdk.lib(gr55xx_hal_xqspi_patch.o)
    0x008060f8   0x01009cec   0x000002b0   Code   RO         4348    RAM_CODE            ble_sdk.lib(gr55xx_ll_xqspi_patch.o)
    0x008063a8   0x01009f9c   0x00000004   Ven    RO         5080    Veneer$$Code        anon$$obj.o


    Execution Region FLASH_CODE (Exec base: 0x01002000, Load base: 0x01002000, Size: 0x00005cf4, Max: 0x00800000, ABSOLUTE)

    Exec Addr    Load Addr    Size         Type   Attr      Idx    E Section Name        Object

    0x01002000   0x01002000   0x00000040   Data   RO            3    RESET               startup.o
    0x01002040   0x01002040   0x00000008   Code   RO         4715  * !!!main             c_w.l(__main.o)
    0x01002048   0x01002048   0x00000034   Code   RO         5074    !!!scatter          c_w.l(__scatter.o)
    0x0100207c   0x0100207c   0x0000005a   Code   RO         5072    !!dczerorl2         c_w.l(__dczerorl2.o)
    0x010020d6   0x010020d6   0x00000002   PAD
    0x010020d8   0x010020d8   0x0000001a   Code   RO         5076    !!handler_copy      c_w.l(__scatter_copy.o)
    0x010020f2   0x010020f2   0x00000002   PAD
    0x010020f4   0x010020f4   0x0000001c   Code   RO         5078    !!handler_zi        c_w.l(__scatter_zi.o)
    0x01002110   0x01002110   0x00000000   Code   RO         4693    .ARM.Collect$$_printf_percent$$00000000  c_w.l(_printf_percent.o)
    0x01002110   0x01002110   0x00000006   Code   RO         4691    .ARM.Collect$$_printf_percent$$0000000C  c_w.l(_printf_x.o)
    0x01002116   0x01002116   0x00000004   Code   RO         4807    .ARM.Collect$$_printf_percent$$00000017  c_w.l(_printf_percent_end.o)
    0x0100211a   0x0100211a   0x00000002   Code   RO         4984    .ARM.Collect$$libinit$$00000000  c_w.l(libinit.o)
    0x0100211c   0x0100211c   0x00000004   Code   RO         4817    .ARM.Collect$$libinit$$00000001  c_w.l(libinit2.o)
    0x01002120   0x01002120   0x00000000   Code   RO         4820    .ARM.Collect$$libinit$$00000004  c_w.l(libinit2.o)
    0x01002120   0x01002120   0x00000000   Code   RO         4823    .ARM.Collect$$libinit$$0000000A  c_w.l(libinit2.o)
    0x01002120   0x01002120   0x00000000   Code   RO         4825    .ARM.Collect$$libinit$$0000000C  c_w.l(libinit2.o)
    0x01002120   0x01002120   0x00000000   Code   RO         4827    .ARM.Collect$$libinit$$0000000E  c_w.l(libinit2.o)
    0x01002120   0x01002120   0x00000000   Code   RO         4830    .ARM.Collect$$libinit$$00000011  c_w.l(libinit2.o)
    0x01002120   0x01002120   0x00000000   Code   RO         4832    .ARM.Collect$$libinit$$00000013  c_w.l(libinit2.o)
    0x01002120   0x01002120   0x00000000   Code   RO         4834    .ARM.Collect$$libinit$$00000015  c_w.l(libinit2.o)
    0x01002120   0x01002120   0x00000000   Code   RO         4836    .ARM.Collect$$libinit$$00000017  c_w.l(libinit2.o)
    0x01002120   0x01002120   0x00000000   Code   RO         4838    .ARM.Collect$$libinit$$00000019  c_w.l(libinit2.o)
    0x01002120   0x01002120   0x00000000   Code   RO         4840    .ARM.Collect$$libinit$$0000001B  c_w.l(libinit2.o)
    0x01002120   0x01002120   0x00000000   Code   RO         4842    .ARM.Collect$$libinit$$0000001D  c_w.l(libinit2.o)
    0x01002120   0x01002120   0x00000000   Code   RO         4844    .ARM.Collect$$libinit$$0000001F  c_w.l(libinit2.o)
    0x01002120   0x01002120   0x00000000   Code   RO         4846    .ARM.Collect$$libinit$$00000021  c_w.l(libinit2.o)
    0x01002120   0x01002120   0x00000000   Code   RO         4848    .ARM.Collect$$libinit$$00000023  c_w.l(libinit2.o)
    0x01002120   0x01002120   0x00000000   Code   RO         4850    .ARM.Collect$$libinit$$00000025  c_w.l(libinit2.o)
    0x01002120   0x01002120   0x00000000   Code   RO         4854    .ARM.Collect$$libinit$$0000002C  c_w.l(libinit2.o)
    0x01002120   0x01002120   0x00000000   Code   RO         4856    .ARM.Collect$$libinit$$0000002E  c_w.l(libinit2.o)
    0x01002120   0x01002120   0x00000000   Code   RO         4858    .ARM.Collect$$libinit$$00000030  c_w.l(libinit2.o)
    0x01002120   0x01002120   0x00000004   Code   RO         4859    .ARM.Collect$$libinit$$00000031  c_w.l(libinit2.o)
    0x01002124   0x01002124   0x00000000   Code   RO         4860    .ARM.Collect$$libinit$$00000032  c_w.l(libinit2.o)
    0x01002124   0x01002124   0x00000002   Code   RO         4861    .ARM.Collect$$libinit$$00000033  c_w.l(libinit2.o)
    0x01002126   0x01002126   0x00000002   Code   RO         5037    .ARM.Collect$$libshutdown$$00000000  c_w.l(libshutdown.o)
    0x01002128   0x01002128   0x00000000   Code   RO         5053    .ARM.Collect$$libshutdown$$00000002  c_w.l(libshutdown2.o)
    0x01002128   0x01002128   0x00000000   Code   RO         5055    .ARM.Collect$$libshutdown$$00000004  c_w.l(libshutdown2.o)
    0x01002128   0x01002128   0x00000000   Code   RO         5057    .ARM.Collect$$libshutdown$$00000006  c_w.l(libshutdown2.o)
    0x01002128   0x01002128   0x00000000   Code   RO         5060    .ARM.Collect$$libshutdown$$00000009  c_w.l(libshutdown2.o)
    0x01002128   0x01002128   0x00000000   Code   RO         5063    .ARM.Collect$$libshutdown$$0000000C  c_w.l(libshutdown2.o)
    0x01002128   0x01002128   0x00000000   Code   RO         5065    .ARM.Collect$$libshutdown$$0000000E  c_w.l(libshutdown2.o)
    0x01002128   0x01002128   0x00000000   Code   RO         5068    .ARM.Collect$$libshutdown$$00000011  c_w.l(libshutdown2.o)
    0x01002128   0x01002128   0x00000002   Code   RO         5069    .ARM.Collect$$libshutdown$$00000012  c_w.l(libshutdown2.o)
    0x0100212a   0x0100212a   0x00000000   Code   RO         4765    .ARM.Collect$$rtentry$$00000000  c_w.l(__rtentry.o)
    0x0100212a   0x0100212a   0x00000000   Code   RO         4886    .ARM.Collect$$rtentry$$00000002  c_w.l(__rtentry2.o)
    0x0100212a   0x0100212a   0x00000004   Code   RO         4900    .ARM.Collect$$rtentry$$00000007  c_w.l(__rtentry7.o)
    0x0100212e   0x0100212e   0x00000000   Code   RO         4888    .ARM.Collect$$rtentry$$00000009  c_w.l(__rtentry2.o)
    0x0100212e   0x0100212e   0x00000004   Code   RO         4889    .ARM.Collect$$rtentry$$0000000A  c_w.l(__rtentry2.o)
    0x01002132   0x01002132   0x00000000   Code   RO         4891    .ARM.Collect$$rtentry$$0000000C  c_w.l(__rtentry2.o)
    0x01002132   0x01002132   0x00000008   Code   RO         4892    .ARM.Collect$$rtentry$$0000000D  c_w.l(__rtentry2.o)
    0x0100213a   0x0100213a   0x00000002   PAD
    0x0100213c   0x0100213c   0x00000004   Code   RO         4901    .ARM.Collect$$rtentry$$00002718  c_w.l(__rtentry7.o)
    0x01002140   0x01002140   0x00000002   Code   RO         4994    .ARM.Collect$$rtexit$$00000000  c_w.l(rtexit.o)
    0x01002142   0x01002142   0x00000000   Code   RO         5021    .ARM.Collect$$rtexit$$00000002  c_w.l(rtexit2.o)
    0x01002142   0x01002142   0x00000004   Code   RO         5022    .ARM.Collect$$rtexit$$00000003  c_w.l(rtexit2.o)
    0x01002146   0x01002146   0x00000006   Code   RO         5023    .ARM.Collect$$rtexit$$00000004  c_w.l(rtexit2.o)
    0x0100214c   0x0100214c   0x00000010   Code   RO            4    .text               startup.o
    0x0100215c   0x0100215c   0x00000018   Code   RO         4629    .text               c_w.l(__2printf.o)
    0x01002174   0x01002174   0x0000004e   Code   RO         4643    .text               c_w.l(_printf_pad.o)
    0x010021c2   0x010021c2   0x00000002   PAD
    0x010021c4   0x010021c4   0x00000024   Code   RO         4720    .text               c_w.l(init_aeabi.o)
    0x010021e8   0x010021e8   0x00000008   Code   RO         4918    .text               c_w.l(ferror.o)
    0x010021f0   0x010021f0   0x00000002   Code   RO          146    i.BusFault_Handler  gr_interrupt.o
    0x010021f2   0x010021f2   0x00000002   Code   RO          147    i.DebugMon_Handler  gr_interrupt.o
    0x010021f4   0x010021f4   0x00000002   Code   RO          148    i.MemManage_Handler  gr_interrupt.o
    0x010021f6   0x010021f6   0x00000002   Code   RO          149    i.NMI_Handler       gr_interrupt.o
    0x010021f8   0x010021f8   0x00000002   Code   RO          150    i.PendSV_Handler    gr_interrupt.o
    0x010021fa   0x010021fa   0x00000002   Code   RO          152    i.SysTick_Handler   gr_interrupt.o
    0x010021fc   0x010021fc   0x00000002   Code   RO          153    i.UsageFault_Handler  gr_interrupt.o
    0x010021fe   0x010021fe   0x00000002   Code   RO         1924    i._sys_exit         app_log.o
    0x01002200   0x01002200   0x00000040   Data   RO          231    .ARM.__AT_0x01002200  gr_platform.o
    0x01002240   0x01002240   0x00000094   Code   RO         4667    .text               c_w.l(_printf_hex_int_ll_ptr.o)
    0x010022d4   0x010022d4   0x00000188   Code   RO         4687    .text               c_w.l(__printf_flags_ss_wp.o)
    0x0100245c   0x0100245c   0x00000058   Code   RO         4699    .text               c_w.l(memcmp.o)
    0x010024b4   0x010024b4   0x0000008a   Code   RO         4705    .text               c_w.l(rt_memcpy_v6.o)
    0x0100253e   0x0100253e   0x00000064   Code   RO         4707    .text               c_w.l(rt_memcpy_w.o)
    0x010025a2   0x010025a2   0x00000044   Code   RO         4711    .text               c_w.l(rt_memclr.o)
    0x010025e6   0x010025e6   0x0000004e   Code   RO         4713    .text               c_w.l(rt_memclr_w.o)
    0x01002634   0x01002634   0x000000b2   Code   RO         4772    .text               c_w.l(_printf_intcommon.o)
    0x010026e6   0x010026e6   0x00000002   PAD
    0x010026e8   0x010026e8   0x00000030   Code   RO         4776    .text               c_w.l(_printf_char_common.o)
    0x01002718   0x01002718   0x00000024   Code   RO         4784    .text               c_w.l(_printf_char_file.o)
    0x0100273c   0x0100273c   0x00000012   Code   RO         4969    .text               c_w.l(exit.o)
    0x0100274e   0x0100274e   0x00000002   PAD
    0x01002750   0x01002750   0x000000e4   Code   RO         3205    i.BLESLP_Handler_without_stack_init  ble_sdk.lib(rwip_sleep_common.o)
    0x01002834   0x01002834   0x00000022   Code   RO         3206    i.BLE_IRQ_Handler_without_stack_init  ble_sdk.lib(rwip_sleep_common.o)
    0x01002856   0x01002856   0x00000012   Code   RO         3207    i.BLE_SDK_IRQ_Handler_without_stack_init  ble_sdk.lib(rwip_sleep_common.o)
    0x01002868   0x01002868   0x00000034   Code   RO         2921    i.NVIC_EncodePriority  ble_sdk.lib(platform_sdk.o)
    0x0100289c   0x0100289c   0x00000010   Code   RO          269    i.SystemCoreGetClock  gr_soc.o
    0x010028ac   0x010028ac   0x00000064   Code   RO          270    i.SystemCoreSetClock  gr_soc.o
    0x01002910   0x01002910   0x00000010   Code   RO           13    i.SystemInit        gr_system.o
    0x01002920   0x01002920   0x00000010   Code   RO         1480    i.UART0_IRQHandler  app_uart.o
    0x01002930   0x01002930   0x00000010   Code   RO         1481    i.UART1_IRQHandler  app_uart.o
    0x01002940   0x01002940   0x0000001a   Code   RO         2574    i.__NVIC_ClearPendingIRQ  ble_sdk.lib(system_sdk_patch.o)
    0x0100295a   0x0100295a   0x0000001a   Code   RO         2922    i.__NVIC_ClearPendingIRQ  ble_sdk.lib(platform_sdk.o)
    0x01002974   0x01002974   0x0000001a   Code   RO         3208    i.__NVIC_ClearPendingIRQ  ble_sdk.lib(rwip_sleep_common.o)
    0x0100298e   0x0100298e   0x00000022   Code   RO         2575    i.__NVIC_DisableIRQ  ble_sdk.lib(system_sdk_patch.o)
    0x010029b0   0x010029b0   0x00000022   Code   RO         3209    i.__NVIC_DisableIRQ  ble_sdk.lib(rwip_sleep_common.o)
    0x010029d2   0x010029d2   0x0000001a   Code   RO         2923    i.__NVIC_EnableIRQ  ble_sdk.lib(platform_sdk.o)
    0x010029ec   0x010029ec   0x00000028   Code   RO         2924    i.__NVIC_GetPendingIRQ  ble_sdk.lib(platform_sdk.o)
    0x01002a14   0x01002a14   0x00000028   Code   RO         3210    i.__NVIC_GetPendingIRQ  ble_sdk.lib(rwip_sleep_common.o)
    0x01002a3c   0x01002a3c   0x00000028   Code   RO         3316    i.__NVIC_GetPendingIRQ  ble_sdk.lib(sdk_pwr_mgmt_patch.o)
    0x01002a64   0x01002a64   0x0000001a   Code   RO         2925    i.__NVIC_SetPendingIRQ  ble_sdk.lib(platform_sdk.o)
    0x01002a7e   0x01002a7e   0x0000001e   Code   RO         2926    i.__NVIC_SetPriority  ble_sdk.lib(platform_sdk.o)
    0x01002a9c   0x01002a9c   0x00000006   Code   RO         2329    i.__get_PRIMASK     ble_sdk.lib(sdk_fpb_mgmt.o)
    0x01002aa2   0x01002aa2   0x00000006   Code   RO         2330    i.__set_PRIMASK     ble_sdk.lib(sdk_fpb_mgmt.o)
    0x01002aa8   0x01002aa8   0x0000000e   Code   RO         4680    i._is_digit         c_w.l(__printf_wp.o)
    0x01002ab6   0x01002ab6   0x00000002   PAD
    0x01002ab8   0x01002ab8   0x000001a0   Code   RO         3378    i.adc_conversion    ble_sdk.lib(platform_adc_1.o)
    0x01002c58   0x01002c58   0x0000001c   Code   RO         2492    i.aon_gpio_read_flag_it_patch  ble_sdk.lib(gr55xx_hal_aon_gpio_patch.o)
    0x01002c74   0x01002c74   0x00000038   Code   RO         2927    i.aon_voltage_set   ble_sdk.lib(platform_sdk.o)
    0x01002cac   0x01002cac   0x0000017c   Code   RO         1376    i.app_io_init       app_io.o
    0x01002e28   0x01002e28   0x00000018   Code   RO         1928    i.app_log_data_trans  app_log.o
    0x01002e40   0x01002e40   0x00000010   Code   RO         1929    i.app_log_flush     app_log.o
    0x01002e50   0x01002e50   0x00000030   Code   RO         1297    i.app_pwr_mgmt_init  app_pwr_mgmt.o
    0x01002e80   0x01002e80   0x0000003c   Code   RO         2289    i.app_uart_callback  main.o
    0x01002ebc   0x01002ebc   0x0000007c   Code   RO         2290    i.app_uart_demo     main.o
    0x01002f38   0x01002f38   0x00000074   Code   RO         1671    i.app_uart_dma_start_transmit_async  app_uart_dma.o
    0x01002fac   0x01002fac   0x000000f0   Code   RO         1489    i.app_uart_init     app_uart.o
    0x0100309c   0x0100309c   0x0000005c   Code   RO         1490    i.app_uart_receive_async  app_uart.o
    0x010030f8   0x010030f8   0x00000074   Code   RO         1492    i.app_uart_start_transmit_async  app_uart.o
    0x0100316c   0x0100316c   0x00000074   Code   RO         1493    i.app_uart_transmit_async  app_uart.o
    0x010031e0   0x010031e0   0x00000050   Code   RO         1494    i.app_uart_transmit_sync  app_uart.o
    0x01003230   0x01003230   0x000000f8   Code   RO         2704    i.append_item       ble_sdk.lib(sdk_nvds_patch.o)
    0x01003328   0x01003328   0x00000004   Code   RO         3263    i.ble_communication_core_init  ble_sdk.lib(rf_gdx_patch.o)
    0x0100332c   0x0100332c   0x00000024   Code   RO         3211    i.ble_core_init_without_stack_init  ble_sdk.lib(rwip_sleep_common.o)
    0x01003350   0x01003350   0x00000020   Code   RO         3212    i.ble_is_prevent_sleep_without_stack_init  ble_sdk.lib(rwip_sleep_common.o)
    0x01003370   0x01003370   0x00000078   Code   RO         3213    i.ble_sleep_successfully_without_stack_init  ble_sdk.lib(rwip_sleep_common.o)
    0x010033e8   0x010033e8   0x00000058   Code   RO         3214    i.ble_sleep_without_stack_init  ble_sdk.lib(rwip_sleep_common.o)
    0x01003440   0x01003440   0x00000014   Code   RO         2933    i.ble_wakeup_osc_time_get  ble_sdk.lib(platform_sdk.o)
    0x01003454   0x01003454   0x00000014   Code   RO         2934    i.ble_wakeup_osc_time_set  ble_sdk.lib(platform_sdk.o)
    0x01003468   0x01003468   0x00000040   Code   RO         2935    i.clk_period_1V_set  ble_sdk.lib(platform_sdk.o)
    0x010034a8   0x010034a8   0x0000001a   Code   RO         3054    i.cold_patch_apply  ble_sdk.lib(cold_patch.o)
    0x010034c2   0x010034c2   0x00000002   PAD
    0x010034c4   0x010034c4   0x0000023c   Code   RO         2710    i.compact_nvds      ble_sdk.lib(sdk_nvds_patch.o)
    0x01003700   0x01003700   0x0000001e   Code   RO         2711    i.cp_hdr_incr       ble_sdk.lib(sdk_nvds_patch.o)
    0x0100371e   0x0100371e   0x00000002   PAD
    0x01003720   0x01003720   0x0000001c   Code   RO         2936    i.cpll_calibration  ble_sdk.lib(platform_sdk.o)
    0x0100373c   0x0100373c   0x00000084   Code   RO         2937    i.cpll_calibration_init  ble_sdk.lib(platform_sdk.o)
    0x010037c0   0x010037c0   0x000000bc   Code   RO         2938    i.cpll_lock_check_recover  ble_sdk.lib(platform_sdk.o)
    0x0100387c   0x0100387c   0x00000190   Code   RO         2939    i.cpll_renew_vco_base  ble_sdk.lib(platform_sdk.o)
    0x01003a0c   0x01003a0c   0x00000030   Code   RO         2940    i.current_shape_set  ble_sdk.lib(platform_sdk.o)
    0x01003a3c   0x01003a3c   0x00000034   Code   RO         2712    i.dec_flash_read    ble_sdk.lib(sdk_nvds_patch.o)
    0x01003a70   0x01003a70   0x00000034   Code   RO         2713    i.dec_flash_write   ble_sdk.lib(sdk_nvds_patch.o)
    0x01003aa4   0x01003aa4   0x00000010   Code   RO         3854    i.dfu_cmd_handler_replace  ble_sdk.lib(dfu_cmd_handler_patch.o)
    0x01003ab4   0x01003ab4   0x00000048   Code   RO          272    i.exflash_io_pull_config  gr_soc.o
    0x01003afc   0x01003afc   0x00000094   Code   RO         2714    i.find_item         ble_sdk.lib(sdk_nvds_patch.o)
    0x01003b90   0x01003b90   0x00000044   Code   RO         2331    i.fpb_load_state_local  ble_sdk.lib(sdk_fpb_mgmt.o)
    0x01003bd4   0x01003bd4   0x00000028   Code   RO         2332    i.fpb_patch_reg_resume  ble_sdk.lib(sdk_fpb_mgmt.o)
    0x01003bfc   0x01003bfc   0x0000004c   Code   RO         2333    i.fpb_save_state_local  ble_sdk.lib(sdk_fpb_mgmt.o)
    0x01003c48   0x01003c48   0x0000000e   Code   RO         1938    i.fputc             app_log.o
    0x01003c56   0x01003c56   0x0000000e   Code   RO         2715    i.gen_hdr_checksum  ble_sdk.lib(sdk_nvds_patch.o)
    0x01003c64   0x01003c64   0x0000001e   Code   RO         2716    i.gen_value_checksum  ble_sdk.lib(sdk_nvds_patch.o)
    0x01003c82   0x01003c82   0x00000002   PAD
    0x01003c84   0x01003c84   0x00000108   Code   RO         3379    i.get_data_from_adc  ble_sdk.lib(platform_adc_1.o)
    0x01003d8c   0x01003d8c   0x00000050   Code   RO         3858    i.get_info          ble_sdk.lib(dfu_cmd_handler_patch.o)
    0x01003ddc   0x01003ddc   0x0000002c   Code   RO         2334    i.get_patch_rep_addr  ble_sdk.lib(sdk_fpb_mgmt.o)
    0x01003e08   0x01003e08   0x00000010   Code   RO         1383    i.get_pin_index     app_io.o
    0x01003e18   0x01003e18   0x00000064   Code   RO         2942    i.get_ton_value_for_1p5uH  ble_sdk.lib(platform_sdk.o)
    0x01003e7c   0x01003e7c   0x00000080   Code   RO         2943    i.get_ton_value_for_2p2uH  ble_sdk.lib(platform_sdk.o)
    0x01003efc   0x01003efc   0x000000f4   Code   RO         2335    i.gr5xx_fpb_func_register  ble_sdk.lib(sdk_fpb_mgmt.o)
    0x01003ff0   0x01003ff0   0x0000008c   Code   RO         2336    i.gr5xx_fpb_init    ble_sdk.lib(sdk_fpb_mgmt.o)
    0x0100407c   0x0100407c   0x00000020   Code   RO         2944    i.hal_adc_is_using  ble_sdk.lib(platform_sdk.o)
    0x0100409c   0x0100409c   0x00000040   Code   RO         1384    i.hal_aon_gpio_callback  app_io.o
    0x010040dc   0x010040dc   0x00000024   Code   RO         2817    i.hal_aon_gpio_init  ble_sdk.lib(gr55xx_hal_aon_gpio_1.o)
    0x01004100   0x01004100   0x00000028   Code   RO         2494    i.hal_aon_gpio_init_ext  ble_sdk.lib(gr55xx_hal_aon_gpio_patch.o)
    0x01004128   0x01004128   0x0000005c   Code   RO         2495    i.hal_aon_gpio_irq_handler  ble_sdk.lib(gr55xx_hal_aon_gpio_patch.o)
    0x01004184   0x01004184   0x00000038   Code   RO         2479    i.hal_dwt_disable   ble_sdk.lib(gr55xx_hal_patch.o)
    0x010041bc   0x010041bc   0x00000048   Code   RO         2480    i.hal_dwt_enable    ble_sdk.lib(gr55xx_hal_patch.o)
    0x01004204   0x01004204   0x0000008c   Code   RO         3158    i.hal_efuse_deinit_ext  ble_sdk.lib(gr55xx_hal_efuse_patch.o)
    0x01004290   0x01004290   0x000000ac   Code   RO         3159    i.hal_efuse_init_ext  ble_sdk.lib(gr55xx_hal_efuse_patch.o)
    0x0100433c   0x0100433c   0x0000001c   Code   RO         2678    i.hal_flash_erase   ble_sdk.lib(hal_flash_patch.o)
    0x01004358   0x01004358   0x00000064   Code   RO         2680    i.hal_flash_init    ble_sdk.lib(hal_flash_patch.o)
    0x010043bc   0x010043bc   0x00000020   Code   RO         2681    i.hal_flash_read    ble_sdk.lib(hal_flash_patch.o)
    0x010043dc   0x010043dc   0x00000074   Code   RO         2686    i.hal_flash_write_r  ble_sdk.lib(hal_flash_patch.o)
    0x01004450   0x01004450   0x00000074   Code   RO         1385    i.hal_gpio_exti_callback  app_io.o
    0x010044c4   0x010044c4   0x00000028   Code   RO         2830    i.hal_gpio_init     ble_sdk.lib(gr55xx_hal_gpio_1.o)
    0x010044ec   0x010044ec   0x00000020   Code   RO         2801    i.hal_init          ble_sdk.lib(gr55xx_hal_1.o)
    0x0100450c   0x0100450c   0x00000006   Code   RO         2540    i.hal_msio_init     ble_sdk.lib(gr55xx_hal_msio_patch.o)
    0x01004512   0x01004512   0x00000002   Code   RO         2802    i.hal_msp_deinit    ble_sdk.lib(gr55xx_hal_1.o)
    0x01004514   0x01004514   0x00000002   Code   RO         2803    i.hal_msp_init      ble_sdk.lib(gr55xx_hal_1.o)
    0x01004516   0x01004516   0x00000002   PAD
    0x01004518   0x01004518   0x00000050   Code   RO         2531    i.hal_nvic_system_reset  ble_sdk.lib(gr55xx_hal_cortex_patch.o)
    0x01004568   0x01004568   0x00000048   Code   RO         2556    i.hal_sleep_timer_get_clock_freq  ble_sdk.lib(gr55xx_hal_sleep_timer_patch.o)
    0x010045b0   0x010045b0   0x0000002c   Code   RO         1495    i.hal_uart_abort_cplt_callback  app_uart.o
    0x010045dc   0x010045dc   0x0000002c   Code   RO         1496    i.hal_uart_abort_rx_cplt_callback  app_uart.o
    0x01004608   0x01004608   0x0000002c   Code   RO         1497    i.hal_uart_abort_tx_cplt_callback  app_uart.o
    0x01004634   0x01004634   0x00000024   Code   RO         2844    i.hal_uart_deinit   ble_sdk.lib(gr55xx_hal_uart_1.o)
    0x01004658   0x01004658   0x00000034   Code   RO         1498    i.hal_uart_error_callback  app_uart.o
    0x0100468c   0x0100468c   0x00000012   Code   RO         2780    i.hal_uart_get_state  ble_sdk.lib(gr55xx_hal_uart_patch.o)
    0x0100469e   0x0100469e   0x00000002   PAD
    0x010046a0   0x010046a0   0x00000024   Code   RO         2846    i.hal_uart_init     ble_sdk.lib(gr55xx_hal_uart_1.o)
    0x010046c4   0x010046c4   0x00000002   Code   RO         2847    i.hal_uart_msp_deinit  ble_sdk.lib(gr55xx_hal_uart_1.o)
    0x010046c6   0x010046c6   0x00000002   Code   RO         2848    i.hal_uart_msp_init  ble_sdk.lib(gr55xx_hal_uart_1.o)
    0x010046c8   0x010046c8   0x0000005c   Code   RO         2782    i.hal_uart_receive_it  ble_sdk.lib(gr55xx_hal_uart_patch.o)
    0x01004724   0x01004724   0x00000030   Code   RO         1499    i.hal_uart_rx_cplt_callback  app_uart.o
    0x01004754   0x01004754   0x00000054   Code   RO         1500    i.hal_uart_tx_cplt_callback  app_uart.o
    0x010047a8   0x010047a8   0x00000054   Code   RO         2945    i.i0nd_ioldo_3v_get  ble_sdk.lib(platform_sdk.o)
    0x010047fc   0x010047fc   0x00000100   Code   RO         2717    i.init_unused_nvds  ble_sdk.lib(sdk_nvds_patch.o)
    0x010048fc   0x010048fc   0x0000021c   Code   RO         2718    i.init_used_nvds    ble_sdk.lib(sdk_nvds_patch.o)
    0x01004b18   0x01004b18   0x00000044   Code   RO         2946    i.internal_3p3_ioldo_update  ble_sdk.lib(platform_sdk.o)
    0x01004b5c   0x01004b5c   0x00000030   Code   RO         2719    i.is_item_same      ble_sdk.lib(sdk_nvds_patch.o)
    0x01004b8c   0x01004b8c   0x000000e0   Code   RO         2947    i.ldo_voltage_set   ble_sdk.lib(platform_sdk.o)
    0x01004c6c   0x01004c6c   0x00000020   Code   RO         3380    i.ll_adc_disable_clock  ble_sdk.lib(platform_adc_1.o)
    0x01004c8c   0x01004c8c   0x00000104   Code   RO         3169    i.ll_aon_gpio_init  ble_sdk.lib(gr55xx_ll_aon_gpio_patch.o)
    0x01004d90   0x01004d90   0x00000014   Code   RO         2949    i.ll_aon_gpio_is_enabled_it  ble_sdk.lib(platform_sdk.o)
    0x01004da4   0x01004da4   0x00000028   Code   RO         3170    i.ll_aon_gpio_set_pin_mode  ble_sdk.lib(gr55xx_ll_aon_gpio_patch.o)
    0x01004dcc   0x01004dcc   0x0000001c   Code   RO         2582    i.ll_aon_wdt_get_counter  ble_sdk.lib(system_sdk_patch.o)
    0x01004de8   0x01004de8   0x0000001c   Code   RO         2583    i.ll_calendar_clear_flag_alarm  ble_sdk.lib(system_sdk_patch.o)
    0x01004e04   0x01004e04   0x00000024   Code   RO         2584    i.ll_calendar_get_counter  ble_sdk.lib(system_sdk_patch.o)
    0x01004e28   0x01004e28   0x00000014   Code   RO         2585    i.ll_calendar_set_clock_div  ble_sdk.lib(system_sdk_patch.o)
    0x01004e3c   0x01004e3c   0x00000044   Code   RO          273    i.ll_gpio_set_pin_pull  gr_soc.o
    0x01004e80   0x01004e80   0x00000114   Code   RO         3193    i.ll_msio_init      ble_sdk.lib(gr55xx_ll_msio_patch.o)
    0x01004f94   0x01004f94   0x00000030   Code   RO         3194    i.ll_msio_set_pin_mode  ble_sdk.lib(gr55xx_ll_msio_patch.o)
    0x01004fc4   0x01004fc4   0x0000000a   Code   RO         2291    i.main              main.o
    0x01004fce   0x01004fce   0x00000016   Code   RO          229    i.main_init         gr_platform.o
    0x01004fe4   0x01004fe4   0x000000b8   Code   RO         3030    i.mem_low_power_auto_init  ble_sdk.lib(platform_sram.o)
    0x0100509c   0x0100509c   0x00000034   Code   RO         3031    i.mem_pwr_mgmt_mode_set  ble_sdk.lib(platform_sram.o)
    0x010050d0   0x010050d0   0x0000005c   Code   RO         3033    i.mem_pwr_mgmt_trans_addr_to_section  ble_sdk.lib(platform_sram.o)
    0x0100512c   0x0100512c   0x00000036   Code   RO         2720    i.nvds_deinit       ble_sdk.lib(sdk_nvds_patch.o)
    0x01005162   0x01005162   0x00000002   PAD
    0x01005164   0x01005164   0x00000138   Code   RO         2722    i.nvds_get          ble_sdk.lib(sdk_nvds_patch.o)
    0x0100529c   0x0100529c   0x00000118   Code   RO         2723    i.nvds_init         ble_sdk.lib(sdk_nvds_patch.o)
    0x010053b4   0x010053b4   0x0000001c   Code   RO          274    i.nvds_init_error_handler  gr_soc.o
    0x010053d0   0x010053d0   0x00000138   Code   RO         2724    i.nvds_put          ble_sdk.lib(sdk_nvds_patch.o)
    0x01005508   0x01005508   0x00000018   Code   RO          275    i.nvds_setup        gr_soc.o
    0x01005520   0x01005520   0x00000006   Code   RO          276    i.patch_init        gr_soc.o
    0x01005526   0x01005526   0x00000002   PAD
    0x01005528   0x01005528   0x00000050   Code   RO         2870    i.platform_clock_init  ble_sdk.lib(platform_clock.o)
    0x01005578   0x01005578   0x00000014   Code   RO         2872    i.platform_disable_sleep_timer  ble_sdk.lib(platform_clock.o)
    0x0100558c   0x0100558c   0x00000020   Code   RO         2911    i.platform_flash_enable_quad  ble_sdk.lib(platform_exflash.o)
    0x010055ac   0x010055ac   0x00000138   Code   RO          277    i.platform_init     gr_soc.o
    0x010056e4   0x010056e4   0x000000b4   Code   RO         2950    i.platform_param_adjust  ble_sdk.lib(platform_sdk.o)
    0x01005798   0x01005798   0x00000094   Code   RO         2951    i.platform_sdk_init  ble_sdk.lib(platform_sdk.o)
    0x0100582c   0x0100582c   0x000000a0   Code   RO         2877    i.platform_set_ble_rtc_clk  ble_sdk.lib(platform_clock.o)
    0x010058cc   0x010058cc   0x00000050   Code   RO         2878    i.platform_set_psc_clk  ble_sdk.lib(platform_clock.o)
    0x0100591c   0x0100591c   0x00000010   Code   RO         2879    i.platform_set_rtc_crystal_delay  ble_sdk.lib(platform_clock.o)
    0x0100592c   0x0100592c   0x00000120   Code   RO         2952    i.pmu_calibration_handler  ble_sdk.lib(platform_sdk.o)
    0x01005a4c   0x01005a4c   0x00000028   Code   RO         1298    i.pwr_enter_sleep_check  app_pwr_mgmt.o
    0x01005a74   0x01005a74   0x00000010   Code   RO         3318    i.pwr_mgmt_shutdown_replace  ble_sdk.lib(sdk_pwr_mgmt_patch.o)
    0x01005a84   0x01005a84   0x0000001c   Code   RO         2953    i.pwr_mgmt_warm_boot  ble_sdk.lib(platform_sdk.o)
    0x01005aa0   0x01005aa0   0x00000030   Code   RO         1299    i.pwr_register_sleep_cb  app_pwr_mgmt.o
    0x01005ad0   0x01005ad0   0x00000070   Code   RO         3381    i.read_adc_value    ble_sdk.lib(platform_adc_1.o)
    0x01005b40   0x01005b40   0x0000002c   Code   RO         2726    i.read_incr         ble_sdk.lib(sdk_nvds_patch.o)
    0x01005b6c   0x01005b6c   0x000000dc   Code   RO         2727    i.replace_item      ble_sdk.lib(sdk_nvds_patch.o)
    0x01005c48   0x01005c48   0x00000048   Code   RO         2954    i.retention_mem_set  ble_sdk.lib(platform_sdk.o)
    0x01005c90   0x01005c90   0x00000016   Code   RO         2955    i.rf_calibration_set  ble_sdk.lib(platform_sdk.o)
    0x01005ca6   0x01005ca6   0x00000002   PAD
    0x01005ca8   0x01005ca8   0x000000f8   Code   RO         3273    i.rf_communication_core_init_patch  ble_sdk.lib(rf_gdx_patch.o)
    0x01005da0   0x01005da0   0x00000070   Code   RO         2880    i.rf_xo_offset_init  ble_sdk.lib(platform_clock.o)
    0x01005e10   0x01005e10   0x0000002a   Code   RO         1852    i.ring_buffer_init  ring_buffer.o
    0x01005e3a   0x01005e3a   0x0000002a   Code   RO         1854    i.ring_buffer_items_count_get  ring_buffer.o
    0x01005e64   0x01005e64   0x00000088   Code   RO         1856    i.ring_buffer_read  ring_buffer.o
    0x01005eec   0x01005eec   0x0000007e   Code   RO         1858    i.ring_buffer_write  ring_buffer.o
    0x01005f6a   0x01005f6a   0x00000002   PAD
    0x01005f6c   0x01005f6c   0x00000194   Code   RO         2586    i.rng_calibration   ble_sdk.lib(system_sdk_patch.o)
    0x01006100   0x01006100   0x00000010   Code   RO         3215    i.rom_callback_replace  ble_sdk.lib(rwip_sleep_common.o)
    0x01006110   0x01006110   0x0000003c   Code   RO         3216    i.rwip_sleep_without_stack_init_replace  ble_sdk.lib(rwip_sleep_common.o)
    0x0100614c   0x0100614c   0x00000064   Code   RO         2659    i.sdk_init          ble_sdk.lib(sdk_ram_init_patch.o)
    0x010061b0   0x010061b0   0x00000034   Code   RO          279    i.soc_init          gr_soc.o
    0x010061e4   0x010061e4   0x00000010   Code   RO          280    i.soc_register_nvic  gr_soc.o
    0x010061f4   0x010061f4   0x00000010   Code   RO          282    i.svc_user_handler  gr_soc.o
    0x01006204   0x01006204   0x000000e0   Code   RO         2588    i.sys_adc_trim_get  ble_sdk.lib(system_sdk_patch.o)
    0x010062e4   0x010062e4   0x00000020   Code   RO         2590    i.sys_crystal_trim_get  ble_sdk.lib(system_sdk_patch.o)
    0x01006304   0x01006304   0x00000024   Code   RO         2591    i.sys_device_addr_get  ble_sdk.lib(system_sdk_patch.o)
    0x01006328   0x01006328   0x00000024   Code   RO         2593    i.sys_device_package_get  ble_sdk.lib(system_sdk_patch.o)
    0x0100634c   0x0100634c   0x00000024   Code   RO         2594    i.sys_device_sram_get  ble_sdk.lib(system_sdk_patch.o)
    0x01006370   0x01006370   0x000000dc   Code   RO         2596    i.sys_efuse_info_sync  ble_sdk.lib(system_sdk_patch.o)
    0x0100644c   0x0100644c   0x00000074   Code   RO         2600    i.sys_get_efuse_io_ldo  ble_sdk.lib(system_sdk_patch.o)
    0x010064c0   0x010064c0   0x00000040   Code   RO         2956    i.sys_is_use_ext_flash  ble_sdk.lib(platform_sdk.o)
    0x01006500   0x01006500   0x00000028   Code   RO         2957    i.sys_is_use_internal_3p3_ioldo  ble_sdk.lib(platform_sdk.o)
    0x01006528   0x01006528   0x00000084   Code   RO         2605    i.sys_pmu_trim_get  ble_sdk.lib(system_sdk_patch.o)
    0x010065ac   0x010065ac   0x00000038   Code   RO         2882    i.system_clk_mgmt_init  ble_sdk.lib(platform_clock.o)
    0x010065e4   0x010065e4   0x00000004   Code   RO         3055    i.system_conf_correction  ble_sdk.lib(cold_patch.o)
    0x010065e8   0x010065e8   0x00000028   Code   RO         3075    i.system_driver_patch_enable  ble_sdk.lib(fpb_patch_init.o)
    0x01006610   0x01006610   0x000000f0   Code   RO         2960    i.system_low_power_set  ble_sdk.lib(platform_sdk.o)
    0x01006700   0x01006700   0x00000012   Code   RO          230    i.system_platform_init  gr_platform.o
    0x01006712   0x01006712   0x0000000a   Code   RO         2962    i.system_pmu_deinit  ble_sdk.lib(platform_sdk.o)
    0x0100671c   0x0100671c   0x000000e0   Code   RO         2963    i.system_pmu_init   ble_sdk.lib(platform_sdk.o)
    0x010067fc   0x010067fc   0x0000012c   Code   RO         2964    i.system_priority_init  ble_sdk.lib(platform_sdk.o)
    0x01006928   0x01006928   0x0000001c   Code   RO         2728    i.tags_cache_clean  ble_sdk.lib(sdk_nvds_patch.o)
    0x01006944   0x01006944   0x00000038   Code   RO         2729    i.tags_cache_rec_add  ble_sdk.lib(sdk_nvds_patch.o)
    0x0100697c   0x0100697c   0x00000140   Code   RO         2730    i.tags_cache_rec_del  ble_sdk.lib(sdk_nvds_patch.o)
    0x01006abc   0x01006abc   0x00000088   Code   RO         2731    i.tags_cache_rec_find  ble_sdk.lib(sdk_nvds_patch.o)
    0x01006b44   0x01006b44   0x00000024   Code   RO         2965    i.temperature_calibrations  ble_sdk.lib(platform_sdk.o)
    0x01006b68   0x01006b68   0x00000018   Code   RO         2966    i.tiny_rw_section_init  ble_sdk.lib(platform_sdk.o)
    0x01006b80   0x01006b80   0x0000003c   Code   RO         2967    i.ton_value_set     ble_sdk.lib(platform_sdk.o)
    0x01006bbc   0x01006bbc   0x00000024   Code   RO         1501    i.uart_get_id       app_uart.o
    0x01006be0   0x01006be0   0x00000090   Code   RO         1502    i.uart_gpio_config  app_uart.o
    0x01006c70   0x01006c70   0x0000004c   Code   RO         1503    i.uart_prepare_for_sleep  app_uart.o
    0x01006cbc   0x01006cbc   0x0000001c   Code   RO          285    i.ultra_deep_sleep_wakeup_handle  gr_soc.o
    0x01006cd8   0x01006cd8   0x00000034   Code   RO         2968    i.update_io_ldo_to_prevent_leakage  ble_sdk.lib(platform_sdk.o)
    0x01006d0c   0x01006d0c   0x00000012   Code   RO         2969    i.vbatt_calibrations  ble_sdk.lib(platform_sdk.o)
    0x01006d1e   0x01006d1e   0x00000002   PAD
    0x01006d20   0x01006d20   0x00000020   Code   RO          286    i.vector_table_init  gr_soc.o
    0x01006d40   0x01006d40   0x00000016   Code   RO         2732    i.verify_hdr_checksum  ble_sdk.lib(sdk_nvds_patch.o)
    0x01006d56   0x01006d56   0x00000026   Code   RO         2733    i.verify_value_checksum  ble_sdk.lib(sdk_nvds_patch.o)
    0x01006d7c   0x01006d7c   0x00000020   Code   RO         4068    i.warm_boot_cfg_patch  ble_sdk.lib(boot_patch.o)
    0x01006d9c   0x01006d9c   0x0000000e   Code   RO          287    i.warm_boot_process  gr_soc.o
    0x01006daa   0x01006daa   0x00000002   PAD
    0x01006dac   0x01006dac   0x0000000c   Code   RO         2666    i.warm_boot_set_exflash_readid_delay  ble_sdk.lib(warm_boot_patch.o)
    0x01006db8   0x01006db8   0x00000190   Code   RO         2734    i.write_compacted_items  ble_sdk.lib(sdk_nvds_patch.o)
    0x01006f48   0x01006f48   0x00000044   Code   RO         2735    i.write_incr        ble_sdk.lib(sdk_nvds_patch.o)
    0x01006f8c   0x01006f8c   0x00000170   Code   RO         2736    i.write_item        ble_sdk.lib(sdk_nvds_patch.o)
    0x010070fc   0x010070fc   0x00000018   Code   RO         4723    x$fpl$basic         fz_wm.l(basic.o)
    0x01007114   0x01007114   0x00000062   Code   RO         4725    x$fpl$d2f           fz_wm.l(d2f.o)
    0x01007176   0x01007176   0x00000002   PAD
    0x01007178   0x01007178   0x00000150   Code   RO         4727    x$fpl$dadd          fz_wm.l(daddsub_clz.o)
    0x010072c8   0x010072c8   0x000002b0   Code   RO         4734    x$fpl$ddiv          fz_wm.l(ddiv.o)
    0x01007578   0x01007578   0x0000005e   Code   RO         4737    x$fpl$dfix          fz_wm.l(dfix.o)
    0x010075d6   0x010075d6   0x00000002   PAD
    0x010075d8   0x010075d8   0x0000005a   Code   RO         4741    x$fpl$dfixu         fz_wm.l(dfixu.o)
    0x01007632   0x01007632   0x00000026   Code   RO         4745    x$fpl$dfltu         fz_wm.l(dflt_clz.o)
    0x01007658   0x01007658   0x0000008a   Code   RO         4752    x$fpl$dfltull       fz_wm.l(dfltll_clz.o)
    0x010076e2   0x010076e2   0x00000002   PAD
    0x010076e4   0x010076e4   0x00000154   Code   RO         4755    x$fpl$dmul          fz_wm.l(dmul.o)
    0x01007838   0x01007838   0x0000009c   Code   RO         4864    x$fpl$dnaninf       fz_wm.l(dnaninf.o)
    0x010078d4   0x010078d4   0x0000000c   Code   RO         4866    x$fpl$dretinf       fz_wm.l(dretinf.o)
    0x010078e0   0x010078e0   0x00000016   Code   RO         4728    x$fpl$drsb          fz_wm.l(daddsub_clz.o)
    0x010078f6   0x010078f6   0x00000002   PAD
    0x010078f8   0x010078f8   0x000001d4   Code   RO         4729    x$fpl$dsub          fz_wm.l(daddsub_clz.o)
    0x01007acc   0x01007acc   0x0000000a   Code   RO         4928    x$fpl$fpinit        fz_wm.l(fpinit.o)
    0x01007ad6   0x01007ad6   0x0000000a   Code   RO         4874    x$fpl$fretinf       fz_wm.l(fretinf.o)
    0x01007ae0   0x01007ae0   0x00000000   Code   RO         4884    x$fpl$usenofp       fz_wm.l(usenofp.o)
    0x01007ae0   0x01007ae0   0x00000038   Data   RO          288    .constdata          gr_soc.o
    0x01007b18   0x01007b18   0x00000098   Data   RO         1387    .constdata          app_io.o
    0x01007bb0   0x01007bb0   0x00000020   Data   RO         1504    .constdata          app_uart.o
    0x01007bd0   0x01007bd0   0x0000005f   Data   RO         2737    .constdata          ble_sdk.lib(sdk_nvds_patch.o)
    0x01007c2f   0x01007c2f   0x00000001   PAD
    0x01007c30   0x01007c30   0x0000002c   Data   RO         3034    .constdata          ble_sdk.lib(platform_sram.o)
    0x01007c5c   0x01007c5c   0x00000008   Data   RO         3870    .constdata          ble_sdk.lib(dfu_cmd_handler_patch.o)
    0x01007c64   0x01007c64   0x00000028   Data   RO         4668    .constdata          c_w.l(_printf_hex_int_ll_ptr.o)
    0x01007c8c   0x01007c8c   0x00000011   Data   RO         4688    .constdata          c_w.l(__printf_flags_ss_wp.o)
    0x01007c9d   0x01007c9d   0x00000003   PAD
    0x01007ca0   0x01007ca0   0x00000050   Data   RO         5070    Region$$Table       anon$$obj.o
    0x01007cf0   0x01007cf0   0x00000004   Data   RO          232    .init_array         gr_platform.o
    0x01007cf4   0x01007cf0   0x00000000   Data   RO         4718    .init_array         c_w.l(init_aeabi.o)


    Execution Region RAM_TINY_RW (Exec base: 0x300035cc, Load base: 0x0100a190, Size: 0x000005cc, Max: 0x00000750, ABSOLUTE)

    Exec Addr    Load Addr    Size         Type   Attr      Idx    E Section Name        Object

    0x300035cc   0x0100a190   0x000004b4   Code   RO         3315    TINY_RAM_SPACE      ble_sdk.lib(sdk_pwr_mgmt_patch.o)
    0x30003a80   0x0100a644   0x0000000a   Ven    RO         5081    Veneer$$Code        anon$$obj.o
    0x30003a8a   0x0100a64e   0x0000000a   Ven    RO         5082    Veneer$$Code        anon$$obj.o
    0x30003a94   0x0100a658   0x0000000a   Ven    RO         5083    Veneer$$Code        anon$$obj.o
    0x30003a9e   0x0100a662   0x0000000a   Ven    RO         5084    Veneer$$Code        anon$$obj.o
    0x30003aa8   0x0100a66c   0x0000000a   Ven    RO         5085    Veneer$$Code        anon$$obj.o
    0x30003ab2   0x0100a676   0x0000000a   Ven    RO         5086    Veneer$$Code        anon$$obj.o
    0x30003abc   0x0100a680   0x0000000a   Ven    RO         5087    Veneer$$Code        anon$$obj.o
    0x30003ac6   0x0100a68a   0x0000000a   Ven    RO         5088    Veneer$$Code        anon$$obj.o
    0x30003ad0   0x0100a694   0x0000000a   Ven    RO         5089    Veneer$$Code        anon$$obj.o
    0x30003ada   0x0100a69e   0x0000000a   Ven    RO         5090    Veneer$$Code        anon$$obj.o
    0x30003ae4   0x0100a6a8   0x0000000a   Ven    RO         5091    Veneer$$Code        anon$$obj.o
    0x30003aee   0x0100a6b2   0x0000000a   Ven    RO         5092    Veneer$$Code        anon$$obj.o
    0x30003af8   0x0100a6bc   0x0000000a   Ven    RO         5093    Veneer$$Code        anon$$obj.o
    0x30003b02   0x0100a6c6   0x0000000a   Ven    RO         5094    Veneer$$Code        anon$$obj.o
    0x30003b0c   0x0100a6d0   0x0000000a   Ven    RO         5095    Veneer$$Code        anon$$obj.o
    0x30003b16   0x0100a6da   0x0000000a   Ven    RO         5096    Veneer$$Code        anon$$obj.o
    0x30003b20   0x0100a6e4   0x0000000a   Ven    RO         5097    Veneer$$Code        anon$$obj.o
    0x30003b2a   0x0100a6ee   0x0000000a   Ven    RO         5098    Veneer$$Code        anon$$obj.o
    0x30003b34   0x0100a6f8   0x0000000a   Ven    RO         5099    Veneer$$Code        anon$$obj.o
    0x30003b3e   0x0100a702   0x0000000a   Ven    RO         5100    Veneer$$Code        anon$$obj.o
    0x30003b48   0x0100a70c   0x0000000a   Ven    RO         5101    Veneer$$Code        anon$$obj.o
    0x30003b52   0x0100a716   0x0000000a   Ven    RO         5102    Veneer$$Code        anon$$obj.o
    0x30003b5c   0x0100a720   0x0000000a   Ven    RO         5103    Veneer$$Code        anon$$obj.o
    0x30003b66   0x0100a72a   0x0000000a   Ven    RO         5104    Veneer$$Code        anon$$obj.o
    0x30003b70   0x0100a734   0x0000000a   Ven    RO         5105    Veneer$$Code        anon$$obj.o
    0x30003b7a   0x0100a73e   0x0000000a   Ven    RO         5106    Veneer$$Code        anon$$obj.o
    0x30003b84   0x0100a748   0x0000000a   Ven    RO         5107    Veneer$$Code        anon$$obj.o
    0x30003b8e   0x0100a752   0x0000000a   Ven    RO         5108    Veneer$$Code        anon$$obj.o


    Execution Region RAM_RW (Exec base: 0x300063ac, Load base: 0x01009fa0, Size: 0x000006b4, Max: 0x00030000, ABSOLUTE, COMPRESSED[0x000001b0])

    Exec Addr    Load Addr    Size         Type   Attr      Idx    E Section Name        Object

    0x300063ac   COMPRESSED   0x00000054   PAD
    0x30006400   COMPRESSED   0x000001c8   Data   RW          289    .data               gr_soc.o
    0x300065c8   COMPRESSED   0x00000001   Data   RW         1302    .data               app_pwr_mgmt.o
    0x300065c9   COMPRESSED   0x00000003   PAD
    0x300065cc   COMPRESSED   0x00000008   Data   RW         1505    .data               app_uart.o
    0x300065d4   COMPRESSED   0x00000004   Data   RW         1942    .data               app_log.o
    0x300065d8   COMPRESSED   0x000001b8   Data   RW         2293    .data               main.o
    0x30006790   COMPRESSED   0x00000008   Data   RW         2338    .data               ble_sdk.lib(sdk_fpb_mgmt.o)
    0x30006798   COMPRESSED   0x0000000c   Data   RW         2482    .data               ble_sdk.lib(gr55xx_hal_patch.o)
    0x300067a4   COMPRESSED   0x00000001   Data   RW         2499    .data               ble_sdk.lib(gr55xx_hal_aon_gpio_patch.o)
    0x300067a5   COMPRESSED   0x00000003   Data   RW         2560    .data               ble_sdk.lib(gr55xx_hal_sleep_timer_patch.o)
    0x300067a8   COMPRESSED   0x0000000c   Data   RW         2614    .data               ble_sdk.lib(system_sdk_patch.o)
    0x300067b4   COMPRESSED   0x00000008   Data   RW         2667    .data               ble_sdk.lib(warm_boot_patch.o)
    0x300067bc   COMPRESSED   0x00000018   Data   RW         2687    .data               ble_sdk.lib(hal_flash_patch.o)
    0x300067d4   COMPRESSED   0x00000004   Data   RW         2738    .data               ble_sdk.lib(sdk_nvds_patch.o)
    0x300067d8   COMPRESSED   0x00000008   Data   RW         2804    .data               ble_sdk.lib(gr55xx_hal_1.o)
    0x300067e0   COMPRESSED   0x00000004   Data   RW         2818    .data               ble_sdk.lib(gr55xx_hal_aon_gpio_1.o)
    0x300067e4   COMPRESSED   0x00000004   Data   RW         2831    .data               ble_sdk.lib(gr55xx_hal_gpio_1.o)
    0x300067e8   COMPRESSED   0x00000020   Data   RW         2851    .data               ble_sdk.lib(gr55xx_hal_uart_1.o)
    0x30006808   COMPRESSED   0x0000000c   Data   RW         2886    .data               ble_sdk.lib(platform_clock.o)
    0x30006814   COMPRESSED   0x00000140   Data   RW         2971    .data               ble_sdk.lib(platform_sdk.o)
    0x30006954   COMPRESSED   0x00000004   Data   RW         2972    .data               ble_sdk.lib(platform_sdk.o)
    0x30006958   COMPRESSED   0x0000000c   Data   RW         3136    .data               ble_sdk.lib(gr55xx_hal_comp_patch.o)
    0x30006964   COMPRESSED   0x00000004   Data   RW         3150    .data               ble_sdk.lib(gr55xx_hal_exflash_patch.o)
    0x30006968   COMPRESSED   0x00000018   Data   RW         3217    .data               ble_sdk.lib(rwip_sleep_common.o)
    0x30006980   COMPRESSED   0x0000000c   Data   RW         3246    .data               ble_sdk.lib(rwip_sleep_patch.o)
    0x3000698c   COMPRESSED   0x00000008   Data   RW         3319    .data               ble_sdk.lib(sdk_pwr_mgmt_patch.o)
    0x30006994   COMPRESSED   0x00000004   Data   RW         3382    .data               ble_sdk.lib(platform_adc_1.o)
    0x30006998   COMPRESSED   0x000000c8   Data   RW         3395    .data               ble_sdk.lib(platform_sys_context.o)


    Execution Region RAM_ZI (Exec base: 0x30006a60, Load base: 0x0100a150, Size: 0x00000b50, Max: 0x00030000, ABSOLUTE)

    Exec Addr    Load Addr    Size         Type   Attr      Idx    E Section Name        Object

    0x30006a60        -       0x00000020   Zero   RW          155    .bss                gr_interrupt.o
    0x30006a80        -       0x00000050   Zero   RW         1301    .bss                app_pwr_mgmt.o
    0x30006ad0        -       0x000001e0   Zero   RW         1386    .bss                app_io.o
    0x30006cb0        -       0x00000128   Zero   RW         1939    .bss                app_log.o
    0x30006dd8        -       0x00000600   Zero   RW         2292    .bss                main.o
    0x300073d8        -       0x00000110   Zero   RW         2337    .bss                ble_sdk.lib(sdk_fpb_mgmt.o)
    0x300074e8        -       0x000000c8   Zero   RW         3394    .bss                ble_sdk.lib(platform_sys_context.o)


    Execution Region FPB_TABLE (Exec base: 0x30007600, Load base: 0x0100a150, Size: 0x00000040, Max: 0x00000100, ABSOLUTE)

    Exec Addr    Load Addr    Size         Type   Attr      Idx    E Section Name        Object

    0x30007600   0x0100a150   0x00000040   Data   RW         2339    FPB                 ble_sdk.lib(sdk_fpb_mgmt.o)


    Execution Region ARM_LIB_HEAP (Exec base: 0x3003b000, Load base: 0x0100a75c, Size: 0x00001000, Max: 0x00001000, ABSOLUTE)

    Exec Addr    Load Addr    Size         Type   Attr      Idx    E Section Name        Object

    0x3003b000        -       0x00001000   Zero   RW            1    ARM_LIB_HEAP.bss    anon$$obj.o


    Execution Region ARM_LIB_STACK (Exec base: 0x3003c000, Load base: 0x0100a75c, Size: 0x00004000, Max: 0x00004000, ABSOLUTE)

    Exec Addr    Load Addr    Size         Type   Attr      Idx    E Section Name        Object

    0x3003c000        -       0x00004000   Zero   RW            2    ARM_LIB_STACK.bss   anon$$obj.o


==============================================================================

Image component sizes


      Code (inc. data)   RO Data    RW Data    ZI Data      Debug   Object Name

         0          0          0          0          0       6216   app_dma.o
       608         58        152          0        480       5592   app_io.o
        56          8          0          4        296       4598   app_log.o
       188         28          0          1         80       3682   app_pwr_mgmt.o
         0          0          0          0          0      19784   app_timer.o
      1324         98         32          8          0      22300   app_uart.o
       116          4          0          0          0        880   app_uart_dma.o
         0          0          0          0          0       7036   board_sk.o
       446        300          0          0         32       5850   gr_interrupt.o
        40          0         68          0          0       3323   gr_platform.o
       784        106         56        456          0      58964   gr_soc.o
        16          4          0          0          0     213469   gr_system.o
       194         30          0        440       1536       2764   main.o
       346          0          0          0          0       5800   ring_buffer.o
        16          8         64          0          0        508   startup.o

    ----------------------------------------------------------------------
      4424        644        452        996      22904     360766   Object Totals
       284          0         80          0      20480          0   (incl. Generated)
         6          0          0         87          0          0   (incl. Padding)

    ----------------------------------------------------------------------

      Code (inc. data)   RO Data    RW Data    ZI Data      Debug   Library Member Name

        32          6          0          0          0        116   boot_patch.o
        30          0          0          0          0        244   cold_patch.o
        96         16          8          0          0        240   dfu_cmd_handler_patch.o
        40         18          0          0          0        128   fpb_patch_init.o
        36          4          0          8          0        356   gr55xx_hal_1.o
        36          4          0          4          0        128   gr55xx_hal_aon_gpio_1.o
       160         18          0          1          0        384   gr55xx_hal_aon_gpio_patch.o
         0          0          0         12          0          0   gr55xx_hal_comp_patch.o
        80         12          0          0          0        116   gr55xx_hal_cortex_patch.o
       312         36          0          0          0        252   gr55xx_hal_efuse_patch.o
         8          0          0          0          0        132   gr55xx_hal_exflash_1.o
      2300         28          0          4          0        696   gr55xx_hal_exflash_patch.o
        40          4          0          4          0        128   gr55xx_hal_gpio_1.o
         6          0          0          0          0        116   gr55xx_hal_msio_patch.o
       128         26          0         12          0        240   gr55xx_hal_patch.o
       232         10          0          0          0        196   gr55xx_hal_pwr_patch.o
        72         12          0          3          0        116   gr55xx_hal_sleep_timer_patch.o
        76          8          0         32          0        488   gr55xx_hal_uart_1.o
       110          0          0          0          0        232   gr55xx_hal_uart_patch.o
      1176          4          0          0          0        356   gr55xx_hal_xqspi_patch.o
       300         16          0          0          0        256   gr55xx_ll_aon_gpio_patch.o
       324         14          0          0          0        256   gr55xx_ll_msio_patch.o
       688          8          0          0          0        144   gr55xx_ll_xqspi_patch.o
       276         34          0         24          0        524   hal_flash_patch.o
       824         78          0          4          0        568   platform_adc_1.o
       592         80          0         12          0       1152   platform_clock.o
       688         26          0          0          0        436   platform_exflash.o
      4566        340          0        324          0       5216   platform_sdk.o
       568         50         44          0          0        632   platform_sram.o
       152         20          0        200        200        176   platform_sys_context.o
       252          4          0          0          0        240   rf_gdx_patch.o
      1276        224          0         24          0       1988   rwip_sleep_common.o
         0          0          0         12          0          0   rwip_sleep_patch.o
       624        102          0         72        272      15084   sdk_fpb_mgmt.o
      4648       1002         95          4          0       3504   sdk_nvds_patch.o
      1320        104          0          8          0        688   sdk_pwr_mgmt_patch.o
       100         12          0          0          0        128   sdk_ram_init_patch.o
        78          2          0          0          0       1251   svc_handler.o
      2064        158          0         12          0       2048   system_sdk_patch.o
       484         56          0          8          0        296   warm_boot_patch.o
        24          4          0          0          0         84   __2printf.o
        90          0          0          0          0          0   __dczerorl2.o
         8          0          0          0          0         68   __main.o
       392          4         17          0          0         92   __printf_flags_ss_wp.o
        14          0          0          0          0         68   __printf_wp.o
         0          0          0          0          0          0   __rtentry.o
        12          0          0          0          0          0   __rtentry2.o
         8          4          0          0          0          0   __rtentry7.o
        52          8          0          0          0          0   __scatter.o
        26          0          0          0          0          0   __scatter_copy.o
        28          0          0          0          0          0   __scatter_zi.o
        48          6          0          0          0         96   _printf_char_common.o
        36          4          0          0          0         80   _printf_char_file.o
       148          4         40          0          0        160   _printf_hex_int_ll_ptr.o
       178          0          0          0          0         88   _printf_intcommon.o
        78          0          0          0          0        108   _printf_pad.o
         0          0          0          0          0          0   _printf_percent.o
         4          0          0          0          0          0   _printf_percent_end.o
         6          0          0          0          0          0   _printf_x.o
        18          0          0          0          0         80   exit.o
         8          0          0          0          0         68   ferror.o
        36         10          0          0          0         80   init_aeabi.o
         2          0          0          0          0          0   libinit.o
        10          0          0          0          0          0   libinit2.o
         2          0          0          0          0          0   libshutdown.o
         2          0          0          0          0          0   libshutdown2.o
        88          0          0          0          0         76   memcmp.o
        68          0          0          0          0         68   rt_memclr.o
        78          0          0          0          0         80   rt_memclr_w.o
       138          0          0          0          0         68   rt_memcpy_v6.o
       100          0          0          0          0         80   rt_memcpy_w.o
         2          0          0          0          0          0   rtexit.o
        10          0          0          0          0          0   rtexit2.o
        24          0          0          0          0        164   basic.o
        98          4          0          0          0        140   d2f.o
       826         16          0          0          0        492   daddsub_clz.o
       688        140          0          0          0        256   ddiv.o
        94          4          0          0          0        140   dfix.o
        90          4          0          0          0        140   dfixu.o
        38          0          0          0          0        116   dflt_clz.o
       138          0          0          0          0        132   dfltll_clz.o
       340         12          0          0          0        152   dmul.o
       156          4          0          0          0        140   dnaninf.o
        12          0          0          0          0        116   dretinf.o
        10          0          0          0          0        116   fpinit.o
        10          0          0          0          0        116   fretinf.o
         0          0          0          0          0          0   usenofp.o

    ----------------------------------------------------------------------
     29072       2764        208        784        472      42915   Library Totals
        40          0          4          0          0          0   (incl. Padding)

    ----------------------------------------------------------------------

      Code (inc. data)   RO Data    RW Data    ZI Data      Debug   Library Name

     24794       2536        147        784        472      39251   ble_sdk.lib
      1714         44         57          0          0       1444   c_w.l
      2524        184          0          0          0       2220   fz_wm.l

    ----------------------------------------------------------------------
     29072       2764        208        784        472      42915   Library Totals

    ----------------------------------------------------------------------

==============================================================================


      Code (inc. data)   RO Data    RW Data    ZI Data      Debug   

     33496       3408        660       1780      23376     378753   Grand Totals
     33496       3408        660        496      23376     378753   ELF Image Totals (compressed)
     33496       3408        660        496          0          0   ROM Totals

==============================================================================

    Total RO  Size (Code + RO Data)                34156 (  33.36kB)
    Total RW  Size (RW Data + ZI Data)             25156 (  24.57kB)
    Total ROM Size (Code + RO Data + RW Data)      34652 (  33.84kB)

==============================================================================

